Archive member included because of file (symbol)

c:/freescale/kds_v3/toolchain/bin/../lib/gcc/arm-none-eabi/4.8.4/../../../../arm-none-eabi/lib/armv7e-m/fpu\libg_s.a(lib_a-exit.o)
                              c:/freescale/kds_v3/toolchain/bin/../lib/gcc/arm-none-eabi/4.8.4/../../../../arm-none-eabi/lib/armv7e-m/fpu/crt0.o (exit)
c:/freescale/kds_v3/toolchain/bin/../lib/gcc/arm-none-eabi/4.8.4/../../../../arm-none-eabi/lib/armv7e-m/fpu\libg_s.a(lib_a-impure.o)
                              c:/freescale/kds_v3/toolchain/bin/../lib/gcc/arm-none-eabi/4.8.4/../../../../arm-none-eabi/lib/armv7e-m/fpu\libg_s.a(lib_a-exit.o) (_global_impure_ptr)
c:/freescale/kds_v3/toolchain/bin/../lib/gcc/arm-none-eabi/4.8.4/../../../../arm-none-eabi/lib/armv7e-m/fpu\libg_s.a(lib_a-init.o)
                              c:/freescale/kds_v3/toolchain/bin/../lib/gcc/arm-none-eabi/4.8.4/../../../../arm-none-eabi/lib/armv7e-m/fpu/crt0.o (__libc_init_array)
c:/freescale/kds_v3/toolchain/bin/../lib/gcc/arm-none-eabi/4.8.4/../../../../arm-none-eabi/lib/armv7e-m/fpu\libg_s.a(lib_a-memset.o)
                              c:/freescale/kds_v3/toolchain/bin/../lib/gcc/arm-none-eabi/4.8.4/../../../../arm-none-eabi/lib/armv7e-m/fpu/crt0.o (memset)
c:/freescale/kds_v3/toolchain/bin/../lib/gcc/arm-none-eabi/4.8.4/../../../../arm-none-eabi/lib/armv7e-m/fpu\libnosys.a(_exit.o)
                              c:/freescale/kds_v3/toolchain/bin/../lib/gcc/arm-none-eabi/4.8.4/../../../../arm-none-eabi/lib/armv7e-m/fpu\libg_s.a(lib_a-exit.o) (_exit)

Allocating common symbols
Common symbol       size              file

cycles              0x4               ./Sources/PIT.o
funwithFlags        0x1               ./Sources/GPIO.o

Discarded input sections

 .text          0x00000000        0x0 c:/freescale/kds_v3/toolchain/bin/../lib/gcc/arm-none-eabi/4.8.4/armv7e-m/fpu/crti.o
 .data          0x00000000        0x0 c:/freescale/kds_v3/toolchain/bin/../lib/gcc/arm-none-eabi/4.8.4/armv7e-m/fpu/crti.o
 .bss           0x00000000        0x0 c:/freescale/kds_v3/toolchain/bin/../lib/gcc/arm-none-eabi/4.8.4/armv7e-m/fpu/crti.o
 .data          0x00000000        0x4 c:/freescale/kds_v3/toolchain/bin/../lib/gcc/arm-none-eabi/4.8.4/armv7e-m/fpu/crtbegin.o
 .data          0x00000000        0x0 c:/freescale/kds_v3/toolchain/bin/../lib/gcc/arm-none-eabi/4.8.4/../../../../arm-none-eabi/lib/armv7e-m/fpu/crt0.o
 .bss           0x00000000        0x0 c:/freescale/kds_v3/toolchain/bin/../lib/gcc/arm-none-eabi/4.8.4/../../../../arm-none-eabi/lib/armv7e-m/fpu/crt0.o
 .ARM.extab     0x00000000        0x0 c:/freescale/kds_v3/toolchain/bin/../lib/gcc/arm-none-eabi/4.8.4/../../../../arm-none-eabi/lib/armv7e-m/fpu/crt0.o
 .group         0x00000000        0x8 ./Sources/DAC.o
 .group         0x00000000        0x8 ./Sources/DAC.o
 .group         0x00000000        0x8 ./Sources/DAC.o
 .group         0x00000000        0x8 ./Sources/DAC.o
 .group         0x00000000        0x8 ./Sources/DAC.o
 .group         0x00000000        0x8 ./Sources/DAC.o
 .group         0x00000000        0x8 ./Sources/DAC.o
 .group         0x00000000        0x8 ./Sources/DAC.o
 .group         0x00000000        0x8 ./Sources/DAC.o
 .group         0x00000000        0x8 ./Sources/DAC.o
 .group         0x00000000        0x8 ./Sources/DAC.o
 .group         0x00000000        0x8 ./Sources/DAC.o
 .text          0x00000000        0x0 ./Sources/DAC.o
 .data          0x00000000        0x0 ./Sources/DAC.o
 .bss           0x00000000        0x0 ./Sources/DAC.o
 .group         0x00000000        0x8 ./Sources/FUNC.o
 .group         0x00000000        0x8 ./Sources/FUNC.o
 .group         0x00000000        0x8 ./Sources/FUNC.o
 .group         0x00000000        0x8 ./Sources/FUNC.o
 .group         0x00000000        0x8 ./Sources/FUNC.o
 .group         0x00000000        0x8 ./Sources/FUNC.o
 .group         0x00000000        0x8 ./Sources/FUNC.o
 .group         0x00000000        0x8 ./Sources/FUNC.o
 .group         0x00000000        0x8 ./Sources/FUNC.o
 .group         0x00000000        0x8 ./Sources/FUNC.o
 .group         0x00000000        0x8 ./Sources/FUNC.o
 .group         0x00000000        0x8 ./Sources/FUNC.o
 .group         0x00000000        0x8 ./Sources/FUNC.o
 .text          0x00000000        0x0 ./Sources/FUNC.o
 .data          0x00000000        0x0 ./Sources/FUNC.o
 .bss           0x00000000        0x0 ./Sources/FUNC.o
 .debug_macro   0x00000000      0x850 ./Sources/FUNC.o
 .debug_macro   0x00000000       0x16 ./Sources/FUNC.o
 .debug_macro   0x00000000       0x16 ./Sources/FUNC.o
 .debug_macro   0x00000000       0x44 ./Sources/FUNC.o
 .debug_macro   0x00000000      0x209 ./Sources/FUNC.o
 .debug_macro   0x00000000       0x56 ./Sources/FUNC.o
 .debug_macro   0x00000000       0x3b ./Sources/FUNC.o
 .debug_macro   0x00000000       0x34 ./Sources/FUNC.o
 .debug_macro   0x00000000       0x26 ./Sources/FUNC.o
 .debug_macro   0x00000000      0xd1d ./Sources/FUNC.o
 .debug_macro   0x00000000       0x78 ./Sources/FUNC.o
 .debug_macro   0x00000000    0x175e0 ./Sources/FUNC.o
 .group         0x00000000        0x8 ./Sources/GPIO.o
 .group         0x00000000        0x8 ./Sources/GPIO.o
 .group         0x00000000        0x8 ./Sources/GPIO.o
 .group         0x00000000        0x8 ./Sources/GPIO.o
 .group         0x00000000        0x8 ./Sources/GPIO.o
 .group         0x00000000        0x8 ./Sources/GPIO.o
 .group         0x00000000        0x8 ./Sources/GPIO.o
 .group         0x00000000        0x8 ./Sources/GPIO.o
 .group         0x00000000        0x8 ./Sources/GPIO.o
 .group         0x00000000        0x8 ./Sources/GPIO.o
 .group         0x00000000        0x8 ./Sources/GPIO.o
 .group         0x00000000        0x8 ./Sources/GPIO.o
 .group         0x00000000        0x8 ./Sources/GPIO.o
 .text          0x00000000        0x0 ./Sources/GPIO.o
 .data          0x00000000        0x0 ./Sources/GPIO.o
 .bss           0x00000000        0x0 ./Sources/GPIO.o
 .text.GPIO_writePORT
                0x00000000       0x74 ./Sources/GPIO.o
 .text.GPIO_readPORT
                0x00000000       0x6c ./Sources/GPIO.o
 .text.GPIO_readPIN
                0x00000000       0xc4 ./Sources/GPIO.o
 .text.GPIO_dataDirectionPORT
                0x00000000       0x74 ./Sources/GPIO.o
 .debug_macro   0x00000000      0x850 ./Sources/GPIO.o
 .debug_macro   0x00000000       0x16 ./Sources/GPIO.o
 .debug_macro   0x00000000       0x16 ./Sources/GPIO.o
 .debug_macro   0x00000000       0x44 ./Sources/GPIO.o
 .debug_macro   0x00000000      0x209 ./Sources/GPIO.o
 .debug_macro   0x00000000       0x56 ./Sources/GPIO.o
 .debug_macro   0x00000000       0x3b ./Sources/GPIO.o
 .debug_macro   0x00000000       0x34 ./Sources/GPIO.o
 .debug_macro   0x00000000       0x26 ./Sources/GPIO.o
 .debug_macro   0x00000000      0xd1d ./Sources/GPIO.o
 .debug_macro   0x00000000       0x78 ./Sources/GPIO.o
 .debug_macro   0x00000000    0x175e0 ./Sources/GPIO.o
 .group         0x00000000        0x8 ./Sources/MOTOR.o
 .group         0x00000000        0x8 ./Sources/MOTOR.o
 .group         0x00000000        0x8 ./Sources/MOTOR.o
 .group         0x00000000        0x8 ./Sources/MOTOR.o
 .group         0x00000000        0x8 ./Sources/MOTOR.o
 .group         0x00000000        0x8 ./Sources/MOTOR.o
 .group         0x00000000        0x8 ./Sources/MOTOR.o
 .group         0x00000000        0x8 ./Sources/MOTOR.o
 .group         0x00000000        0x8 ./Sources/MOTOR.o
 .group         0x00000000        0x8 ./Sources/MOTOR.o
 .group         0x00000000        0x8 ./Sources/MOTOR.o
 .group         0x00000000        0x8 ./Sources/MOTOR.o
 .group         0x00000000        0x8 ./Sources/MOTOR.o
 .text          0x00000000        0x0 ./Sources/MOTOR.o
 .data          0x00000000        0x0 ./Sources/MOTOR.o
 .bss           0x00000000        0x0 ./Sources/MOTOR.o
 .debug_macro   0x00000000      0x850 ./Sources/MOTOR.o
 .debug_macro   0x00000000       0x16 ./Sources/MOTOR.o
 .debug_macro   0x00000000       0x16 ./Sources/MOTOR.o
 .debug_macro   0x00000000       0x44 ./Sources/MOTOR.o
 .debug_macro   0x00000000      0x209 ./Sources/MOTOR.o
 .debug_macro   0x00000000       0x56 ./Sources/MOTOR.o
 .debug_macro   0x00000000       0x3b ./Sources/MOTOR.o
 .debug_macro   0x00000000       0x34 ./Sources/MOTOR.o
 .debug_macro   0x00000000       0x26 ./Sources/MOTOR.o
 .debug_macro   0x00000000      0xd1d ./Sources/MOTOR.o
 .debug_macro   0x00000000       0x78 ./Sources/MOTOR.o
 .debug_macro   0x00000000    0x175e0 ./Sources/MOTOR.o
 .debug_macro   0x00000000       0xa6 ./Sources/MOTOR.o
 .group         0x00000000        0x8 ./Sources/Matrix.o
 .group         0x00000000        0x8 ./Sources/Matrix.o
 .group         0x00000000        0x8 ./Sources/Matrix.o
 .group         0x00000000        0x8 ./Sources/Matrix.o
 .group         0x00000000        0x8 ./Sources/Matrix.o
 .group         0x00000000        0x8 ./Sources/Matrix.o
 .group         0x00000000        0x8 ./Sources/Matrix.o
 .group         0x00000000        0x8 ./Sources/Matrix.o
 .group         0x00000000        0x8 ./Sources/Matrix.o
 .group         0x00000000        0x8 ./Sources/Matrix.o
 .group         0x00000000        0x8 ./Sources/Matrix.o
 .group         0x00000000        0x8 ./Sources/Matrix.o
 .text          0x00000000        0x0 ./Sources/Matrix.o
 .data          0x00000000        0x0 ./Sources/Matrix.o
 .bss           0x00000000        0x0 ./Sources/Matrix.o
 .debug_macro   0x00000000      0x850 ./Sources/Matrix.o
 .debug_macro   0x00000000       0x16 ./Sources/Matrix.o
 .debug_macro   0x00000000       0x16 ./Sources/Matrix.o
 .debug_macro   0x00000000       0x44 ./Sources/Matrix.o
 .debug_macro   0x00000000      0x209 ./Sources/Matrix.o
 .debug_macro   0x00000000       0x56 ./Sources/Matrix.o
 .debug_macro   0x00000000       0x3b ./Sources/Matrix.o
 .debug_macro   0x00000000       0x34 ./Sources/Matrix.o
 .debug_macro   0x00000000       0x26 ./Sources/Matrix.o
 .debug_macro   0x00000000      0xd1d ./Sources/Matrix.o
 .debug_macro   0x00000000       0x78 ./Sources/Matrix.o
 .debug_macro   0x00000000    0x175e0 ./Sources/Matrix.o
 .group         0x00000000        0x8 ./Sources/NVIC.o
 .group         0x00000000        0x8 ./Sources/NVIC.o
 .group         0x00000000        0x8 ./Sources/NVIC.o
 .group         0x00000000        0x8 ./Sources/NVIC.o
 .group         0x00000000        0x8 ./Sources/NVIC.o
 .group         0x00000000        0x8 ./Sources/NVIC.o
 .group         0x00000000        0x8 ./Sources/NVIC.o
 .group         0x00000000        0x8 ./Sources/NVIC.o
 .group         0x00000000        0x8 ./Sources/NVIC.o
 .group         0x00000000        0x8 ./Sources/NVIC.o
 .group         0x00000000        0x8 ./Sources/NVIC.o
 .group         0x00000000        0x8 ./Sources/NVIC.o
 .group         0x00000000        0x8 ./Sources/NVIC.o
 .text          0x00000000        0x0 ./Sources/NVIC.o
 .data          0x00000000        0x0 ./Sources/NVIC.o
 .bss           0x00000000        0x0 ./Sources/NVIC.o
 .debug_macro   0x00000000      0x850 ./Sources/NVIC.o
 .debug_macro   0x00000000       0x16 ./Sources/NVIC.o
 .debug_macro   0x00000000       0x16 ./Sources/NVIC.o
 .debug_macro   0x00000000       0x44 ./Sources/NVIC.o
 .debug_macro   0x00000000      0x209 ./Sources/NVIC.o
 .debug_macro   0x00000000       0x56 ./Sources/NVIC.o
 .debug_macro   0x00000000       0x3b ./Sources/NVIC.o
 .debug_macro   0x00000000       0x34 ./Sources/NVIC.o
 .debug_macro   0x00000000       0x26 ./Sources/NVIC.o
 .debug_macro   0x00000000      0xd1d ./Sources/NVIC.o
 .debug_macro   0x00000000       0x78 ./Sources/NVIC.o
 .debug_macro   0x00000000    0x175e0 ./Sources/NVIC.o
 .group         0x00000000        0x8 ./Sources/PIT.o
 .group         0x00000000        0x8 ./Sources/PIT.o
 .group         0x00000000        0x8 ./Sources/PIT.o
 .group         0x00000000        0x8 ./Sources/PIT.o
 .group         0x00000000        0x8 ./Sources/PIT.o
 .group         0x00000000        0x8 ./Sources/PIT.o
 .group         0x00000000        0x8 ./Sources/PIT.o
 .group         0x00000000        0x8 ./Sources/PIT.o
 .group         0x00000000        0x8 ./Sources/PIT.o
 .group         0x00000000        0x8 ./Sources/PIT.o
 .group         0x00000000        0x8 ./Sources/PIT.o
 .group         0x00000000        0x8 ./Sources/PIT.o
 .text          0x00000000        0x0 ./Sources/PIT.o
 .data          0x00000000        0x0 ./Sources/PIT.o
 .bss           0x00000000        0x0 ./Sources/PIT.o
 .text.PIT0_Flag_state
                0x00000000       0x18 ./Sources/PIT.o
 .text.PIT0_Flag_edit
                0x00000000       0x18 ./Sources/PIT.o
 .debug_macro   0x00000000      0x850 ./Sources/PIT.o
 .debug_macro   0x00000000       0x16 ./Sources/PIT.o
 .debug_macro   0x00000000       0x16 ./Sources/PIT.o
 .debug_macro   0x00000000       0x44 ./Sources/PIT.o
 .debug_macro   0x00000000      0x209 ./Sources/PIT.o
 .debug_macro   0x00000000       0x56 ./Sources/PIT.o
 .debug_macro   0x00000000       0x3b ./Sources/PIT.o
 .debug_macro   0x00000000       0x34 ./Sources/PIT.o
 .debug_macro   0x00000000       0x26 ./Sources/PIT.o
 .debug_macro   0x00000000      0xd1d ./Sources/PIT.o
 .debug_macro   0x00000000       0x78 ./Sources/PIT.o
 .debug_macro   0x00000000    0x175e0 ./Sources/PIT.o
 .group         0x00000000        0x8 ./Sources/main.o
 .group         0x00000000        0x8 ./Sources/main.o
 .group         0x00000000        0x8 ./Sources/main.o
 .group         0x00000000        0x8 ./Sources/main.o
 .group         0x00000000        0x8 ./Sources/main.o
 .group         0x00000000        0x8 ./Sources/main.o
 .group         0x00000000        0x8 ./Sources/main.o
 .group         0x00000000        0x8 ./Sources/main.o
 .group         0x00000000        0x8 ./Sources/main.o
 .group         0x00000000        0x8 ./Sources/main.o
 .group         0x00000000        0x8 ./Sources/main.o
 .group         0x00000000        0x8 ./Sources/main.o
 .group         0x00000000        0x8 ./Sources/main.o
 .group         0x00000000        0x8 ./Sources/main.o
 .text          0x00000000        0x0 ./Sources/main.o
 .data          0x00000000        0x0 ./Sources/main.o
 .bss           0x00000000        0x0 ./Sources/main.o
 .debug_macro   0x00000000      0x850 ./Sources/main.o
 .debug_macro   0x00000000       0x16 ./Sources/main.o
 .debug_macro   0x00000000       0x16 ./Sources/main.o
 .debug_macro   0x00000000       0x44 ./Sources/main.o
 .debug_macro   0x00000000      0x209 ./Sources/main.o
 .debug_macro   0x00000000       0x56 ./Sources/main.o
 .debug_macro   0x00000000       0x3b ./Sources/main.o
 .debug_macro   0x00000000       0x34 ./Sources/main.o
 .debug_macro   0x00000000       0x26 ./Sources/main.o
 .debug_macro   0x00000000      0xd1d ./Sources/main.o
 .debug_macro   0x00000000       0x78 ./Sources/main.o
 .debug_macro   0x00000000    0x175e0 ./Sources/main.o
 .debug_macro   0x00000000       0x10 ./Sources/main.o
 .debug_macro   0x00000000       0xa6 ./Sources/main.o
 .data          0x00000000        0x0 ./Project_Settings/Startup_Code/startup_MK64F12.o
 .bss           0x00000000        0x0 ./Project_Settings/Startup_Code/startup_MK64F12.o
 .group         0x00000000        0x8 ./Project_Settings/Startup_Code/system_MK64F12.o
 .group         0x00000000        0x8 ./Project_Settings/Startup_Code/system_MK64F12.o
 .group         0x00000000        0x8 ./Project_Settings/Startup_Code/system_MK64F12.o
 .group         0x00000000        0x8 ./Project_Settings/Startup_Code/system_MK64F12.o
 .group         0x00000000        0x8 ./Project_Settings/Startup_Code/system_MK64F12.o
 .group         0x00000000        0x8 ./Project_Settings/Startup_Code/system_MK64F12.o
 .group         0x00000000        0x8 ./Project_Settings/Startup_Code/system_MK64F12.o
 .group         0x00000000        0x8 ./Project_Settings/Startup_Code/system_MK64F12.o
 .group         0x00000000        0x8 ./Project_Settings/Startup_Code/system_MK64F12.o
 .group         0x00000000        0x8 ./Project_Settings/Startup_Code/system_MK64F12.o
 .group         0x00000000        0x8 ./Project_Settings/Startup_Code/system_MK64F12.o
 .text          0x00000000        0x0 ./Project_Settings/Startup_Code/system_MK64F12.o
 .data          0x00000000        0x0 ./Project_Settings/Startup_Code/system_MK64F12.o
 .bss           0x00000000        0x0 ./Project_Settings/Startup_Code/system_MK64F12.o
 .data.SystemCoreClock
                0x00000000        0x4 ./Project_Settings/Startup_Code/system_MK64F12.o
 .text.SystemCoreClockUpdate
                0x00000000      0x270 ./Project_Settings/Startup_Code/system_MK64F12.o
 .debug_macro   0x00000000      0x850 ./Project_Settings/Startup_Code/system_MK64F12.o
 .debug_macro   0x00000000       0x16 ./Project_Settings/Startup_Code/system_MK64F12.o
 .debug_macro   0x00000000       0x44 ./Project_Settings/Startup_Code/system_MK64F12.o
 .debug_macro   0x00000000      0x209 ./Project_Settings/Startup_Code/system_MK64F12.o
 .debug_macro   0x00000000       0x3b ./Project_Settings/Startup_Code/system_MK64F12.o
 .debug_macro   0x00000000       0x34 ./Project_Settings/Startup_Code/system_MK64F12.o
 .debug_macro   0x00000000       0x26 ./Project_Settings/Startup_Code/system_MK64F12.o
 .debug_macro   0x00000000      0xd1d ./Project_Settings/Startup_Code/system_MK64F12.o
 .debug_macro   0x00000000       0x78 ./Project_Settings/Startup_Code/system_MK64F12.o
 .debug_macro   0x00000000    0x175e0 ./Project_Settings/Startup_Code/system_MK64F12.o
 .text          0x00000000        0x0 c:/freescale/kds_v3/toolchain/bin/../lib/gcc/arm-none-eabi/4.8.4/../../../../arm-none-eabi/lib/armv7e-m/fpu\libg_s.a(lib_a-exit.o)
 .data          0x00000000        0x0 c:/freescale/kds_v3/toolchain/bin/../lib/gcc/arm-none-eabi/4.8.4/../../../../arm-none-eabi/lib/armv7e-m/fpu\libg_s.a(lib_a-exit.o)
 .bss           0x00000000        0x0 c:/freescale/kds_v3/toolchain/bin/../lib/gcc/arm-none-eabi/4.8.4/../../../../arm-none-eabi/lib/armv7e-m/fpu\libg_s.a(lib_a-exit.o)
 .text          0x00000000        0x0 c:/freescale/kds_v3/toolchain/bin/../lib/gcc/arm-none-eabi/4.8.4/../../../../arm-none-eabi/lib/armv7e-m/fpu\libg_s.a(lib_a-impure.o)
 .data          0x00000000        0x0 c:/freescale/kds_v3/toolchain/bin/../lib/gcc/arm-none-eabi/4.8.4/../../../../arm-none-eabi/lib/armv7e-m/fpu\libg_s.a(lib_a-impure.o)
 .bss           0x00000000        0x0 c:/freescale/kds_v3/toolchain/bin/../lib/gcc/arm-none-eabi/4.8.4/../../../../arm-none-eabi/lib/armv7e-m/fpu\libg_s.a(lib_a-impure.o)
 .data._impure_ptr
                0x00000000        0x4 c:/freescale/kds_v3/toolchain/bin/../lib/gcc/arm-none-eabi/4.8.4/../../../../arm-none-eabi/lib/armv7e-m/fpu\libg_s.a(lib_a-impure.o)
 .text          0x00000000        0x0 c:/freescale/kds_v3/toolchain/bin/../lib/gcc/arm-none-eabi/4.8.4/../../../../arm-none-eabi/lib/armv7e-m/fpu\libg_s.a(lib_a-init.o)
 .data          0x00000000        0x0 c:/freescale/kds_v3/toolchain/bin/../lib/gcc/arm-none-eabi/4.8.4/../../../../arm-none-eabi/lib/armv7e-m/fpu\libg_s.a(lib_a-init.o)
 .bss           0x00000000        0x0 c:/freescale/kds_v3/toolchain/bin/../lib/gcc/arm-none-eabi/4.8.4/../../../../arm-none-eabi/lib/armv7e-m/fpu\libg_s.a(lib_a-init.o)
 .text          0x00000000        0x0 c:/freescale/kds_v3/toolchain/bin/../lib/gcc/arm-none-eabi/4.8.4/../../../../arm-none-eabi/lib/armv7e-m/fpu\libg_s.a(lib_a-memset.o)
 .data          0x00000000        0x0 c:/freescale/kds_v3/toolchain/bin/../lib/gcc/arm-none-eabi/4.8.4/../../../../arm-none-eabi/lib/armv7e-m/fpu\libg_s.a(lib_a-memset.o)
 .bss           0x00000000        0x0 c:/freescale/kds_v3/toolchain/bin/../lib/gcc/arm-none-eabi/4.8.4/../../../../arm-none-eabi/lib/armv7e-m/fpu\libg_s.a(lib_a-memset.o)
 .text          0x00000000        0x0 c:/freescale/kds_v3/toolchain/bin/../lib/gcc/arm-none-eabi/4.8.4/../../../../arm-none-eabi/lib/armv7e-m/fpu\libnosys.a(_exit.o)
 .data          0x00000000        0x0 c:/freescale/kds_v3/toolchain/bin/../lib/gcc/arm-none-eabi/4.8.4/../../../../arm-none-eabi/lib/armv7e-m/fpu\libnosys.a(_exit.o)
 .bss           0x00000000        0x0 c:/freescale/kds_v3/toolchain/bin/../lib/gcc/arm-none-eabi/4.8.4/../../../../arm-none-eabi/lib/armv7e-m/fpu\libnosys.a(_exit.o)
 .text          0x00000000        0x0 c:/freescale/kds_v3/toolchain/bin/../lib/gcc/arm-none-eabi/4.8.4/armv7e-m/fpu/crtend.o
 .data          0x00000000        0x0 c:/freescale/kds_v3/toolchain/bin/../lib/gcc/arm-none-eabi/4.8.4/armv7e-m/fpu/crtend.o
 .bss           0x00000000        0x0 c:/freescale/kds_v3/toolchain/bin/../lib/gcc/arm-none-eabi/4.8.4/armv7e-m/fpu/crtend.o
 .eh_frame      0x00000000        0x4 c:/freescale/kds_v3/toolchain/bin/../lib/gcc/arm-none-eabi/4.8.4/armv7e-m/fpu/crtend.o
 .text          0x00000000        0x0 c:/freescale/kds_v3/toolchain/bin/../lib/gcc/arm-none-eabi/4.8.4/armv7e-m/fpu/crtn.o
 .data          0x00000000        0x0 c:/freescale/kds_v3/toolchain/bin/../lib/gcc/arm-none-eabi/4.8.4/armv7e-m/fpu/crtn.o
 .bss           0x00000000        0x0 c:/freescale/kds_v3/toolchain/bin/../lib/gcc/arm-none-eabi/4.8.4/armv7e-m/fpu/crtn.o

Memory Configuration

Name             Origin             Length             Attributes
m_interrupts     0x00000000         0x00000400         xr
m_flash_config   0x00000400         0x00000010         xr
m_text           0x00000410         0x000ffbf0         xr
m_data           0x1fff0000         0x00010000         rw
m_data_2         0x20000000         0x00030000         rw
*default*        0x00000000         0xffffffff

Linker script and memory map

LOAD c:/freescale/kds_v3/toolchain/bin/../lib/gcc/arm-none-eabi/4.8.4/armv7e-m/fpu/crti.o
LOAD c:/freescale/kds_v3/toolchain/bin/../lib/gcc/arm-none-eabi/4.8.4/armv7e-m/fpu/crtbegin.o
LOAD c:/freescale/kds_v3/toolchain/bin/../lib/gcc/arm-none-eabi/4.8.4/../../../../arm-none-eabi/lib/armv7e-m/fpu/crt0.o
LOAD ./Sources/DAC.o
LOAD ./Sources/FUNC.o
LOAD ./Sources/GPIO.o
LOAD ./Sources/MOTOR.o
LOAD ./Sources/Matrix.o
LOAD ./Sources/NVIC.o
LOAD ./Sources/PIT.o
LOAD ./Sources/main.o
LOAD ./Project_Settings/Startup_Code/startup_MK64F12.o
LOAD ./Project_Settings/Startup_Code/system_MK64F12.o
LOAD c:/freescale/kds_v3/toolchain/bin/../lib/gcc/arm-none-eabi/4.8.4/../../../../arm-none-eabi/lib/armv7e-m/fpu\libstdc++_s.a
LOAD c:/freescale/kds_v3/toolchain/bin/../lib/gcc/arm-none-eabi/4.8.4/../../../../arm-none-eabi/lib/armv7e-m/fpu\libm.a
START GROUP
LOAD c:/freescale/kds_v3/toolchain/bin/../lib/gcc/arm-none-eabi/4.8.4/armv7e-m/fpu\libgcc.a
LOAD c:/freescale/kds_v3/toolchain/bin/../lib/gcc/arm-none-eabi/4.8.4/../../../../arm-none-eabi/lib/armv7e-m/fpu\libg_s.a
LOAD c:/freescale/kds_v3/toolchain/bin/../lib/gcc/arm-none-eabi/4.8.4/../../../../arm-none-eabi/lib/armv7e-m/fpu\libc_s.a
END GROUP
START GROUP
LOAD c:/freescale/kds_v3/toolchain/bin/../lib/gcc/arm-none-eabi/4.8.4/armv7e-m/fpu\libgcc.a
LOAD c:/freescale/kds_v3/toolchain/bin/../lib/gcc/arm-none-eabi/4.8.4/../../../../arm-none-eabi/lib/armv7e-m/fpu\libc_s.a
LOAD c:/freescale/kds_v3/toolchain/bin/../lib/gcc/arm-none-eabi/4.8.4/../../../../arm-none-eabi/lib/armv7e-m/fpu\libnosys.a
END GROUP
START GROUP
LOAD c:/freescale/kds_v3/toolchain/bin/../lib/gcc/arm-none-eabi/4.8.4/armv7e-m/fpu\libgcc.a
LOAD c:/freescale/kds_v3/toolchain/bin/../lib/gcc/arm-none-eabi/4.8.4/../../../../arm-none-eabi/lib/armv7e-m/fpu\libc_s.a
LOAD c:/freescale/kds_v3/toolchain/bin/../lib/gcc/arm-none-eabi/4.8.4/../../../../arm-none-eabi/lib/armv7e-m/fpu\libnosys.a
END GROUP
LOAD c:/freescale/kds_v3/toolchain/bin/../lib/gcc/arm-none-eabi/4.8.4/armv7e-m/fpu/crtend.o
LOAD c:/freescale/kds_v3/toolchain/bin/../lib/gcc/arm-none-eabi/4.8.4/armv7e-m/fpu/crtn.o
                0x00000400                HEAP_SIZE = DEFINED (__heap_size__)?__heap_size__:0x400
                0x00000400                STACK_SIZE = DEFINED (__stack_size__)?__stack_size__:0x400

.interrupts     0x00000000      0x400
                0x00000000                __VECTOR_TABLE = .
                0x00000000                . = ALIGN (0x4)
 *(.isr_vector)
 .isr_vector    0x00000000      0x400 ./Project_Settings/Startup_Code/startup_MK64F12.o
                0x00000000                __isr_vector
                0x00000400                . = ALIGN (0x4)

.flash_config   0x00000400       0x10
                0x00000400                . = ALIGN (0x4)
 *(.FlashConfig)
 .FlashConfig   0x00000400       0x10 ./Project_Settings/Startup_Code/startup_MK64F12.o
                0x00000410                . = ALIGN (0x4)

.text           0x00000410     0x1898
                0x00000410                . = ALIGN (0x4)
 *(.text)
 .text          0x00000410       0x54 c:/freescale/kds_v3/toolchain/bin/../lib/gcc/arm-none-eabi/4.8.4/armv7e-m/fpu/crtbegin.o
 .text          0x00000464       0x74 c:/freescale/kds_v3/toolchain/bin/../lib/gcc/arm-none-eabi/4.8.4/../../../../arm-none-eabi/lib/armv7e-m/fpu/crt0.o
                0x00000464                _start
                0x00000464                _mainCRTStartup
 .text          0x000004d8       0x30 ./Project_Settings/Startup_Code/startup_MK64F12.o
                0x000004d8                Reset_Handler
                0x00000504                DebugMon_Handler
                0x00000504                I2C0_IRQHandler
                0x00000504                HardFault_Handler
                0x00000504                SysTick_Handler
                0x00000504                UART3_RX_TX_IRQHandler
                0x00000504                PendSV_Handler
                0x00000504                NMI_Handler
                0x00000504                UART0_RX_TX_IRQHandler
                0x00000504                I2C1_IRQHandler
                0x00000504                DMA2_IRQHandler
                0x00000504                ENET_Error_IRQHandler
                0x00000504                CAN0_Tx_Warning_IRQHandler
                0x00000504                CAN0_ORed_Message_buffer_IRQHandler
                0x00000504                CMP2_IRQHandler
                0x00000504                LLWU_IRQHandler
                0x00000504                ENET_Receive_IRQHandler
                0x00000504                ENET_1588_Timer_IRQHandler
                0x00000504                UART2_RX_TX_IRQHandler
                0x00000504                SWI_IRQHandler
                0x00000504                ADC0_IRQHandler
                0x00000504                UsageFault_Handler
                0x00000504                I2S0_Tx_IRQHandler
                0x00000504                CMT_IRQHandler
                0x00000504                UART4_RX_TX_IRQHandler
                0x00000504                SPI1_IRQHandler
                0x00000504                DefaultISR
                0x00000504                DMA9_IRQHandler
                0x00000504                DMA14_IRQHandler
                0x00000504                CMP1_IRQHandler
                0x00000504                Reserved71_IRQHandler
                0x00000504                PORTD_IRQHandler
                0x00000504                UART4_ERR_IRQHandler
                0x00000504                ADC1_IRQHandler
                0x00000504                I2C2_IRQHandler
                0x00000504                I2S0_Rx_IRQHandler
                0x00000504                DMA5_IRQHandler
                0x00000504                RTC_IRQHandler
                0x00000504                PDB0_IRQHandler
                0x00000504                CAN0_Rx_Warning_IRQHandler
                0x00000504                FTM1_IRQHandler
                0x00000504                UART5_RX_TX_IRQHandler
                0x00000504                UART3_ERR_IRQHandler
                0x00000504                PIT3_IRQHandler
                0x00000504                SDHC_IRQHandler
                0x00000504                RTC_Seconds_IRQHandler
                0x00000504                MCG_IRQHandler
                0x00000504                FTFE_IRQHandler
                0x00000504                UART2_ERR_IRQHandler
                0x00000504                DMA11_IRQHandler
                0x00000504                UART5_ERR_IRQHandler
                0x00000504                Read_Collision_IRQHandler
                0x00000504                DMA7_IRQHandler
                0x00000504                ENET_Transmit_IRQHandler
                0x00000504                USBDCD_IRQHandler
                0x00000504                USB0_IRQHandler
                0x00000504                SPI2_IRQHandler
                0x00000504                WDOG_EWM_IRQHandler
                0x00000504                MemManage_Handler
                0x00000504                SVC_Handler
                0x00000504                DMA13_IRQHandler
                0x00000504                DMA3_IRQHandler
                0x00000504                UART0_LON_IRQHandler
                0x00000504                RNG_IRQHandler
                0x00000504                DMA0_IRQHandler
                0x00000504                DMA15_IRQHandler
                0x00000504                DAC0_IRQHandler
                0x00000504                CAN0_Error_IRQHandler
                0x00000504                DMA4_IRQHandler
                0x00000504                UART0_ERR_IRQHandler
                0x00000504                DMA_Error_IRQHandler
                0x00000504                LVD_LVW_IRQHandler
                0x00000504                SPI0_IRQHandler
                0x00000504                FTM0_IRQHandler
                0x00000504                DAC1_IRQHandler
                0x00000504                MCM_IRQHandler
                0x00000504                DMA12_IRQHandler
                0x00000504                CAN0_Bus_Off_IRQHandler
                0x00000504                FTM3_IRQHandler
                0x00000504                PORTE_IRQHandler
                0x00000504                FTM2_IRQHandler
                0x00000504                LPTMR0_IRQHandler
                0x00000504                BusFault_Handler
                0x00000504                DMA8_IRQHandler
                0x00000504                DMA10_IRQHandler
                0x00000504                CAN0_Wake_Up_IRQHandler
                0x00000504                UART1_ERR_IRQHandler
                0x00000504                UART1_RX_TX_IRQHandler
                0x00000504                CMP0_IRQHandler
                0x00000504                DMA6_IRQHandler
                0x00000504                DMA1_IRQHandler
 *(.text*)
 .text.sine     0x00000508       0x38 ./Sources/DAC.o
                0x00000508                sine
 .text.tri      0x00000540       0x38 ./Sources/DAC.o
                0x00000540                tri
 .text.square   0x00000578       0x38 ./Sources/DAC.o
                0x00000578                square
 .text.writeDAC
                0x000005b0       0x24 ./Sources/DAC.o
                0x000005b0                writeDAC
 .text.FSM_signals
                0x000005d4       0x68 ./Sources/FUNC.o
                0x000005d4                FSM_signals
 .text.square_1
                0x0000063c       0x1c ./Sources/FUNC.o
                0x0000063c                square_1
 .text.sine_2   0x00000658       0x1c ./Sources/FUNC.o
                0x00000658                sine_2
 .text.triangle_3
                0x00000674       0x1c ./Sources/FUNC.o
                0x00000674                triangle_3
 .text.zero_4   0x00000690       0x1c ./Sources/FUNC.o
                0x00000690                zero_4
 .text.PORTC_IRQHandler
                0x000006ac       0x1c ./Sources/GPIO.o
                0x000006ac                PORTC_IRQHandler
 .text.PORTA_IRQHandler
                0x000006c8       0x1c ./Sources/GPIO.o
                0x000006c8                PORTA_IRQHandler
 .text.PORTB_IRQHandler
                0x000006e4       0x1c ./Sources/GPIO.o
                0x000006e4                PORTB_IRQHandler
 .text.readFlag_PORTA
                0x00000700       0x1c ./Sources/GPIO.o
                0x00000700                readFlag_PORTA
 .text.clearFlag_PORTA
                0x0000071c       0x1c ./Sources/GPIO.o
                0x0000071c                clearFlag_PORTA
 .text.FlagPortB_Read
                0x00000738       0x1c ./Sources/GPIO.o
                0x00000738                FlagPortB_Read
 .text.FlagPortB_Clear
                0x00000754       0x1c ./Sources/GPIO.o
                0x00000754                FlagPortB_Clear
 .text.readFlag_PORTC
                0x00000770       0x1c ./Sources/GPIO.o
                0x00000770                readFlag_PORTC
 .text.clearFlag_PORTC
                0x0000078c       0x1c ./Sources/GPIO.o
                0x0000078c                clearFlag_PORTC
 .text.GPIO_clearInterrupt
                0x000007a8       0x84 ./Sources/GPIO.o
                0x000007a8                GPIO_clearInterrupt
 .text.GPIO_clockGating
                0x0000082c       0xc4 ./Sources/GPIO.o
                0x0000082c                GPIO_clockGating
 .text.GPIO_pinControlRegister
                0x000008f0       0x9c ./Sources/GPIO.o
                0x000008f0                GPIO_pinControlRegister
 .text.GPIO_setPIN
                0x0000098c       0xb8 ./Sources/GPIO.o
                0x0000098c                GPIO_setPIN
 .text.GPIO_clearPIN
                0x00000a44       0xb8 ./Sources/GPIO.o
                0x00000a44                GPIO_clearPIN
 .text.GPIO_tooglePIN
                0x00000afc       0xb8 ./Sources/GPIO.o
                0x00000afc                GPIO_tooglePIN
 .text.GPIO_dataDirectionPIN
                0x00000bb4       0xc0 ./Sources/GPIO.o
                0x00000bb4                GPIO_dataDirectionPIN
 .text.FSM_Motor
                0x00000c74       0x8c ./Sources/MOTOR.o
                0x00000c74                FSM_Motor
 .text.sequence_1
                0x00000d00       0xc4 ./Sources/MOTOR.o
                0x00000d00                sequence_1
 .text.sequence_2
                0x00000dc4       0x90 ./Sources/MOTOR.o
                0x00000dc4                sequence_2
 .text.sequence_3
                0x00000e54       0x28 ./Sources/MOTOR.o
                0x00000e54                sequence_3
 .text.decoder  0x00000e7c       0x8c ./Sources/Matrix.o
                0x00000e7c                decoder
 .text.Password_Pos_Handler
                0x00000f08       0x1c ./Sources/Matrix.o
                0x00000f08                Password_Pos_Handler
 .text.Password_Pos_Clear
                0x00000f24       0x18 ./Sources/Matrix.o
                0x00000f24                Password_Pos_Clear
 .text.Password_Pos
                0x00000f3c       0x18 ./Sources/Matrix.o
                0x00000f3c                Password_Pos
 .text.Digit_Edit
                0x00000f54       0x3c ./Sources/Matrix.o
                0x00000f54                Digit_Edit
 .text.Password_Handler
                0x00000f90       0x44 ./Sources/Matrix.o
                0x00000f90                Password_Handler
 .text.Digit_Handler
                0x00000fd4       0x24 ./Sources/Matrix.o
                0x00000fd4                Digit_Handler
 .text.NVIC_EnableIRQ
                0x00000ff8       0x30 ./Sources/NVIC.o
 .text.NVIC_SetPriority
                0x00001028       0x54 ./Sources/NVIC.o
 .text.NVIC_enableInterruptAndPriotity
                0x0000107c       0x2c ./Sources/NVIC.o
                0x0000107c                NVIC_enableInterruptAndPriotity
 .text.NVIC_setBASEPRI_threshold
                0x000010a8       0x20 ./Sources/NVIC.o
                0x000010a8                NVIC_setBASEPRI_threshold
 .text.PIT0_IRQHandler
                0x000010c8       0x54 ./Sources/PIT.o
                0x000010c8                PIT0_IRQHandler
 .text.PIT1_IRQHandler
                0x0000111c       0x54 ./Sources/PIT.o
                0x0000111c                PIT1_IRQHandler
 .text.PIT2_IRQHandler
                0x00001170       0x54 ./Sources/PIT.o
                0x00001170                PIT2_IRQHandler
 .text.PIT_delay
                0x000011c4       0xdc ./Sources/PIT.o
                0x000011c4                PIT_delay
 .text.PIT_Disable
                0x000012a0       0x60 ./Sources/PIT.o
                0x000012a0                PIT_Disable
 .text.PIT2_Flag_read
                0x00001300       0x18 ./Sources/PIT.o
                0x00001300                PIT2_Flag_read
 .text.PIT2_Flag_clear
                0x00001318       0x18 ./Sources/PIT.o
                0x00001318                PIT2_Flag_clear
 .text.PIT1_Flag_state
                0x00001330       0x18 ./Sources/PIT.o
                0x00001330                PIT1_Flag_state
 .text.PIT1_Flag_edit
                0x00001348       0x18 ./Sources/PIT.o
                0x00001348                PIT1_Flag_edit
 .text.main     0x00001360       0x90 ./Sources/main.o
                0x00001360                main
 .text.register_Config
                0x000013f0      0x2c0 ./Sources/main.o
                0x000013f0                register_Config
 .text.array_Compare
                0x000016b0       0x48 ./Sources/main.o
                0x000016b0                array_Compare
 .text.RED_ON   0x000016f8       0x20 ./Sources/main.o
                0x000016f8                RED_ON
 .text.GREEN_ON
                0x00001718       0x20 ./Sources/main.o
                0x00001718                GREEN_ON
 .text.BLUE_ON  0x00001738       0x20 ./Sources/main.o
                0x00001738                BLUE_ON
 .text.clean_flags_IQR
                0x00001758       0x10 ./Sources/main.o
                0x00001758                clean_flags_IQR
 .text.initiation_State
                0x00001768       0x90 ./Sources/main.o
                0x00001768                initiation_State
 .text.wait_Option
                0x000017f8       0x44 ./Sources/main.o
                0x000017f8                wait_Option
 .text.wait_Password_A
                0x0000183c       0x84 ./Sources/main.o
                0x0000183c                wait_Password_A
 .text.wait_Password_B
                0x000018c0       0x84 ./Sources/main.o
                0x000018c0                wait_Password_B
 .text.led_Error_A
                0x00001944       0x5c ./Sources/main.o
                0x00001944                led_Error_A
 .text.led_Error_B
                0x000019a0       0x5c ./Sources/main.o
                0x000019a0                led_Error_B
 .text.blink_A  0x000019fc       0x54 ./Sources/main.o
                0x000019fc                blink_A
 .text.blink_B  0x00001a50       0x54 ./Sources/main.o
                0x00001a50                blink_B
 .text.wave_Generator
                0x00001aa4       0x44 ./Sources/main.o
                0x00001aa4                wave_Generator
 .text.motor_Control
                0x00001ae8       0x44 ./Sources/main.o
                0x00001ae8                motor_Control
 .text.SystemInit
                0x00001b2c       0x3c ./Project_Settings/Startup_Code/system_MK64F12.o
                0x00001b2c                SystemInit
 .text.exit     0x00001b68       0x28 c:/freescale/kds_v3/toolchain/bin/../lib/gcc/arm-none-eabi/4.8.4/../../../../arm-none-eabi/lib/armv7e-m/fpu\libg_s.a(lib_a-exit.o)
                0x00001b68                exit
 .text.__libc_init_array
                0x00001b90       0x4c c:/freescale/kds_v3/toolchain/bin/../lib/gcc/arm-none-eabi/4.8.4/../../../../arm-none-eabi/lib/armv7e-m/fpu\libg_s.a(lib_a-init.o)
                0x00001b90                __libc_init_array
 .text.memset   0x00001bdc       0x10 c:/freescale/kds_v3/toolchain/bin/../lib/gcc/arm-none-eabi/4.8.4/../../../../arm-none-eabi/lib/armv7e-m/fpu\libg_s.a(lib_a-memset.o)
                0x00001bdc                memset
 .text._exit    0x00001bec        0x4 c:/freescale/kds_v3/toolchain/bin/../lib/gcc/arm-none-eabi/4.8.4/../../../../arm-none-eabi/lib/armv7e-m/fpu\libnosys.a(_exit.o)
                0x00001bec                _exit
 *(.rodata)
 .rodata        0x00001bf0       0x28 ./Sources/main.o
 *(.rodata*)
 .rodata.FineStateMachineMoore_Wave
                0x00001c18       0x30 ./Sources/FUNC.o
                0x00001c18                FineStateMachineMoore_Wave
 .rodata.FineStateMachineMoore_Motor
                0x00001c48       0x18 ./Sources/MOTOR.o
                0x00001c48                FineStateMachineMoore_Motor
 .rodata.FineStateMachineMoore_Keyboard
                0x00001c60       0x28 ./Sources/main.o
                0x00001c60                FineStateMachineMoore_Keyboard
 .rodata.str1.1
                0x00001c88        0x2 c:/freescale/kds_v3/toolchain/bin/../lib/gcc/arm-none-eabi/4.8.4/../../../../arm-none-eabi/lib/armv7e-m/fpu\libg_s.a(lib_a-impure.o)
 *fill*         0x00001c8a        0x2 
 .rodata._global_impure_ptr
                0x00001c8c        0x4 c:/freescale/kds_v3/toolchain/bin/../lib/gcc/arm-none-eabi/4.8.4/../../../../arm-none-eabi/lib/armv7e-m/fpu\libg_s.a(lib_a-impure.o)
                0x00001c8c                _global_impure_ptr
 *(.glue_7)
 .glue_7        0x00000000        0x0 linker stubs
 *(.glue_7t)
 .glue_7t       0x00000000        0x0 linker stubs
 *(.eh_frame)
 .eh_frame      0x00001c90        0x0 c:/freescale/kds_v3/toolchain/bin/../lib/gcc/arm-none-eabi/4.8.4/armv7e-m/fpu/crtbegin.o
 *(.init)
 .init          0x00001c90        0x4 c:/freescale/kds_v3/toolchain/bin/../lib/gcc/arm-none-eabi/4.8.4/armv7e-m/fpu/crti.o
                0x00001c90                _init
 .init          0x00001c94        0x8 c:/freescale/kds_v3/toolchain/bin/../lib/gcc/arm-none-eabi/4.8.4/armv7e-m/fpu/crtn.o
 *(.fini)
 .fini          0x00001c9c        0x4 c:/freescale/kds_v3/toolchain/bin/../lib/gcc/arm-none-eabi/4.8.4/armv7e-m/fpu/crti.o
                0x00001c9c                _fini
 .fini          0x00001ca0        0x8 c:/freescale/kds_v3/toolchain/bin/../lib/gcc/arm-none-eabi/4.8.4/armv7e-m/fpu/crtn.o
                0x00001ca8                . = ALIGN (0x4)

.vfp11_veneer   0x00001ca8        0x0
 .vfp11_veneer  0x00000000        0x0 linker stubs

.v4_bx          0x00001ca8        0x0
 .v4_bx         0x00000000        0x0 linker stubs

.iplt           0x00001ca8        0x0
 .iplt          0x00000000        0x0 c:/freescale/kds_v3/toolchain/bin/../lib/gcc/arm-none-eabi/4.8.4/armv7e-m/fpu/crtbegin.o

.ARM.extab
 *(.ARM.extab* .gnu.linkonce.armextab.*)

.ARM            0x00001ca8        0x8
                0x00001ca8                __exidx_start = .
 *(.ARM.exidx*)
 .ARM.exidx     0x00001ca8        0x8 c:/freescale/kds_v3/toolchain/bin/../lib/gcc/arm-none-eabi/4.8.4/../../../../arm-none-eabi/lib/armv7e-m/fpu/crt0.o
                0x00001cb0                __exidx_end = .

.rel.dyn        0x00001cb0        0x0
 .rel.iplt      0x00000000        0x0 c:/freescale/kds_v3/toolchain/bin/../lib/gcc/arm-none-eabi/4.8.4/armv7e-m/fpu/crtbegin.o

.ctors          0x00001cb0        0x0
                0x00001cb0                __CTOR_LIST__ = .
 *crtbegin.o(.ctors)
 *crtbegin?.o(.ctors)
 *(EXCLUDE_FILE(*crtend.o *crtend?.o) .ctors)
 *(SORT(.ctors.*))
 *(.ctors)
                0x00001cb0                __CTOR_END__ = .

.dtors          0x00001cb0        0x0
                0x00001cb0                __DTOR_LIST__ = .
 *crtbegin.o(.dtors)
 *crtbegin?.o(.dtors)
 *(EXCLUDE_FILE(*crtend.o *crtend?.o) .dtors)
 *(SORT(.dtors.*))
 *(.dtors)
                0x00001cb0                __DTOR_END__ = .

.preinit_array  0x00001cb0        0x0
                0x00001cb0                PROVIDE (__preinit_array_start, .)
 *(.preinit_array*)
                0x00001cb0                PROVIDE (__preinit_array_end, .)

.init_array     0x00001cb0        0x4
                0x00001cb0                PROVIDE (__init_array_start, .)
 *(SORT(.init_array.*))
 *(.init_array*)
 .init_array    0x00001cb0        0x4 c:/freescale/kds_v3/toolchain/bin/../lib/gcc/arm-none-eabi/4.8.4/armv7e-m/fpu/crtbegin.o
                0x00001cb4                PROVIDE (__init_array_end, .)

.fini_array     0x00001cb4        0x4
                0x00001cb4                PROVIDE (__fini_array_start, .)
 *(SORT(.fini_array.*))
 *(.fini_array*)
 .fini_array    0x00001cb4        0x4 c:/freescale/kds_v3/toolchain/bin/../lib/gcc/arm-none-eabi/4.8.4/armv7e-m/fpu/crtbegin.o
                0x00001cb8                PROVIDE (__fini_array_end, .)
                0x00001cb8                __etext = .
                0x00001cb8                __DATA_ROM = .

.data           0x1fff0000      0x1b0 load address 0x00001cb8
                0x1fff0000                . = ALIGN (0x4)
                0x1fff0000                __DATA_RAM = .
                0x1fff0000                __data_start__ = .
 *(.data)
 *(.data*)
 .data.y_values_for_sine
                0x1fff0000       0x64 ./Sources/DAC.o
 .data.y_values_for_tri
                0x1fff0064       0x64 ./Sources/DAC.o
 .data.y_values_for_square
                0x1fff00c8       0x64 ./Sources/DAC.o
 .data.currentState_Wave
                0x1fff012c        0x4 ./Sources/FUNC.o
                0x1fff012c                currentState_Wave
 .data.fptrSeq  0x1fff0130        0xc ./Sources/MOTOR.o
                0x1fff0130                fptrSeq
 .data.currentState_Motor
                0x1fff013c        0x1 ./Sources/MOTOR.o
                0x1fff013c                currentState_Motor
 .data.PIT1_Flag
                0x1fff013d        0x1 ./Sources/PIT.o
                0x1fff013d                PIT1_Flag
 .data.PIT2_Flag
                0x1fff013e        0x1 ./Sources/PIT.o
                0x1fff013e                PIT2_Flag
 *fill*         0x1fff013f        0x1 
 .data.password_INIC
                0x1fff0140        0x4 ./Sources/main.o
                0x1fff0140                password_INIC
 .data.password_A
                0x1fff0144        0x4 ./Sources/main.o
                0x1fff0144                password_A
 .data.password_B
                0x1fff0148        0x4 ./Sources/main.o
                0x1fff0148                password_B
 .data.impure_data
                0x1fff014c       0x60 c:/freescale/kds_v3/toolchain/bin/../lib/gcc/arm-none-eabi/4.8.4/../../../../arm-none-eabi/lib/armv7e-m/fpu\libg_s.a(lib_a-impure.o)
 *(.jcr*)
 .jcr           0x1fff01ac        0x0 c:/freescale/kds_v3/toolchain/bin/../lib/gcc/arm-none-eabi/4.8.4/armv7e-m/fpu/crtbegin.o
 .jcr           0x1fff01ac        0x4 c:/freescale/kds_v3/toolchain/bin/../lib/gcc/arm-none-eabi/4.8.4/armv7e-m/fpu/crtend.o
                0x1fff01b0                . = ALIGN (0x4)
                0x1fff01b0                __data_end__ = .
                0x00001e68                __DATA_END = (__DATA_ROM + (__data_end__ - __data_start__))

.igot.plt       0x1fff01b0        0x0 load address 0x00001e68
 .igot.plt      0x00000000        0x0 c:/freescale/kds_v3/toolchain/bin/../lib/gcc/arm-none-eabi/4.8.4/armv7e-m/fpu/crtbegin.o

.bss            0x1fff01b0       0x44 load address 0x00001e68
                0x1fff01b0                . = ALIGN (0x4)
                0x1fff01b0                __START_BSS = .
                0x1fff01b0                __bss_start__ = .
 *(.bss)
 .bss           0x1fff01b0       0x1c c:/freescale/kds_v3/toolchain/bin/../lib/gcc/arm-none-eabi/4.8.4/armv7e-m/fpu/crtbegin.o
 *(.bss*)
 .bss.sine_value.5830
                0x1fff01cc        0x1 ./Sources/DAC.o
 .bss.tri_value.5833
                0x1fff01cd        0x1 ./Sources/DAC.o
 .bss.square_value.5836
                0x1fff01ce        0x1 ./Sources/DAC.o
 .bss.input     0x1fff01cf        0x1 ./Sources/FUNC.o
 .bss.currentState_flag
                0x1fff01d0        0x1 ./Sources/FUNC.o
 .bss.flag_sec_1
                0x1fff01d1        0x1 ./Sources/MOTOR.o
                0x1fff01d1                flag_sec_1
 .bss.flag_sec_2
                0x1fff01d2        0x1 ./Sources/MOTOR.o
                0x1fff01d2                flag_sec_2
 *fill*         0x1fff01d3        0x1 
 .bss.input     0x1fff01d4        0x4 ./Sources/MOTOR.o
 .bss.currentState_flag
                0x1fff01d8        0x1 ./Sources/MOTOR.o
 *fill*         0x1fff01d9        0x3 
 .bss.password  0x1fff01dc        0x4 ./Sources/Matrix.o
                0x1fff01dc                password
 .bss.password_NULL
                0x1fff01e0        0x4 ./Sources/Matrix.o
                0x1fff01e0                password_NULL
 .bss.passwordPos
                0x1fff01e4        0x1 ./Sources/Matrix.o
                0x1fff01e4                passwordPos
 .bss.PIT0_Flag
                0x1fff01e5        0x1 ./Sources/PIT.o
                0x1fff01e5                PIT0_Flag
 .bss.Flag_Enable_Motor
                0x1fff01e6        0x1 ./Sources/main.o
                0x1fff01e6                Flag_Enable_Motor
 .bss.Flag_Enable_Generator
                0x1fff01e7        0x1 ./Sources/main.o
                0x1fff01e7                Flag_Enable_Generator
 .bss.counter_periods
                0x1fff01e8        0x1 ./Sources/main.o
                0x1fff01e8                counter_periods
 *(COMMON)
 *fill*         0x1fff01e9        0x3 
 COMMON         0x1fff01ec        0x1 ./Sources/GPIO.o
                0x1fff01ec                funwithFlags
 *fill*         0x1fff01ed        0x3 
 COMMON         0x1fff01f0        0x4 ./Sources/PIT.o
                0x1fff01f0                cycles
                0x1fff01f4                . = ALIGN (0x4)
                0x1fff01f4                __bss_end__ = .
                0x1fff01f4                __END_BSS = .

.heap           0x20000000      0x400
                0x20000000                . = ALIGN (0x8)
                0x20000000                __end__ = .
                0x20000000                PROVIDE (end, .)
                0x20000000                __HeapBase = .
                0x20000400                . = (. + HEAP_SIZE)
 *fill*         0x20000000      0x400 
                0x20000400                __HeapLimit = .

.stack          0x20000400      0x400
                0x20000400                . = ALIGN (0x8)
                0x20000800                . = (. + STACK_SIZE)
 *fill*         0x20000400      0x400 
                0x20030000                __StackTop = (ORIGIN (m_data_2) + 0x30000)
                0x2002fc00                __StackLimit = (__StackTop - STACK_SIZE)
                0x20030000                PROVIDE (__stack, __StackTop)

.ARM.attributes
                0x00000000       0x30
 *(.ARM.attributes)
 .ARM.attributes
                0x00000000       0x22 c:/freescale/kds_v3/toolchain/bin/../lib/gcc/arm-none-eabi/4.8.4/armv7e-m/fpu/crti.o
 .ARM.attributes
                0x00000022       0x34 c:/freescale/kds_v3/toolchain/bin/../lib/gcc/arm-none-eabi/4.8.4/armv7e-m/fpu/crtbegin.o
 .ARM.attributes
                0x00000056       0x20 c:/freescale/kds_v3/toolchain/bin/../lib/gcc/arm-none-eabi/4.8.4/../../../../arm-none-eabi/lib/armv7e-m/fpu/crt0.o
 .ARM.attributes
                0x00000076       0x39 ./Sources/DAC.o
 .ARM.attributes
                0x000000af       0x39 ./Sources/FUNC.o
 .ARM.attributes
                0x000000e8       0x39 ./Sources/GPIO.o
 .ARM.attributes
                0x00000121       0x39 ./Sources/MOTOR.o
 .ARM.attributes
                0x0000015a       0x39 ./Sources/Matrix.o
 .ARM.attributes
                0x00000193       0x39 ./Sources/NVIC.o
 .ARM.attributes
                0x000001cc       0x39 ./Sources/PIT.o
 .ARM.attributes
                0x00000205       0x39 ./Sources/main.o
 .ARM.attributes
                0x0000023e       0x1f ./Project_Settings/Startup_Code/startup_MK64F12.o
 .ARM.attributes
                0x0000025d       0x39 ./Project_Settings/Startup_Code/system_MK64F12.o
 .ARM.attributes
                0x00000296       0x34 c:/freescale/kds_v3/toolchain/bin/../lib/gcc/arm-none-eabi/4.8.4/../../../../arm-none-eabi/lib/armv7e-m/fpu\libg_s.a(lib_a-exit.o)
 .ARM.attributes
                0x000002ca       0x34 c:/freescale/kds_v3/toolchain/bin/../lib/gcc/arm-none-eabi/4.8.4/../../../../arm-none-eabi/lib/armv7e-m/fpu\libg_s.a(lib_a-impure.o)
 .ARM.attributes
                0x000002fe       0x34 c:/freescale/kds_v3/toolchain/bin/../lib/gcc/arm-none-eabi/4.8.4/../../../../arm-none-eabi/lib/armv7e-m/fpu\libg_s.a(lib_a-init.o)
 .ARM.attributes
                0x00000332       0x34 c:/freescale/kds_v3/toolchain/bin/../lib/gcc/arm-none-eabi/4.8.4/../../../../arm-none-eabi/lib/armv7e-m/fpu\libg_s.a(lib_a-memset.o)
 .ARM.attributes
                0x00000366       0x34 c:/freescale/kds_v3/toolchain/bin/../lib/gcc/arm-none-eabi/4.8.4/../../../../arm-none-eabi/lib/armv7e-m/fpu\libnosys.a(_exit.o)
 .ARM.attributes
                0x0000039a       0x34 c:/freescale/kds_v3/toolchain/bin/../lib/gcc/arm-none-eabi/4.8.4/armv7e-m/fpu/crtend.o
 .ARM.attributes
                0x000003ce       0x22 c:/freescale/kds_v3/toolchain/bin/../lib/gcc/arm-none-eabi/4.8.4/armv7e-m/fpu/crtn.o
                0x00000001                ASSERT ((__StackLimit >= __HeapLimit), region m_data_2 overflowed with stack and heap)
OUTPUT(Teclado_Matricial_Proyecto1.elf elf32-littlearm)

.debug_info     0x00000000     0x2f0f
 .debug_info    0x00000000      0x22e ./Sources/DAC.o
 .debug_info    0x0000022e      0x232 ./Sources/FUNC.o
 .debug_info    0x00000460      0x7d2 ./Sources/GPIO.o
 .debug_info    0x00000c32      0x27a ./Sources/MOTOR.o
 .debug_info    0x00000eac      0x26d ./Sources/Matrix.o
 .debug_info    0x00001119      0x98a ./Sources/NVIC.o
 .debug_info    0x00001aa3      0x318 ./Sources/PIT.o
 .debug_info    0x00001dbb      0xac2 ./Sources/main.o
 .debug_info    0x0000287d       0x89 ./Project_Settings/Startup_Code/startup_MK64F12.o
 .debug_info    0x00002906      0x609 ./Project_Settings/Startup_Code/system_MK64F12.o

.debug_abbrev   0x00000000      0xcac
 .debug_abbrev  0x00000000      0x104 ./Sources/DAC.o
 .debug_abbrev  0x00000104      0x113 ./Sources/FUNC.o
 .debug_abbrev  0x00000217      0x224 ./Sources/GPIO.o
 .debug_abbrev  0x0000043b      0x11b ./Sources/MOTOR.o
 .debug_abbrev  0x00000556      0x14a ./Sources/Matrix.o
 .debug_abbrev  0x000006a0      0x19c ./Sources/NVIC.o
 .debug_abbrev  0x0000083c      0x13d ./Sources/PIT.o
 .debug_abbrev  0x00000979      0x205 ./Sources/main.o
 .debug_abbrev  0x00000b7e       0x14 ./Project_Settings/Startup_Code/startup_MK64F12.o
 .debug_abbrev  0x00000b92      0x11a ./Project_Settings/Startup_Code/system_MK64F12.o

.debug_aranges  0x00000000      0x348
 .debug_aranges
                0x00000000       0x38 ./Sources/DAC.o
 .debug_aranges
                0x00000038       0x40 ./Sources/FUNC.o
 .debug_aranges
                0x00000078       0xb8 ./Sources/GPIO.o
 .debug_aranges
                0x00000130       0x38 ./Sources/MOTOR.o
 .debug_aranges
                0x00000168       0x50 ./Sources/Matrix.o
 .debug_aranges
                0x000001b8       0x38 ./Sources/NVIC.o
 .debug_aranges
                0x000001f0       0x70 ./Sources/PIT.o
 .debug_aranges
                0x00000260       0xa0 ./Sources/main.o
 .debug_aranges
                0x00000300       0x20 ./Project_Settings/Startup_Code/startup_MK64F12.o
 .debug_aranges
                0x00000320       0x28 ./Project_Settings/Startup_Code/system_MK64F12.o

.debug_ranges   0x00000000      0x298
 .debug_ranges  0x00000000       0x28 ./Sources/DAC.o
 .debug_ranges  0x00000028       0x30 ./Sources/FUNC.o
 .debug_ranges  0x00000058       0xa8 ./Sources/GPIO.o
 .debug_ranges  0x00000100       0x28 ./Sources/MOTOR.o
 .debug_ranges  0x00000128       0x40 ./Sources/Matrix.o
 .debug_ranges  0x00000168       0x28 ./Sources/NVIC.o
 .debug_ranges  0x00000190       0x60 ./Sources/PIT.o
 .debug_ranges  0x000001f0       0x90 ./Sources/main.o
 .debug_ranges  0x00000280       0x18 ./Project_Settings/Startup_Code/system_MK64F12.o

.debug_macro    0x00000000    0x197f7
 .debug_macro   0x00000000       0xab ./Sources/DAC.o
 .debug_macro   0x000000ab      0x850 ./Sources/DAC.o
 .debug_macro   0x000008fb       0x16 ./Sources/DAC.o
 .debug_macro   0x00000911       0x16 ./Sources/DAC.o
 .debug_macro   0x00000927       0x44 ./Sources/DAC.o
 .debug_macro   0x0000096b      0x209 ./Sources/DAC.o
 .debug_macro   0x00000b74       0x56 ./Sources/DAC.o
 .debug_macro   0x00000bca       0x3b ./Sources/DAC.o
 .debug_macro   0x00000c05       0x34 ./Sources/DAC.o
 .debug_macro   0x00000c39       0x26 ./Sources/DAC.o
 .debug_macro   0x00000c5f      0xd1d ./Sources/DAC.o
 .debug_macro   0x0000197c       0x78 ./Sources/DAC.o
 .debug_macro   0x000019f4    0x175e0 ./Sources/DAC.o
 .debug_macro   0x00018fd4       0xee ./Sources/FUNC.o
 .debug_macro   0x000190c2       0xa6 ./Sources/FUNC.o
 .debug_macro   0x00019168       0xa6 ./Sources/GPIO.o
 .debug_macro   0x0001920e       0xa0 ./Sources/GPIO.o
 .debug_macro   0x000192ae       0xfe ./Sources/MOTOR.o
 .debug_macro   0x000193ac       0xa1 ./Sources/Matrix.o
 .debug_macro   0x0001944d       0xa6 ./Sources/NVIC.o
 .debug_macro   0x000194f3       0x10 ./Sources/NVIC.o
 .debug_macro   0x00019503       0xa5 ./Sources/PIT.o
 .debug_macro   0x000195a8      0x15f ./Sources/main.o
 .debug_macro   0x00019707       0x88 ./Project_Settings/Startup_Code/system_MK64F12.o
 .debug_macro   0x0001978f       0x68 ./Project_Settings/Startup_Code/system_MK64F12.o

.debug_line     0x00000000     0x199f
 .debug_line    0x00000000      0x238 ./Sources/DAC.o
 .debug_line    0x00000238      0x26c ./Sources/FUNC.o
 .debug_line    0x000004a4      0x3c2 ./Sources/GPIO.o
 .debug_line    0x00000866      0x26f ./Sources/MOTOR.o
 .debug_line    0x00000ad5      0x283 ./Sources/Matrix.o
 .debug_line    0x00000d58      0x240 ./Sources/NVIC.o
 .debug_line    0x00000f98      0x2d6 ./Sources/PIT.o
 .debug_line    0x0000126e      0x45a ./Sources/main.o
 .debug_line    0x000016c8       0x78 ./Project_Settings/Startup_Code/startup_MK64F12.o
 .debug_line    0x00001740      0x25f ./Project_Settings/Startup_Code/system_MK64F12.o

.debug_str      0x00000000    0x90d69
 .debug_str     0x00000000    0x8f312 ./Sources/DAC.o
                              0x8f484 (size before relaxing)
 .debug_str     0x0008f312      0x45c ./Sources/FUNC.o
                              0x8f82b (size before relaxing)
 .debug_str     0x0008f76e      0x323 ./Sources/GPIO.o
                              0x8f9e3 (size before relaxing)
 .debug_str     0x0008fa91      0x148 ./Sources/MOTOR.o
                              0x8f81c (size before relaxing)
 .debug_str     0x0008fbd9       0xd0 ./Sources/Matrix.o
                              0x8f4cc (size before relaxing)
 .debug_str     0x0008fca9      0xb07 ./Sources/NVIC.o
                              0x8ff18 (size before relaxing)
 .debug_str     0x000907b0      0x130 ./Sources/PIT.o
                              0x8f545 (size before relaxing)
 .debug_str     0x000908e0      0x394 ./Sources/main.o
                              0x900f8 (size before relaxing)
 .debug_str     0x00090c74       0xf5 ./Project_Settings/Startup_Code/system_MK64F12.o
                              0x8f5cd (size before relaxing)

.comment        0x00000000       0x70
 .comment       0x00000000       0x70 ./Sources/DAC.o
                                 0x71 (size before relaxing)
 .comment       0x00000000       0x71 ./Sources/FUNC.o
 .comment       0x00000000       0x71 ./Sources/GPIO.o
 .comment       0x00000000       0x71 ./Sources/MOTOR.o
 .comment       0x00000000       0x71 ./Sources/Matrix.o
 .comment       0x00000000       0x71 ./Sources/NVIC.o
 .comment       0x00000000       0x71 ./Sources/PIT.o
 .comment       0x00000000       0x71 ./Sources/main.o
 .comment       0x00000000       0x71 ./Project_Settings/Startup_Code/system_MK64F12.o

.debug_frame    0x00000000      0x928
 .debug_frame   0x00000000       0x80 ./Sources/DAC.o
 .debug_frame   0x00000080       0xa0 ./Sources/FUNC.o
 .debug_frame   0x00000120      0x228 ./Sources/GPIO.o
 .debug_frame   0x00000348       0x84 ./Sources/MOTOR.o
 .debug_frame   0x000003cc       0xd0 ./Sources/Matrix.o
 .debug_frame   0x0000049c       0x84 ./Sources/NVIC.o
 .debug_frame   0x00000520      0x120 ./Sources/PIT.o
 .debug_frame   0x00000640      0x210 ./Sources/main.o
 .debug_frame   0x00000850       0x44 ./Project_Settings/Startup_Code/system_MK64F12.o
 .debug_frame   0x00000894       0x28 c:/freescale/kds_v3/toolchain/bin/../lib/gcc/arm-none-eabi/4.8.4/../../../../arm-none-eabi/lib/armv7e-m/fpu\libg_s.a(lib_a-exit.o)
 .debug_frame   0x000008bc       0x2c c:/freescale/kds_v3/toolchain/bin/../lib/gcc/arm-none-eabi/4.8.4/../../../../arm-none-eabi/lib/armv7e-m/fpu\libg_s.a(lib_a-init.o)
 .debug_frame   0x000008e8       0x20 c:/freescale/kds_v3/toolchain/bin/../lib/gcc/arm-none-eabi/4.8.4/../../../../arm-none-eabi/lib/armv7e-m/fpu\libg_s.a(lib_a-memset.o)
 .debug_frame   0x00000908       0x20 c:/freescale/kds_v3/toolchain/bin/../lib/gcc/arm-none-eabi/4.8.4/../../../../arm-none-eabi/lib/armv7e-m/fpu\libnosys.a(_exit.o)
