Archive member included because of file (symbol)

c:/freescale/kds_v3/toolchain/bin/../lib/gcc/arm-none-eabi/4.8.4/../../../../arm-none-eabi/lib/armv7e-m/fpu\libg_s.a(lib_a-errno.o)
                              ./utilities/fsl_sbrk.o (symbol from plugin) (__errno)
c:/freescale/kds_v3/toolchain/bin/../lib/gcc/arm-none-eabi/4.8.4/../../../../arm-none-eabi/lib/armv7e-m/fpu\libg_s.a(lib_a-exit.o)
                              c:/freescale/kds_v3/toolchain/bin/../lib/gcc/arm-none-eabi/4.8.4/../../../../arm-none-eabi/lib/armv7e-m/fpu/crt0.o (exit)
c:/freescale/kds_v3/toolchain/bin/../lib/gcc/arm-none-eabi/4.8.4/../../../../arm-none-eabi/lib/armv7e-m/fpu\libg_s.a(lib_a-impure.o)
                              c:/freescale/kds_v3/toolchain/bin/../lib/gcc/arm-none-eabi/4.8.4/../../../../arm-none-eabi/lib/armv7e-m/fpu\libg_s.a(lib_a-exit.o) (_global_impure_ptr)
c:/freescale/kds_v3/toolchain/bin/../lib/gcc/arm-none-eabi/4.8.4/../../../../arm-none-eabi/lib/armv7e-m/fpu\libg_s.a(lib_a-init.o)
                              c:/freescale/kds_v3/toolchain/bin/../lib/gcc/arm-none-eabi/4.8.4/../../../../arm-none-eabi/lib/armv7e-m/fpu/crt0.o (__libc_init_array)
c:/freescale/kds_v3/toolchain/bin/../lib/gcc/arm-none-eabi/4.8.4/../../../../arm-none-eabi/lib/armv7e-m/fpu\libg_s.a(lib_a-memset.o)
                              c:/freescale/kds_v3/toolchain/bin/../lib/gcc/arm-none-eabi/4.8.4/../../../../arm-none-eabi/lib/armv7e-m/fpu/crt0.o (memset)
c:/freescale/kds_v3/toolchain/bin/../lib/gcc/arm-none-eabi/4.8.4/../../../../arm-none-eabi/lib/armv7e-m/fpu\libnosys.a(_exit.o)
                              c:/freescale/kds_v3/toolchain/bin/../lib/gcc/arm-none-eabi/4.8.4/../../../../arm-none-eabi/lib/armv7e-m/fpu\libg_s.a(lib_a-exit.o) (_exit)
c:/freescale/kds_v3/toolchain/bin/../lib/gcc/arm-none-eabi/4.8.4/armv7e-m/fpu\libgcc.a(_arm_addsubdf3.o)
                              C:\Users\ALEJAN~1\AppData\Local\Temp\ccnawLFd.ltrans24.ltrans.o (__aeabi_dsub)
c:/freescale/kds_v3/toolchain/bin/../lib/gcc/arm-none-eabi/4.8.4/armv7e-m/fpu\libgcc.a(_arm_truncdfsf2.o)
                              C:\Users\ALEJAN~1\AppData\Local\Temp\ccnawLFd.ltrans24.ltrans.o (__aeabi_d2f)
c:/freescale/kds_v3/toolchain/bin/../lib/gcc/arm-none-eabi/4.8.4/armv7e-m/fpu\libgcc.a(_aeabi_uldivmod.o)
                              C:\Users\ALEJAN~1\AppData\Local\Temp\ccnawLFd.ltrans24.ltrans.o (__aeabi_uldivmod)
c:/freescale/kds_v3/toolchain/bin/../lib/gcc/arm-none-eabi/4.8.4/armv7e-m/fpu\libgcc.a(bpabi.o)
                              c:/freescale/kds_v3/toolchain/bin/../lib/gcc/arm-none-eabi/4.8.4/armv7e-m/fpu\libgcc.a(_aeabi_uldivmod.o) (__gnu_uldivmod_helper)
c:/freescale/kds_v3/toolchain/bin/../lib/gcc/arm-none-eabi/4.8.4/armv7e-m/fpu\libgcc.a(_dvmd_tls.o)
                              c:/freescale/kds_v3/toolchain/bin/../lib/gcc/arm-none-eabi/4.8.4/armv7e-m/fpu\libgcc.a(_aeabi_uldivmod.o) (__aeabi_ldiv0)
c:/freescale/kds_v3/toolchain/bin/../lib/gcc/arm-none-eabi/4.8.4/armv7e-m/fpu\libgcc.a(_divdi3.o)
                              c:/freescale/kds_v3/toolchain/bin/../lib/gcc/arm-none-eabi/4.8.4/armv7e-m/fpu\libgcc.a(bpabi.o) (__divdi3)
c:/freescale/kds_v3/toolchain/bin/../lib/gcc/arm-none-eabi/4.8.4/armv7e-m/fpu\libgcc.a(_udivdi3.o)
                              c:/freescale/kds_v3/toolchain/bin/../lib/gcc/arm-none-eabi/4.8.4/armv7e-m/fpu\libgcc.a(bpabi.o) (__udivdi3)
c:/freescale/kds_v3/toolchain/bin/../lib/gcc/arm-none-eabi/4.8.4/../../../../arm-none-eabi/lib/armv7e-m/fpu\libg_s.a(lib_a-memcpy-stub.o)
                              C:\Users\ALEJAN~1\AppData\Local\Temp\ccnawLFd.ltrans10.ltrans.o (memcpy)
c:/freescale/kds_v3/toolchain/bin/../lib/gcc/arm-none-eabi/4.8.4/../../../../arm-none-eabi/lib/armv7e-m/fpu\libg_s.a(lib_a-memmove.o)
                              C:\Users\ALEJAN~1\AppData\Local\Temp\ccnawLFd.ltrans26.ltrans.o (memmove)
c:/freescale/kds_v3/toolchain/bin/../lib/gcc/arm-none-eabi/4.8.4/../../../../arm-none-eabi/lib/armv7e-m/fpu\libg_s.a(lib_a-strlen.o)
                              C:\Users\ALEJAN~1\AppData\Local\Temp\ccnawLFd.ltrans26.ltrans.o (strlen)

Discarded input sections

 .text          0x00000000        0x0 c:/freescale/kds_v3/toolchain/bin/../lib/gcc/arm-none-eabi/4.8.4/armv7e-m/fpu/crti.o
 .data          0x00000000        0x0 c:/freescale/kds_v3/toolchain/bin/../lib/gcc/arm-none-eabi/4.8.4/armv7e-m/fpu/crti.o
 .bss           0x00000000        0x0 c:/freescale/kds_v3/toolchain/bin/../lib/gcc/arm-none-eabi/4.8.4/armv7e-m/fpu/crti.o
 .data          0x00000000        0x4 c:/freescale/kds_v3/toolchain/bin/../lib/gcc/arm-none-eabi/4.8.4/armv7e-m/fpu/crtbegin.o
 .data          0x00000000        0x0 c:/freescale/kds_v3/toolchain/bin/../lib/gcc/arm-none-eabi/4.8.4/../../../../arm-none-eabi/lib/armv7e-m/fpu/crt0.o
 .bss           0x00000000        0x0 c:/freescale/kds_v3/toolchain/bin/../lib/gcc/arm-none-eabi/4.8.4/../../../../arm-none-eabi/lib/armv7e-m/fpu/crt0.o
[...]
Memory Configuration

Name             Origin             Length             Attributes
m_interrupts     0x00000000         0x00000400         xr
m_flash_config   0x00000400         0x00000010         xr
m_text           0x00000410         0x000ffbf0         xr
m_data           0x1fff0000         0x00010000         rw
m_data_2         0x20000000         0x00030000         rw
*default*        0x00000000         0xffffffff

Linker script and memory map

LOAD c:/freescale/kds_v3/toolchain/bin/../lib/gcc/arm-none-eabi/4.8.4/armv7e-m/fpu/crti.o
LOAD c:/freescale/kds_v3/toolchain/bin/../lib/gcc/arm-none-eabi/4.8.4/armv7e-m/fpu/crtbegin.o
LOAD c:/freescale/kds_v3/toolchain/bin/../lib/gcc/arm-none-eabi/4.8.4/../../../../arm-none-eabi/lib/armv7e-m/fpu/crt0.o
LOAD ./utilities/fsl_debug_console.o
LOAD C:\Users\ALEJAN~1\AppData\Local\Temp\ccnawLFd.ltrans0.ltrans.o
LOAD C:\Users\ALEJAN~1\AppData\Local\Temp\ccnawLFd.ltrans1.ltrans.o
LOAD C:\Users\ALEJAN~1\AppData\Local\Temp\ccnawLFd.ltrans2.ltrans.o
LOAD C:\Users\ALEJAN~1\AppData\Local\Temp\ccnawLFd.ltrans3.ltrans.o
LOAD C:\Users\ALEJAN~1\AppData\Local\Temp\ccnawLFd.ltrans4.ltrans.o
LOAD C:\Users\ALEJAN~1\AppData\Local\Temp\ccnawLFd.ltrans5.ltrans.o
LOAD C:\Users\ALEJAN~1\AppData\Local\Temp\ccnawLFd.ltrans6.ltrans.o
LOAD C:\Users\ALEJAN~1\AppData\Local\Temp\ccnawLFd.ltrans7.ltrans.o
LOAD C:\Users\ALEJAN~1\AppData\Local\Temp\ccnawLFd.ltrans8.ltrans.o
LOAD C:\Users\ALEJAN~1\AppData\Local\Temp\ccnawLFd.ltrans9.ltrans.o
LOAD C:\Users\ALEJAN~1\AppData\Local\Temp\ccnawLFd.ltrans10.ltrans.o
LOAD C:\Users\ALEJAN~1\AppData\Local\Temp\ccnawLFd.ltrans11.ltrans.o
LOAD C:\Users\ALEJAN~1\AppData\Local\Temp\ccnawLFd.ltrans12.ltrans.o
LOAD C:\Users\ALEJAN~1\AppData\Local\Temp\ccnawLFd.ltrans13.ltrans.o
LOAD C:\Users\ALEJAN~1\AppData\Local\Temp\ccnawLFd.ltrans14.ltrans.o
LOAD C:\Users\ALEJAN~1\AppData\Local\Temp\ccnawLFd.ltrans15.ltrans.o
LOAD C:\Users\ALEJAN~1\AppData\Local\Temp\ccnawLFd.ltrans16.ltrans.o
LOAD C:\Users\ALEJAN~1\AppData\Local\Temp\ccnawLFd.ltrans17.ltrans.o
LOAD C:\Users\ALEJAN~1\AppData\Local\Temp\ccnawLFd.ltrans18.ltrans.o
LOAD C:\Users\ALEJAN~1\AppData\Local\Temp\ccnawLFd.ltrans19.ltrans.o
LOAD C:\Users\ALEJAN~1\AppData\Local\Temp\ccnawLFd.ltrans20.ltrans.o
LOAD C:\Users\ALEJAN~1\AppData\Local\Temp\ccnawLFd.ltrans21.ltrans.o
LOAD C:\Users\ALEJAN~1\AppData\Local\Temp\ccnawLFd.ltrans22.ltrans.o
LOAD C:\Users\ALEJAN~1\AppData\Local\Temp\ccnawLFd.ltrans23.ltrans.o
LOAD C:\Users\ALEJAN~1\AppData\Local\Temp\ccnawLFd.ltrans24.ltrans.o
LOAD C:\Users\ALEJAN~1\AppData\Local\Temp\ccnawLFd.ltrans25.ltrans.o
LOAD C:\Users\ALEJAN~1\AppData\Local\Temp\ccnawLFd.ltrans26.ltrans.o
LOAD c:/freescale/kds_v3/toolchain/bin/../lib/gcc/arm-none-eabi/4.8.4/armv7e-m/fpu\libgcc.a
LOAD c:/freescale/kds_v3/toolchain/bin/../lib/gcc/arm-none-eabi/4.8.4/../../../../arm-none-eabi/lib/armv7e-m/fpu\libg_s.a
LOAD c:/freescale/kds_v3/toolchain/bin/../lib/gcc/arm-none-eabi/4.8.4/../../../../arm-none-eabi/lib/armv7e-m/fpu\libc_s.a
LOAD c:/freescale/kds_v3/toolchain/bin/../lib/gcc/arm-none-eabi/4.8.4/armv7e-m/fpu\libgcc.a
LOAD c:/freescale/kds_v3/toolchain/bin/../lib/gcc/arm-none-eabi/4.8.4/../../../../arm-none-eabi/lib/armv7e-m/fpu\libc_s.a
LOAD c:/freescale/kds_v3/toolchain/bin/../lib/gcc/arm-none-eabi/4.8.4/../../../../arm-none-eabi/lib/armv7e-m/fpu\libnosys.a
LOAD c:/freescale/kds_v3/toolchain/bin/../lib/gcc/arm-none-eabi/4.8.4/armv7e-m/fpu\libgcc.a
LOAD c:/freescale/kds_v3/toolchain/bin/../lib/gcc/arm-none-eabi/4.8.4/../../../../arm-none-eabi/lib/armv7e-m/fpu\libc_s.a
LOAD c:/freescale/kds_v3/toolchain/bin/../lib/gcc/arm-none-eabi/4.8.4/../../../../arm-none-eabi/lib/armv7e-m/fpu\libnosys.a
LOAD ./utilities/fsl_notifier.o
LOAD ./utilities/fsl_sbrk.o
LOAD ./utilities/fsl_shell.o
LOAD ./startup/startup_MK64F12.o
LOAD ./startup/system_MK64F12.o
LOAD ./source/ADC.o
LOAD ./source/Botones.o
LOAD ./source/DAC.o
LOAD ./source/PIT.o
LOAD ./source/main.o
LOAD ./freertos/Source/portable/MemMang/heap_4.o
LOAD ./freertos/Source/portable/GCC/ARM_CM4F/fsl_tickless_lptmr.o
LOAD ./freertos/Source/portable/GCC/ARM_CM4F/fsl_tickless_systick.o
LOAD ./freertos/Source/portable/GCC/ARM_CM4F/port.o
LOAD ./freertos/Source/croutine.o
LOAD ./freertos/Source/event_groups.o
LOAD ./freertos/Source/list.o
LOAD ./freertos/Source/queue.o
LOAD ./freertos/Source/tasks.o
LOAD ./freertos/Source/timers.o
LOAD ./drivers/fsl_adc16.o
LOAD ./drivers/fsl_clock.o
LOAD ./drivers/fsl_cmp.o
LOAD ./drivers/fsl_cmt.o
LOAD ./drivers/fsl_common.o
LOAD ./drivers/fsl_crc.o
LOAD ./drivers/fsl_dac.o
LOAD ./drivers/fsl_dmamux.o
LOAD ./drivers/fsl_dspi.o
LOAD ./drivers/fsl_dspi_edma.o
LOAD ./drivers/fsl_dspi_freertos.o
LOAD ./drivers/fsl_edma.o
LOAD ./drivers/fsl_enet.o
LOAD ./drivers/fsl_ewm.o
LOAD ./drivers/fsl_flash.o
LOAD ./drivers/fsl_flexbus.o
LOAD ./drivers/fsl_flexcan.o
LOAD ./drivers/fsl_ftm.o
LOAD ./drivers/fsl_gpio.o
LOAD ./drivers/fsl_i2c.o
LOAD ./drivers/fsl_i2c_edma.o
LOAD ./drivers/fsl_i2c_freertos.o
LOAD ./drivers/fsl_llwu.o
LOAD ./drivers/fsl_lptmr.o
LOAD ./drivers/fsl_mpu.o
LOAD ./drivers/fsl_pdb.o
LOAD ./drivers/fsl_pit.o
LOAD ./drivers/fsl_pmc.o
LOAD ./drivers/fsl_rcm.o
LOAD ./drivers/fsl_rnga.o
LOAD ./drivers/fsl_rtc.o
LOAD ./drivers/fsl_sai.o
LOAD ./drivers/fsl_sai_edma.o
LOAD ./drivers/fsl_sdhc.o
LOAD ./drivers/fsl_sim.o
LOAD ./drivers/fsl_smc.o
LOAD ./drivers/fsl_uart.o
LOAD ./drivers/fsl_uart_edma.o
LOAD ./drivers/fsl_uart_freertos.o
LOAD ./drivers/fsl_vref.o
LOAD ./drivers/fsl_wdog.o
LOAD ./board/board.o
LOAD ./board/clock_config.o
LOAD ./board/pin_mux.o
LOAD c:/freescale/kds_v3/toolchain/bin/../lib/gcc/arm-none-eabi/4.8.4/../../../../arm-none-eabi/lib/armv7e-m/fpu\libstdc++_s.a
LOAD c:/freescale/kds_v3/toolchain/bin/../lib/gcc/arm-none-eabi/4.8.4/../../../../arm-none-eabi/lib/armv7e-m/fpu\libm.a
START GROUP
LOAD c:/freescale/kds_v3/toolchain/bin/../lib/gcc/arm-none-eabi/4.8.4/armv7e-m/fpu\libgcc.a
LOAD c:/freescale/kds_v3/toolchain/bin/../lib/gcc/arm-none-eabi/4.8.4/../../../../arm-none-eabi/lib/armv7e-m/fpu\libg_s.a
LOAD c:/freescale/kds_v3/toolchain/bin/../lib/gcc/arm-none-eabi/4.8.4/../../../../arm-none-eabi/lib/armv7e-m/fpu\libc_s.a
END GROUP
START GROUP
LOAD c:/freescale/kds_v3/toolchain/bin/../lib/gcc/arm-none-eabi/4.8.4/armv7e-m/fpu\libgcc.a
LOAD c:/freescale/kds_v3/toolchain/bin/../lib/gcc/arm-none-eabi/4.8.4/../../../../arm-none-eabi/lib/armv7e-m/fpu\libc_s.a
LOAD c:/freescale/kds_v3/toolchain/bin/../lib/gcc/arm-none-eabi/4.8.4/../../../../arm-none-eabi/lib/armv7e-m/fpu\libnosys.a
END GROUP
START GROUP
LOAD c:/freescale/kds_v3/toolchain/bin/../lib/gcc/arm-none-eabi/4.8.4/armv7e-m/fpu\libgcc.a
LOAD c:/freescale/kds_v3/toolchain/bin/../lib/gcc/arm-none-eabi/4.8.4/../../../../arm-none-eabi/lib/armv7e-m/fpu\libc_s.a
LOAD c:/freescale/kds_v3/toolchain/bin/../lib/gcc/arm-none-eabi/4.8.4/../../../../arm-none-eabi/lib/armv7e-m/fpu\libnosys.a
END GROUP
LOAD c:/freescale/kds_v3/toolchain/bin/../lib/gcc/arm-none-eabi/4.8.4/armv7e-m/fpu/crtend.o
LOAD c:/freescale/kds_v3/toolchain/bin/../lib/gcc/arm-none-eabi/4.8.4/armv7e-m/fpu/crtn.o
                0x00000400                HEAP_SIZE = DEFINED (__heap_size__)?__heap_size__:0x400
                0x00000400                STACK_SIZE = DEFINED (__stack_size__)?__stack_size__:0x400
                0x00000000                M_VECTOR_RAM_SIZE = DEFINED (__ram_vector_table__)?0x400:0x0

.interrupts     0x00000000      0x400
                0x00000000                __VECTOR_TABLE = .
                0x00000000                . = ALIGN (0x4)
 *(.isr_vector)
 .isr_vector    0x00000000      0x400 ./startup/startup_MK64F12.o
                0x00000000                __isr_vector
                0x00000400                . = ALIGN (0x4)

.flash_config   0x00000400       0x10
                0x00000400                . = ALIGN (0x4)
 *(.FlashConfig)
 .FlashConfig   0x00000400       0x10 ./startup/startup_MK64F12.o
                0x00000410                . = ALIGN (0x4)

.text           0x00000410     0x5784
                0x00000410                . = ALIGN (0x4)
 *(.text)
 .text          0x00000410       0x54 c:/freescale/kds_v3/toolchain/bin/../lib/gcc/arm-none-eabi/4.8.4/armv7e-m/fpu/crtbegin.o
 .text          0x00000464       0x74 c:/freescale/kds_v3/toolchain/bin/../lib/gcc/arm-none-eabi/4.8.4/../../../../arm-none-eabi/lib/armv7e-m/fpu/crt0.o
                0x00000464                _start
                0x00000464                _mainCRTStartup
 .text          0x000004d8      0x370 c:/freescale/kds_v3/toolchain/bin/../lib/gcc/arm-none-eabi/4.8.4/armv7e-m/fpu\libgcc.a(_arm_addsubdf3.o)
                0x000004d8                __aeabi_drsub
                0x000004e0                __aeabi_dsub
                0x000004e0                __subdf3
                0x000004e4                __aeabi_dadd
                0x000004e4                __adddf3
                0x0000075c                __floatunsidf
                0x0000075c                __aeabi_ui2d
                0x0000077c                __floatsidf
                0x0000077c                __aeabi_i2d
                0x000007a0                __aeabi_f2d
                0x000007a0                __extendsfdf2
                0x000007dc                __floatundidf
                0x000007dc                __aeabi_ul2d
                0x000007ec                __floatdidf
                0x000007ec                __aeabi_l2d
 .text          0x00000848       0xa0 c:/freescale/kds_v3/toolchain/bin/../lib/gcc/arm-none-eabi/4.8.4/armv7e-m/fpu\libgcc.a(_arm_truncdfsf2.o)
                0x00000848                __truncdfsf2
                0x00000848                __aeabi_d2f
 .text          0x000008e8       0x2c c:/freescale/kds_v3/toolchain/bin/../lib/gcc/arm-none-eabi/4.8.4/armv7e-m/fpu\libgcc.a(_aeabi_uldivmod.o)
                0x000008e8                __aeabi_uldivmod
 .text          0x00000914       0x60 c:/freescale/kds_v3/toolchain/bin/../lib/gcc/arm-none-eabi/4.8.4/armv7e-m/fpu\libgcc.a(bpabi.o)
                0x00000914                __gnu_ldivmod_helper
                0x00000944                __gnu_uldivmod_helper
 .text          0x00000974        0x4 c:/freescale/kds_v3/toolchain/bin/../lib/gcc/arm-none-eabi/4.8.4/armv7e-m/fpu\libgcc.a(_dvmd_tls.o)
                0x00000974                __aeabi_idiv0
                0x00000974                __aeabi_ldiv0
 .text          0x00000978      0x298 c:/freescale/kds_v3/toolchain/bin/../lib/gcc/arm-none-eabi/4.8.4/armv7e-m/fpu\libgcc.a(_divdi3.o)
                0x00000978                __divdi3
 .text          0x00000c10      0x284 c:/freescale/kds_v3/toolchain/bin/../lib/gcc/arm-none-eabi/4.8.4/armv7e-m/fpu\libgcc.a(_udivdi3.o)
                0x00000c10                __udivdi3
 .text          0x00000e94      0x1e4 ./startup/startup_MK64F12.o
                0x00000e94                Reset_Handler
                0x00000ed8                DebugMon_Handler
                0x00000ed8                CMP0_IRQHandler
                0x00000ed8                Read_Collision_IRQHandler
                0x00000ed8                DMA_Error_DriverIRQHandler
                0x00000ed8                ENET_Transmit_DriverIRQHandler
                0x00000ed8                USB0_IRQHandler
                0x00000ed8                UART1_ERR_DriverIRQHandler
                0x00000ed8                BusFault_Handler
                0x00000ed8                LPTMR0_IRQHandler
                0x00000ed8                FTM2_IRQHandler
                0x00000ed8                PORTE_IRQHandler
                0x00000ed8                CMP2_IRQHandler
                0x00000ed8                LLWU_IRQHandler
                0x00000ed8                FTM3_IRQHandler
                0x00000ed8                MCM_IRQHandler
                0x00000ed8                ENET_1588_Timer_DriverIRQHandler
                0x00000ed8                SWI_IRQHandler
                0x00000ed8                ADC0_IRQHandler
                0x00000ed8                UsageFault_Handler
                0x00000ed8                DAC1_IRQHandler
                0x00000ed8                CMT_IRQHandler
                0x00000ed8                PORTA_IRQHandler
                0x00000ed8                FTM0_IRQHandler
                0x00000ed8                DefaultISR
                0x00000ed8                LVD_LVW_IRQHandler
                0x00000ed8                UART5_ERR_DriverIRQHandler
                0x00000ed8                PIT1_IRQHandler
                0x00000ed8                CMP1_IRQHandler
                0x00000ed8                Reserved71_IRQHandler
                0x00000ed8                PORTD_IRQHandler
                0x00000ed8                PORTB_IRQHandler
                0x00000ed8                ENET_Error_DriverIRQHandler
                0x00000ed8                UART2_ERR_DriverIRQHandler
                0x00000ed8                ADC1_IRQHandler
                0x00000ed8                DAC0_IRQHandler
                0x00000ed8                PIT2_IRQHandler
                0x00000ed8                ENET_Receive_DriverIRQHandler
                0x00000ed8                UART4_ERR_DriverIRQHandler
                0x00000ed8                RTC_IRQHandler
                0x00000ed8                UART3_ERR_DriverIRQHandler
                0x00000ed8                PDB0_IRQHandler
                0x00000ed8                FTFE_IRQHandler
                0x00000ed8                FTM1_IRQHandler
                0x00000ed8                RNG_IRQHandler
                0x00000ed8                UART0_LON_DriverIRQHandler
                0x00000ed8                PIT3_IRQHandler
                0x00000ed8                MemManage_Handler
                0x00000ed8                RTC_Seconds_IRQHandler
                0x00000ed8                MCG_IRQHandler
                0x00000ed8                WDOG_EWM_IRQHandler
                0x00000ed8                UART0_ERR_DriverIRQHandler
                0x00000ed8                USBDCD_IRQHandler
                0x00000edc                NMI_Handler
                0x00000ee0                HardFault_Handler
                0x00000ef0                DMA0_IRQHandler
                0x00000ef4                DMA1_IRQHandler
                0x00000ef8                DMA2_IRQHandler
                0x00000efc                DMA3_IRQHandler
                0x00000f00                DMA4_IRQHandler
                0x00000f04                DMA5_IRQHandler
                0x00000f08                DMA6_IRQHandler
                0x00000f0c                DMA7_IRQHandler
                0x00000f10                DMA8_IRQHandler
                0x00000f14                DMA9_IRQHandler
                0x00000f18                DMA10_IRQHandler
                0x00000f1c                DMA11_IRQHandler
                0x00000f20                DMA12_IRQHandler
                0x00000f24                DMA13_IRQHandler
                0x00000f28                DMA14_IRQHandler
                0x00000f2c                DMA15_IRQHandler
                0x00000f30                DMA_Error_IRQHandler
                0x00000f34                I2C0_IRQHandler
                0x00000f38                I2C1_IRQHandler
                0x00000f3c                SPI0_IRQHandler
                0x00000f40                SPI1_IRQHandler
                0x00000f44                I2S0_Tx_IRQHandler
                0x00000f48                I2S0_Rx_IRQHandler
                0x00000f4c                UART0_LON_IRQHandler
                0x00000f50                UART0_RX_TX_IRQHandler
                0x00000f54                UART0_ERR_IRQHandler
                0x00000f58                UART1_RX_TX_IRQHandler
                0x00000f5c                UART1_ERR_IRQHandler
                0x00000f60                UART2_RX_TX_IRQHandler
                0x00000f64                UART2_ERR_IRQHandler
                0x00000f68                UART3_RX_TX_IRQHandler
                0x00000f6c                UART3_ERR_IRQHandler
                0x00000f70                SPI2_IRQHandler
                0x00000f74                UART4_RX_TX_IRQHandler
                0x00000f78                UART4_ERR_IRQHandler
                0x00000f7c                UART5_RX_TX_IRQHandler
                0x00000f80                UART5_ERR_IRQHandler
                0x00000f84                I2C2_IRQHandler
                0x00000f88                CAN0_ORed_Message_buffer_IRQHandler
                0x00000f8c                CAN0_Bus_Off_IRQHandler
                0x00000f90                CAN0_Error_IRQHandler
                0x00000f94                CAN0_Tx_Warning_IRQHandler
                0x00000f98                CAN0_Rx_Warning_IRQHandler
                0x00000f9c                CAN0_Wake_Up_IRQHandler
                0x00000fa0                SDHC_IRQHandler
                0x00000fa4                ENET_1588_Timer_IRQHandler
 *(.text*)
 .text.BOARD_InitDebugConsole
                0x00001078       0x24 C:\Users\ALEJAN~1\AppData\Local\Temp\ccnawLFd.ltrans0.ltrans.o
                0x00001078                BOARD_InitDebugConsole
 .text.CLOCK_SetSimSafeDivs.13603.4073
                0x0000109c       0x20 C:\Users\ALEJAN~1\AppData\Local\Temp\ccnawLFd.ltrans0.ltrans.o
 .text.CLOCK_SetXtal0Freq.13606.4070
                0x000010bc       0x1c C:\Users\ALEJAN~1\AppData\Local\Temp\ccnawLFd.ltrans0.ltrans.o
 .text.BOARD_BootClockRUN
                0x000010d8       0x64 C:\Users\ALEJAN~1\AppData\Local\Temp\ccnawLFd.ltrans0.ltrans.o
                0x000010d8                BOARD_BootClockRUN
 .text.BOARD_InitOsc0.4047
                0x0000113c       0x30 C:\Users\ALEJAN~1\AppData\Local\Temp\ccnawLFd.ltrans0.ltrans.o
 .text.CLOCK_EnableClock.13710.4042
                0x0000116c       0x34 C:\Users\ALEJAN~1\AppData\Local\Temp\ccnawLFd.ltrans0.ltrans.o
 .text.PORT_SetPinMux.13716.4016
                0x000011a0       0x38 C:\Users\ALEJAN~1\AppData\Local\Temp\ccnawLFd.ltrans0.ltrans.o
 .text.BOARD_InitPins
                0x000011d8       0x44 C:\Users\ALEJAN~1\AppData\Local\Temp\ccnawLFd.ltrans0.ltrans.o
                0x000011d8                BOARD_InitPins
 .text.UART_WriteBlocking
                0x0000121c       0x3c C:\Users\ALEJAN~1\AppData\Local\Temp\ccnawLFd.ltrans1.ltrans.o
                0x0000121c                UART_WriteBlocking
 .text.UART_ReadBlocking
                0x00001258       0xa0 C:\Users\ALEJAN~1\AppData\Local\Temp\ccnawLFd.ltrans1.ltrans.o
                0x00001258                UART_ReadBlocking
 .text.UART0_DriverIRQHandler.4203
                0x000012f8       0x20 C:\Users\ALEJAN~1\AppData\Local\Temp\ccnawLFd.ltrans1.ltrans.o
 .text.UART0_RX_TX_DriverIRQHandler
                0x00001318        0xc C:\Users\ALEJAN~1\AppData\Local\Temp\ccnawLFd.ltrans1.ltrans.o
                0x00001318                UART0_RX_TX_DriverIRQHandler
 .text.UART1_DriverIRQHandler.4199
                0x00001324       0x20 C:\Users\ALEJAN~1\AppData\Local\Temp\ccnawLFd.ltrans1.ltrans.o
 .text.UART1_RX_TX_DriverIRQHandler
                0x00001344        0xc C:\Users\ALEJAN~1\AppData\Local\Temp\ccnawLFd.ltrans1.ltrans.o
                0x00001344                UART1_RX_TX_DriverIRQHandler
 .text.UART2_DriverIRQHandler.4195
                0x00001350       0x20 C:\Users\ALEJAN~1\AppData\Local\Temp\ccnawLFd.ltrans1.ltrans.o
 .text.UART2_RX_TX_DriverIRQHandler
                0x00001370        0xc C:\Users\ALEJAN~1\AppData\Local\Temp\ccnawLFd.ltrans1.ltrans.o
                0x00001370                UART2_RX_TX_DriverIRQHandler
 .text.UART3_DriverIRQHandler.4191
                0x0000137c       0x20 C:\Users\ALEJAN~1\AppData\Local\Temp\ccnawLFd.ltrans1.ltrans.o
 .text.UART3_RX_TX_DriverIRQHandler
                0x0000139c        0xc C:\Users\ALEJAN~1\AppData\Local\Temp\ccnawLFd.ltrans1.ltrans.o
                0x0000139c                UART3_RX_TX_DriverIRQHandler
 .text.UART4_DriverIRQHandler.4187
                0x000013a8       0x20 C:\Users\ALEJAN~1\AppData\Local\Temp\ccnawLFd.ltrans1.ltrans.o
 .text.UART4_RX_TX_DriverIRQHandler
                0x000013c8        0xc C:\Users\ALEJAN~1\AppData\Local\Temp\ccnawLFd.ltrans1.ltrans.o
                0x000013c8                UART4_RX_TX_DriverIRQHandler
 .text.UART5_DriverIRQHandler.4183
                0x000013d4       0x20 C:\Users\ALEJAN~1\AppData\Local\Temp\ccnawLFd.ltrans1.ltrans.o
 .text.UART5_RX_TX_DriverIRQHandler
                0x000013f4        0xc C:\Users\ALEJAN~1\AppData\Local\Temp\ccnawLFd.ltrans1.ltrans.o
                0x000013f4                UART5_RX_TX_DriverIRQHandler
 .text.SDHC_DriverIRQHandler
                0x00001400       0x44 C:\Users\ALEJAN~1\AppData\Local\Temp\ccnawLFd.ltrans2.ltrans.o
                0x00001400                SDHC_DriverIRQHandler
 .text.CLOCK_EnableClock.12729.4148
                0x00001444       0x34 C:\Users\ALEJAN~1\AppData\Local\Temp\ccnawLFd.ltrans2.ltrans.o
 .text.UART_GetInstance
                0x00001478       0x5c C:\Users\ALEJAN~1\AppData\Local\Temp\ccnawLFd.ltrans2.ltrans.o
                0x00001478                UART_GetInstance
 .text.UART_Init
                0x000014d4      0x2d8 C:\Users\ALEJAN~1\AppData\Local\Temp\ccnawLFd.ltrans2.ltrans.o
                0x000014d4                UART_Init
 .text.UART_GetDefaultConfig
                0x000017ac       0x5c C:\Users\ALEJAN~1\AppData\Local\Temp\ccnawLFd.ltrans2.ltrans.o
                0x000017ac                UART_GetDefaultConfig
 .text.UART_GetStatusFlags
                0x00001808       0x48 C:\Users\ALEJAN~1\AppData\Local\Temp\ccnawLFd.ltrans2.ltrans.o
                0x00001808                UART_GetStatusFlags
 .text.I2S0_Tx_DriverIRQHandler
                0x00001850       0x44 C:\Users\ALEJAN~1\AppData\Local\Temp\ccnawLFd.ltrans4.ltrans.o
                0x00001850                I2S0_Tx_DriverIRQHandler
 .text.I2S0_Rx_DriverIRQHandler
                0x00001894       0x44 C:\Users\ALEJAN~1\AppData\Local\Temp\ccnawLFd.ltrans4.ltrans.o
                0x00001894                I2S0_Rx_DriverIRQHandler
 .text.CLOCK_EnableClock.11263.4362
                0x000018d8       0x34 C:\Users\ALEJAN~1\AppData\Local\Temp\ccnawLFd.ltrans5.ltrans.o
 .text.PIT_GetInstance.11272.4356
                0x0000190c       0x50 C:\Users\ALEJAN~1\AppData\Local\Temp\ccnawLFd.ltrans5.ltrans.o
 .text.PIT_Init
                0x0000195c       0x70 C:\Users\ALEJAN~1\AppData\Local\Temp\ccnawLFd.ltrans5.ltrans.o
                0x0000195c                PIT_Init
 .text.I2C0_DriverIRQHandler
                0x000019cc       0x1c C:\Users\ALEJAN~1\AppData\Local\Temp\ccnawLFd.ltrans7.ltrans.o
                0x000019cc                I2C0_DriverIRQHandler
 .text.I2C1_DriverIRQHandler
                0x000019e8       0x1c C:\Users\ALEJAN~1\AppData\Local\Temp\ccnawLFd.ltrans7.ltrans.o
                0x000019e8                I2C1_DriverIRQHandler
 .text.I2C2_DriverIRQHandler
                0x00001a04       0x1c C:\Users\ALEJAN~1\AppData\Local\Temp\ccnawLFd.ltrans7.ltrans.o
                0x00001a04                I2C2_DriverIRQHandler
 .text.GPIO_WritePinOutput.10182.4193
                0x00001a20       0x34 C:\Users\ALEJAN~1\AppData\Local\Temp\ccnawLFd.ltrans8.ltrans.o
 .text.GPIO_GetInstance.10200.4190
                0x00001a54       0x54 C:\Users\ALEJAN~1\AppData\Local\Temp\ccnawLFd.ltrans8.ltrans.o
 .text.GPIO_PinInit
                0x00001aa8       0x70 C:\Users\ALEJAN~1\AppData\Local\Temp\ccnawLFd.ltrans8.ltrans.o
                0x00001aa8                GPIO_PinInit
 .text.GPIO_GetPinsInterruptFlags
                0x00001b18       0x30 C:\Users\ALEJAN~1\AppData\Local\Temp\ccnawLFd.ltrans8.ltrans.o
                0x00001b18                GPIO_GetPinsInterruptFlags
 .text.GPIO_ClearPinsInterruptFlags
                0x00001b48       0x30 C:\Users\ALEJAN~1\AppData\Local\Temp\ccnawLFd.ltrans8.ltrans.o
                0x00001b48                GPIO_ClearPinsInterruptFlags
 .text.I2C_TransferCommonIRQHandler.10303
                0x00001b78       0x50 C:\Users\ALEJAN~1\AppData\Local\Temp\ccnawLFd.ltrans8.ltrans.o
                0x00001b78                I2C_TransferCommonIRQHandler.10303
 .text.CAN0_DriverIRQHandler
                0x00001bc8       0x44 C:\Users\ALEJAN~1\AppData\Local\Temp\ccnawLFd.ltrans9.ltrans.o
                0x00001bc8                CAN0_DriverIRQHandler
 .text.ENET_Transmit_IRQHandler
                0x00001c0c       0x20 C:\Users\ALEJAN~1\AppData\Local\Temp\ccnawLFd.ltrans11.ltrans.o
                0x00001c0c                ENET_Transmit_IRQHandler
 .text.ENET_Receive_IRQHandler
                0x00001c2c       0x20 C:\Users\ALEJAN~1\AppData\Local\Temp\ccnawLFd.ltrans11.ltrans.o
                0x00001c2c                ENET_Receive_IRQHandler
 .text.ENET_Error_IRQHandler
                0x00001c4c       0x20 C:\Users\ALEJAN~1\AppData\Local\Temp\ccnawLFd.ltrans11.ltrans.o
                0x00001c4c                ENET_Error_IRQHandler
 .text.DMA0_DriverIRQHandler
                0x00001c6c       0x14 C:\Users\ALEJAN~1\AppData\Local\Temp\ccnawLFd.ltrans12.ltrans.o
                0x00001c6c                DMA0_DriverIRQHandler
 .text.DMA1_DriverIRQHandler
                0x00001c80       0x14 C:\Users\ALEJAN~1\AppData\Local\Temp\ccnawLFd.ltrans12.ltrans.o
                0x00001c80                DMA1_DriverIRQHandler
 .text.DMA2_DriverIRQHandler
                0x00001c94       0x14 C:\Users\ALEJAN~1\AppData\Local\Temp\ccnawLFd.ltrans12.ltrans.o
                0x00001c94                DMA2_DriverIRQHandler
 .text.DMA3_DriverIRQHandler
                0x00001ca8       0x14 C:\Users\ALEJAN~1\AppData\Local\Temp\ccnawLFd.ltrans12.ltrans.o
                0x00001ca8                DMA3_DriverIRQHandler
 .text.DMA4_DriverIRQHandler
                0x00001cbc       0x14 C:\Users\ALEJAN~1\AppData\Local\Temp\ccnawLFd.ltrans12.ltrans.o
                0x00001cbc                DMA4_DriverIRQHandler
 .text.DMA5_DriverIRQHandler
                0x00001cd0       0x14 C:\Users\ALEJAN~1\AppData\Local\Temp\ccnawLFd.ltrans12.ltrans.o
                0x00001cd0                DMA5_DriverIRQHandler
 .text.DMA6_DriverIRQHandler
                0x00001ce4       0x14 C:\Users\ALEJAN~1\AppData\Local\Temp\ccnawLFd.ltrans12.ltrans.o
                0x00001ce4                DMA6_DriverIRQHandler
 .text.DMA7_DriverIRQHandler
                0x00001cf8       0x14 C:\Users\ALEJAN~1\AppData\Local\Temp\ccnawLFd.ltrans12.ltrans.o
                0x00001cf8                DMA7_DriverIRQHandler
 .text.DMA8_DriverIRQHandler
                0x00001d0c       0x14 C:\Users\ALEJAN~1\AppData\Local\Temp\ccnawLFd.ltrans12.ltrans.o
                0x00001d0c                DMA8_DriverIRQHandler
 .text.DMA9_DriverIRQHandler
                0x00001d20       0x14 C:\Users\ALEJAN~1\AppData\Local\Temp\ccnawLFd.ltrans12.ltrans.o
                0x00001d20                DMA9_DriverIRQHandler
 .text.DMA10_DriverIRQHandler
                0x00001d34       0x14 C:\Users\ALEJAN~1\AppData\Local\Temp\ccnawLFd.ltrans12.ltrans.o
                0x00001d34                DMA10_DriverIRQHandler
 .text.DMA11_DriverIRQHandler
                0x00001d48       0x14 C:\Users\ALEJAN~1\AppData\Local\Temp\ccnawLFd.ltrans12.ltrans.o
                0x00001d48                DMA11_DriverIRQHandler
 .text.DMA12_DriverIRQHandler
                0x00001d5c       0x14 C:\Users\ALEJAN~1\AppData\Local\Temp\ccnawLFd.ltrans12.ltrans.o
                0x00001d5c                DMA12_DriverIRQHandler
 .text.DMA13_DriverIRQHandler
                0x00001d70       0x14 C:\Users\ALEJAN~1\AppData\Local\Temp\ccnawLFd.ltrans12.ltrans.o
                0x00001d70                DMA13_DriverIRQHandler
 .text.DMA14_DriverIRQHandler
                0x00001d84       0x14 C:\Users\ALEJAN~1\AppData\Local\Temp\ccnawLFd.ltrans12.ltrans.o
                0x00001d84                DMA14_DriverIRQHandler
 .text.DMA15_DriverIRQHandler
                0x00001d98       0x14 C:\Users\ALEJAN~1\AppData\Local\Temp\ccnawLFd.ltrans12.ltrans.o
                0x00001d98                DMA15_DriverIRQHandler
 .text.EDMA_HandleIRQ
                0x00001dac      0x15c C:\Users\ALEJAN~1\AppData\Local\Temp\ccnawLFd.ltrans13.ltrans.o
                0x00001dac                EDMA_HandleIRQ
 .text.DSPI_CommonIRQHandler.7602.4271
                0x00001f08       0x3c C:\Users\ALEJAN~1\AppData\Local\Temp\ccnawLFd.ltrans15.ltrans.o
 .text.SPI0_DriverIRQHandler
                0x00001f44       0x3c C:\Users\ALEJAN~1\AppData\Local\Temp\ccnawLFd.ltrans15.ltrans.o
                0x00001f44                SPI0_DriverIRQHandler
 .text.SPI1_DriverIRQHandler
                0x00001f80       0x3c C:\Users\ALEJAN~1\AppData\Local\Temp\ccnawLFd.ltrans15.ltrans.o
                0x00001f80                SPI1_DriverIRQHandler
 .text.SPI2_DriverIRQHandler
                0x00001fbc       0x3c C:\Users\ALEJAN~1\AppData\Local\Temp\ccnawLFd.ltrans15.ltrans.o
                0x00001fbc                SPI2_DriverIRQHandler
 .text.__assert_func
                0x00001ff8       0x28 C:\Users\ALEJAN~1\AppData\Local\Temp\ccnawLFd.ltrans17.ltrans.o
                0x00001ff8                __assert_func
 .text.DSPI_IsMaster.7344
                0x00002020       0x1c C:\Users\ALEJAN~1\AppData\Local\Temp\ccnawLFd.ltrans17.ltrans.o
                0x00002020                DSPI_IsMaster.7344
 .text.CLOCK_SetPbeMode.4249
                0x0000203c       0xb0 C:\Users\ALEJAN~1\AppData\Local\Temp\ccnawLFd.ltrans18.ltrans.o
 .text.CLOCK_BootToPeeMode
                0x000020ec       0x70 C:\Users\ALEJAN~1\AppData\Local\Temp\ccnawLFd.ltrans18.ltrans.o
                0x000020ec                CLOCK_BootToPeeMode
 .text.CLOCK_SetSimConfig
                0x0000215c       0x34 C:\Users\ALEJAN~1\AppData\Local\Temp\ccnawLFd.ltrans19.ltrans.o
                0x0000215c                CLOCK_SetSimConfig
 .text.CLOCK_GetOutClkFreq
                0x00002190       0x64 C:\Users\ALEJAN~1\AppData\Local\Temp\ccnawLFd.ltrans19.ltrans.o
                0x00002190                CLOCK_GetOutClkFreq
 .text.CLOCK_GetFllFreq
                0x000021f4       0x74 C:\Users\ALEJAN~1\AppData\Local\Temp\ccnawLFd.ltrans19.ltrans.o
                0x000021f4                CLOCK_GetFllFreq
 .text.CLOCK_GetInternalRefClkFreq
                0x00002268       0x24 C:\Users\ALEJAN~1\AppData\Local\Temp\ccnawLFd.ltrans19.ltrans.o
                0x00002268                CLOCK_GetInternalRefClkFreq
 .text.CLOCK_GetFixedFreqClkFreq
                0x0000228c       0x30 C:\Users\ALEJAN~1\AppData\Local\Temp\ccnawLFd.ltrans19.ltrans.o
                0x0000228c                CLOCK_GetFixedFreqClkFreq
 .text.CLOCK_GetPll0Freq
                0x000022bc       0x78 C:\Users\ALEJAN~1\AppData\Local\Temp\ccnawLFd.ltrans19.ltrans.o
                0x000022bc                CLOCK_GetPll0Freq
 .text.CLOCK_SetExternalRefClkConfig
                0x00002334       0x90 C:\Users\ALEJAN~1\AppData\Local\Temp\ccnawLFd.ltrans19.ltrans.o
                0x00002334                CLOCK_SetExternalRefClkConfig
 .text.CLOCK_SetInternalRefClkConfig
                0x000023c4      0x100 C:\Users\ALEJAN~1\AppData\Local\Temp\ccnawLFd.ltrans19.ltrans.o
                0x000023c4                CLOCK_SetInternalRefClkConfig
 .text.CLOCK_EnablePll0
                0x000024c4       0x90 C:\Users\ALEJAN~1\AppData\Local\Temp\ccnawLFd.ltrans19.ltrans.o
                0x000024c4                CLOCK_EnablePll0
 .text.CLOCK_InitOsc0
                0x00002554       0x88 C:\Users\ALEJAN~1\AppData\Local\Temp\ccnawLFd.ltrans19.ltrans.o
                0x00002554                CLOCK_InitOsc0
 .text.CLOCK_SetEr32kClock.6257
                0x000025dc       0x2c C:\Users\ALEJAN~1\AppData\Local\Temp\ccnawLFd.ltrans20.ltrans.o
                0x000025dc                CLOCK_SetEr32kClock.6257
 .text.CLOCK_SetPllFllSelClock.6262
                0x00002608       0x38 C:\Users\ALEJAN~1\AppData\Local\Temp\ccnawLFd.ltrans20.ltrans.o
                0x00002608                CLOCK_SetPllFllSelClock.6262
 .text.OSC_SetExtRefClkConfig.6265
                0x00002640       0x34 C:\Users\ALEJAN~1\AppData\Local\Temp\ccnawLFd.ltrans20.ltrans.o
                0x00002640                OSC_SetExtRefClkConfig.6265
 .text.OSC_SetCapLoad.6277
                0x00002674       0x34 C:\Users\ALEJAN~1\AppData\Local\Temp\ccnawLFd.ltrans20.ltrans.o
                0x00002674                OSC_SetCapLoad.6277
 .text.CLOCK_GetMcgExtClkFreq.6283
                0x000026a8       0x8c C:\Users\ALEJAN~1\AppData\Local\Temp\ccnawLFd.ltrans20.ltrans.o
                0x000026a8                CLOCK_GetMcgExtClkFreq.6283
 .text.CLOCK_GetFllExtRefClkFreq.6285.4052
                0x00002734       0xc8 C:\Users\ALEJAN~1\AppData\Local\Temp\ccnawLFd.ltrans20.ltrans.o
 .text.CLOCK_GetInternalRefClkSelectFreq.6287
                0x000027fc       0x44 C:\Users\ALEJAN~1\AppData\Local\Temp\ccnawLFd.ltrans20.ltrans.o
                0x000027fc                CLOCK_GetInternalRefClkSelectFreq.6287
 .text.CLOCK_GetFllRefClkFreq.6289
                0x00002840       0x2c C:\Users\ALEJAN~1\AppData\Local\Temp\ccnawLFd.ltrans20.ltrans.o
                0x00002840                CLOCK_GetFllRefClkFreq.6289
 .text.CLOCK_GetPll0RefFreq.6291
                0x0000286c       0x10 C:\Users\ALEJAN~1\AppData\Local\Temp\ccnawLFd.ltrans20.ltrans.o
                0x0000286c                CLOCK_GetPll0RefFreq.6291
 .text.CLOCK_GetOscRangeFromFreq.6293
                0x0000287c       0x3c C:\Users\ALEJAN~1\AppData\Local\Temp\ccnawLFd.ltrans20.ltrans.o
                0x0000287c                CLOCK_GetOscRangeFromFreq.6293
 .text.CLOCK_GetOsc0ErClkFreq.4037
                0x000028b8       0x48 C:\Users\ALEJAN~1\AppData\Local\Temp\ccnawLFd.ltrans20.ltrans.o
 .text.CLOCK_GetEr32kClkFreq.4035
                0x00002900       0x7c C:\Users\ALEJAN~1\AppData\Local\Temp\ccnawLFd.ltrans20.ltrans.o
 .text.CLOCK_GetPllFllSelClkFreq.4033
                0x0000297c       0x50 C:\Users\ALEJAN~1\AppData\Local\Temp\ccnawLFd.ltrans20.ltrans.o
 .text.CLOCK_GetCoreSysClkFreq
                0x000029cc       0x24 C:\Users\ALEJAN~1\AppData\Local\Temp\ccnawLFd.ltrans20.ltrans.o
                0x000029cc                CLOCK_GetCoreSysClkFreq
 .text.CLOCK_GetFreq
                0x000029f0      0x140 C:\Users\ALEJAN~1\AppData\Local\Temp\ccnawLFd.ltrans20.ltrans.o
                0x000029f0                CLOCK_GetFreq
 .text.xTaskIncrementTick
                0x00002b30      0x160 C:\Users\ALEJAN~1\AppData\Local\Temp\ccnawLFd.ltrans21.ltrans.o
                0x00002b30                xTaskIncrementTick
 .text.vTaskSwitchContext
                0x00002c90       0xb4 C:\Users\ALEJAN~1\AppData\Local\Temp\ccnawLFd.ltrans21.ltrans.o
                0x00002c90                vTaskSwitchContext
 .text.prvResetNextTaskUnblockTime.5699
                0x00002d44       0x48 C:\Users\ALEJAN~1\AppData\Local\Temp\ccnawLFd.ltrans21.ltrans.o
                0x00002d44                prvResetNextTaskUnblockTime.5699
 *fill*         0x00002d8c        0x4 
 .text.PendSV_Handler
                0x00002d90       0x70 C:\Users\ALEJAN~1\AppData\Local\Temp\ccnawLFd.ltrans23.ltrans.o
                0x00002d90                PendSV_Handler
 .text.SysTick_Handler
                0x00002e00       0x40 C:\Users\ALEJAN~1\AppData\Local\Temp\ccnawLFd.ltrans23.ltrans.o
                0x00002e00                SysTick_Handler
 .text.vListInsertEnd
                0x00002e40       0x48 C:\Users\ALEJAN~1\AppData\Local\Temp\ccnawLFd.ltrans23.ltrans.o
                0x00002e40                vListInsertEnd
 .text.uxListRemove
                0x00002e88       0x54 C:\Users\ALEJAN~1\AppData\Local\Temp\ccnawLFd.ltrans23.ltrans.o
                0x00002e88                uxListRemove
 *fill*         0x00002edc        0x4 
 .text.change_h1Scaler
                0x00002ee0      0x120 C:\Users\ALEJAN~1\AppData\Local\Temp\ccnawLFd.ltrans24.ltrans.o
                0x00002ee0                change_h1Scaler
 .text.change_h2Scaler
                0x00003000      0x120 C:\Users\ALEJAN~1\AppData\Local\Temp\ccnawLFd.ltrans24.ltrans.o
                0x00003000                change_h2Scaler
 .text.get_SignalOutput.4161
                0x00003120       0x70 C:\Users\ALEJAN~1\AppData\Local\Temp\ccnawLFd.ltrans24.ltrans.o
 .text.set_NewSignalInput.4158
                0x00003190       0x50 C:\Users\ALEJAN~1\AppData\Local\Temp\ccnawLFd.ltrans24.ltrans.o
 .text.convolution_h1.4156
                0x000031e0       0x84 C:\Users\ALEJAN~1\AppData\Local\Temp\ccnawLFd.ltrans24.ltrans.o
 .text.convolution_h2.4154
                0x00003264       0x84 C:\Users\ALEJAN~1\AppData\Local\Temp\ccnawLFd.ltrans24.ltrans.o
 .text.get_SignalAmplitudScaler
                0x000032e8       0x1c C:\Users\ALEJAN~1\AppData\Local\Temp\ccnawLFd.ltrans24.ltrans.o
                0x000032e8                get_SignalAmplitudScaler
 .text.set_SignalAmplitudScaler
                0x00003304       0x20 C:\Users\ALEJAN~1\AppData\Local\Temp\ccnawLFd.ltrans24.ltrans.o
                0x00003304                set_SignalAmplitudScaler
 .text.get_h1Scaler.4147
                0x00003324       0x1c C:\Users\ALEJAN~1\AppData\Local\Temp\ccnawLFd.ltrans24.ltrans.o
 .text.set_h1Scaler.4144
                0x00003340       0x20 C:\Users\ALEJAN~1\AppData\Local\Temp\ccnawLFd.ltrans24.ltrans.o
 .text.get_h2Scaler.4142
                0x00003360       0x1c C:\Users\ALEJAN~1\AppData\Local\Temp\ccnawLFd.ltrans24.ltrans.o
 .text.set_h2Scaler.4139
                0x0000337c       0x20 C:\Users\ALEJAN~1\AppData\Local\Temp\ccnawLFd.ltrans24.ltrans.o
 .text.DAC_Init.4137
                0x0000339c       0x54 C:\Users\ALEJAN~1\AppData\Local\Temp\ccnawLFd.ltrans24.ltrans.o
 .text.DAC_DataRegister.4133
                0x000033f0       0x30 C:\Users\ALEJAN~1\AppData\Local\Temp\ccnawLFd.ltrans24.ltrans.o
 .text.NVIC_EnableIRQ.4868.4130
                0x00003420       0x30 C:\Users\ALEJAN~1\AppData\Local\Temp\ccnawLFd.ltrans24.ltrans.o
 .text.EnableIRQ.4874.4124
                0x00003450       0x24 C:\Users\ALEJAN~1\AppData\Local\Temp\ccnawLFd.ltrans24.ltrans.o
 .text.PIT_GetDefaultConfig.4912.4117
                0x00003474       0x34 C:\Users\ALEJAN~1\AppData\Local\Temp\ccnawLFd.ltrans24.ltrans.o
 .text.PIT_EnableInterrupts.4877.4112
                0x000034a8       0x38 C:\Users\ALEJAN~1\AppData\Local\Temp\ccnawLFd.ltrans24.ltrans.o
 .text.PIT_ClearStatusFlags.4898.4107
                0x000034e0       0x28 C:\Users\ALEJAN~1\AppData\Local\Temp\ccnawLFd.ltrans24.ltrans.o
 .text.PIT_SetTimerPeriod.4903.4102
                0x00003508       0x28 C:\Users\ALEJAN~1\AppData\Local\Temp\ccnawLFd.ltrans24.ltrans.o
 .text.PIT_StartTimer.4908.4082
                0x00003530       0x38 C:\Users\ALEJAN~1\AppData\Local\Temp\ccnawLFd.ltrans24.ltrans.o
 .text.PIT0_IRQHandler
                0x00003568       0x20 C:\Users\ALEJAN~1\AppData\Local\Temp\ccnawLFd.ltrans24.ltrans.o
                0x00003568                PIT0_IRQHandler
 .text.PIT_init.4078
                0x00003588       0x88 C:\Users\ALEJAN~1\AppData\Local\Temp\ccnawLFd.ltrans24.ltrans.o
 .text.set_SamplingFrequency
                0x00003610       0x6c C:\Users\ALEJAN~1\AppData\Local\Temp\ccnawLFd.ltrans24.ltrans.o
                0x00003610                set_SamplingFrequency
 .text.get_SamplingFrequency
                0x0000367c       0x18 C:\Users\ALEJAN~1\AppData\Local\Temp\ccnawLFd.ltrans24.ltrans.o
                0x0000367c                get_SamplingFrequency
 .text.get_PeriodUs.4070
                0x00003694       0xd8 C:\Users\ALEJAN~1\AppData\Local\Temp\ccnawLFd.ltrans24.ltrans.o
 .text.PORTC_IRQHandler
                0x0000376c       0x68 C:\Users\ALEJAN~1\AppData\Local\Temp\ccnawLFd.ltrans24.ltrans.o
                0x0000376c                PORTC_IRQHandler
 .text.main     0x000037d4       0x9c C:\Users\ALEJAN~1\AppData\Local\Temp\ccnawLFd.ltrans24.ltrans.o
                0x000037d4                main
 .text.delay.4059
                0x00003870       0x38 C:\Users\ALEJAN~1\AppData\Local\Temp\ccnawLFd.ltrans24.ltrans.o
 *fill*         0x000038a8        0x8 
 .text.SVC_Handler
                0x000038b0       0x30 C:\Users\ALEJAN~1\AppData\Local\Temp\ccnawLFd.ltrans24.ltrans.o
                0x000038b0                SVC_Handler
 .text.SystemInit
                0x000038e0       0x3c C:\Users\ALEJAN~1\AppData\Local\Temp\ccnawLFd.ltrans25.ltrans.o
                0x000038e0                SystemInit
 .text.ADC_clkgating.4125
                0x0000391c       0x58 C:\Users\ALEJAN~1\AppData\Local\Temp\ccnawLFd.ltrans25.ltrans.o
 .text.ADC_conversionMode.4121
                0x00003974       0x54 C:\Users\ALEJAN~1\AppData\Local\Temp\ccnawLFd.ltrans25.ltrans.o
 .text.ADC_inputChannel.4117
                0x000039c8       0x48 C:\Users\ALEJAN~1\AppData\Local\Temp\ccnawLFd.ltrans25.ltrans.o
 .text.ADC_sampleSize.4113
                0x00003a10       0x50 C:\Users\ALEJAN~1\AppData\Local\Temp\ccnawLFd.ltrans25.ltrans.o
 .text.ADC_averageEnable.4109
                0x00003a60       0x7c C:\Users\ALEJAN~1\AppData\Local\Temp\ccnawLFd.ltrans25.ltrans.o
 .text.ADC_interruptEnable.4105
                0x00003adc       0x74 C:\Users\ALEJAN~1\AppData\Local\Temp\ccnawLFd.ltrans25.ltrans.o
 .text.ADC_read
                0x00003b50       0x68 C:\Users\ALEJAN~1\AppData\Local\Temp\ccnawLFd.ltrans25.ltrans.o
                0x00003b50                ADC_read
 .text.ADC_init
                0x00003bb8       0x68 C:\Users\ALEJAN~1\AppData\Local\Temp\ccnawLFd.ltrans25.ltrans.o
                0x00003bb8                ADC_init
 .text.NVIC_EnableIRQ.4640.4075
                0x00003c20       0x30 C:\Users\ALEJAN~1\AppData\Local\Temp\ccnawLFd.ltrans25.ltrans.o
 .text.NVIC_SetPriority.4646.4069
                0x00003c50       0x54 C:\Users\ALEJAN~1\AppData\Local\Temp\ccnawLFd.ltrans25.ltrans.o
 .text.CLOCK_EnableClock.4652.4064
                0x00003ca4       0x34 C:\Users\ALEJAN~1\AppData\Local\Temp\ccnawLFd.ltrans25.ltrans.o
 .text.PORT_SetPinMux.4657.4057
                0x00003cd8       0x38 C:\Users\ALEJAN~1\AppData\Local\Temp\ccnawLFd.ltrans25.ltrans.o
 .text.PORT_SetPinInterruptConfig.4677.4035
                0x00003d10       0x38 C:\Users\ALEJAN~1\AppData\Local\Temp\ccnawLFd.ltrans25.ltrans.o
 .text.Buttons_Config
                0x00003d48       0xe0 C:\Users\ALEJAN~1\AppData\Local\Temp\ccnawLFd.ltrans25.ltrans.o
                0x00003d48                Buttons_Config
 .text.setFlag_ButtonPressed
                0x00003e28       0x18 C:\Users\ALEJAN~1\AppData\Local\Temp\ccnawLFd.ltrans25.ltrans.o
                0x00003e28                setFlag_ButtonPressed
 .text.clearFlag_ButtonPressed
                0x00003e40       0x18 C:\Users\ALEJAN~1\AppData\Local\Temp\ccnawLFd.ltrans25.ltrans.o
                0x00003e40                clearFlag_ButtonPressed
 .text.getFlag_ButtonPressed
                0x00003e58       0x18 C:\Users\ALEJAN~1\AppData\Local\Temp\ccnawLFd.ltrans25.ltrans.o
                0x00003e58                getFlag_ButtonPressed
 .text.menu_ButtonPressed
                0x00003e70       0x80 C:\Users\ALEJAN~1\AppData\Local\Temp\ccnawLFd.ltrans25.ltrans.o
                0x00003e70                menu_ButtonPressed
 .text.changeSamplingFrequency.4018
                0x00003ef0       0x78 C:\Users\ALEJAN~1\AppData\Local\Temp\ccnawLFd.ltrans25.ltrans.o
 .text.changeSignalAmplitud.4013
                0x00003f68      0x120 C:\Users\ALEJAN~1\AppData\Local\Temp\ccnawLFd.ltrans25.ltrans.o
 .text.UART_EnableTx.4013.4238
                0x00004088       0x40 C:\Users\ALEJAN~1\AppData\Local\Temp\ccnawLFd.ltrans26.ltrans.o
 .text.UART_EnableRx.4058.4234
                0x000040c8       0x40 C:\Users\ALEJAN~1\AppData\Local\Temp\ccnawLFd.ltrans26.ltrans.o
 .text.DbgConsole_Init
                0x00004108       0x8c C:\Users\ALEJAN~1\AppData\Local\Temp\ccnawLFd.ltrans26.ltrans.o
                0x00004108                DbgConsole_Init
 .text.DbgConsole_Printf
                0x00004194       0x40 C:\Users\ALEJAN~1\AppData\Local\Temp\ccnawLFd.ltrans26.ltrans.o
                0x00004194                DbgConsole_Printf
 .text.DbgConsole_Putchar.4171
                0x000041d4       0x38 C:\Users\ALEJAN~1\AppData\Local\Temp\ccnawLFd.ltrans26.ltrans.o
 .text.DbgConsole_PrintfPaddingCharacter.4087.4156
                0x0000420c       0x40 C:\Users\ALEJAN~1\AppData\Local\Temp\ccnawLFd.ltrans26.ltrans.o
 .text.DbgConsole_ConvertRadixNumToString.4095.4149
                0x0000424c      0x114 C:\Users\ALEJAN~1\AppData\Local\Temp\ccnawLFd.ltrans26.ltrans.o
 .text.DbgConsole_PrintfFormattedData.4102.4143
                0x00004360      0x368 C:\Users\ALEJAN~1\AppData\Local\Temp\ccnawLFd.ltrans26.ltrans.o
 .text.strlen   0x000046c8       0x10 c:/freescale/kds_v3/toolchain/bin/../lib/gcc/arm-none-eabi/4.8.4/../../../../arm-none-eabi/lib/armv7e-m/fpu\libg_s.a(lib_a-strlen.o)
                0x000046c8                strlen
 .text.exit     0x000046d8       0x28 c:/freescale/kds_v3/toolchain/bin/../lib/gcc/arm-none-eabi/4.8.4/../../../../arm-none-eabi/lib/armv7e-m/fpu\libg_s.a(lib_a-exit.o)
                0x000046d8                exit
 .text.__libc_init_array
                0x00004700       0x4c c:/freescale/kds_v3/toolchain/bin/../lib/gcc/arm-none-eabi/4.8.4/../../../../arm-none-eabi/lib/armv7e-m/fpu\libg_s.a(lib_a-init.o)
                0x00004700                __libc_init_array
 .text.memset   0x0000474c       0x10 c:/freescale/kds_v3/toolchain/bin/../lib/gcc/arm-none-eabi/4.8.4/../../../../arm-none-eabi/lib/armv7e-m/fpu\libg_s.a(lib_a-memset.o)
                0x0000474c                memset
 .text._exit    0x0000475c        0x4 c:/freescale/kds_v3/toolchain/bin/../lib/gcc/arm-none-eabi/4.8.4/../../../../arm-none-eabi/lib/armv7e-m/fpu\libnosys.a(_exit.o)
                0x0000475c                _exit
 *(.rodata)
 .rodata        0x00004760      0x168 C:\Users\ALEJAN~1\AppData\Local\Temp\ccnawLFd.ltrans0.ltrans.o
 .rodata        0x000048c8       0x84 C:\Users\ALEJAN~1\AppData\Local\Temp\ccnawLFd.ltrans1.ltrans.o
 .rodata        0x0000494c      0x2e0 C:\Users\ALEJAN~1\AppData\Local\Temp\ccnawLFd.ltrans2.ltrans.o
 .rodata        0x00004c2c       0x48 C:\Users\ALEJAN~1\AppData\Local\Temp\ccnawLFd.ltrans4.ltrans.o
 .rodata        0x00004c74      0x140 C:\Users\ALEJAN~1\AppData\Local\Temp\ccnawLFd.ltrans5.ltrans.o
 .rodata        0x00004db4      0x144 C:\Users\ALEJAN~1\AppData\Local\Temp\ccnawLFd.ltrans8.ltrans.o
 .rodata        0x00004ef8      0x1fc C:\Users\ALEJAN~1\AppData\Local\Temp\ccnawLFd.ltrans9.ltrans.o
 .rodata        0x000050f4      0x220 C:\Users\ALEJAN~1\AppData\Local\Temp\ccnawLFd.ltrans13.ltrans.o
 .rodata        0x00005314      0x150 C:\Users\ALEJAN~1\AppData\Local\Temp\ccnawLFd.ltrans15.ltrans.o
 .rodata        0x00005464      0x168 C:\Users\ALEJAN~1\AppData\Local\Temp\ccnawLFd.ltrans17.ltrans.o
 .rodata        0x000055cc      0x190 C:\Users\ALEJAN~1\AppData\Local\Temp\ccnawLFd.ltrans18.ltrans.o
 .rodata        0x0000575c       0x2c C:\Users\ALEJAN~1\AppData\Local\Temp\ccnawLFd.ltrans19.ltrans.o
 .rodata        0x00005788       0xac C:\Users\ALEJAN~1\AppData\Local\Temp\ccnawLFd.ltrans20.ltrans.o
 .rodata        0x00005834       0x68 C:\Users\ALEJAN~1\AppData\Local\Temp\ccnawLFd.ltrans24.ltrans.o
 .rodata        0x0000589c       0x6c C:\Users\ALEJAN~1\AppData\Local\Temp\ccnawLFd.ltrans25.ltrans.o
 *(.rodata*)
 .rodata.__func__.6536.4938
                0x00005908       0x18 C:\Users\ALEJAN~1\AppData\Local\Temp\ccnawLFd.ltrans0.ltrans.o
                0x00005908                __func__.6536.4938
 .rodata.ADC_Config
                0x00005920        0x8 C:\Users\ALEJAN~1\AppData\Local\Temp\ccnawLFd.ltrans0.ltrans.o
                0x00005920                ADC_Config
 .rodata.__func__.6530.6496
                0x00005928       0x18 C:\Users\ALEJAN~1\AppData\Local\Temp\ccnawLFd.ltrans0.ltrans.o
                0x00005928                __func__.6530.6496
 .rodata.__func__.6575.6500
                0x00005940       0x18 C:\Users\ALEJAN~1\AppData\Local\Temp\ccnawLFd.ltrans0.ltrans.o
                0x00005940                __func__.6575.6500
 .rodata.__func__.6583.6501
                0x00005958       0x18 C:\Users\ALEJAN~1\AppData\Local\Temp\ccnawLFd.ltrans0.ltrans.o
                0x00005958                __func__.6583.6501
 .rodata.fllFactorTable.6658.6502
                0x00005970       0x10 C:\Users\ALEJAN~1\AppData\Local\Temp\ccnawLFd.ltrans0.ltrans.o
                0x00005970                fllFactorTable.6658.6502
 .rodata.__func__.6673.6505
                0x00005980       0x14 C:\Users\ALEJAN~1\AppData\Local\Temp\ccnawLFd.ltrans0.ltrans.o
                0x00005980                __func__.6673.6505
 .rodata.__func__.6721.6506
                0x00005994       0x14 C:\Users\ALEJAN~1\AppData\Local\Temp\ccnawLFd.ltrans0.ltrans.o
                0x00005994                __func__.6721.6506
 .rodata.__func__.6857.6508
                0x000059a8       0x14 C:\Users\ALEJAN~1\AppData\Local\Temp\ccnawLFd.ltrans0.ltrans.o
                0x000059a8                __func__.6857.6508
 .rodata.__func__.6921.6509
                0x000059bc       0x14 C:\Users\ALEJAN~1\AppData\Local\Temp\ccnawLFd.ltrans0.ltrans.o
                0x000059bc                __func__.6921.6509
 .rodata.__func__.7196.7650
                0x000059d0       0x18 C:\Users\ALEJAN~1\AppData\Local\Temp\ccnawLFd.ltrans0.ltrans.o
                0x000059d0                __func__.7196.7650
 .rodata.__func__.7200.7651
                0x000059e8       0x18 C:\Users\ALEJAN~1\AppData\Local\Temp\ccnawLFd.ltrans0.ltrans.o
                0x000059e8                __func__.7200.7651
 .rodata.__func__.7204.7652
                0x00005a00       0x18 C:\Users\ALEJAN~1\AppData\Local\Temp\ccnawLFd.ltrans0.ltrans.o
                0x00005a00                __func__.7204.7652
 .rodata.__func__.7008.8563
                0x00005a18       0x10 C:\Users\ALEJAN~1\AppData\Local\Temp\ccnawLFd.ltrans0.ltrans.o
                0x00005a18                __func__.7008.8563
 .rodata.__func__.7073.9911
                0x00005a28       0x18 C:\Users\ALEJAN~1\AppData\Local\Temp\ccnawLFd.ltrans0.ltrans.o
                0x00005a28                __func__.7073.9911
 .rodata.s_portBases.10226
                0x00005a40       0x14 C:\Users\ALEJAN~1\AppData\Local\Temp\ccnawLFd.ltrans0.ltrans.o
                0x00005a40                s_portBases.10226
 .rodata.s_gpioBases.10223
                0x00005a54       0x14 C:\Users\ALEJAN~1\AppData\Local\Temp\ccnawLFd.ltrans0.ltrans.o
                0x00005a54                s_gpioBases.10223
 .rodata.__func__.6548.10224
                0x00005a68       0x14 C:\Users\ALEJAN~1\AppData\Local\Temp\ccnawLFd.ltrans0.ltrans.o
                0x00005a68                __func__.6548.10224
 .rodata.__func__.6554.10225
                0x00005a7c       0x10 C:\Users\ALEJAN~1\AppData\Local\Temp\ccnawLFd.ltrans0.ltrans.o
                0x00005a7c                __func__.6554.10225
 .rodata.__func__.6579.11302
                0x00005a8c       0x10 C:\Users\ALEJAN~1\AppData\Local\Temp\ccnawLFd.ltrans0.ltrans.o
                0x00005a8c                __func__.6579.11302
 .rodata.__func__.6584.11303
                0x00005a9c        0xc C:\Users\ALEJAN~1\AppData\Local\Temp\ccnawLFd.ltrans0.ltrans.o
                0x00005a9c                __func__.6584.11303
 .rodata.__func__.7057.11824
                0x00005aa8       0x1c C:\Users\ALEJAN~1\AppData\Local\Temp\ccnawLFd.ltrans0.ltrans.o
                0x00005aa8                __func__.7057.11824
 .rodata.__func__.7061.11825
                0x00005ac4       0x1c C:\Users\ALEJAN~1\AppData\Local\Temp\ccnawLFd.ltrans0.ltrans.o
                0x00005ac4                __func__.7061.11825
 .rodata.__func__.7245.12510
                0x00005ae0       0x18 C:\Users\ALEJAN~1\AppData\Local\Temp\ccnawLFd.ltrans0.ltrans.o
                0x00005ae0                __func__.7245.12510
 .rodata.s_uartBases.12965
                0x00005af8       0x18 C:\Users\ALEJAN~1\AppData\Local\Temp\ccnawLFd.ltrans0.ltrans.o
                0x00005af8                s_uartBases.12965
 .rodata.s_uartClock.12970
                0x00005b10       0x18 C:\Users\ALEJAN~1\AppData\Local\Temp\ccnawLFd.ltrans0.ltrans.o
                0x00005b10                s_uartClock.12970
 .rodata.__func__.6729.12966
                0x00005b28       0x14 C:\Users\ALEJAN~1\AppData\Local\Temp\ccnawLFd.ltrans0.ltrans.o
                0x00005b28                __func__.6729.12966
 .rodata.__func__.6745.12969
                0x00005b3c        0xc C:\Users\ALEJAN~1\AppData\Local\Temp\ccnawLFd.ltrans0.ltrans.o
                0x00005b3c                __func__.6745.12969
 .rodata.__func__.6763.12971
                0x00005b48       0x18 C:\Users\ALEJAN~1\AppData\Local\Temp\ccnawLFd.ltrans0.ltrans.o
                0x00005b48                __func__.6763.12971
 .rodata.__func__.6823.12974
                0x00005b60       0x14 C:\Users\ALEJAN~1\AppData\Local\Temp\ccnawLFd.ltrans0.ltrans.o
                0x00005b60                __func__.6823.12974
 .rodata.str1.1
                0x00005b74        0x2 c:/freescale/kds_v3/toolchain/bin/../lib/gcc/arm-none-eabi/4.8.4/../../../../arm-none-eabi/lib/armv7e-m/fpu\libg_s.a(lib_a-impure.o)
 *fill*         0x00005b76        0x2 
 .rodata._global_impure_ptr
                0x00005b78        0x4 c:/freescale/kds_v3/toolchain/bin/../lib/gcc/arm-none-eabi/4.8.4/../../../../arm-none-eabi/lib/armv7e-m/fpu\libg_s.a(lib_a-impure.o)
                0x00005b78                _global_impure_ptr
 *(.glue_7)
 .glue_7        0x00000000        0x0 linker stubs
 *(.glue_7t)
 .glue_7t       0x00000000        0x0 linker stubs
 *(.eh_frame)
 .eh_frame      0x00005b7c        0x0 c:/freescale/kds_v3/toolchain/bin/../lib/gcc/arm-none-eabi/4.8.4/armv7e-m/fpu/crtbegin.o
 *(.init)
 .init          0x00005b7c        0x4 c:/freescale/kds_v3/toolchain/bin/../lib/gcc/arm-none-eabi/4.8.4/armv7e-m/fpu/crti.o
                0x00005b7c                _init
 .init          0x00005b80        0x8 c:/freescale/kds_v3/toolchain/bin/../lib/gcc/arm-none-eabi/4.8.4/armv7e-m/fpu/crtn.o
 *(.fini)
 .fini          0x00005b88        0x4 c:/freescale/kds_v3/toolchain/bin/../lib/gcc/arm-none-eabi/4.8.4/armv7e-m/fpu/crti.o
                0x00005b88                _fini
 .fini          0x00005b8c        0x8 c:/freescale/kds_v3/toolchain/bin/../lib/gcc/arm-none-eabi/4.8.4/armv7e-m/fpu/crtn.o
                0x00005b94                . = ALIGN (0x4)

.vfp11_veneer   0x00005b94        0x0
 .vfp11_veneer  0x00000000        0x0 linker stubs

.v4_bx          0x00005b94        0x0
 .v4_bx         0x00000000        0x0 linker stubs

.iplt           0x00005b94        0x0
 .iplt          0x00000000        0x0 c:/freescale/kds_v3/toolchain/bin/../lib/gcc/arm-none-eabi/4.8.4/armv7e-m/fpu/crtbegin.o

.ARM.extab
 *(.ARM.extab* .gnu.linkonce.armextab.*)

.ARM            0x00005b94        0x8
                0x00005b94                __exidx_start = .
 *(.ARM.exidx*)
 .ARM.exidx     0x00005b94        0x8 c:/freescale/kds_v3/toolchain/bin/../lib/gcc/arm-none-eabi/4.8.4/../../../../arm-none-eabi/lib/armv7e-m/fpu/crt0.o
 .ARM.exidx     0x00005b9c        0x0 c:/freescale/kds_v3/toolchain/bin/../lib/gcc/arm-none-eabi/4.8.4/armv7e-m/fpu\libgcc.a(_divdi3.o)
                                  0x8 (size before relaxing)
 .ARM.exidx     0x00005b9c        0x0 c:/freescale/kds_v3/toolchain/bin/../lib/gcc/arm-none-eabi/4.8.4/armv7e-m/fpu\libgcc.a(_udivdi3.o)
                                  0x8 (size before relaxing)
                0x00005b9c                __exidx_end = .

.rel.dyn        0x00005b9c        0x0
 .rel.iplt      0x00000000        0x0 c:/freescale/kds_v3/toolchain/bin/../lib/gcc/arm-none-eabi/4.8.4/armv7e-m/fpu/crtbegin.o

.ctors          0x00005b9c        0x0
                0x00005b9c                __CTOR_LIST__ = .
 *crtbegin.o(.ctors)
 *crtbegin?.o(.ctors)
 *(EXCLUDE_FILE(*crtend.o *crtend?.o) .ctors)
 *(SORT(.ctors.*))
 *(.ctors)
                0x00005b9c                __CTOR_END__ = .

.dtors          0x00005b9c        0x0
                0x00005b9c                __DTOR_LIST__ = .
 *crtbegin.o(.dtors)
 *crtbegin?.o(.dtors)
 *(EXCLUDE_FILE(*crtend.o *crtend?.o) .dtors)
 *(SORT(.dtors.*))
 *(.dtors)
                0x00005b9c                __DTOR_END__ = .

.preinit_array  0x00005b9c        0x0
                0x00005b9c                PROVIDE (__preinit_array_start, .)
 *(.preinit_array*)
                0x00005b9c                PROVIDE (__preinit_array_end, .)

.init_array     0x00005b9c        0x4
                0x00005b9c                PROVIDE (__init_array_start, .)
 *(SORT(.init_array.*))
 *(.init_array*)
 .init_array    0x00005b9c        0x4 c:/freescale/kds_v3/toolchain/bin/../lib/gcc/arm-none-eabi/4.8.4/armv7e-m/fpu/crtbegin.o
                0x00005ba0                PROVIDE (__init_array_end, .)

.fini_array     0x00005ba0        0x4
                0x00005ba0                PROVIDE (__fini_array_start, .)
 *(SORT(.fini_array.*))
 *(.fini_array*)
 .fini_array    0x00005ba0        0x4 c:/freescale/kds_v3/toolchain/bin/../lib/gcc/arm-none-eabi/4.8.4/armv7e-m/fpu/crtbegin.o
                0x00005ba4                PROVIDE (__fini_array_end, .)
                0x00005ba4                __etext = .
                0x00005ba4                __DATA_ROM = .

.interrupts_ram
                0x1fff0000        0x0
                0x1fff0000                . = ALIGN (0x4)
                0x1fff0000                __VECTOR_RAM__ = .
                0x1fff0000                __interrupts_ram_start__ = .
 *(.m_interrupts_ram)
                0x1fff0000                . = (. + M_VECTOR_RAM_SIZE)
                0x1fff0000                . = ALIGN (0x4)
                0x1fff0000                __interrupts_ram_end__ = .
                0x00000000                __VECTOR_RAM = DEFINED (__ram_vector_table__)?__VECTOR_RAM__:ORIGIN (m_interrupts)
                0x00000000                __RAM_VECTOR_TABLE_SIZE_BYTES = DEFINED (__ram_vector_table__)?(__interrupts_ram_end__ - __interrupts_ram_start__):0x0

.data           0x1fff0000       0xb8 load address 0x00005ba4
                0x1fff0000                . = ALIGN (0x4)
                0x1fff0000                __DATA_RAM = .
                0x1fff0000                __data_start__ = .
 *(.data)
 *(.data*)
 .data.SystemCoreClock
                0x1fff0000        0x4 C:\Users\ALEJAN~1\AppData\Local\Temp\ccnawLFd.ltrans0.ltrans.o
                0x1fff0000                SystemCoreClock
 .data.signalAmplitudScaler.4762
                0x1fff0004        0x4 C:\Users\ALEJAN~1\AppData\Local\Temp\ccnawLFd.ltrans0.ltrans.o
                0x1fff0004                signalAmplitudScaler.4762
 .data.h1AmplitudScaler.4763
                0x1fff0008        0x4 C:\Users\ALEJAN~1\AppData\Local\Temp\ccnawLFd.ltrans0.ltrans.o
                0x1fff0008                h1AmplitudScaler.4763
 .data.h2AmplitudScaler.4764
                0x1fff000c        0x4 C:\Users\ALEJAN~1\AppData\Local\Temp\ccnawLFd.ltrans0.ltrans.o
                0x1fff000c                h2AmplitudScaler.4764
 .data.h1.4758  0x1fff0010       0x1c C:\Users\ALEJAN~1\AppData\Local\Temp\ccnawLFd.ltrans0.ltrans.o
                0x1fff0010                h1.4758
 .data.h2.4761  0x1fff002c       0x1c C:\Users\ALEJAN~1\AppData\Local\Temp\ccnawLFd.ltrans0.ltrans.o
                0x1fff002c                h2.4761
 .data.samplingFrequency.4940
                0x1fff0048        0x2 C:\Users\ALEJAN~1\AppData\Local\Temp\ccnawLFd.ltrans0.ltrans.o
                0x1fff0048                samplingFrequency.4940
 *fill*         0x1fff004a        0x2 
 .data.s_slowIrcFreq.6498
                0x1fff004c        0x4 C:\Users\ALEJAN~1\AppData\Local\Temp\ccnawLFd.ltrans0.ltrans.o
                0x1fff004c                s_slowIrcFreq.6498
 .data.s_fastIrcFreq.6499
                0x1fff0050        0x4 C:\Users\ALEJAN~1\AppData\Local\Temp\ccnawLFd.ltrans0.ltrans.o
                0x1fff0050                s_fastIrcFreq.6499
 .data.impure_data
                0x1fff0054       0x60 c:/freescale/kds_v3/toolchain/bin/../lib/gcc/arm-none-eabi/4.8.4/../../../../arm-none-eabi/lib/armv7e-m/fpu\libg_s.a(lib_a-impure.o)
 *(.jcr*)
 .jcr           0x1fff00b4        0x0 c:/freescale/kds_v3/toolchain/bin/../lib/gcc/arm-none-eabi/4.8.4/armv7e-m/fpu/crtbegin.o
 .jcr           0x1fff00b4        0x4 c:/freescale/kds_v3/toolchain/bin/../lib/gcc/arm-none-eabi/4.8.4/armv7e-m/fpu/crtend.o
                0x1fff00b8                . = ALIGN (0x4)
                0x1fff00b8                __data_end__ = .
                0x00005c5c                __DATA_END = (__DATA_ROM + (__data_end__ - __data_start__))
                0x00100000                text_end = (ORIGIN (m_text) + 0xffbf0)
                0x00000001                ASSERT ((__DATA_END <= text_end), region m_text overflowed with text and data)
                0x00000000                USB_RAM_GAP = DEFINED (__usb_ram_size__)?__usb_ram_size__:0x0

.igot.plt       0x1fff00b8        0x0 load address 0x00005c5c
 .igot.plt      0x00000000        0x0 c:/freescale/kds_v3/toolchain/bin/../lib/gcc/arm-none-eabi/4.8.4/armv7e-m/fpu/crtbegin.o

.bss            0x1fff00b8      0x348 load address 0x00005c5c
                0x1fff00b8                . = ALIGN (0x4)
                0x1fff00b8                __START_BSS = .
                0x1fff00b8                __bss_start__ = .
 *(.bss)
 .bss           0x1fff00b8       0x1c c:/freescale/kds_v3/toolchain/bin/../lib/gcc/arm-none-eabi/4.8.4/armv7e-m/fpu/crtbegin.o
 *(.bss*)
 .bss.s_debugConsole.4148
                0x1fff00d4       0x10 C:\Users\ALEJAN~1\AppData\Local\Temp\ccnawLFd.ltrans0.ltrans.o
                0x1fff00d4                s_debugConsole.4148
 .bss.ADC0_inputChannel
                0x1fff00e4        0x4 C:\Users\ALEJAN~1\AppData\Local\Temp\ccnawLFd.ltrans0.ltrans.o
                0x1fff00e4                ADC0_inputChannel
 .bss.ADC1_inputChannel
                0x1fff00e8        0x4 C:\Users\ALEJAN~1\AppData\Local\Temp\ccnawLFd.ltrans0.ltrans.o
                0x1fff00e8                ADC1_inputChannel
 .bss.Flag_ButtonPressed
                0x1fff00ec        0x1 C:\Users\ALEJAN~1\AppData\Local\Temp\ccnawLFd.ltrans0.ltrans.o
                0x1fff00ec                Flag_ButtonPressed
 *fill*         0x1fff00ed        0x3 
 .bss.x.4755    0x1fff00f0       0x10 C:\Users\ALEJAN~1\AppData\Local\Temp\ccnawLFd.ltrans0.ltrans.o
                0x1fff00f0                x.4755
 .bss.sum.6878.4756
                0x1fff0100        0x4 C:\Users\ALEJAN~1\AppData\Local\Temp\ccnawLFd.ltrans0.ltrans.o
                0x1fff0100                sum.6878.4756
 .bss.i.6877.4757
                0x1fff0104        0x1 C:\Users\ALEJAN~1\AppData\Local\Temp\ccnawLFd.ltrans0.ltrans.o
                0x1fff0104                i.6877.4757
 *fill*         0x1fff0105        0x3 
 .bss.sum.6885.4759
                0x1fff0108        0x4 C:\Users\ALEJAN~1\AppData\Local\Temp\ccnawLFd.ltrans0.ltrans.o
                0x1fff0108                sum.6885.4759
 .bss.i.6884.4760
                0x1fff010c        0x1 C:\Users\ALEJAN~1\AppData\Local\Temp\ccnawLFd.ltrans0.ltrans.o
                0x1fff010c                i.6884.4760
 .bss.pitIsrFlag
                0x1fff010d        0x1 C:\Users\ALEJAN~1\AppData\Local\Temp\ccnawLFd.ltrans0.ltrans.o
                0x1fff010d                pitIsrFlag
 *fill*         0x1fff010e        0x2 
 .bss.valorADC  0x1fff0110        0x4 C:\Users\ALEJAN~1\AppData\Local\Temp\ccnawLFd.ltrans0.ltrans.o
                0x1fff0110                valorADC
 .bss.pinFlag   0x1fff0114        0x2 C:\Users\ALEJAN~1\AppData\Local\Temp\ccnawLFd.ltrans0.ltrans.o
                0x1fff0114                pinFlag
 .bss.buttonPressed
                0x1fff0116        0x1 C:\Users\ALEJAN~1\AppData\Local\Temp\ccnawLFd.ltrans0.ltrans.o
                0x1fff0116                buttonPressed
 *fill*         0x1fff0117        0x1 
 .bss.i         0x1fff0118        0x2 C:\Users\ALEJAN~1\AppData\Local\Temp\ccnawLFd.ltrans0.ltrans.o
                0x1fff0118                i
 *fill*         0x1fff011a        0x2 
 .bss.pxCurrentTCB
                0x1fff011c        0x4 C:\Users\ALEJAN~1\AppData\Local\Temp\ccnawLFd.ltrans0.ltrans.o
                0x1fff011c                pxCurrentTCB
 .bss.pxReadyTasksLists.5832
                0x1fff0120       0x64 C:\Users\ALEJAN~1\AppData\Local\Temp\ccnawLFd.ltrans0.ltrans.o
                0x1fff0120                pxReadyTasksLists.5832
 .bss.pxDelayedTaskList.5828
                0x1fff0184        0x4 C:\Users\ALEJAN~1\AppData\Local\Temp\ccnawLFd.ltrans0.ltrans.o
                0x1fff0184                pxDelayedTaskList.5828
 .bss.pxOverflowDelayedTaskList.5829
                0x1fff0188        0x4 C:\Users\ALEJAN~1\AppData\Local\Temp\ccnawLFd.ltrans0.ltrans.o
                0x1fff0188                pxOverflowDelayedTaskList.5829
 .bss.xTickCount.5837
                0x1fff018c        0x4 C:\Users\ALEJAN~1\AppData\Local\Temp\ccnawLFd.ltrans0.ltrans.o
                0x1fff018c                xTickCount.5837
 .bss.uxTopReadyPriority.5833
                0x1fff0190        0x4 C:\Users\ALEJAN~1\AppData\Local\Temp\ccnawLFd.ltrans0.ltrans.o
                0x1fff0190                uxTopReadyPriority.5833
 .bss.uxPendedTicks.5847
                0x1fff0194        0x4 C:\Users\ALEJAN~1\AppData\Local\Temp\ccnawLFd.ltrans0.ltrans.o
                0x1fff0194                uxPendedTicks.5847
 .bss.xYieldPending.5839
                0x1fff0198        0x4 C:\Users\ALEJAN~1\AppData\Local\Temp\ccnawLFd.ltrans0.ltrans.o
                0x1fff0198                xYieldPending.5839
 .bss.xNumOfOverflows.5840
                0x1fff019c        0x4 C:\Users\ALEJAN~1\AppData\Local\Temp\ccnawLFd.ltrans0.ltrans.o
                0x1fff019c                xNumOfOverflows.5840
 .bss.xNextTaskUnblockTime.5845
                0x1fff01a0        0x4 C:\Users\ALEJAN~1\AppData\Local\Temp\ccnawLFd.ltrans0.ltrans.o
                0x1fff01a0                xNextTaskUnblockTime.5845
 .bss.uxSchedulerSuspended.5835
                0x1fff01a4        0x4 C:\Users\ALEJAN~1\AppData\Local\Temp\ccnawLFd.ltrans0.ltrans.o
                0x1fff01a4                uxSchedulerSuspended.5835
 .bss.g_xtal0Freq
                0x1fff01a8        0x4 C:\Users\ALEJAN~1\AppData\Local\Temp\ccnawLFd.ltrans0.ltrans.o
                0x1fff01a8                g_xtal0Freq
 .bss.g_xtal32Freq
                0x1fff01ac        0x4 C:\Users\ALEJAN~1\AppData\Local\Temp\ccnawLFd.ltrans0.ltrans.o
                0x1fff01ac                g_xtal32Freq
 .bss.g_dspiHandle.7629
                0x1fff01b0        0xc C:\Users\ALEJAN~1\AppData\Local\Temp\ccnawLFd.ltrans0.ltrans.o
                0x1fff01b0                g_dspiHandle.7629
 .bss.s_dspiMasterIsr.7637
                0x1fff01bc        0x4 C:\Users\ALEJAN~1\AppData\Local\Temp\ccnawLFd.ltrans0.ltrans.o
                0x1fff01bc                s_dspiMasterIsr.7637
 .bss.s_dspiSlaveIsr.7645
                0x1fff01c0        0x4 C:\Users\ALEJAN~1\AppData\Local\Temp\ccnawLFd.ltrans0.ltrans.o
                0x1fff01c0                s_dspiSlaveIsr.7645
 .bss.s_EDMAHandle.8555
                0x1fff01c4       0x40 C:\Users\ALEJAN~1\AppData\Local\Temp\ccnawLFd.ltrans0.ltrans.o
                0x1fff01c4                s_EDMAHandle.8555
 .bss.s_ENETHandle.8972
                0x1fff0204        0x4 C:\Users\ALEJAN~1\AppData\Local\Temp\ccnawLFd.ltrans0.ltrans.o
                0x1fff0204                s_ENETHandle.8972
 .bss.s_enetTxIsr.8973
                0x1fff0208        0x4 C:\Users\ALEJAN~1\AppData\Local\Temp\ccnawLFd.ltrans0.ltrans.o
                0x1fff0208                s_enetTxIsr.8973
 .bss.s_enetRxIsr.8975
                0x1fff020c        0x4 C:\Users\ALEJAN~1\AppData\Local\Temp\ccnawLFd.ltrans0.ltrans.o
                0x1fff020c                s_enetRxIsr.8975
 .bss.s_enetErrIsr.8976
                0x1fff0210        0x4 C:\Users\ALEJAN~1\AppData\Local\Temp\ccnawLFd.ltrans0.ltrans.o
                0x1fff0210                s_enetErrIsr.8976
 .bss.s_flexcanHandle.9901
                0x1fff0214        0x4 C:\Users\ALEJAN~1\AppData\Local\Temp\ccnawLFd.ltrans0.ltrans.o
                0x1fff0214                s_flexcanHandle.9901
 .bss.s_flexcanIsr.9902
                0x1fff0218        0x4 C:\Users\ALEJAN~1\AppData\Local\Temp\ccnawLFd.ltrans0.ltrans.o
                0x1fff0218                s_flexcanIsr.9902
 .bss.s_i2cHandle.10526
                0x1fff021c        0xc C:\Users\ALEJAN~1\AppData\Local\Temp\ccnawLFd.ltrans0.ltrans.o
                0x1fff021c                s_i2cHandle.10526
 .bss.s_i2cMasterIsr.10516
                0x1fff0228        0x4 C:\Users\ALEJAN~1\AppData\Local\Temp\ccnawLFd.ltrans0.ltrans.o
                0x1fff0228                s_i2cMasterIsr.10516
 .bss.s_i2cSlaveIsr.10518
                0x1fff022c        0x4 C:\Users\ALEJAN~1\AppData\Local\Temp\ccnawLFd.ltrans0.ltrans.o
                0x1fff022c                s_i2cSlaveIsr.10518
 .bss.s_saiHandle
                0x1fff0230        0x8 C:\Users\ALEJAN~1\AppData\Local\Temp\ccnawLFd.ltrans0.ltrans.o
                0x1fff0230                s_saiHandle
 .bss.s_saiTxIsr.11809
                0x1fff0238        0x4 C:\Users\ALEJAN~1\AppData\Local\Temp\ccnawLFd.ltrans0.ltrans.o
                0x1fff0238                s_saiTxIsr.11809
 .bss.s_saiRxIsr.11812
                0x1fff023c        0x4 C:\Users\ALEJAN~1\AppData\Local\Temp\ccnawLFd.ltrans0.ltrans.o
                0x1fff023c                s_saiRxIsr.11812
 .bss.s_sdhcHandle.12506
                0x1fff0240        0x4 C:\Users\ALEJAN~1\AppData\Local\Temp\ccnawLFd.ltrans0.ltrans.o
                0x1fff0240                s_sdhcHandle.12506
 .bss.s_sdhcIsr.12507
                0x1fff0244        0x4 C:\Users\ALEJAN~1\AppData\Local\Temp\ccnawLFd.ltrans0.ltrans.o
                0x1fff0244                s_sdhcIsr.12507
 .bss.s_uartHandle.12978
                0x1fff0248       0x18 C:\Users\ALEJAN~1\AppData\Local\Temp\ccnawLFd.ltrans0.ltrans.o
                0x1fff0248                s_uartHandle.12978
 .bss.s_uartIsr.12979
                0x1fff0260        0x4 C:\Users\ALEJAN~1\AppData\Local\Temp\ccnawLFd.ltrans0.ltrans.o
                0x1fff0260                s_uartIsr.12979
                0x1fff0400                . = ALIGN (0x200)
 *fill*         0x1fff0264      0x19c 
                0x1fff0400                USB_RAM_START = .
                0x1fff0400                . = (. + USB_RAM_GAP)
 *(COMMON)
                0x1fff0400                . = ALIGN (0x4)
                0x1fff0400                __bss_end__ = .
                0x1fff0400                __END_BSS = .

.heap           0x20000000      0x400
                0x20000000                . = ALIGN (0x8)
                0x20000000                __end__ = .
                0x20000000                PROVIDE (end, .)
                0x20000000                __HeapBase = .
                0x20000400                . = (. + HEAP_SIZE)
 *fill*         0x20000000      0x400 
                0x20000400                __HeapLimit = .
                0x20000400                __heap_limit = .

.stack          0x20000400      0x400
                0x20000400                . = ALIGN (0x8)
                0x20000800                . = (. + STACK_SIZE)
 *fill*         0x20000400      0x400 

m_usb_bdt       0x1fff0400        0x0
 *(m_usb_bdt)
                0x1fff0400                USB_RAM_BDT_END = .

m_usb_global
 *(m_usb_global)
                0x20030000                __StackTop = (ORIGIN (m_data_2) + 0x30000)
                0x2002fc00                __StackLimit = (__StackTop - STACK_SIZE)
                0x20030000                PROVIDE (__stack, __StackTop)

.ARM.attributes
                0x00000000       0x30
 *(.ARM.attributes)
 .ARM.attributes
                0x00000000       0x22 c:/freescale/kds_v3/toolchain/bin/../lib/gcc/arm-none-eabi/4.8.4/armv7e-m/fpu/crti.o
 .ARM.attributes
                0x00000022       0x34 c:/freescale/kds_v3/toolchain/bin/../lib/gcc/arm-none-eabi/4.8.4/armv7e-m/fpu/crtbegin.o
 .ARM.attributes
                0x00000056       0x20 c:/freescale/kds_v3/toolchain/bin/../lib/gcc/arm-none-eabi/4.8.4/../../../../arm-none-eabi/lib/armv7e-m/fpu/crt0.o
 .ARM.attributes
                0x00000076       0x37 C:\Users\ALEJAN~1\AppData\Local\Temp\ccnawLFd.ltrans0.ltrans.o
 .ARM.attributes
                0x000000ad       0x37 C:\Users\ALEJAN~1\AppData\Local\Temp\ccnawLFd.ltrans1.ltrans.o
 .ARM.attributes
                0x000000e4       0x37 C:\Users\ALEJAN~1\AppData\Local\Temp\ccnawLFd.ltrans2.ltrans.o
 .ARM.attributes
                0x0000011b       0x37 C:\Users\ALEJAN~1\AppData\Local\Temp\ccnawLFd.ltrans4.ltrans.o
 .ARM.attributes
                0x00000152       0x37 C:\Users\ALEJAN~1\AppData\Local\Temp\ccnawLFd.ltrans5.ltrans.o
 .ARM.attributes
                0x00000189       0x37 C:\Users\ALEJAN~1\AppData\Local\Temp\ccnawLFd.ltrans7.ltrans.o
 .ARM.attributes
                0x000001c0       0x37 C:\Users\ALEJAN~1\AppData\Local\Temp\ccnawLFd.ltrans8.ltrans.o
 .ARM.attributes
                0x000001f7       0x37 C:\Users\ALEJAN~1\AppData\Local\Temp\ccnawLFd.ltrans9.ltrans.o
 .ARM.attributes
                0x0000022e       0x37 C:\Users\ALEJAN~1\AppData\Local\Temp\ccnawLFd.ltrans11.ltrans.o
 .ARM.attributes
                0x00000265       0x37 C:\Users\ALEJAN~1\AppData\Local\Temp\ccnawLFd.ltrans12.ltrans.o
 .ARM.attributes
                0x0000029c       0x37 C:\Users\ALEJAN~1\AppData\Local\Temp\ccnawLFd.ltrans13.ltrans.o
 .ARM.attributes
                0x000002d3       0x37 C:\Users\ALEJAN~1\AppData\Local\Temp\ccnawLFd.ltrans15.ltrans.o
 .ARM.attributes
                0x0000030a       0x37 C:\Users\ALEJAN~1\AppData\Local\Temp\ccnawLFd.ltrans17.ltrans.o
 .ARM.attributes
                0x00000341       0x37 C:\Users\ALEJAN~1\AppData\Local\Temp\ccnawLFd.ltrans18.ltrans.o
 .ARM.attributes
                0x00000378       0x37 C:\Users\ALEJAN~1\AppData\Local\Temp\ccnawLFd.ltrans19.ltrans.o
 .ARM.attributes
                0x000003af       0x37 C:\Users\ALEJAN~1\AppData\Local\Temp\ccnawLFd.ltrans20.ltrans.o
 .ARM.attributes
                0x000003e6       0x37 C:\Users\ALEJAN~1\AppData\Local\Temp\ccnawLFd.ltrans21.ltrans.o
 .ARM.attributes
                0x0000041d       0x37 C:\Users\ALEJAN~1\AppData\Local\Temp\ccnawLFd.ltrans23.ltrans.o
 .ARM.attributes
                0x00000454       0x37 C:\Users\ALEJAN~1\AppData\Local\Temp\ccnawLFd.ltrans24.ltrans.o
 .ARM.attributes
                0x0000048b       0x37 C:\Users\ALEJAN~1\AppData\Local\Temp\ccnawLFd.ltrans25.ltrans.o
 .ARM.attributes
                0x000004c2       0x37 C:\Users\ALEJAN~1\AppData\Local\Temp\ccnawLFd.ltrans26.ltrans.o
 .ARM.attributes
                0x000004f9       0x22 c:/freescale/kds_v3/toolchain/bin/../lib/gcc/arm-none-eabi/4.8.4/armv7e-m/fpu\libgcc.a(_arm_addsubdf3.o)
 .ARM.attributes
                0x0000051b       0x22 c:/freescale/kds_v3/toolchain/bin/../lib/gcc/arm-none-eabi/4.8.4/armv7e-m/fpu\libgcc.a(_arm_truncdfsf2.o)
 .ARM.attributes
                0x0000053d       0x22 c:/freescale/kds_v3/toolchain/bin/../lib/gcc/arm-none-eabi/4.8.4/armv7e-m/fpu\libgcc.a(_aeabi_uldivmod.o)
 .ARM.attributes
                0x0000055f       0x34 c:/freescale/kds_v3/toolchain/bin/../lib/gcc/arm-none-eabi/4.8.4/armv7e-m/fpu\libgcc.a(bpabi.o)
 .ARM.attributes
                0x00000593       0x22 c:/freescale/kds_v3/toolchain/bin/../lib/gcc/arm-none-eabi/4.8.4/armv7e-m/fpu\libgcc.a(_dvmd_tls.o)
 .ARM.attributes
                0x000005b5       0x34 c:/freescale/kds_v3/toolchain/bin/../lib/gcc/arm-none-eabi/4.8.4/armv7e-m/fpu\libgcc.a(_divdi3.o)
 .ARM.attributes
                0x000005e9       0x34 c:/freescale/kds_v3/toolchain/bin/../lib/gcc/arm-none-eabi/4.8.4/armv7e-m/fpu\libgcc.a(_udivdi3.o)
 .ARM.attributes
                0x0000061d       0x34 c:/freescale/kds_v3/toolchain/bin/../lib/gcc/arm-none-eabi/4.8.4/../../../../arm-none-eabi/lib/armv7e-m/fpu\libg_s.a(lib_a-strlen.o)
 .ARM.attributes
                0x00000651       0x1f ./startup/startup_MK64F12.o
 .ARM.attributes
                0x00000670       0x34 c:/freescale/kds_v3/toolchain/bin/../lib/gcc/arm-none-eabi/4.8.4/../../../../arm-none-eabi/lib/armv7e-m/fpu\libg_s.a(lib_a-exit.o)
 .ARM.attributes
                0x000006a4       0x34 c:/freescale/kds_v3/toolchain/bin/../lib/gcc/arm-none-eabi/4.8.4/../../../../arm-none-eabi/lib/armv7e-m/fpu\libg_s.a(lib_a-impure.o)
 .ARM.attributes
                0x000006d8       0x34 c:/freescale/kds_v3/toolchain/bin/../lib/gcc/arm-none-eabi/4.8.4/../../../../arm-none-eabi/lib/armv7e-m/fpu\libg_s.a(lib_a-init.o)
 .ARM.attributes
                0x0000070c       0x34 c:/freescale/kds_v3/toolchain/bin/../lib/gcc/arm-none-eabi/4.8.4/../../../../arm-none-eabi/lib/armv7e-m/fpu\libg_s.a(lib_a-memset.o)
 .ARM.attributes
                0x00000740       0x34 c:/freescale/kds_v3/toolchain/bin/../lib/gcc/arm-none-eabi/4.8.4/../../../../arm-none-eabi/lib/armv7e-m/fpu\libnosys.a(_exit.o)
 .ARM.attributes
                0x00000774       0x34 c:/freescale/kds_v3/toolchain/bin/../lib/gcc/arm-none-eabi/4.8.4/armv7e-m/fpu/crtend.o
 .ARM.attributes
                0x000007a8       0x22 c:/freescale/kds_v3/toolchain/bin/../lib/gcc/arm-none-eabi/4.8.4/armv7e-m/fpu/crtn.o
                0x00000001                ASSERT ((__StackLimit >= __HeapLimit), region m_data_2 overflowed with stack and heap)
OUTPUT(z_PDSs_Practica2.elf elf32-littlearm)

.debug_info     0x00000000    0x28edb
 .debug_info    0x00000000     0xc409 C:\Users\ALEJAN~1\AppData\Local\Temp\ccnawLFd.ltrans0.ltrans.o
 .debug_info    0x0000c409     0x12bb C:\Users\ALEJAN~1\AppData\Local\Temp\ccnawLFd.ltrans1.ltrans.o
 .debug_info    0x0000d6c4     0x1efe C:\Users\ALEJAN~1\AppData\Local\Temp\ccnawLFd.ltrans2.ltrans.o
 .debug_info    0x0000f5c2     0x1463 C:\Users\ALEJAN~1\AppData\Local\Temp\ccnawLFd.ltrans4.ltrans.o
 .debug_info    0x00010a25     0x1ff5 C:\Users\ALEJAN~1\AppData\Local\Temp\ccnawLFd.ltrans5.ltrans.o
 .debug_info    0x00012a1a     0x13d7 C:\Users\ALEJAN~1\AppData\Local\Temp\ccnawLFd.ltrans7.ltrans.o
 .debug_info    0x00013df1     0x1e13 C:\Users\ALEJAN~1\AppData\Local\Temp\ccnawLFd.ltrans8.ltrans.o
 .debug_info    0x00015c04     0x1737 C:\Users\ALEJAN~1\AppData\Local\Temp\ccnawLFd.ltrans9.ltrans.o
 .debug_info    0x0001733b     0x1f54 C:\Users\ALEJAN~1\AppData\Local\Temp\ccnawLFd.ltrans11.ltrans.o
 .debug_info    0x0001928f     0x1b4d C:\Users\ALEJAN~1\AppData\Local\Temp\ccnawLFd.ltrans12.ltrans.o
 .debug_info    0x0001addc     0x14bb C:\Users\ALEJAN~1\AppData\Local\Temp\ccnawLFd.ltrans13.ltrans.o
 .debug_info    0x0001c297     0x13c2 C:\Users\ALEJAN~1\AppData\Local\Temp\ccnawLFd.ltrans15.ltrans.o
 .debug_info    0x0001d659     0x1d44 C:\Users\ALEJAN~1\AppData\Local\Temp\ccnawLFd.ltrans17.ltrans.o
 .debug_info    0x0001f39d     0x13a9 C:\Users\ALEJAN~1\AppData\Local\Temp\ccnawLFd.ltrans18.ltrans.o
 .debug_info    0x00020746      0xb89 C:\Users\ALEJAN~1\AppData\Local\Temp\ccnawLFd.ltrans19.ltrans.o
 .debug_info    0x000212cf     0x180d C:\Users\ALEJAN~1\AppData\Local\Temp\ccnawLFd.ltrans20.ltrans.o
 .debug_info    0x00022adc     0x193c C:\Users\ALEJAN~1\AppData\Local\Temp\ccnawLFd.ltrans21.ltrans.o
 .debug_info    0x00024418     0x1a8c C:\Users\ALEJAN~1\AppData\Local\Temp\ccnawLFd.ltrans23.ltrans.o
 .debug_info    0x00025ea4      0xd03 C:\Users\ALEJAN~1\AppData\Local\Temp\ccnawLFd.ltrans24.ltrans.o
 .debug_info    0x00026ba7     0x10ea C:\Users\ALEJAN~1\AppData\Local\Temp\ccnawLFd.ltrans25.ltrans.o
 .debug_info    0x00027c91     0x11e2 C:\Users\ALEJAN~1\AppData\Local\Temp\ccnawLFd.ltrans26.ltrans.o
 .debug_info    0x00028e73       0x68 ./startup/startup_MK64F12.o

.debug_abbrev   0x00000000     0x3f5e
 .debug_abbrev  0x00000000      0x599 C:\Users\ALEJAN~1\AppData\Local\Temp\ccnawLFd.ltrans0.ltrans.o
 .debug_abbrev  0x00000599      0x2b1 C:\Users\ALEJAN~1\AppData\Local\Temp\ccnawLFd.ltrans1.ltrans.o
 .debug_abbrev  0x0000084a      0x37e C:\Users\ALEJAN~1\AppData\Local\Temp\ccnawLFd.ltrans2.ltrans.o
 .debug_abbrev  0x00000bc8      0x28a C:\Users\ALEJAN~1\AppData\Local\Temp\ccnawLFd.ltrans4.ltrans.o
 .debug_abbrev  0x00000e52      0x2d5 C:\Users\ALEJAN~1\AppData\Local\Temp\ccnawLFd.ltrans5.ltrans.o
 .debug_abbrev  0x00001127      0x2c9 C:\Users\ALEJAN~1\AppData\Local\Temp\ccnawLFd.ltrans7.ltrans.o
 .debug_abbrev  0x000013f0      0x390 C:\Users\ALEJAN~1\AppData\Local\Temp\ccnawLFd.ltrans8.ltrans.o
 .debug_abbrev  0x00001780      0x281 C:\Users\ALEJAN~1\AppData\Local\Temp\ccnawLFd.ltrans9.ltrans.o
 .debug_abbrev  0x00001a01      0x31d C:\Users\ALEJAN~1\AppData\Local\Temp\ccnawLFd.ltrans11.ltrans.o
 .debug_abbrev  0x00001d1e      0x21b C:\Users\ALEJAN~1\AppData\Local\Temp\ccnawLFd.ltrans12.ltrans.o
 .debug_abbrev  0x00001f39      0x277 C:\Users\ALEJAN~1\AppData\Local\Temp\ccnawLFd.ltrans13.ltrans.o
 .debug_abbrev  0x000021b0      0x2a2 C:\Users\ALEJAN~1\AppData\Local\Temp\ccnawLFd.ltrans15.ltrans.o
 .debug_abbrev  0x00002452      0x2e3 C:\Users\ALEJAN~1\AppData\Local\Temp\ccnawLFd.ltrans17.ltrans.o
 .debug_abbrev  0x00002735      0x280 C:\Users\ALEJAN~1\AppData\Local\Temp\ccnawLFd.ltrans18.ltrans.o
 .debug_abbrev  0x000029b5      0x1fe C:\Users\ALEJAN~1\AppData\Local\Temp\ccnawLFd.ltrans19.ltrans.o
 .debug_abbrev  0x00002bb3      0x3fa C:\Users\ALEJAN~1\AppData\Local\Temp\ccnawLFd.ltrans20.ltrans.o
 .debug_abbrev  0x00002fad      0x328 C:\Users\ALEJAN~1\AppData\Local\Temp\ccnawLFd.ltrans21.ltrans.o
 .debug_abbrev  0x000032d5      0x2b6 C:\Users\ALEJAN~1\AppData\Local\Temp\ccnawLFd.ltrans23.ltrans.o
 .debug_abbrev  0x0000358b      0x3b1 C:\Users\ALEJAN~1\AppData\Local\Temp\ccnawLFd.ltrans24.ltrans.o
 .debug_abbrev  0x0000393c      0x2d0 C:\Users\ALEJAN~1\AppData\Local\Temp\ccnawLFd.ltrans25.ltrans.o
 .debug_abbrev  0x00003c0c      0x33e C:\Users\ALEJAN~1\AppData\Local\Temp\ccnawLFd.ltrans26.ltrans.o
 .debug_abbrev  0x00003f4a       0x14 ./startup/startup_MK64F12.o

.debug_aranges  0x00000000     0x1ac8
 .debug_aranges
                0x00000000      0x178 C:\Users\ALEJAN~1\AppData\Local\Temp\ccnawLFd.ltrans0.ltrans.o
 .debug_aranges
                0x00000178      0x120 C:\Users\ALEJAN~1\AppData\Local\Temp\ccnawLFd.ltrans1.ltrans.o
 .debug_aranges
                0x00000298      0x160 C:\Users\ALEJAN~1\AppData\Local\Temp\ccnawLFd.ltrans2.ltrans.o
 .debug_aranges
                0x000003f8       0xe8 C:\Users\ALEJAN~1\AppData\Local\Temp\ccnawLFd.ltrans4.ltrans.o
 .debug_aranges
                0x000004e0      0x1d8 C:\Users\ALEJAN~1\AppData\Local\Temp\ccnawLFd.ltrans5.ltrans.o
 .debug_aranges
                0x000006b8       0xf0 C:\Users\ALEJAN~1\AppData\Local\Temp\ccnawLFd.ltrans7.ltrans.o
 .debug_aranges
                0x000007a8      0x170 C:\Users\ALEJAN~1\AppData\Local\Temp\ccnawLFd.ltrans8.ltrans.o
 .debug_aranges
                0x00000918      0x108 C:\Users\ALEJAN~1\AppData\Local\Temp\ccnawLFd.ltrans9.ltrans.o
 .debug_aranges
                0x00000a20      0x158 C:\Users\ALEJAN~1\AppData\Local\Temp\ccnawLFd.ltrans11.ltrans.o
 .debug_aranges
                0x00000b78      0x1a0 C:\Users\ALEJAN~1\AppData\Local\Temp\ccnawLFd.ltrans12.ltrans.o
 .debug_aranges
                0x00000d18      0x110 C:\Users\ALEJAN~1\AppData\Local\Temp\ccnawLFd.ltrans13.ltrans.o
 .debug_aranges
                0x00000e28       0xd8 C:\Users\ALEJAN~1\AppData\Local\Temp\ccnawLFd.ltrans15.ltrans.o
 .debug_aranges
                0x00000f00      0x1c8 C:\Users\ALEJAN~1\AppData\Local\Temp\ccnawLFd.ltrans17.ltrans.o
 .debug_aranges
                0x000010c8      0x148 C:\Users\ALEJAN~1\AppData\Local\Temp\ccnawLFd.ltrans18.ltrans.o
 .debug_aranges
                0x00001210       0xe8 C:\Users\ALEJAN~1\AppData\Local\Temp\ccnawLFd.ltrans19.ltrans.o
 .debug_aranges
                0x000012f8      0x198 C:\Users\ALEJAN~1\AppData\Local\Temp\ccnawLFd.ltrans20.ltrans.o
 .debug_aranges
                0x00001490      0x180 C:\Users\ALEJAN~1\AppData\Local\Temp\ccnawLFd.ltrans21.ltrans.o
 .debug_aranges
                0x00001610      0x150 C:\Users\ALEJAN~1\AppData\Local\Temp\ccnawLFd.ltrans23.ltrans.o
 .debug_aranges
                0x00001760      0x168 C:\Users\ALEJAN~1\AppData\Local\Temp\ccnawLFd.ltrans24.ltrans.o
 .debug_aranges
                0x000018c8      0x100 C:\Users\ALEJAN~1\AppData\Local\Temp\ccnawLFd.ltrans25.ltrans.o
 .debug_aranges
                0x000019c8       0xe0 C:\Users\ALEJAN~1\AppData\Local\Temp\ccnawLFd.ltrans26.ltrans.o
 .debug_aranges
                0x00001aa8       0x20 ./startup/startup_MK64F12.o

.debug_ranges   0x00000000     0x1988
 .debug_ranges  0x00000000      0x168 C:\Users\ALEJAN~1\AppData\Local\Temp\ccnawLFd.ltrans0.ltrans.o
 .debug_ranges  0x00000168      0x110 C:\Users\ALEJAN~1\AppData\Local\Temp\ccnawLFd.ltrans1.ltrans.o
 .debug_ranges  0x00000278      0x150 C:\Users\ALEJAN~1\AppData\Local\Temp\ccnawLFd.ltrans2.ltrans.o
 .debug_ranges  0x000003c8       0xd8 C:\Users\ALEJAN~1\AppData\Local\Temp\ccnawLFd.ltrans4.ltrans.o
 .debug_ranges  0x000004a0      0x1c8 C:\Users\ALEJAN~1\AppData\Local\Temp\ccnawLFd.ltrans5.ltrans.o
 .debug_ranges  0x00000668       0xf8 C:\Users\ALEJAN~1\AppData\Local\Temp\ccnawLFd.ltrans7.ltrans.o
 .debug_ranges  0x00000760      0x160 C:\Users\ALEJAN~1\AppData\Local\Temp\ccnawLFd.ltrans8.ltrans.o
 .debug_ranges  0x000008c0       0xf8 C:\Users\ALEJAN~1\AppData\Local\Temp\ccnawLFd.ltrans9.ltrans.o
 .debug_ranges  0x000009b8      0x148 C:\Users\ALEJAN~1\AppData\Local\Temp\ccnawLFd.ltrans11.ltrans.o
 .debug_ranges  0x00000b00      0x190 C:\Users\ALEJAN~1\AppData\Local\Temp\ccnawLFd.ltrans12.ltrans.o
 .debug_ranges  0x00000c90      0x100 C:\Users\ALEJAN~1\AppData\Local\Temp\ccnawLFd.ltrans13.ltrans.o
 .debug_ranges  0x00000d90       0xc8 C:\Users\ALEJAN~1\AppData\Local\Temp\ccnawLFd.ltrans15.ltrans.o
 .debug_ranges  0x00000e58      0x1b8 C:\Users\ALEJAN~1\AppData\Local\Temp\ccnawLFd.ltrans17.ltrans.o
 .debug_ranges  0x00001010      0x138 C:\Users\ALEJAN~1\AppData\Local\Temp\ccnawLFd.ltrans18.ltrans.o
 .debug_ranges  0x00001148       0xd8 C:\Users\ALEJAN~1\AppData\Local\Temp\ccnawLFd.ltrans19.ltrans.o
 .debug_ranges  0x00001220      0x188 C:\Users\ALEJAN~1\AppData\Local\Temp\ccnawLFd.ltrans20.ltrans.o
 .debug_ranges  0x000013a8      0x188 C:\Users\ALEJAN~1\AppData\Local\Temp\ccnawLFd.ltrans21.ltrans.o
 .debug_ranges  0x00001530      0x140 C:\Users\ALEJAN~1\AppData\Local\Temp\ccnawLFd.ltrans23.ltrans.o
 .debug_ranges  0x00001670      0x158 C:\Users\ALEJAN~1\AppData\Local\Temp\ccnawLFd.ltrans24.ltrans.o
 .debug_ranges  0x000017c8       0xf0 C:\Users\ALEJAN~1\AppData\Local\Temp\ccnawLFd.ltrans25.ltrans.o
 .debug_ranges  0x000018b8       0xd0 C:\Users\ALEJAN~1\AppData\Local\Temp\ccnawLFd.ltrans26.ltrans.o

.debug_line     0x00000000     0x838f
 .debug_line    0x00000000      0xbf7 C:\Users\ALEJAN~1\AppData\Local\Temp\ccnawLFd.ltrans0.ltrans.o
 .debug_line    0x00000bf7      0x4dc C:\Users\ALEJAN~1\AppData\Local\Temp\ccnawLFd.ltrans1.ltrans.o
 .debug_line    0x000010d3      0x6db C:\Users\ALEJAN~1\AppData\Local\Temp\ccnawLFd.ltrans2.ltrans.o
 .debug_line    0x000017ae      0x419 C:\Users\ALEJAN~1\AppData\Local\Temp\ccnawLFd.ltrans4.ltrans.o
 .debug_line    0x00001bc7      0x7bf C:\Users\ALEJAN~1\AppData\Local\Temp\ccnawLFd.ltrans5.ltrans.o
 .debug_line    0x00002386      0x4ca C:\Users\ALEJAN~1\AppData\Local\Temp\ccnawLFd.ltrans7.ltrans.o
 .debug_line    0x00002850      0x6c5 C:\Users\ALEJAN~1\AppData\Local\Temp\ccnawLFd.ltrans8.ltrans.o
 .debug_line    0x00002f15      0x4b0 C:\Users\ALEJAN~1\AppData\Local\Temp\ccnawLFd.ltrans9.ltrans.o
 .debug_line    0x000033c5      0x688 C:\Users\ALEJAN~1\AppData\Local\Temp\ccnawLFd.ltrans11.ltrans.o
 .debug_line    0x00003a4d      0x5ee C:\Users\ALEJAN~1\AppData\Local\Temp\ccnawLFd.ltrans12.ltrans.o
 .debug_line    0x0000403b      0x455 C:\Users\ALEJAN~1\AppData\Local\Temp\ccnawLFd.ltrans13.ltrans.o
 .debug_line    0x00004490      0x508 C:\Users\ALEJAN~1\AppData\Local\Temp\ccnawLFd.ltrans15.ltrans.o
 .debug_line    0x00004998      0x6ce C:\Users\ALEJAN~1\AppData\Local\Temp\ccnawLFd.ltrans17.ltrans.o
 .debug_line    0x00005066      0x4dc C:\Users\ALEJAN~1\AppData\Local\Temp\ccnawLFd.ltrans18.ltrans.o
 .debug_line    0x00005542      0x407 C:\Users\ALEJAN~1\AppData\Local\Temp\ccnawLFd.ltrans19.ltrans.o
 .debug_line    0x00005949      0x6df C:\Users\ALEJAN~1\AppData\Local\Temp\ccnawLFd.ltrans20.ltrans.o
 .debug_line    0x00006028      0x7b2 C:\Users\ALEJAN~1\AppData\Local\Temp\ccnawLFd.ltrans21.ltrans.o
 .debug_line    0x000067da      0x8e0 C:\Users\ALEJAN~1\AppData\Local\Temp\ccnawLFd.ltrans23.ltrans.o
 .debug_line    0x000070ba      0x670 C:\Users\ALEJAN~1\AppData\Local\Temp\ccnawLFd.ltrans24.ltrans.o
 .debug_line    0x0000772a      0x46e C:\Users\ALEJAN~1\AppData\Local\Temp\ccnawLFd.ltrans25.ltrans.o
 .debug_line    0x00007b98      0x685 C:\Users\ALEJAN~1\AppData\Local\Temp\ccnawLFd.ltrans26.ltrans.o
 .debug_line    0x0000821d      0x172 ./startup/startup_MK64F12.o

.debug_str      0x00000000    0x126aa
 .debug_str     0x00000000     0xb9cf C:\Users\ALEJAN~1\AppData\Local\Temp\ccnawLFd.ltrans0.ltrans.o
                               0xbca1 (size before relaxing)
 .debug_str     0x0000b9cf      0x2d4 C:\Users\ALEJAN~1\AppData\Local\Temp\ccnawLFd.ltrans1.ltrans.o
                                0xc30 (size before relaxing)
 .debug_str     0x0000bca3      0x5aa C:\Users\ALEJAN~1\AppData\Local\Temp\ccnawLFd.ltrans2.ltrans.o
                               0x1af0 (size before relaxing)
 .debug_str     0x0000c24d      0x1fa C:\Users\ALEJAN~1\AppData\Local\Temp\ccnawLFd.ltrans4.ltrans.o
                                0xb87 (size before relaxing)
 .debug_str     0x0000c447      0x8e0 C:\Users\ALEJAN~1\AppData\Local\Temp\ccnawLFd.ltrans5.ltrans.o
                               0x1d7b (size before relaxing)
 .debug_str     0x0000cd27      0x270 C:\Users\ALEJAN~1\AppData\Local\Temp\ccnawLFd.ltrans7.ltrans.o
                                0xdc0 (size before relaxing)
 .debug_str     0x0000cf97      0x5ef C:\Users\ALEJAN~1\AppData\Local\Temp\ccnawLFd.ltrans8.ltrans.o
                               0x1cb2 (size before relaxing)
 .debug_str     0x0000d586      0x18c C:\Users\ALEJAN~1\AppData\Local\Temp\ccnawLFd.ltrans9.ltrans.o
                               0x1320 (size before relaxing)
 .debug_str     0x0000d712      0xe85 C:\Users\ALEJAN~1\AppData\Local\Temp\ccnawLFd.ltrans11.ltrans.o
                               0x1cc8 (size before relaxing)
 .debug_str     0x0000e597      0x499 C:\Users\ALEJAN~1\AppData\Local\Temp\ccnawLFd.ltrans12.ltrans.o
                               0x190f (size before relaxing)
 .debug_str     0x0000ea30      0x13b C:\Users\ALEJAN~1\AppData\Local\Temp\ccnawLFd.ltrans13.ltrans.o
                               0x1047 (size before relaxing)
 .debug_str     0x0000eb6b      0x350 C:\Users\ALEJAN~1\AppData\Local\Temp\ccnawLFd.ltrans15.ltrans.o
                                0xffc (size before relaxing)
 .debug_str     0x0000eebb      0x67c C:\Users\ALEJAN~1\AppData\Local\Temp\ccnawLFd.ltrans17.ltrans.o
                               0x1cda (size before relaxing)
 .debug_str     0x0000f537      0x3f2 C:\Users\ALEJAN~1\AppData\Local\Temp\ccnawLFd.ltrans18.ltrans.o
                               0x1405 (size before relaxing)
 .debug_str     0x0000f929      0x3c4 C:\Users\ALEJAN~1\AppData\Local\Temp\ccnawLFd.ltrans19.ltrans.o
                                0x991 (size before relaxing)
 .debug_str     0x0000fced      0xba4 C:\Users\ALEJAN~1\AppData\Local\Temp\ccnawLFd.ltrans20.ltrans.o
                               0x1895 (size before relaxing)
 .debug_str     0x00010891      0x8f0 C:\Users\ALEJAN~1\AppData\Local\Temp\ccnawLFd.ltrans21.ltrans.o
                                0xedb (size before relaxing)
 .debug_str     0x00011181      0x6fe C:\Users\ALEJAN~1\AppData\Local\Temp\ccnawLFd.ltrans23.ltrans.o
                                0xac7 (size before relaxing)
 .debug_str     0x0001187f      0x443 C:\Users\ALEJAN~1\AppData\Local\Temp\ccnawLFd.ltrans24.ltrans.o
                                0xcca (size before relaxing)
 .debug_str     0x00011cc2      0x393 C:\Users\ALEJAN~1\AppData\Local\Temp\ccnawLFd.ltrans25.ltrans.o
                               0x134d (size before relaxing)
 .debug_str     0x00012055      0x655 C:\Users\ALEJAN~1\AppData\Local\Temp\ccnawLFd.ltrans26.ltrans.o
                                0xd22 (size before relaxing)

.comment        0x00000000       0x70
 .comment       0x00000000       0x70 C:\Users\ALEJAN~1\AppData\Local\Temp\ccnawLFd.ltrans0.ltrans.o
                                 0x71 (size before relaxing)
 .comment       0x00000000       0x71 C:\Users\ALEJAN~1\AppData\Local\Temp\ccnawLFd.ltrans1.ltrans.o
 .comment       0x00000000       0x71 C:\Users\ALEJAN~1\AppData\Local\Temp\ccnawLFd.ltrans2.ltrans.o
 .comment       0x00000000       0x71 C:\Users\ALEJAN~1\AppData\Local\Temp\ccnawLFd.ltrans4.ltrans.o
 .comment       0x00000000       0x71 C:\Users\ALEJAN~1\AppData\Local\Temp\ccnawLFd.ltrans5.ltrans.o
 .comment       0x00000000       0x71 C:\Users\ALEJAN~1\AppData\Local\Temp\ccnawLFd.ltrans7.ltrans.o
 .comment       0x00000000       0x71 C:\Users\ALEJAN~1\AppData\Local\Temp\ccnawLFd.ltrans8.ltrans.o
 .comment       0x00000000       0x71 C:\Users\ALEJAN~1\AppData\Local\Temp\ccnawLFd.ltrans9.ltrans.o
 .comment       0x00000000       0x71 C:\Users\ALEJAN~1\AppData\Local\Temp\ccnawLFd.ltrans11.ltrans.o
 .comment       0x00000000       0x71 C:\Users\ALEJAN~1\AppData\Local\Temp\ccnawLFd.ltrans12.ltrans.o
 .comment       0x00000000       0x71 C:\Users\ALEJAN~1\AppData\Local\Temp\ccnawLFd.ltrans13.ltrans.o
 .comment       0x00000000       0x71 C:\Users\ALEJAN~1\AppData\Local\Temp\ccnawLFd.ltrans15.ltrans.o
 .comment       0x00000000       0x71 C:\Users\ALEJAN~1\AppData\Local\Temp\ccnawLFd.ltrans17.ltrans.o
 .comment       0x00000000       0x71 C:\Users\ALEJAN~1\AppData\Local\Temp\ccnawLFd.ltrans18.ltrans.o
 .comment       0x00000000       0x71 C:\Users\ALEJAN~1\AppData\Local\Temp\ccnawLFd.ltrans19.ltrans.o
 .comment       0x00000000       0x71 C:\Users\ALEJAN~1\AppData\Local\Temp\ccnawLFd.ltrans20.ltrans.o
 .comment       0x00000000       0x71 C:\Users\ALEJAN~1\AppData\Local\Temp\ccnawLFd.ltrans21.ltrans.o
 .comment       0x00000000       0x71 C:\Users\ALEJAN~1\AppData\Local\Temp\ccnawLFd.ltrans23.ltrans.o
 .comment       0x00000000       0x71 C:\Users\ALEJAN~1\AppData\Local\Temp\ccnawLFd.ltrans24.ltrans.o
 .comment       0x00000000       0x71 C:\Users\ALEJAN~1\AppData\Local\Temp\ccnawLFd.ltrans25.ltrans.o
 .comment       0x00000000       0x71 C:\Users\ALEJAN~1\AppData\Local\Temp\ccnawLFd.ltrans26.ltrans.o

.debug_frame    0x00000000     0x5f5c