Archive member included because of file (symbol)

c:/freescale/kds_v3/toolchain/bin/../lib/gcc/arm-none-eabi/4.8.4/armv7e-m/fpu\libgcc.a(_arm_addsubdf3.o)
                              ./Sources/UART.o (__aeabi_dsub)
c:/freescale/kds_v3/toolchain/bin/../lib/gcc/arm-none-eabi/4.8.4/armv7e-m/fpu\libgcc.a(_arm_muldivdf3.o)
                              ./Sources/FlexTimer.o (__aeabi_dmul)
c:/freescale/kds_v3/toolchain/bin/../lib/gcc/arm-none-eabi/4.8.4/armv7e-m/fpu\libgcc.a(_arm_fixunsdfsi.o)
                              ./Sources/UART.o (__aeabi_d2uiz)
c:/freescale/kds_v3/toolchain/bin/../lib/gcc/arm-none-eabi/4.8.4/armv7e-m/fpu\libgcc.a(_arm_truncdfsf2.o)
                              ./Sources/FlexTimer.o (__aeabi_d2f)
c:/freescale/kds_v3/toolchain/bin/../lib/gcc/arm-none-eabi/4.8.4/../../../../arm-none-eabi/lib/armv7e-m/fpu\libg_s.a(lib_a-exit.o)
                              c:/freescale/kds_v3/toolchain/bin/../lib/gcc/arm-none-eabi/4.8.4/../../../../arm-none-eabi/lib/armv7e-m/fpu/crt0.o (exit)
c:/freescale/kds_v3/toolchain/bin/../lib/gcc/arm-none-eabi/4.8.4/../../../../arm-none-eabi/lib/armv7e-m/fpu\libg_s.a(lib_a-impure.o)
                              c:/freescale/kds_v3/toolchain/bin/../lib/gcc/arm-none-eabi/4.8.4/../../../../arm-none-eabi/lib/armv7e-m/fpu\libg_s.a(lib_a-exit.o) (_global_impure_ptr)
c:/freescale/kds_v3/toolchain/bin/../lib/gcc/arm-none-eabi/4.8.4/../../../../arm-none-eabi/lib/armv7e-m/fpu\libg_s.a(lib_a-init.o)
                              c:/freescale/kds_v3/toolchain/bin/../lib/gcc/arm-none-eabi/4.8.4/../../../../arm-none-eabi/lib/armv7e-m/fpu/crt0.o (__libc_init_array)
c:/freescale/kds_v3/toolchain/bin/../lib/gcc/arm-none-eabi/4.8.4/../../../../arm-none-eabi/lib/armv7e-m/fpu\libg_s.a(lib_a-memset.o)
                              c:/freescale/kds_v3/toolchain/bin/../lib/gcc/arm-none-eabi/4.8.4/../../../../arm-none-eabi/lib/armv7e-m/fpu/crt0.o (memset)
c:/freescale/kds_v3/toolchain/bin/../lib/gcc/arm-none-eabi/4.8.4/../../../../arm-none-eabi/lib/armv7e-m/fpu\libnosys.a(_exit.o)
                              c:/freescale/kds_v3/toolchain/bin/../lib/gcc/arm-none-eabi/4.8.4/../../../../arm-none-eabi/lib/armv7e-m/fpu\libg_s.a(lib_a-exit.o) (_exit)

Allocating common symbols
Common symbol       size              file

currentStateBluetooth_flag
                    0x1               ./Sources/menu.o
UART0_MailBox       0x2               ./Sources/UART.o
Hours               0x4               ./Sources/main.o
currentState_flag   0x1               ./Sources/menu.o
UART1_MailBox       0x2               ./Sources/UART.o
Data                0x64              ./Sources/Memory.o
funwithFlags        0x1               ./Sources/GPIO.o

Discarded input sections

 .text          0x00000000        0x0 c:/freescale/kds_v3/toolchain/bin/../lib/gcc/arm-none-eabi/4.8.4/armv7e-m/fpu/crti.o
 .data          0x00000000        0x0 c:/freescale/kds_v3/toolchain/bin/../lib/gcc/arm-none-eabi/4.8.4/armv7e-m/fpu/crti.o
 .bss           0x00000000        0x0 c:/freescale/kds_v3/toolchain/bin/../lib/gcc/arm-none-eabi/4.8.4/armv7e-m/fpu/crti.o
 .data          0x00000000        0x4 c:/freescale/kds_v3/toolchain/bin/../lib/gcc/arm-none-eabi/4.8.4/armv7e-m/fpu/crtbegin.o
 .data          0x00000000        0x0 c:/freescale/kds_v3/toolchain/bin/../lib/gcc/arm-none-eabi/4.8.4/../../../../arm-none-eabi/lib/armv7e-m/fpu/crt0.o
 .bss           0x00000000        0x0 c:/freescale/kds_v3/toolchain/bin/../lib/gcc/arm-none-eabi/4.8.4/../../../../arm-none-eabi/lib/armv7e-m/fpu/crt0.o
 .ARM.extab     0x00000000        0x0 c:/freescale/kds_v3/toolchain/bin/../lib/gcc/arm-none-eabi/4.8.4/../../../../arm-none-eabi/lib/armv7e-m/fpu/crt0.o
 .group         0x00000000        0x8 ./Sources/FSMLCD.o
 .text          0x00000000        0x0 ./Sources/FSMLCD.o
 .data          0x00000000        0x0 ./Sources/FSMLCD.o
 .bss           0x00000000        0x0 ./Sources/FSMLCD.o
 .debug_info    0x00000000       0x21 ./Sources/FSMLCD.o
 .debug_abbrev  0x00000000       0x13 ./Sources/FSMLCD.o
 .debug_aranges
                0x00000000       0x18 ./Sources/FSMLCD.o
 .debug_macro   0x00000000       0x11 ./Sources/FSMLCD.o
 .debug_macro   0x00000000      0x850 ./Sources/FSMLCD.o
 .debug_line    0x00000000       0x34 ./Sources/FSMLCD.o
 .debug_str     0x00000000     0x240b ./Sources/FSMLCD.o
 .comment       0x00000000       0x71 ./Sources/FSMLCD.o
 .ARM.attributes
                0x00000000       0x39 ./Sources/FSMLCD.o
 .group         0x00000000        0x8 ./Sources/FlexTimer.o
 .group         0x00000000        0x8 ./Sources/FlexTimer.o
 .group         0x00000000        0x8 ./Sources/FlexTimer.o
 .group         0x00000000        0x8 ./Sources/FlexTimer.o
 .group         0x00000000        0x8 ./Sources/FlexTimer.o
 .group         0x00000000        0x8 ./Sources/FlexTimer.o
 .group         0x00000000        0x8 ./Sources/FlexTimer.o
 .group         0x00000000        0x8 ./Sources/FlexTimer.o
 .group         0x00000000        0x8 ./Sources/FlexTimer.o
 .group         0x00000000        0x8 ./Sources/FlexTimer.o
 .group         0x00000000        0x8 ./Sources/FlexTimer.o
 .group         0x00000000        0x8 ./Sources/FlexTimer.o
 .group         0x00000000        0x8 ./Sources/FlexTimer.o
 .group         0x00000000        0x8 ./Sources/FlexTimer.o
 .text          0x00000000        0x0 ./Sources/FlexTimer.o
 .data          0x00000000        0x0 ./Sources/FlexTimer.o
 .bss           0x00000000        0x0 ./Sources/FlexTimer.o
 .data.FTMx_SC  0x00000000        0xc ./Sources/FlexTimer.o
 .data.FTMx_MODE
                0x00000000        0xc ./Sources/FlexTimer.o
 .data.FTMx_MOD
                0x00000000        0xc ./Sources/FlexTimer.o
 .data.FTMx_C0SC
                0x00000000        0xc ./Sources/FlexTimer.o
 .data.FTMx_CONF
                0x00000000        0xc ./Sources/FlexTimer.o
 .data.FTMx_COMBINE
                0x00000000        0xc ./Sources/FlexTimer.o
 .data.FTMx_C0V
                0x00000000        0xc ./Sources/FlexTimer.o
 .bss.tempValue
                0x00000000        0x4 ./Sources/FlexTimer.o
 .text.FTM_ClockGating
                0x00000000       0x74 ./Sources/FlexTimer.o
 .text.FTM_Stat_Control
                0x00000000       0x5c ./Sources/FlexTimer.o
 .text.FTM_MODE
                0x00000000       0x48 ./Sources/FlexTimer.o
 .text.FTM_MOD  0x00000000       0x34 ./Sources/FlexTimer.o
 .text.FTM_C0SC
                0x00000000       0x58 ./Sources/FlexTimer.o
 .text.FTM_CONF
                0x00000000       0x34 ./Sources/FlexTimer.o
 .text.FTM_COMBINE
                0x00000000       0x34 ./Sources/FlexTimer.o
 .text.FTM_updateCHValue
                0x00000000       0x24 ./Sources/FlexTimer.o
 .text.FTM_Init
                0x00000000       0x6c ./Sources/FlexTimer.o
 .text.frecuency_value
                0x00000000       0x1c ./Sources/FlexTimer.o
 .text.temp_value
                0x00000000       0x1c ./Sources/FlexTimer.o
 .text.clean_frecuency
                0x00000000       0x18 ./Sources/FlexTimer.o
 .debug_macro   0x00000000      0x850 ./Sources/FlexTimer.o
 .group         0x00000000        0x8 ./Sources/GPIO.o
 .group         0x00000000        0x8 ./Sources/GPIO.o
 .group         0x00000000        0x8 ./Sources/GPIO.o
 .group         0x00000000        0x8 ./Sources/GPIO.o
 .group         0x00000000        0x8 ./Sources/GPIO.o
 .group         0x00000000        0x8 ./Sources/GPIO.o
 .group         0x00000000        0x8 ./Sources/GPIO.o
 .group         0x00000000        0x8 ./Sources/GPIO.o
 .group         0x00000000        0x8 ./Sources/GPIO.o
 .group         0x00000000        0x8 ./Sources/GPIO.o
 .group         0x00000000        0x8 ./Sources/GPIO.o
 .group         0x00000000        0x8 ./Sources/GPIO.o
 .group         0x00000000        0x8 ./Sources/GPIO.o
 .text          0x00000000        0x0 ./Sources/GPIO.o
 .data          0x00000000        0x0 ./Sources/GPIO.o
 .bss           0x00000000        0x0 ./Sources/GPIO.o
 .text.clearFlag_Button
                0x00000000       0x88 ./Sources/GPIO.o
 .text.clearAllFlag
                0x00000000       0x18 ./Sources/GPIO.o
 .text.checkFlagStatus
                0x00000000       0x18 ./Sources/GPIO.o
 .text.readFlag_Button
                0x00000000       0x88 ./Sources/GPIO.o
 .text.GPIO_writePORT
                0x00000000       0x74 ./Sources/GPIO.o
 .text.GPIO_readPORT
                0x00000000       0x6c ./Sources/GPIO.o
 .text.GPIO_readPIN
                0x00000000       0xc4 ./Sources/GPIO.o
 .text.GPIO_setPIN
                0x00000000       0xb8 ./Sources/GPIO.o
 .text.GPIO_clearPIN
                0x00000000       0xb8 ./Sources/GPIO.o
 .text.GPIO_dataDirectionPORT
                0x00000000       0x74 ./Sources/GPIO.o
 .text.GPIO_dataDirectionPIN
                0x00000000       0xc0 ./Sources/GPIO.o
 .debug_macro   0x00000000      0x850 ./Sources/GPIO.o
 .debug_macro   0x00000000       0x16 ./Sources/GPIO.o
 .debug_macro   0x00000000       0x16 ./Sources/GPIO.o
 .debug_macro   0x00000000       0x44 ./Sources/GPIO.o
 .debug_macro   0x00000000      0x209 ./Sources/GPIO.o
 .debug_macro   0x00000000       0x56 ./Sources/GPIO.o
 .debug_macro   0x00000000       0x3b ./Sources/GPIO.o
 .debug_macro   0x00000000       0x34 ./Sources/GPIO.o
 .debug_macro   0x00000000       0x26 ./Sources/GPIO.o
 .debug_macro   0x00000000      0xd1d ./Sources/GPIO.o
 .debug_macro   0x00000000       0x78 ./Sources/GPIO.o
 .debug_macro   0x00000000    0x175e0 ./Sources/GPIO.o
 .group         0x00000000        0x8 ./Sources/GlobalFunctions.o
 .text          0x00000000        0x0 ./Sources/GlobalFunctions.o
 .data          0x00000000        0x0 ./Sources/GlobalFunctions.o
 .bss           0x00000000        0x0 ./Sources/GlobalFunctions.o
 .debug_macro   0x00000000      0x850 ./Sources/GlobalFunctions.o
 .group         0x00000000        0x8 ./Sources/I2C.o
 .group         0x00000000        0x8 ./Sources/I2C.o
 .group         0x00000000        0x8 ./Sources/I2C.o
 .group         0x00000000        0x8 ./Sources/I2C.o
 .group         0x00000000        0x8 ./Sources/I2C.o
 .group         0x00000000        0x8 ./Sources/I2C.o
 .group         0x00000000        0x8 ./Sources/I2C.o
 .group         0x00000000        0x8 ./Sources/I2C.o
 .group         0x00000000        0x8 ./Sources/I2C.o
 .group         0x00000000        0x8 ./Sources/I2C.o
 .group         0x00000000        0x8 ./Sources/I2C.o
 .group         0x00000000        0x8 ./Sources/I2C.o
 .group         0x00000000        0x8 ./Sources/I2C.o
 .group         0x00000000        0x8 ./Sources/I2C.o
 .text          0x00000000        0x0 ./Sources/I2C.o
 .data          0x00000000        0x0 ./Sources/I2C.o
 .bss           0x00000000        0x0 ./Sources/I2C.o
 .text.I2C_busy
                0x00000000       0x30 ./Sources/I2C.o
 .debug_macro   0x00000000      0x850 ./Sources/I2C.o
 .debug_macro   0x00000000       0x16 ./Sources/I2C.o
 .debug_macro   0x00000000       0x16 ./Sources/I2C.o
 .debug_macro   0x00000000       0x44 ./Sources/I2C.o
 .debug_macro   0x00000000      0x209 ./Sources/I2C.o
 .debug_macro   0x00000000       0x56 ./Sources/I2C.o
 .debug_macro   0x00000000       0x3b ./Sources/I2C.o
 .debug_macro   0x00000000       0x34 ./Sources/I2C.o
 .debug_macro   0x00000000       0x26 ./Sources/I2C.o
 .debug_macro   0x00000000      0xd1d ./Sources/I2C.o
 .debug_macro   0x00000000       0x78 ./Sources/I2C.o
 .debug_macro   0x00000000    0x175e0 ./Sources/I2C.o
 .debug_macro   0x00000000       0xa6 ./Sources/I2C.o
 .group         0x00000000        0x8 ./Sources/LCDNokia5110.o
 .group         0x00000000        0x8 ./Sources/LCDNokia5110.o
 .group         0x00000000        0x8 ./Sources/LCDNokia5110.o
 .group         0x00000000        0x8 ./Sources/LCDNokia5110.o
 .group         0x00000000        0x8 ./Sources/LCDNokia5110.o
 .group         0x00000000        0x8 ./Sources/LCDNokia5110.o
 .group         0x00000000        0x8 ./Sources/LCDNokia5110.o
 .group         0x00000000        0x8 ./Sources/LCDNokia5110.o
 .group         0x00000000        0x8 ./Sources/LCDNokia5110.o
 .group         0x00000000        0x8 ./Sources/LCDNokia5110.o
 .group         0x00000000        0x8 ./Sources/LCDNokia5110.o
 .group         0x00000000        0x8 ./Sources/LCDNokia5110.o
 .group         0x00000000        0x8 ./Sources/LCDNokia5110.o
 .group         0x00000000        0x8 ./Sources/LCDNokia5110.o
 .group         0x00000000        0x8 ./Sources/LCDNokia5110.o
 .text          0x00000000        0x0 ./Sources/LCDNokia5110.o
 .data          0x00000000        0x0 ./Sources/LCDNokia5110.o
 .bss           0x00000000        0x0 ./Sources/LCDNokia5110.o
 .rodata.ASCII  0x00000000      0x1e0 ./Sources/LCDNokia5110.o
 .text.LCDNokia_init
                0x00000000       0x90 ./Sources/LCDNokia5110.o
 .text.LCDNokia_bitmap
                0x00000000       0x38 ./Sources/LCDNokia5110.o
 .text.LCDNokia_writeByte
                0x00000000       0x40 ./Sources/LCDNokia5110.o
 .text.LCDNokia_sendChar
                0x00000000       0x58 ./Sources/LCDNokia5110.o
 .text.LCDNokia_sendString
                0x00000000       0x28 ./Sources/LCDNokia5110.o
 .text.LCDNokia_clear
                0x00000000       0x34 ./Sources/LCDNokia5110.o
 .text.LCDNokia_gotoXY
                0x00000000       0x34 ./Sources/LCDNokia5110.o
 .text.LCD_delay
                0x00000000       0x28 ./Sources/LCDNokia5110.o
 .debug_info    0x00000000      0x38d ./Sources/LCDNokia5110.o
 .debug_abbrev  0x00000000       0xeb ./Sources/LCDNokia5110.o
 .debug_aranges
                0x00000000       0x58 ./Sources/LCDNokia5110.o
 .debug_ranges  0x00000000       0x48 ./Sources/LCDNokia5110.o
 .debug_macro   0x00000000       0xbe ./Sources/LCDNokia5110.o
 .debug_macro   0x00000000      0x850 ./Sources/LCDNokia5110.o
 .debug_macro   0x00000000       0xa0 ./Sources/LCDNokia5110.o
 .debug_macro   0x00000000       0x16 ./Sources/LCDNokia5110.o
 .debug_macro   0x00000000       0x16 ./Sources/LCDNokia5110.o
 .debug_macro   0x00000000       0x44 ./Sources/LCDNokia5110.o
 .debug_macro   0x00000000      0x209 ./Sources/LCDNokia5110.o
 .debug_macro   0x00000000       0x56 ./Sources/LCDNokia5110.o
 .debug_macro   0x00000000       0x3b ./Sources/LCDNokia5110.o
 .debug_macro   0x00000000       0x34 ./Sources/LCDNokia5110.o
 .debug_macro   0x00000000       0x26 ./Sources/LCDNokia5110.o
 .debug_macro   0x00000000      0xd1d ./Sources/LCDNokia5110.o
 .debug_macro   0x00000000       0x78 ./Sources/LCDNokia5110.o
 .debug_macro   0x00000000    0x175e0 ./Sources/LCDNokia5110.o
 .debug_macro   0x00000000       0xe8 ./Sources/LCDNokia5110.o
 .debug_macro   0x00000000       0x3a ./Sources/LCDNokia5110.o
 .debug_line    0x00000000      0x2fb ./Sources/LCDNokia5110.o
 .debug_str     0x00000000    0x8fc81 ./Sources/LCDNokia5110.o
 .comment       0x00000000       0x71 ./Sources/LCDNokia5110.o
 .ARM.attributes
                0x00000000       0x39 ./Sources/LCDNokia5110.o
 .debug_frame   0x00000000      0x10c ./Sources/LCDNokia5110.o
 .group         0x00000000        0x8 ./Sources/LCDNokia5110Images.o
 .text          0x00000000        0x0 ./Sources/LCDNokia5110Images.o
 .data          0x00000000        0x0 ./Sources/LCDNokia5110Images.o
 .bss           0x00000000        0x0 ./Sources/LCDNokia5110Images.o
 .rodata.ITESO  0x00000000      0x1f8 ./Sources/LCDNokia5110Images.o
 .debug_info    0x00000000       0x85 ./Sources/LCDNokia5110Images.o
 .debug_abbrev  0x00000000       0x55 ./Sources/LCDNokia5110Images.o
 .debug_aranges
                0x00000000       0x18 ./Sources/LCDNokia5110Images.o
 .debug_macro   0x00000000       0x25 ./Sources/LCDNokia5110Images.o
 .debug_macro   0x00000000      0x850 ./Sources/LCDNokia5110Images.o
 .debug_line    0x00000000       0x71 ./Sources/LCDNokia5110Images.o
 .debug_str     0x00000000     0x24ae ./Sources/LCDNokia5110Images.o
 .comment       0x00000000       0x71 ./Sources/LCDNokia5110Images.o
 .ARM.attributes
                0x00000000       0x39 ./Sources/LCDNokia5110Images.o
 .group         0x00000000        0x8 ./Sources/MCG.o
 .group         0x00000000        0x8 ./Sources/MCG.o
 .group         0x00000000        0x8 ./Sources/MCG.o
 .group         0x00000000        0x8 ./Sources/MCG.o
 .group         0x00000000        0x8 ./Sources/MCG.o
 .group         0x00000000        0x8 ./Sources/MCG.o
 .group         0x00000000        0x8 ./Sources/MCG.o
 .group         0x00000000        0x8 ./Sources/MCG.o
 .group         0x00000000        0x8 ./Sources/MCG.o
 .group         0x00000000        0x8 ./Sources/MCG.o
 .group         0x00000000        0x8 ./Sources/MCG.o
 .group         0x00000000        0x8 ./Sources/MCG.o
 .group         0x00000000        0x8 ./Sources/MCG.o
 .text          0x00000000        0x0 ./Sources/MCG.o
 .data          0x00000000        0x0 ./Sources/MCG.o
 .bss           0x00000000        0x0 ./Sources/MCG.o
 .text.pll_init
                0x00000000      0x3f4 ./Sources/MCG.o
 .text.fll_rtc_init
                0x00000000       0x20 ./Sources/MCG.o
 .text.pee_pbe  0x00000000       0x98 ./Sources/MCG.o
 .text.pbe_pee  0x00000000      0x108 ./Sources/MCG.o
 .text.pbe_fbe  0x00000000       0xa0 ./Sources/MCG.o
 .text.fbe_pbe  0x00000000      0x1a8 ./Sources/MCG.o
 .text.pbe_blpe
                0x00000000       0x68 ./Sources/MCG.o
 .text.blpe_pbe
                0x00000000      0x178 ./Sources/MCG.o
 .text.blpe_fbe
                0x00000000       0xa4 ./Sources/MCG.o
 .text.fbe_blpe
                0x00000000       0x68 ./Sources/MCG.o
 .text.fbe_fei  0x00000000      0x120 ./Sources/MCG.o
 .text.fei_fbe  0x00000000      0x26c ./Sources/MCG.o
 .text.fbe_fee  0x00000000       0xfc ./Sources/MCG.o
 .text.fee_fbe  0x00000000       0x98 ./Sources/MCG.o
 .text.fbe_fbi  0x00000000      0x1f8 ./Sources/MCG.o
 .text.fbi_fbe  0x00000000      0x27c ./Sources/MCG.o
 .text.fbi_blpi
                0x00000000       0x90 ./Sources/MCG.o
 .text.blpi_fbi
                0x00000000       0x90 ./Sources/MCG.o
 .text.fbi_fee  0x00000000      0x2b4 ./Sources/MCG.o
 .text.fee_fbi  0x00000000      0x1e0 ./Sources/MCG.o
 .text.fbi_fei  0x00000000      0x110 ./Sources/MCG.o
 .text.fei_fbi  0x00000000      0x1a4 ./Sources/MCG.o
 .text.fei_fee  0x00000000      0x268 ./Sources/MCG.o
 .text.fee_fei  0x00000000       0xc8 ./Sources/MCG.o
 .text.fei_fee_rtc
                0x00000000      0x228 ./Sources/MCG.o
 .text.fee_fei_rtc
                0x00000000       0xd8 ./Sources/MCG.o
 .text.atc      0x00000000      0x2a0 ./Sources/MCG.o
 .text.fll_freq
                0x00000000      0x1cc ./Sources/MCG.o
 .text.what_mcg_mode
                0x00000000      0x1cc ./Sources/MCG.o
 .text.clk_monitor_0
                0x00000000       0x40 ./Sources/MCG.o
 .debug_info    0x00000000      0xe53 ./Sources/MCG.o
 .debug_abbrev  0x00000000      0x1f1 ./Sources/MCG.o
 .debug_aranges
                0x00000000      0x108 ./Sources/MCG.o
 .debug_ranges  0x00000000       0xf8 ./Sources/MCG.o
 .debug_macro   0x00000000       0x96 ./Sources/MCG.o
 .debug_macro   0x00000000      0x850 ./Sources/MCG.o
 .debug_macro   0x00000000       0x8e ./Sources/MCG.o
 .debug_macro   0x00000000       0x16 ./Sources/MCG.o
 .debug_macro   0x00000000       0x16 ./Sources/MCG.o
 .debug_macro   0x00000000       0x44 ./Sources/MCG.o
 .debug_macro   0x00000000      0x209 ./Sources/MCG.o
 .debug_macro   0x00000000       0x56 ./Sources/MCG.o
 .debug_macro   0x00000000       0x3b ./Sources/MCG.o
 .debug_macro   0x00000000       0x34 ./Sources/MCG.o
 .debug_macro   0x00000000       0x26 ./Sources/MCG.o
 .debug_macro   0x00000000      0xd1d ./Sources/MCG.o
 .debug_macro   0x00000000       0x78 ./Sources/MCG.o
 .debug_macro   0x00000000    0x175e0 ./Sources/MCG.o
 .debug_line    0x00000000      0xf37 ./Sources/MCG.o
 .debug_str     0x00000000    0x8f7bc ./Sources/MCG.o
 .comment       0x00000000       0x71 ./Sources/MCG.o
 .ARM.attributes
                0x00000000       0x39 ./Sources/MCG.o
 .debug_frame   0x00000000      0x37c ./Sources/MCG.o
 .group         0x00000000        0x8 ./Sources/Memory.o
 .group         0x00000000        0x8 ./Sources/Memory.o
 .group         0x00000000        0x8 ./Sources/Memory.o
 .group         0x00000000        0x8 ./Sources/Memory.o
 .group         0x00000000        0x8 ./Sources/Memory.o
 .group         0x00000000        0x8 ./Sources/Memory.o
 .group         0x00000000        0x8 ./Sources/Memory.o
 .group         0x00000000        0x8 ./Sources/Memory.o
 .group         0x00000000        0x8 ./Sources/Memory.o
 .group         0x00000000        0x8 ./Sources/Memory.o
 .group         0x00000000        0x8 ./Sources/Memory.o
 .group         0x00000000        0x8 ./Sources/Memory.o
 .group         0x00000000        0x8 ./Sources/Memory.o
 .group         0x00000000        0x8 ./Sources/Memory.o
 .text          0x00000000        0x0 ./Sources/Memory.o
 .data          0x00000000        0x0 ./Sources/Memory.o
 .bss           0x00000000        0x0 ./Sources/Memory.o
 .text.Memory_Read
                0x00000000       0xf8 ./Sources/Memory.o
 .text.Memory_Write
                0x00000000       0x9c ./Sources/Memory.o
 .debug_info    0x00000000      0x1c0 ./Sources/Memory.o
 .debug_abbrev  0x00000000       0xe8 ./Sources/Memory.o
 .debug_aranges
                0x00000000       0x28 ./Sources/Memory.o
 .debug_ranges  0x00000000       0x18 ./Sources/Memory.o
 .debug_macro   0x00000000       0xd9 ./Sources/Memory.o
 .debug_macro   0x00000000      0x850 ./Sources/Memory.o
 .debug_macro   0x00000000       0x16 ./Sources/Memory.o
 .debug_macro   0x00000000       0x16 ./Sources/Memory.o
 .debug_macro   0x00000000       0x44 ./Sources/Memory.o
 .debug_macro   0x00000000      0x209 ./Sources/Memory.o
 .debug_macro   0x00000000       0x56 ./Sources/Memory.o
 .debug_macro   0x00000000       0x3b ./Sources/Memory.o
 .debug_macro   0x00000000       0x34 ./Sources/Memory.o
 .debug_macro   0x00000000       0x26 ./Sources/Memory.o
 .debug_macro   0x00000000      0xd1d ./Sources/Memory.o
 .debug_macro   0x00000000       0x78 ./Sources/Memory.o
 .debug_macro   0x00000000    0x175e0 ./Sources/Memory.o
 .debug_macro   0x00000000       0xa6 ./Sources/Memory.o
 .debug_macro   0x00000000       0x3a ./Sources/Memory.o
 .debug_line    0x00000000      0x284 ./Sources/Memory.o
 .debug_str     0x00000000    0x8f7e3 ./Sources/Memory.o
 .comment       0x00000000       0x71 ./Sources/Memory.o
 .ARM.attributes
                0x00000000       0x39 ./Sources/Memory.o
 .debug_frame   0x00000000       0x50 ./Sources/Memory.o
 COMMON         0x00000000       0x64 ./Sources/Memory.o
 .group         0x00000000        0x8 ./Sources/NVIC.o
 .group         0x00000000        0x8 ./Sources/NVIC.o
 .group         0x00000000        0x8 ./Sources/NVIC.o
 .group         0x00000000        0x8 ./Sources/NVIC.o
 .group         0x00000000        0x8 ./Sources/NVIC.o
 .group         0x00000000        0x8 ./Sources/NVIC.o
 .group         0x00000000        0x8 ./Sources/NVIC.o
 .group         0x00000000        0x8 ./Sources/NVIC.o
 .group         0x00000000        0x8 ./Sources/NVIC.o
 .group         0x00000000        0x8 ./Sources/NVIC.o
 .group         0x00000000        0x8 ./Sources/NVIC.o
 .group         0x00000000        0x8 ./Sources/NVIC.o
 .group         0x00000000        0x8 ./Sources/NVIC.o
 .text          0x00000000        0x0 ./Sources/NVIC.o
 .data          0x00000000        0x0 ./Sources/NVIC.o
 .bss           0x00000000        0x0 ./Sources/NVIC.o
 .text.NVIC_setBASEPRI_threshold
                0x00000000       0x20 ./Sources/NVIC.o
 .debug_macro   0x00000000      0x850 ./Sources/NVIC.o
 .debug_macro   0x00000000       0x16 ./Sources/NVIC.o
 .debug_macro   0x00000000       0x16 ./Sources/NVIC.o
 .debug_macro   0x00000000       0x44 ./Sources/NVIC.o
 .debug_macro   0x00000000      0x209 ./Sources/NVIC.o
 .debug_macro   0x00000000       0x56 ./Sources/NVIC.o
 .debug_macro   0x00000000       0x3b ./Sources/NVIC.o
 .debug_macro   0x00000000       0x34 ./Sources/NVIC.o
 .debug_macro   0x00000000       0x26 ./Sources/NVIC.o
 .debug_macro   0x00000000      0xd1d ./Sources/NVIC.o
 .debug_macro   0x00000000       0x78 ./Sources/NVIC.o
 .debug_macro   0x00000000    0x175e0 ./Sources/NVIC.o
 .group         0x00000000        0x8 ./Sources/RTC.o
 .group         0x00000000        0x8 ./Sources/RTC.o
 .group         0x00000000        0x8 ./Sources/RTC.o
 .group         0x00000000        0x8 ./Sources/RTC.o
 .group         0x00000000        0x8 ./Sources/RTC.o
 .group         0x00000000        0x8 ./Sources/RTC.o
 .group         0x00000000        0x8 ./Sources/RTC.o
 .group         0x00000000        0x8 ./Sources/RTC.o
 .group         0x00000000        0x8 ./Sources/RTC.o
 .group         0x00000000        0x8 ./Sources/RTC.o
 .group         0x00000000        0x8 ./Sources/RTC.o
 .group         0x00000000        0x8 ./Sources/RTC.o
 .group         0x00000000        0x8 ./Sources/RTC.o
 .group         0x00000000        0x8 ./Sources/RTC.o
 .text          0x00000000        0x0 ./Sources/RTC.o
 .data          0x00000000        0x0 ./Sources/RTC.o
 .bss           0x00000000        0x0 ./Sources/RTC.o
 .debug_macro   0x00000000      0x850 ./Sources/RTC.o
 .debug_macro   0x00000000       0x16 ./Sources/RTC.o
 .debug_macro   0x00000000       0x16 ./Sources/RTC.o
 .debug_macro   0x00000000       0x44 ./Sources/RTC.o
 .debug_macro   0x00000000      0x209 ./Sources/RTC.o
 .debug_macro   0x00000000       0x56 ./Sources/RTC.o
 .debug_macro   0x00000000       0x3b ./Sources/RTC.o
 .debug_macro   0x00000000       0x34 ./Sources/RTC.o
 .debug_macro   0x00000000       0x26 ./Sources/RTC.o
 .debug_macro   0x00000000      0xd1d ./Sources/RTC.o
 .debug_macro   0x00000000       0x78 ./Sources/RTC.o
 .debug_macro   0x00000000    0x175e0 ./Sources/RTC.o
 .debug_macro   0x00000000       0xa6 ./Sources/RTC.o
 .debug_macro   0x00000000       0x3a ./Sources/RTC.o
 .group         0x00000000        0x8 ./Sources/SPI.o
 .group         0x00000000        0x8 ./Sources/SPI.o
 .group         0x00000000        0x8 ./Sources/SPI.o
 .group         0x00000000        0x8 ./Sources/SPI.o
 .group         0x00000000        0x8 ./Sources/SPI.o
 .group         0x00000000        0x8 ./Sources/SPI.o
 .group         0x00000000        0x8 ./Sources/SPI.o
 .group         0x00000000        0x8 ./Sources/SPI.o
 .group         0x00000000        0x8 ./Sources/SPI.o
 .group         0x00000000        0x8 ./Sources/SPI.o
 .group         0x00000000        0x8 ./Sources/SPI.o
 .group         0x00000000        0x8 ./Sources/SPI.o
 .group         0x00000000        0x8 ./Sources/SPI.o
 .group         0x00000000        0x8 ./Sources/SPI.o
 .text          0x00000000        0x0 ./Sources/SPI.o
 .data          0x00000000        0x0 ./Sources/SPI.o
 .bss           0x00000000        0x0 ./Sources/SPI.o
 .data.SPIx_MCR
                0x00000000        0xc ./Sources/SPI.o
 .data.SPI_CTAR
                0x00000000        0xc ./Sources/SPI.o
 .text.SPI_enable
                0x00000000       0x30 ./Sources/SPI.o
 .text.SPI_clk  0x00000000       0x90 ./Sources/SPI.o
 .text.SPI_setMaster
                0x00000000       0x54 ./Sources/SPI.o
 .text.SPI_fIFO
                0x00000000       0x54 ./Sources/SPI.o
 .text.SPI_clockPolarity
                0x00000000       0x54 ./Sources/SPI.o
 .text.SPI_frameSize
                0x00000000       0x4c ./Sources/SPI.o
 .text.SPI_clockPhase
                0x00000000       0x54 ./Sources/SPI.o
 .text.SPI_baudRate
                0x00000000       0x34 ./Sources/SPI.o
 .text.SPI_mSBFirst
                0x00000000       0x54 ./Sources/SPI.o
 .text.SPI_startTranference
                0x00000000       0x30 ./Sources/SPI.o
 .text.SPI_stopTranference
                0x00000000       0x30 ./Sources/SPI.o
 .text.SPI_sendOneByte
                0x00000000       0x34 ./Sources/SPI.o
 .text.SPI_init
                0x00000000       0xc8 ./Sources/SPI.o
 .debug_info    0x00000000      0x871 ./Sources/SPI.o
 .debug_abbrev  0x00000000      0x1a1 ./Sources/SPI.o
 .debug_aranges
                0x00000000       0x80 ./Sources/SPI.o
 .debug_ranges  0x00000000       0x70 ./Sources/SPI.o
 .debug_macro   0x00000000       0xaf ./Sources/SPI.o
 .debug_macro   0x00000000      0x850 ./Sources/SPI.o
 .debug_macro   0x00000000       0x16 ./Sources/SPI.o
 .debug_macro   0x00000000       0x16 ./Sources/SPI.o
 .debug_macro   0x00000000       0x44 ./Sources/SPI.o
 .debug_macro   0x00000000      0x209 ./Sources/SPI.o
 .debug_macro   0x00000000       0x56 ./Sources/SPI.o
 .debug_macro   0x00000000       0x3b ./Sources/SPI.o
 .debug_macro   0x00000000       0x34 ./Sources/SPI.o
 .debug_macro   0x00000000       0x26 ./Sources/SPI.o
 .debug_macro   0x00000000      0xd1d ./Sources/SPI.o
 .debug_macro   0x00000000       0x78 ./Sources/SPI.o
 .debug_macro   0x00000000    0x175e0 ./Sources/SPI.o
 .debug_macro   0x00000000       0xa6 ./Sources/SPI.o
 .debug_macro   0x00000000       0xe8 ./Sources/SPI.o
 .debug_line    0x00000000      0x2fd ./Sources/SPI.o
 .debug_str     0x00000000    0x8fe6c ./Sources/SPI.o
 .comment       0x00000000       0x71 ./Sources/SPI.o
 .ARM.attributes
                0x00000000       0x39 ./Sources/SPI.o
 .debug_frame   0x00000000      0x180 ./Sources/SPI.o
 .group         0x00000000        0x8 ./Sources/UART.o
 .group         0x00000000        0x8 ./Sources/UART.o
 .group         0x00000000        0x8 ./Sources/UART.o
 .group         0x00000000        0x8 ./Sources/UART.o
 .group         0x00000000        0x8 ./Sources/UART.o
 .group         0x00000000        0x8 ./Sources/UART.o
 .group         0x00000000        0x8 ./Sources/UART.o
 .group         0x00000000        0x8 ./Sources/UART.o
 .group         0x00000000        0x8 ./Sources/UART.o
 .group         0x00000000        0x8 ./Sources/UART.o
 .group         0x00000000        0x8 ./Sources/UART.o
 .group         0x00000000        0x8 ./Sources/UART.o
 .text          0x00000000        0x0 ./Sources/UART.o
 .data          0x00000000        0x0 ./Sources/UART.o
 .bss           0x00000000        0x0 ./Sources/UART.o
 .debug_macro   0x00000000      0x850 ./Sources/UART.o
 .debug_macro   0x00000000       0x16 ./Sources/UART.o
 .debug_macro   0x00000000       0x16 ./Sources/UART.o
 .debug_macro   0x00000000       0x44 ./Sources/UART.o
 .debug_macro   0x00000000      0x209 ./Sources/UART.o
 .debug_macro   0x00000000       0x56 ./Sources/UART.o
 .debug_macro   0x00000000       0x3b ./Sources/UART.o
 .debug_macro   0x00000000       0x34 ./Sources/UART.o
 .debug_macro   0x00000000       0x26 ./Sources/UART.o
 .debug_macro   0x00000000      0xd1d ./Sources/UART.o
 .debug_macro   0x00000000       0x78 ./Sources/UART.o
 .debug_macro   0x00000000    0x175e0 ./Sources/UART.o
 .group         0x00000000        0x8 ./Sources/main.o
 .group         0x00000000        0x8 ./Sources/main.o
 .group         0x00000000        0x8 ./Sources/main.o
 .group         0x00000000        0x8 ./Sources/main.o
 .group         0x00000000        0x8 ./Sources/main.o
 .group         0x00000000        0x8 ./Sources/main.o
 .group         0x00000000        0x8 ./Sources/main.o
 .group         0x00000000        0x8 ./Sources/main.o
 .group         0x00000000        0x8 ./Sources/main.o
 .group         0x00000000        0x8 ./Sources/main.o
 .group         0x00000000        0x8 ./Sources/main.o
 .group         0x00000000        0x8 ./Sources/main.o
 .group         0x00000000        0x8 ./Sources/main.o
 .group         0x00000000        0x8 ./Sources/main.o
 .group         0x00000000        0x8 ./Sources/main.o
 .group         0x00000000        0x8 ./Sources/main.o
 .group         0x00000000        0x8 ./Sources/main.o
 .group         0x00000000        0x8 ./Sources/main.o
 .group         0x00000000        0x8 ./Sources/main.o
 .group         0x00000000        0x8 ./Sources/main.o
 .group         0x00000000        0x8 ./Sources/main.o
 .group         0x00000000        0x8 ./Sources/main.o
 .group         0x00000000        0x8 ./Sources/main.o
 .group         0x00000000        0x8 ./Sources/main.o
 .group         0x00000000        0x8 ./Sources/main.o
 .group         0x00000000        0x8 ./Sources/main.o
 .group         0x00000000        0x8 ./Sources/main.o
 .group         0x00000000        0x8 ./Sources/main.o
 .group         0x00000000        0x8 ./Sources/main.o
 .group         0x00000000        0x8 ./Sources/main.o
 .group         0x00000000        0x8 ./Sources/main.o
 .group         0x00000000        0x8 ./Sources/main.o
 .group         0x00000000        0x8 ./Sources/main.o
 .group         0x00000000        0x8 ./Sources/main.o
 .text          0x00000000        0x0 ./Sources/main.o
 .data          0x00000000        0x0 ./Sources/main.o
 .bss           0x00000000        0x0 ./Sources/main.o
 .bss.flag1     0x00000000        0x1 ./Sources/main.o
 .debug_macro   0x00000000      0x850 ./Sources/main.o
 .debug_macro   0x00000000       0x16 ./Sources/main.o
 .debug_macro   0x00000000       0x16 ./Sources/main.o
 .debug_macro   0x00000000       0x44 ./Sources/main.o
 .debug_macro   0x00000000      0x209 ./Sources/main.o
 .debug_macro   0x00000000       0x56 ./Sources/main.o
 .debug_macro   0x00000000       0x3b ./Sources/main.o
 .debug_macro   0x00000000       0x34 ./Sources/main.o
 .debug_macro   0x00000000       0x26 ./Sources/main.o
 .debug_macro   0x00000000      0xd1d ./Sources/main.o
 .debug_macro   0x00000000       0x78 ./Sources/main.o
 .debug_macro   0x00000000    0x175e0 ./Sources/main.o
 .debug_macro   0x00000000       0xa6 ./Sources/main.o
 .debug_macro   0x00000000       0x3a ./Sources/main.o
 .debug_macro   0x00000000       0x3a ./Sources/main.o
 .debug_macro   0x00000000       0x10 ./Sources/main.o
 COMMON         0x00000000        0x4 ./Sources/main.o
 .group         0x00000000        0x8 ./Sources/menu.o
 .group         0x00000000        0x8 ./Sources/menu.o
 .group         0x00000000        0x8 ./Sources/menu.o
 .group         0x00000000        0x8 ./Sources/menu.o
 .group         0x00000000        0x8 ./Sources/menu.o
 .group         0x00000000        0x8 ./Sources/menu.o
 .group         0x00000000        0x8 ./Sources/menu.o
 .group         0x00000000        0x8 ./Sources/menu.o
 .group         0x00000000        0x8 ./Sources/menu.o
 .group         0x00000000        0x8 ./Sources/menu.o
 .group         0x00000000        0x8 ./Sources/menu.o
 .group         0x00000000        0x8 ./Sources/menu.o
 .group         0x00000000        0x8 ./Sources/menu.o
 .group         0x00000000        0x8 ./Sources/menu.o
 .group         0x00000000        0x8 ./Sources/menu.o
 .group         0x00000000        0x8 ./Sources/menu.o
 .text          0x00000000        0x0 ./Sources/menu.o
 .data          0x00000000        0x0 ./Sources/menu.o
 .bss           0x00000000        0x0 ./Sources/menu.o
 .bss.enableTerminal_2
                0x00000000        0x1 ./Sources/menu.o
 .bss.redMemFlag
                0x00000000        0x1 ./Sources/menu.o
 .bss.setHour_Flag
                0x00000000        0x1 ./Sources/menu.o
 .bss.setDate_Flag
                0x00000000        0x1 ./Sources/menu.o
 .bss.flag_screen
                0x00000000        0x1 ./Sources/menu.o
 .text.screenFSM_Bluetooth
                0x00000000       0x98 ./Sources/menu.o
 .debug_macro   0x00000000      0x850 ./Sources/menu.o
 .debug_macro   0x00000000       0x16 ./Sources/menu.o
 .debug_macro   0x00000000       0x16 ./Sources/menu.o
 .debug_macro   0x00000000       0x44 ./Sources/menu.o
 .debug_macro   0x00000000      0x209 ./Sources/menu.o
 .debug_macro   0x00000000       0x56 ./Sources/menu.o
 .debug_macro   0x00000000       0x3b ./Sources/menu.o
 .debug_macro   0x00000000       0x34 ./Sources/menu.o
 .debug_macro   0x00000000       0x26 ./Sources/menu.o
 .debug_macro   0x00000000      0xd1d ./Sources/menu.o
 .debug_macro   0x00000000       0x78 ./Sources/menu.o
 .debug_macro   0x00000000    0x175e0 ./Sources/menu.o
 .debug_macro   0x00000000       0xa6 ./Sources/menu.o
 .debug_macro   0x00000000       0x3a ./Sources/menu.o
 .debug_macro   0x00000000       0x58 ./Sources/menu.o
 .data          0x00000000        0x0 ./Project_Settings/Startup_Code/startup_MK64F12.o
 .bss           0x00000000        0x0 ./Project_Settings/Startup_Code/startup_MK64F12.o
 .group         0x00000000        0x8 ./Project_Settings/Startup_Code/system_MK64F12.o
 .group         0x00000000        0x8 ./Project_Settings/Startup_Code/system_MK64F12.o
 .group         0x00000000        0x8 ./Project_Settings/Startup_Code/system_MK64F12.o
 .group         0x00000000        0x8 ./Project_Settings/Startup_Code/system_MK64F12.o
 .group         0x00000000        0x8 ./Project_Settings/Startup_Code/system_MK64F12.o
 .group         0x00000000        0x8 ./Project_Settings/Startup_Code/system_MK64F12.o
 .group         0x00000000        0x8 ./Project_Settings/Startup_Code/system_MK64F12.o
 .group         0x00000000        0x8 ./Project_Settings/Startup_Code/system_MK64F12.o
 .group         0x00000000        0x8 ./Project_Settings/Startup_Code/system_MK64F12.o
 .group         0x00000000        0x8 ./Project_Settings/Startup_Code/system_MK64F12.o
 .group         0x00000000        0x8 ./Project_Settings/Startup_Code/system_MK64F12.o
 .text          0x00000000        0x0 ./Project_Settings/Startup_Code/system_MK64F12.o
 .data          0x00000000        0x0 ./Project_Settings/Startup_Code/system_MK64F12.o
 .bss           0x00000000        0x0 ./Project_Settings/Startup_Code/system_MK64F12.o
 .data.SystemCoreClock
                0x00000000        0x4 ./Project_Settings/Startup_Code/system_MK64F12.o
 .text.SystemCoreClockUpdate
                0x00000000      0x270 ./Project_Settings/Startup_Code/system_MK64F12.o
 .debug_macro   0x00000000      0x850 ./Project_Settings/Startup_Code/system_MK64F12.o
 .debug_macro   0x00000000       0x16 ./Project_Settings/Startup_Code/system_MK64F12.o
 .debug_macro   0x00000000       0x44 ./Project_Settings/Startup_Code/system_MK64F12.o
 .debug_macro   0x00000000      0x209 ./Project_Settings/Startup_Code/system_MK64F12.o
 .debug_macro   0x00000000       0x3b ./Project_Settings/Startup_Code/system_MK64F12.o
 .debug_macro   0x00000000       0x34 ./Project_Settings/Startup_Code/system_MK64F12.o
 .debug_macro   0x00000000       0x26 ./Project_Settings/Startup_Code/system_MK64F12.o
 .debug_macro   0x00000000      0xd1d ./Project_Settings/Startup_Code/system_MK64F12.o
 .debug_macro   0x00000000       0x78 ./Project_Settings/Startup_Code/system_MK64F12.o
 .debug_macro   0x00000000    0x175e0 ./Project_Settings/Startup_Code/system_MK64F12.o
 .data          0x00000000        0x0 c:/freescale/kds_v3/toolchain/bin/../lib/gcc/arm-none-eabi/4.8.4/armv7e-m/fpu\libgcc.a(_arm_addsubdf3.o)
 .bss           0x00000000        0x0 c:/freescale/kds_v3/toolchain/bin/../lib/gcc/arm-none-eabi/4.8.4/armv7e-m/fpu\libgcc.a(_arm_addsubdf3.o)
 .data          0x00000000        0x0 c:/freescale/kds_v3/toolchain/bin/../lib/gcc/arm-none-eabi/4.8.4/armv7e-m/fpu\libgcc.a(_arm_muldivdf3.o)
 .bss           0x00000000        0x0 c:/freescale/kds_v3/toolchain/bin/../lib/gcc/arm-none-eabi/4.8.4/armv7e-m/fpu\libgcc.a(_arm_muldivdf3.o)
 .data          0x00000000        0x0 c:/freescale/kds_v3/toolchain/bin/../lib/gcc/arm-none-eabi/4.8.4/armv7e-m/fpu\libgcc.a(_arm_fixunsdfsi.o)
 .bss           0x00000000        0x0 c:/freescale/kds_v3/toolchain/bin/../lib/gcc/arm-none-eabi/4.8.4/armv7e-m/fpu\libgcc.a(_arm_fixunsdfsi.o)
 .data          0x00000000        0x0 c:/freescale/kds_v3/toolchain/bin/../lib/gcc/arm-none-eabi/4.8.4/armv7e-m/fpu\libgcc.a(_arm_truncdfsf2.o)
 .bss           0x00000000        0x0 c:/freescale/kds_v3/toolchain/bin/../lib/gcc/arm-none-eabi/4.8.4/armv7e-m/fpu\libgcc.a(_arm_truncdfsf2.o)
 .text          0x00000000        0x0 c:/freescale/kds_v3/toolchain/bin/../lib/gcc/arm-none-eabi/4.8.4/../../../../arm-none-eabi/lib/armv7e-m/fpu\libg_s.a(lib_a-exit.o)
 .data          0x00000000        0x0 c:/freescale/kds_v3/toolchain/bin/../lib/gcc/arm-none-eabi/4.8.4/../../../../arm-none-eabi/lib/armv7e-m/fpu\libg_s.a(lib_a-exit.o)
 .bss           0x00000000        0x0 c:/freescale/kds_v3/toolchain/bin/../lib/gcc/arm-none-eabi/4.8.4/../../../../arm-none-eabi/lib/armv7e-m/fpu\libg_s.a(lib_a-exit.o)
 .text          0x00000000        0x0 c:/freescale/kds_v3/toolchain/bin/../lib/gcc/arm-none-eabi/4.8.4/../../../../arm-none-eabi/lib/armv7e-m/fpu\libg_s.a(lib_a-impure.o)
 .data          0x00000000        0x0 c:/freescale/kds_v3/toolchain/bin/../lib/gcc/arm-none-eabi/4.8.4/../../../../arm-none-eabi/lib/armv7e-m/fpu\libg_s.a(lib_a-impure.o)
 .bss           0x00000000        0x0 c:/freescale/kds_v3/toolchain/bin/../lib/gcc/arm-none-eabi/4.8.4/../../../../arm-none-eabi/lib/armv7e-m/fpu\libg_s.a(lib_a-impure.o)
 .data._impure_ptr
                0x00000000        0x4 c:/freescale/kds_v3/toolchain/bin/../lib/gcc/arm-none-eabi/4.8.4/../../../../arm-none-eabi/lib/armv7e-m/fpu\libg_s.a(lib_a-impure.o)
 .text          0x00000000        0x0 c:/freescale/kds_v3/toolchain/bin/../lib/gcc/arm-none-eabi/4.8.4/../../../../arm-none-eabi/lib/armv7e-m/fpu\libg_s.a(lib_a-init.o)
 .data          0x00000000        0x0 c:/freescale/kds_v3/toolchain/bin/../lib/gcc/arm-none-eabi/4.8.4/../../../../arm-none-eabi/lib/armv7e-m/fpu\libg_s.a(lib_a-init.o)
 .bss           0x00000000        0x0 c:/freescale/kds_v3/toolchain/bin/../lib/gcc/arm-none-eabi/4.8.4/../../../../arm-none-eabi/lib/armv7e-m/fpu\libg_s.a(lib_a-init.o)
 .text          0x00000000        0x0 c:/freescale/kds_v3/toolchain/bin/../lib/gcc/arm-none-eabi/4.8.4/../../../../arm-none-eabi/lib/armv7e-m/fpu\libg_s.a(lib_a-memset.o)
 .data          0x00000000        0x0 c:/freescale/kds_v3/toolchain/bin/../lib/gcc/arm-none-eabi/4.8.4/../../../../arm-none-eabi/lib/armv7e-m/fpu\libg_s.a(lib_a-memset.o)
 .bss           0x00000000        0x0 c:/freescale/kds_v3/toolchain/bin/../lib/gcc/arm-none-eabi/4.8.4/../../../../arm-none-eabi/lib/armv7e-m/fpu\libg_s.a(lib_a-memset.o)
 .text          0x00000000        0x0 c:/freescale/kds_v3/toolchain/bin/../lib/gcc/arm-none-eabi/4.8.4/../../../../arm-none-eabi/lib/armv7e-m/fpu\libnosys.a(_exit.o)
 .data          0x00000000        0x0 c:/freescale/kds_v3/toolchain/bin/../lib/gcc/arm-none-eabi/4.8.4/../../../../arm-none-eabi/lib/armv7e-m/fpu\libnosys.a(_exit.o)
 .bss           0x00000000        0x0 c:/freescale/kds_v3/toolchain/bin/../lib/gcc/arm-none-eabi/4.8.4/../../../../arm-none-eabi/lib/armv7e-m/fpu\libnosys.a(_exit.o)
 .text          0x00000000        0x0 c:/freescale/kds_v3/toolchain/bin/../lib/gcc/arm-none-eabi/4.8.4/armv7e-m/fpu/crtend.o
 .data          0x00000000        0x0 c:/freescale/kds_v3/toolchain/bin/../lib/gcc/arm-none-eabi/4.8.4/armv7e-m/fpu/crtend.o
 .bss           0x00000000        0x0 c:/freescale/kds_v3/toolchain/bin/../lib/gcc/arm-none-eabi/4.8.4/armv7e-m/fpu/crtend.o
 .eh_frame      0x00000000        0x4 c:/freescale/kds_v3/toolchain/bin/../lib/gcc/arm-none-eabi/4.8.4/armv7e-m/fpu/crtend.o
 .text          0x00000000        0x0 c:/freescale/kds_v3/toolchain/bin/../lib/gcc/arm-none-eabi/4.8.4/armv7e-m/fpu/crtn.o
 .data          0x00000000        0x0 c:/freescale/kds_v3/toolchain/bin/../lib/gcc/arm-none-eabi/4.8.4/armv7e-m/fpu/crtn.o
 .bss           0x00000000        0x0 c:/freescale/kds_v3/toolchain/bin/../lib/gcc/arm-none-eabi/4.8.4/armv7e-m/fpu/crtn.o

Memory Configuration

Name             Origin             Length             Attributes
m_interrupts     0x00000000         0x00000400         xr
m_flash_config   0x00000400         0x00000010         xr
m_text           0x00000410         0x000ffbf0         xr
m_data           0x1fff0000         0x00010000         rw
m_data_2         0x20000000         0x00030000         rw
*default*        0x00000000         0xffffffff

Linker script and memory map

LOAD c:/freescale/kds_v3/toolchain/bin/../lib/gcc/arm-none-eabi/4.8.4/armv7e-m/fpu/crti.o
LOAD c:/freescale/kds_v3/toolchain/bin/../lib/gcc/arm-none-eabi/4.8.4/armv7e-m/fpu/crtbegin.o
LOAD c:/freescale/kds_v3/toolchain/bin/../lib/gcc/arm-none-eabi/4.8.4/../../../../arm-none-eabi/lib/armv7e-m/fpu/crt0.o
LOAD ./Sources/FSMLCD.o
LOAD ./Sources/FlexTimer.o
LOAD ./Sources/GPIO.o
LOAD ./Sources/GlobalFunctions.o
LOAD ./Sources/I2C.o
LOAD ./Sources/LCDNokia5110.o
LOAD ./Sources/LCDNokia5110Images.o
LOAD ./Sources/MCG.o
LOAD ./Sources/Memory.o
LOAD ./Sources/NVIC.o
LOAD ./Sources/RTC.o
LOAD ./Sources/SPI.o
LOAD ./Sources/UART.o
LOAD ./Sources/main.o
LOAD ./Sources/menu.o
LOAD ./Project_Settings/Startup_Code/startup_MK64F12.o
LOAD ./Project_Settings/Startup_Code/system_MK64F12.o
LOAD c:/freescale/kds_v3/toolchain/bin/../lib/gcc/arm-none-eabi/4.8.4/../../../../arm-none-eabi/lib/armv7e-m/fpu\libstdc++_s.a
LOAD c:/freescale/kds_v3/toolchain/bin/../lib/gcc/arm-none-eabi/4.8.4/../../../../arm-none-eabi/lib/armv7e-m/fpu\libm.a
START GROUP
LOAD c:/freescale/kds_v3/toolchain/bin/../lib/gcc/arm-none-eabi/4.8.4/armv7e-m/fpu\libgcc.a
LOAD c:/freescale/kds_v3/toolchain/bin/../lib/gcc/arm-none-eabi/4.8.4/../../../../arm-none-eabi/lib/armv7e-m/fpu\libg_s.a
LOAD c:/freescale/kds_v3/toolchain/bin/../lib/gcc/arm-none-eabi/4.8.4/../../../../arm-none-eabi/lib/armv7e-m/fpu\libc_s.a
END GROUP
START GROUP
LOAD c:/freescale/kds_v3/toolchain/bin/../lib/gcc/arm-none-eabi/4.8.4/armv7e-m/fpu\libgcc.a
LOAD c:/freescale/kds_v3/toolchain/bin/../lib/gcc/arm-none-eabi/4.8.4/../../../../arm-none-eabi/lib/armv7e-m/fpu\libc_s.a
LOAD c:/freescale/kds_v3/toolchain/bin/../lib/gcc/arm-none-eabi/4.8.4/../../../../arm-none-eabi/lib/armv7e-m/fpu\libnosys.a
END GROUP
START GROUP
LOAD c:/freescale/kds_v3/toolchain/bin/../lib/gcc/arm-none-eabi/4.8.4/armv7e-m/fpu\libgcc.a
LOAD c:/freescale/kds_v3/toolchain/bin/../lib/gcc/arm-none-eabi/4.8.4/../../../../arm-none-eabi/lib/armv7e-m/fpu\libc_s.a
LOAD c:/freescale/kds_v3/toolchain/bin/../lib/gcc/arm-none-eabi/4.8.4/../../../../arm-none-eabi/lib/armv7e-m/fpu\libnosys.a
END GROUP
LOAD c:/freescale/kds_v3/toolchain/bin/../lib/gcc/arm-none-eabi/4.8.4/armv7e-m/fpu/crtend.o
LOAD c:/freescale/kds_v3/toolchain/bin/../lib/gcc/arm-none-eabi/4.8.4/armv7e-m/fpu/crtn.o
                0x00000400                HEAP_SIZE = DEFINED (__heap_size__)?__heap_size__:0x400
                0x00000400                STACK_SIZE = DEFINED (__stack_size__)?__stack_size__:0x400

.interrupts     0x00000000      0x400
                0x00000000                __VECTOR_TABLE = .
                0x00000000                . = ALIGN (0x4)
 *(.isr_vector)
 .isr_vector    0x00000000      0x400 ./Project_Settings/Startup_Code/startup_MK64F12.o
                0x00000000                __isr_vector
                0x00000400                . = ALIGN (0x4)

.flash_config   0x00000400       0x10
                0x00000400                . = ALIGN (0x4)
 *(.FlashConfig)
 .FlashConfig   0x00000400       0x10 ./Project_Settings/Startup_Code/startup_MK64F12.o
                0x00000410                . = ALIGN (0x4)

.text           0x00000410     0x35d8
                0x00000410                . = ALIGN (0x4)
 *(.text)
 .text          0x00000410       0x54 c:/freescale/kds_v3/toolchain/bin/../lib/gcc/arm-none-eabi/4.8.4/armv7e-m/fpu/crtbegin.o
 .text          0x00000464       0x74 c:/freescale/kds_v3/toolchain/bin/../lib/gcc/arm-none-eabi/4.8.4/../../../../arm-none-eabi/lib/armv7e-m/fpu/crt0.o
                0x00000464                _start
                0x00000464                _mainCRTStartup
 .text          0x000004d8       0x30 ./Project_Settings/Startup_Code/startup_MK64F12.o
                0x000004d8                Reset_Handler
                0x00000504                DebugMon_Handler
                0x00000504                I2C0_IRQHandler
                0x00000504                HardFault_Handler
                0x00000504                SysTick_Handler
                0x00000504                UART3_RX_TX_IRQHandler
                0x00000504                PendSV_Handler
                0x00000504                NMI_Handler
                0x00000504                I2C1_IRQHandler
                0x00000504                DMA2_IRQHandler
                0x00000504                ENET_Error_IRQHandler
                0x00000504                CAN0_Tx_Warning_IRQHandler
                0x00000504                PIT0_IRQHandler
                0x00000504                CAN0_ORed_Message_buffer_IRQHandler
                0x00000504                CMP2_IRQHandler
                0x00000504                LLWU_IRQHandler
                0x00000504                ENET_Receive_IRQHandler
                0x00000504                ENET_1588_Timer_IRQHandler
                0x00000504                UART2_RX_TX_IRQHandler
                0x00000504                SWI_IRQHandler
                0x00000504                ADC0_IRQHandler
                0x00000504                UsageFault_Handler
                0x00000504                I2S0_Tx_IRQHandler
                0x00000504                CMT_IRQHandler
                0x00000504                UART4_RX_TX_IRQHandler
                0x00000504                SPI1_IRQHandler
                0x00000504                DefaultISR
                0x00000504                DMA9_IRQHandler
                0x00000504                DMA14_IRQHandler
                0x00000504                CMP1_IRQHandler
                0x00000504                Reserved71_IRQHandler
                0x00000504                PORTD_IRQHandler
                0x00000504                PORTB_IRQHandler
                0x00000504                UART4_ERR_IRQHandler
                0x00000504                ADC1_IRQHandler
                0x00000504                I2C2_IRQHandler
                0x00000504                PIT2_IRQHandler
                0x00000504                I2S0_Rx_IRQHandler
                0x00000504                DMA5_IRQHandler
                0x00000504                RTC_IRQHandler
                0x00000504                PDB0_IRQHandler
                0x00000504                CAN0_Rx_Warning_IRQHandler
                0x00000504                UART5_RX_TX_IRQHandler
                0x00000504                UART3_ERR_IRQHandler
                0x00000504                PIT3_IRQHandler
                0x00000504                SDHC_IRQHandler
                0x00000504                RTC_Seconds_IRQHandler
                0x00000504                MCG_IRQHandler
                0x00000504                FTFE_IRQHandler
                0x00000504                UART2_ERR_IRQHandler
                0x00000504                DMA11_IRQHandler
                0x00000504                UART5_ERR_IRQHandler
                0x00000504                Read_Collision_IRQHandler
                0x00000504                DMA7_IRQHandler
                0x00000504                ENET_Transmit_IRQHandler
                0x00000504                USBDCD_IRQHandler
                0x00000504                USB0_IRQHandler
                0x00000504                SPI2_IRQHandler
                0x00000504                WDOG_EWM_IRQHandler
                0x00000504                MemManage_Handler
                0x00000504                SVC_Handler
                0x00000504                DMA13_IRQHandler
                0x00000504                DMA3_IRQHandler
                0x00000504                UART0_LON_IRQHandler
                0x00000504                RNG_IRQHandler
                0x00000504                DMA0_IRQHandler
                0x00000504                DMA15_IRQHandler
                0x00000504                DAC0_IRQHandler
                0x00000504                CAN0_Error_IRQHandler
                0x00000504                DMA4_IRQHandler
                0x00000504                PIT1_IRQHandler
                0x00000504                UART0_ERR_IRQHandler
                0x00000504                DMA_Error_IRQHandler
                0x00000504                LVD_LVW_IRQHandler
                0x00000504                SPI0_IRQHandler
                0x00000504                PORTA_IRQHandler
                0x00000504                DAC1_IRQHandler
                0x00000504                MCM_IRQHandler
                0x00000504                DMA12_IRQHandler
                0x00000504                CAN0_Bus_Off_IRQHandler
                0x00000504                FTM3_IRQHandler
                0x00000504                PORTE_IRQHandler
                0x00000504                LPTMR0_IRQHandler
                0x00000504                BusFault_Handler
                0x00000504                DMA8_IRQHandler
                0x00000504                DMA10_IRQHandler
                0x00000504                CAN0_Wake_Up_IRQHandler
                0x00000504                UART1_ERR_IRQHandler
                0x00000504                CMP0_IRQHandler
                0x00000504                DMA6_IRQHandler
                0x00000504                DMA1_IRQHandler
 .text          0x00000508      0x370 c:/freescale/kds_v3/toolchain/bin/../lib/gcc/arm-none-eabi/4.8.4/armv7e-m/fpu\libgcc.a(_arm_addsubdf3.o)
                0x00000508                __aeabi_drsub
                0x00000510                __aeabi_dsub
                0x00000510                __subdf3
                0x00000514                __aeabi_dadd
                0x00000514                __adddf3
                0x0000078c                __floatunsidf
                0x0000078c                __aeabi_ui2d
                0x000007ac                __floatsidf
                0x000007ac                __aeabi_i2d
                0x000007d0                __aeabi_f2d
                0x000007d0                __extendsfdf2
                0x0000080c                __floatundidf
                0x0000080c                __aeabi_ul2d
                0x0000081c                __floatdidf
                0x0000081c                __aeabi_l2d
 .text          0x00000878      0x424 c:/freescale/kds_v3/toolchain/bin/../lib/gcc/arm-none-eabi/4.8.4/armv7e-m/fpu\libgcc.a(_arm_muldivdf3.o)
                0x00000878                __aeabi_dmul
                0x00000878                __muldf3
                0x00000acc                __divdf3
                0x00000acc                __aeabi_ddiv
 .text          0x00000c9c       0x40 c:/freescale/kds_v3/toolchain/bin/../lib/gcc/arm-none-eabi/4.8.4/armv7e-m/fpu\libgcc.a(_arm_fixunsdfsi.o)
                0x00000c9c                __aeabi_d2uiz
                0x00000c9c                __fixunsdfsi
 .text          0x00000cdc       0xa0 c:/freescale/kds_v3/toolchain/bin/../lib/gcc/arm-none-eabi/4.8.4/armv7e-m/fpu\libgcc.a(_arm_truncdfsf2.o)
                0x00000cdc                __truncdfsf2
                0x00000cdc                __aeabi_d2f
 *(.text*)
 *fill*         0x00000d7c        0x4 
 .text.freq_per
                0x00000d80       0xd8 ./Sources/FlexTimer.o
                0x00000d80                freq_per
 .text.FTM0_IRQHandler
                0x00000e58       0x74 ./Sources/FlexTimer.o
                0x00000e58                FTM0_IRQHandler
 .text.FTM2_IRQHandler
                0x00000ecc       0x20 ./Sources/FlexTimer.o
                0x00000ecc                FTM2_IRQHandler
 .text.FTM1_IRQHandler
                0x00000eec        0xc ./Sources/FlexTimer.o
                0x00000eec                FTM1_IRQHandler
 .text.PORTC_IRQHandler
                0x00000ef8      0x144 ./Sources/GPIO.o
                0x00000ef8                PORTC_IRQHandler
 .text.GPIO_clearInterrupt
                0x0000103c       0x84 ./Sources/GPIO.o
                0x0000103c                GPIO_clearInterrupt
 .text.GPIO_clockGating
                0x000010c0       0xc4 ./Sources/GPIO.o
                0x000010c0                GPIO_clockGating
 .text.GPIO_pinControlRegister
                0x00001184       0x9c ./Sources/GPIO.o
                0x00001184                GPIO_pinControlRegister
 .text.GPIO_tooglePIN
                0x00001220       0xb8 ./Sources/GPIO.o
                0x00001220                GPIO_tooglePIN
 .text.delay    0x000012d8       0x38 ./Sources/GlobalFunctions.o
                0x000012d8                delay
 .text.BCDtoBinary
                0x00001310       0x58 ./Sources/GlobalFunctions.o
                0x00001310                BCDtoBinary
 .text.I2C_pinConfig
                0x00001368       0x70 ./Sources/I2C.o
                0x00001368                I2C_pinConfig
 .text.I2C_clockChannel
                0x000013d8       0x94 ./Sources/I2C.o
                0x000013d8                I2C_clockChannel
 .text.I2C_MST_OrSLV_Mode
                0x0000146c       0x5c ./Sources/I2C.o
                0x0000146c                I2C_MST_OrSLV_Mode
 .text.I2C_TX_RX_Mode
                0x000014c8       0x5c ./Sources/I2C.o
                0x000014c8                I2C_TX_RX_Mode
 .text.I2C_BaudRate
                0x00001524       0x38 ./Sources/I2C.o
                0x00001524                I2C_BaudRate
 .text.I2C_NACK
                0x0000155c       0x34 ./Sources/I2C.o
                0x0000155c                I2C_NACK
 .text.I2C_repeted_Start
                0x00001590       0x34 ./Sources/I2C.o
                0x00001590                I2C_repeted_Start
 .text.I2C_write_Byte
                0x000015c4       0x28 ./Sources/I2C.o
                0x000015c4                I2C_write_Byte
 .text.I2C_read_Byte
                0x000015ec       0x28 ./Sources/I2C.o
                0x000015ec                I2C_read_Byte
 .text.I2C_wait
                0x00001614       0x4c ./Sources/I2C.o
                0x00001614                I2C_wait
 .text.I2C_get_ACK
                0x00001660       0x3c ./Sources/I2C.o
                0x00001660                I2C_get_ACK
 .text.I2C_start
                0x0000169c       0x24 ./Sources/I2C.o
                0x0000169c                I2C_start
 .text.I2C_stop
                0x000016c0       0x24 ./Sources/I2C.o
                0x000016c0                I2C_stop
 .text.I2C_init
                0x000016e4       0x30 ./Sources/I2C.o
                0x000016e4                I2C_init
 .text.NVIC_EnableIRQ
                0x00001714       0x30 ./Sources/NVIC.o
 .text.NVIC_SetPriority
                0x00001744       0x54 ./Sources/NVIC.o
 .text.NVIC_enableInterruptAndPriotity
                0x00001798       0x2c ./Sources/NVIC.o
                0x00001798                NVIC_enableInterruptAndPriotity
 .text.RTC_get_Seconds
                0x000017c4       0x10 ./Sources/RTC.o
                0x000017c4                RTC_get_Seconds
 .text.RTC_get_Minutes
                0x000017d4       0x10 ./Sources/RTC.o
                0x000017d4                RTC_get_Minutes
 .text.RTC_get_Hour
                0x000017e4       0x10 ./Sources/RTC.o
                0x000017e4                RTC_get_Hour
 .text.RTC_get_Day
                0x000017f4       0x10 ./Sources/RTC.o
                0x000017f4                RTC_get_Day
 .text.RTC_get_Month
                0x00001804       0x10 ./Sources/RTC.o
                0x00001804                RTC_get_Month
 .text.RTC_get_Year
                0x00001814       0x10 ./Sources/RTC.o
                0x00001814                RTC_get_Year
 .text.RTC_Init
                0x00001824       0x40 ./Sources/RTC.o
                0x00001824                RTC_Init
 .text.RTC_readData
                0x00001864       0xb4 ./Sources/RTC.o
                0x00001864                RTC_readData
 .text.RTC_writeData
                0x00001918       0x70 ./Sources/RTC.o
                0x00001918                RTC_writeData
 .text.RTC_get_String_Date
                0x00001988       0xbc ./Sources/RTC.o
                0x00001988                RTC_get_String_Date
 .text.RTC_get_String_Hour
                0x00001a44      0x184 ./Sources/RTC.o
                0x00001a44                RTC_get_String_Hour
 .text.RTC_set_Hour
                0x00001bc8       0x5c ./Sources/RTC.o
                0x00001bc8                RTC_set_Hour
 .text.RTC_set_Minutes
                0x00001c24       0x64 ./Sources/RTC.o
                0x00001c24                RTC_set_Minutes
 .text.RTC_set_Day
                0x00001c88       0x5c ./Sources/RTC.o
                0x00001c88                RTC_set_Day
 .text.RTC_set_Month
                0x00001ce4       0x5c ./Sources/RTC.o
                0x00001ce4                RTC_set_Month
 .text.RTC_set_Year
                0x00001d40       0x5c ./Sources/RTC.o
                0x00001d40                RTC_set_Year
 .text.RTC_changeFormat
                0x00001d9c       0xd0 ./Sources/RTC.o
                0x00001d9c                RTC_changeFormat
 .text.modifyYears
                0x00001e6c       0x34 ./Sources/RTC.o
                0x00001e6c                modifyYears
 .text.UART0_RX_TX_IRQHandler
                0x00001ea0       0x34 ./Sources/UART.o
                0x00001ea0                UART0_RX_TX_IRQHandler
 .text.UART1_RX_TX_IRQHandler
                0x00001ed4       0x34 ./Sources/UART.o
                0x00001ed4                UART1_RX_TX_IRQHandler
 .text.UARTx_statusFlag
                0x00001f08       0x38 ./Sources/UART.o
                0x00001f08                UARTx_statusFlag
 .text.UARTx_mailBoxContent
                0x00001f40       0x38 ./Sources/UART.o
                0x00001f40                UARTx_mailBoxContent
 .text.UARTx_Clear_mailBoxContent
                0x00001f78       0x40 ./Sources/UART.o
                0x00001f78                UARTx_Clear_mailBoxContent
 .text.UARTx_S1
                0x00001fb8       0x84 ./Sources/UART.o
                0x00001fb8                UARTx_S1
 .text.UARTx_clearStatusFlag
                0x0000203c       0x40 ./Sources/UART.o
                0x0000203c                UARTx_clearStatusFlag
 .text.UARTx_interruptEnable
                0x0000207c       0x34 ./Sources/UART.o
                0x0000207c                UARTx_interruptEnable
 .text.UARTx_clockEnable
                0x000020b0       0xdc ./Sources/UART.o
                0x000020b0                UARTx_clockEnable
 .text.UART_init
                0x0000218c      0x148 ./Sources/UART.o
                0x0000218c                UART_init
 .text.UART_putChar
                0x000022d4       0x38 ./Sources/UART.o
                0x000022d4                UART_putChar
 .text.UART_putString
                0x0000230c       0x30 ./Sources/UART.o
                0x0000230c                UART_putString
 .text.main     0x0000233c       0x28 ./Sources/main.o
                0x0000233c                main
 .text.screenFSM
                0x00002364       0x8c ./Sources/menu.o
                0x00002364                screenFSM
 .text.menuState_UARTx
                0x000023f0      0x308 ./Sources/menu.o
                0x000023f0                menuState_UARTx
 .text.readMemI2c_State
                0x000026f8       0xd8 ./Sources/menu.o
                0x000026f8                readMemI2c_State
 .text.writeMemI2c_State
                0x000027d0       0xa8 ./Sources/menu.o
                0x000027d0                writeMemI2c_State
 .text.setHour_State
                0x00002878      0x2b8 ./Sources/menu.o
                0x00002878                setHour_State
 .text.setDate_State
                0x00002b30      0x398 ./Sources/menu.o
                0x00002b30                setDate_State
 .text.formatHour_State
                0x00002ec8      0x158 ./Sources/menu.o
                0x00002ec8                formatHour_State
 .text.readHour_State
                0x00003020       0x94 ./Sources/menu.o
                0x00003020                readHour_State
 .text.readDate_State
                0x000030b4       0x94 ./Sources/menu.o
                0x000030b4                readDate_State
 .text.communicationT1T2_State
                0x00003148       0x90 ./Sources/menu.o
                0x00003148                communicationT1T2_State
 .text.echoLCD_State
                0x000031d8       0x68 ./Sources/menu.o
                0x000031d8                echoLCD_State
 .text.SystemInit
                0x00003240       0x3c ./Project_Settings/Startup_Code/system_MK64F12.o
                0x00003240                SystemInit
 .text.exit     0x0000327c       0x28 c:/freescale/kds_v3/toolchain/bin/../lib/gcc/arm-none-eabi/4.8.4/../../../../arm-none-eabi/lib/armv7e-m/fpu\libg_s.a(lib_a-exit.o)
                0x0000327c                exit
 .text.__libc_init_array
                0x000032a4       0x4c c:/freescale/kds_v3/toolchain/bin/../lib/gcc/arm-none-eabi/4.8.4/../../../../arm-none-eabi/lib/armv7e-m/fpu\libg_s.a(lib_a-init.o)
                0x000032a4                __libc_init_array
 .text.memset   0x000032f0       0x10 c:/freescale/kds_v3/toolchain/bin/../lib/gcc/arm-none-eabi/4.8.4/../../../../arm-none-eabi/lib/armv7e-m/fpu\libg_s.a(lib_a-memset.o)
                0x000032f0                memset
 .text._exit    0x00003300        0x4 c:/freescale/kds_v3/toolchain/bin/../lib/gcc/arm-none-eabi/4.8.4/../../../../arm-none-eabi/lib/armv7e-m/fpu\libnosys.a(_exit.o)
                0x00003300                _exit
 *(.rodata)
 .rodata        0x00003304      0x50c ./Sources/menu.o
 *(.rodata*)
 .rodata.FiniteStateMachineMoore_Screen
                0x00003810      0x1b8 ./Sources/menu.o
                0x00003810                FiniteStateMachineMoore_Screen
 .rodata.str1.1
                0x000039c8        0x2 c:/freescale/kds_v3/toolchain/bin/../lib/gcc/arm-none-eabi/4.8.4/../../../../arm-none-eabi/lib/armv7e-m/fpu\libg_s.a(lib_a-impure.o)
 *fill*         0x000039ca        0x2 
 .rodata._global_impure_ptr
                0x000039cc        0x4 c:/freescale/kds_v3/toolchain/bin/../lib/gcc/arm-none-eabi/4.8.4/../../../../arm-none-eabi/lib/armv7e-m/fpu\libg_s.a(lib_a-impure.o)
                0x000039cc                _global_impure_ptr
 *(.glue_7)
 .glue_7        0x00000000        0x0 linker stubs
 *(.glue_7t)
 .glue_7t       0x00000000        0x0 linker stubs
 *(.eh_frame)
 .eh_frame      0x000039d0        0x0 c:/freescale/kds_v3/toolchain/bin/../lib/gcc/arm-none-eabi/4.8.4/armv7e-m/fpu/crtbegin.o
 *(.init)
 .init          0x000039d0        0x4 c:/freescale/kds_v3/toolchain/bin/../lib/gcc/arm-none-eabi/4.8.4/armv7e-m/fpu/crti.o
                0x000039d0                _init
 .init          0x000039d4        0x8 c:/freescale/kds_v3/toolchain/bin/../lib/gcc/arm-none-eabi/4.8.4/armv7e-m/fpu/crtn.o
 *(.fini)
 .fini          0x000039dc        0x4 c:/freescale/kds_v3/toolchain/bin/../lib/gcc/arm-none-eabi/4.8.4/armv7e-m/fpu/crti.o
                0x000039dc                _fini
 .fini          0x000039e0        0x8 c:/freescale/kds_v3/toolchain/bin/../lib/gcc/arm-none-eabi/4.8.4/armv7e-m/fpu/crtn.o
                0x000039e8                . = ALIGN (0x4)

.vfp11_veneer   0x000039e8        0x0
 .vfp11_veneer  0x00000000        0x0 linker stubs

.v4_bx          0x000039e8        0x0
 .v4_bx         0x00000000        0x0 linker stubs

.iplt           0x000039e8        0x0
 .iplt          0x00000000        0x0 c:/freescale/kds_v3/toolchain/bin/../lib/gcc/arm-none-eabi/4.8.4/armv7e-m/fpu/crtbegin.o

.ARM.extab
 *(.ARM.extab* .gnu.linkonce.armextab.*)

.ARM            0x000039e8        0x8
                0x000039e8                __exidx_start = .
 *(.ARM.exidx*)
 .ARM.exidx     0x000039e8        0x8 c:/freescale/kds_v3/toolchain/bin/../lib/gcc/arm-none-eabi/4.8.4/../../../../arm-none-eabi/lib/armv7e-m/fpu/crt0.o
                0x000039f0                __exidx_end = .

.rel.dyn        0x000039f0        0x0
 .rel.iplt      0x00000000        0x0 c:/freescale/kds_v3/toolchain/bin/../lib/gcc/arm-none-eabi/4.8.4/armv7e-m/fpu/crtbegin.o

.ctors          0x000039f0        0x0
                0x000039f0                __CTOR_LIST__ = .
 *crtbegin.o(.ctors)
 *crtbegin?.o(.ctors)
 *(EXCLUDE_FILE(*crtend.o *crtend?.o) .ctors)
 *(SORT(.ctors.*))
 *(.ctors)
                0x000039f0                __CTOR_END__ = .

.dtors          0x000039f0        0x0
                0x000039f0                __DTOR_LIST__ = .
 *crtbegin.o(.dtors)
 *crtbegin?.o(.dtors)
 *(EXCLUDE_FILE(*crtend.o *crtend?.o) .dtors)
 *(SORT(.dtors.*))
 *(.dtors)
                0x000039f0                __DTOR_END__ = .

.preinit_array  0x000039f0        0x0
                0x000039f0                PROVIDE (__preinit_array_start, .)
 *(.preinit_array*)
                0x000039f0                PROVIDE (__preinit_array_end, .)

.init_array     0x000039f0        0x4
                0x000039f0                PROVIDE (__init_array_start, .)
 *(SORT(.init_array.*))
 *(.init_array*)
 .init_array    0x000039f0        0x4 c:/freescale/kds_v3/toolchain/bin/../lib/gcc/arm-none-eabi/4.8.4/armv7e-m/fpu/crtbegin.o
                0x000039f4                PROVIDE (__init_array_end, .)

.fini_array     0x000039f4        0x4
                0x000039f4                PROVIDE (__fini_array_start, .)
 *(SORT(.fini_array.*))
 *(.fini_array*)
 .fini_array    0x000039f4        0x4 c:/freescale/kds_v3/toolchain/bin/../lib/gcc/arm-none-eabi/4.8.4/armv7e-m/fpu/crtbegin.o
                0x000039f8                PROVIDE (__fini_array_end, .)
                0x000039f8                __etext = .
                0x000039f8                __DATA_ROM = .

.data           0x1fff0000      0x118 load address 0x000039f8
                0x1fff0000                . = ALIGN (0x4)
                0x1fff0000                __DATA_RAM = .
                0x1fff0000                __data_start__ = .
 *(.data)
 *(.data*)
 .data.I2Cx_C1  0x1fff0000        0xc ./Sources/I2C.o
                0x1fff0000                I2Cx_C1
 .data.I2Cx_S   0x1fff000c        0xc ./Sources/I2C.o
                0x1fff000c                I2Cx_S
 .data.I2Cx_D   0x1fff0018        0xc ./Sources/I2C.o
                0x1fff0018                I2Cx_D
 .data.I2Cx_F   0x1fff0024        0xc ./Sources/I2C.o
                0x1fff0024                I2Cx_F
 .data.Years    0x1fff0030        0x4 ./Sources/RTC.o
 .data.UARTx_C2
                0x1fff0034       0x18 ./Sources/UART.o
                0x1fff0034                UARTx_C2
 .data.UARTx_C4
                0x1fff004c       0x18 ./Sources/UART.o
                0x1fff004c                UARTx_C4
 .data.UARTx_BDL
                0x1fff0064       0x18 ./Sources/UART.o
                0x1fff0064                UARTx_BDL
 .data.UARTx_BDH
                0x1fff007c       0x18 ./Sources/UART.o
                0x1fff007c                UARTx_BDH
 .data.UARTx_D  0x1fff0094       0x18 ./Sources/UART.o
                0x1fff0094                UARTx_D
 .data.currentState
                0x1fff00ac        0x4 ./Sources/menu.o
                0x1fff00ac                currentState
 .data.currentState_Bluetooth
                0x1fff00b0        0x4 ./Sources/menu.o
                0x1fff00b0                currentState_Bluetooth
 .data.impure_data
                0x1fff00b4       0x60 c:/freescale/kds_v3/toolchain/bin/../lib/gcc/arm-none-eabi/4.8.4/../../../../arm-none-eabi/lib/armv7e-m/fpu\libg_s.a(lib_a-impure.o)
 *(.jcr*)
 .jcr           0x1fff0114        0x0 c:/freescale/kds_v3/toolchain/bin/../lib/gcc/arm-none-eabi/4.8.4/armv7e-m/fpu/crtbegin.o
 .jcr           0x1fff0114        0x4 c:/freescale/kds_v3/toolchain/bin/../lib/gcc/arm-none-eabi/4.8.4/armv7e-m/fpu/crtend.o
                0x1fff0118                . = ALIGN (0x4)
                0x1fff0118                __data_end__ = .
                0x00003b10                __DATA_END = (__DATA_ROM + (__data_end__ - __data_start__))

.igot.plt       0x1fff0118        0x0 load address 0x00003b10
 .igot.plt      0x00000000        0x0 c:/freescale/kds_v3/toolchain/bin/../lib/gcc/arm-none-eabi/4.8.4/armv7e-m/fpu/crtbegin.o

.bss            0x1fff0118       0x78 load address 0x00003b10
                0x1fff0118                . = ALIGN (0x4)
                0x1fff0118                __START_BSS = .
                0x1fff0118                __bss_start__ = .
 *(.bss)
 .bss           0x1fff0118       0x1c c:/freescale/kds_v3/toolchain/bin/../lib/gcc/arm-none-eabi/4.8.4/armv7e-m/fpu/crtbegin.o
 *(.bss*)
 .bss.cntTimerValue
                0x1fff0134        0x4 ./Sources/FlexTimer.o
                0x1fff0134                cntTimerValue
 .bss.cntTimerValue2
                0x1fff0138        0x4 ./Sources/FlexTimer.o
                0x1fff0138                cntTimerValue2
 .bss.flag      0x1fff013c        0x1 ./Sources/FlexTimer.o
                0x1fff013c                flag
 *fill*         0x1fff013d        0x3 
 .bss.period    0x1fff0140        0x4 ./Sources/FlexTimer.o
                0x1fff0140                period
 .bss.frequency
                0x1fff0144        0x4 ./Sources/FlexTimer.o
                0x1fff0144                frequency
 .bss.HourValue
                0x1fff0148        0xc ./Sources/RTC.o
 .bss.DateValue
                0x1fff0154        0xc ./Sources/RTC.o
 .bss.dataFromRTC
                0x1fff0160        0x1 ./Sources/RTC.o
 .bss.FormatFlag
                0x1fff0161        0x1 ./Sources/RTC.o
 *fill*         0x1fff0162        0x2 
 .bss.arrayAux_setHour
                0x1fff0164        0x4 ./Sources/menu.o
 .bss.arrayAux_setMinutes
                0x1fff0168        0x4 ./Sources/menu.o
 .bss.arrayAux_setDay
                0x1fff016c        0x4 ./Sources/menu.o
 .bss.arrayAux_setMonth
                0x1fff0170        0x4 ./Sources/menu.o
 .bss.arrayAux_setYear
                0x1fff0174        0x4 ./Sources/menu.o
 .bss.state_flag
                0x1fff0178        0x1 ./Sources/menu.o
 .bss.state_flag_days
                0x1fff0179        0x1 ./Sources/menu.o
 .bss.state_flag_months
                0x1fff017a        0x1 ./Sources/menu.o
 .bss.set_hour_counter
                0x1fff017b        0x1 ./Sources/menu.o
 .bss.set_minutes_counter
                0x1fff017c        0x1 ./Sources/menu.o
 .bss.set_day_counter
                0x1fff017d        0x1 ./Sources/menu.o
 .bss.set_month_counter
                0x1fff017e        0x1 ./Sources/menu.o
 .bss.set_year_counter
                0x1fff017f        0x1 ./Sources/menu.o
 .bss.printed_flag
                0x1fff0180        0x1 ./Sources/menu.o
 .bss.optionCont
                0x1fff0181        0x1 ./Sources/menu.o
 *(COMMON)
 *fill*         0x1fff0182        0x2 
 COMMON         0x1fff0184        0x1 ./Sources/GPIO.o
                0x1fff0184                funwithFlags
 *fill*         0x1fff0185        0x3 
 COMMON         0x1fff0188        0x6 ./Sources/UART.o
                0x1fff0188                UART0_MailBox
                0x1fff018c                UART1_MailBox
 COMMON         0x1fff018e        0x2 ./Sources/menu.o
                0x1fff018e                currentStateBluetooth_flag
                0x1fff018f                currentState_flag
                0x1fff0190                . = ALIGN (0x4)
                0x1fff0190                __bss_end__ = .
                0x1fff0190                __END_BSS = .

.heap           0x20000000      0x400
                0x20000000                . = ALIGN (0x8)
                0x20000000                __end__ = .
                0x20000000                PROVIDE (end, .)
                0x20000000                __HeapBase = .
                0x20000400                . = (. + HEAP_SIZE)
 *fill*         0x20000000      0x400 
                0x20000400                __HeapLimit = .

.stack          0x20000400      0x400
                0x20000400                . = ALIGN (0x8)
                0x20000800                . = (. + STACK_SIZE)
 *fill*         0x20000400      0x400 
                0x20030000                __StackTop = (ORIGIN (m_data_2) + 0x30000)
                0x2002fc00                __StackLimit = (__StackTop - STACK_SIZE)
                0x20030000                PROVIDE (__stack, __StackTop)

.ARM.attributes
                0x00000000       0x30
 *(.ARM.attributes)
 .ARM.attributes
                0x00000000       0x22 c:/freescale/kds_v3/toolchain/bin/../lib/gcc/arm-none-eabi/4.8.4/armv7e-m/fpu/crti.o
 .ARM.attributes
                0x00000022       0x34 c:/freescale/kds_v3/toolchain/bin/../lib/gcc/arm-none-eabi/4.8.4/armv7e-m/fpu/crtbegin.o
 .ARM.attributes
                0x00000056       0x20 c:/freescale/kds_v3/toolchain/bin/../lib/gcc/arm-none-eabi/4.8.4/../../../../arm-none-eabi/lib/armv7e-m/fpu/crt0.o
 .ARM.attributes
                0x00000076       0x39 ./Sources/FlexTimer.o
 .ARM.attributes
                0x000000af       0x39 ./Sources/GPIO.o
 .ARM.attributes
                0x000000e8       0x39 ./Sources/GlobalFunctions.o
 .ARM.attributes
                0x00000121       0x39 ./Sources/I2C.o
 .ARM.attributes
                0x0000015a       0x39 ./Sources/NVIC.o
 .ARM.attributes
                0x00000193       0x39 ./Sources/RTC.o
 .ARM.attributes
                0x000001cc       0x39 ./Sources/UART.o
 .ARM.attributes
                0x00000205       0x39 ./Sources/main.o
 .ARM.attributes
                0x0000023e       0x39 ./Sources/menu.o
 .ARM.attributes
                0x00000277       0x1f ./Project_Settings/Startup_Code/startup_MK64F12.o
 .ARM.attributes
                0x00000296       0x39 ./Project_Settings/Startup_Code/system_MK64F12.o
 .ARM.attributes
                0x000002cf       0x22 c:/freescale/kds_v3/toolchain/bin/../lib/gcc/arm-none-eabi/4.8.4/armv7e-m/fpu\libgcc.a(_arm_addsubdf3.o)
 .ARM.attributes
                0x000002f1       0x22 c:/freescale/kds_v3/toolchain/bin/../lib/gcc/arm-none-eabi/4.8.4/armv7e-m/fpu\libgcc.a(_arm_muldivdf3.o)
 .ARM.attributes
                0x00000313       0x22 c:/freescale/kds_v3/toolchain/bin/../lib/gcc/arm-none-eabi/4.8.4/armv7e-m/fpu\libgcc.a(_arm_fixunsdfsi.o)
 .ARM.attributes
                0x00000335       0x22 c:/freescale/kds_v3/toolchain/bin/../lib/gcc/arm-none-eabi/4.8.4/armv7e-m/fpu\libgcc.a(_arm_truncdfsf2.o)
 .ARM.attributes
                0x00000357       0x34 c:/freescale/kds_v3/toolchain/bin/../lib/gcc/arm-none-eabi/4.8.4/../../../../arm-none-eabi/lib/armv7e-m/fpu\libg_s.a(lib_a-exit.o)
 .ARM.attributes
                0x0000038b       0x34 c:/freescale/kds_v3/toolchain/bin/../lib/gcc/arm-none-eabi/4.8.4/../../../../arm-none-eabi/lib/armv7e-m/fpu\libg_s.a(lib_a-impure.o)
 .ARM.attributes
                0x000003bf       0x34 c:/freescale/kds_v3/toolchain/bin/../lib/gcc/arm-none-eabi/4.8.4/../../../../arm-none-eabi/lib/armv7e-m/fpu\libg_s.a(lib_a-init.o)
 .ARM.attributes
                0x000003f3       0x34 c:/freescale/kds_v3/toolchain/bin/../lib/gcc/arm-none-eabi/4.8.4/../../../../arm-none-eabi/lib/armv7e-m/fpu\libg_s.a(lib_a-memset.o)
 .ARM.attributes
                0x00000427       0x34 c:/freescale/kds_v3/toolchain/bin/../lib/gcc/arm-none-eabi/4.8.4/../../../../arm-none-eabi/lib/armv7e-m/fpu\libnosys.a(_exit.o)
 .ARM.attributes
                0x0000045b       0x34 c:/freescale/kds_v3/toolchain/bin/../lib/gcc/arm-none-eabi/4.8.4/armv7e-m/fpu/crtend.o
 .ARM.attributes
                0x0000048f       0x22 c:/freescale/kds_v3/toolchain/bin/../lib/gcc/arm-none-eabi/4.8.4/armv7e-m/fpu/crtn.o
                0x00000001                ASSERT ((__StackLimit >= __HeapLimit), region m_data_2 overflowed with stack and heap)
OUTPUT(161023_i2c.elf elf32-littlearm)

.debug_info     0x00000000     0x4120
 .debug_info    0x00000000      0x983 ./Sources/FlexTimer.o
 .debug_info    0x00000983      0x819 ./Sources/GPIO.o
 .debug_info    0x0000119c      0x123 ./Sources/GlobalFunctions.o
 .debug_info    0x000012bf      0x7a3 ./Sources/I2C.o
 .debug_info    0x00001a62      0x98a ./Sources/NVIC.o
 .debug_info    0x000023ec      0x48a ./Sources/RTC.o
 .debug_info    0x00002876      0x889 ./Sources/UART.o
 .debug_info    0x000030ff      0x3ed ./Sources/main.o
 .debug_info    0x000034ec      0x5b3 ./Sources/menu.o
 .debug_info    0x00003a9f       0x78 ./Project_Settings/Startup_Code/startup_MK64F12.o
 .debug_info    0x00003b17      0x609 ./Project_Settings/Startup_Code/system_MK64F12.o

.debug_abbrev   0x00000000      0xdaf
 .debug_abbrev  0x00000000      0x1aa ./Sources/FlexTimer.o
 .debug_abbrev  0x000001aa      0x224 ./Sources/GPIO.o
 .debug_abbrev  0x000003ce       0xb4 ./Sources/GlobalFunctions.o
 .debug_abbrev  0x00000482      0x166 ./Sources/I2C.o
 .debug_abbrev  0x000005e8      0x19c ./Sources/NVIC.o
 .debug_abbrev  0x00000784      0x151 ./Sources/RTC.o
 .debug_abbrev  0x000008d5      0x1bb ./Sources/UART.o
 .debug_abbrev  0x00000a90       0x9c ./Sources/main.o
 .debug_abbrev  0x00000b2c      0x155 ./Sources/menu.o
 .debug_abbrev  0x00000c81       0x14 ./Project_Settings/Startup_Code/startup_MK64F12.o
 .debug_abbrev  0x00000c95      0x11a ./Project_Settings/Startup_Code/system_MK64F12.o

.debug_aranges  0x00000000      0x420
 .debug_aranges
                0x00000000       0x98 ./Sources/FlexTimer.o
 .debug_aranges
                0x00000098       0x98 ./Sources/GPIO.o
 .debug_aranges
                0x00000130       0x28 ./Sources/GlobalFunctions.o
 .debug_aranges
                0x00000158       0x90 ./Sources/I2C.o
 .debug_aranges
                0x000001e8       0x38 ./Sources/NVIC.o
 .debug_aranges
                0x00000220       0xa8 ./Sources/RTC.o
 .debug_aranges
                0x000002c8       0x78 ./Sources/UART.o
 .debug_aranges
                0x00000340       0x20 ./Sources/main.o
 .debug_aranges
                0x00000360       0x78 ./Sources/menu.o
 .debug_aranges
                0x000003d8       0x20 ./Project_Settings/Startup_Code/startup_MK64F12.o
 .debug_aranges
                0x000003f8       0x28 ./Project_Settings/Startup_Code/system_MK64F12.o

.debug_ranges   0x00000000      0x360
 .debug_ranges  0x00000000       0x88 ./Sources/FlexTimer.o
 .debug_ranges  0x00000088       0x88 ./Sources/GPIO.o
 .debug_ranges  0x00000110       0x18 ./Sources/GlobalFunctions.o
 .debug_ranges  0x00000128       0x80 ./Sources/I2C.o
 .debug_ranges  0x000001a8       0x28 ./Sources/NVIC.o
 .debug_ranges  0x000001d0       0x98 ./Sources/RTC.o
 .debug_ranges  0x00000268       0x68 ./Sources/UART.o
 .debug_ranges  0x000002d0       0x10 ./Sources/main.o
 .debug_ranges  0x000002e0       0x68 ./Sources/menu.o
 .debug_ranges  0x00000348       0x18 ./Project_Settings/Startup_Code/system_MK64F12.o

.debug_macro    0x00000000    0x19ae2
 .debug_macro   0x00000000       0xb5 ./Sources/FlexTimer.o
 .debug_macro   0x000000b5       0x16 ./Sources/FlexTimer.o
 .debug_macro   0x000000cb       0x16 ./Sources/FlexTimer.o
 .debug_macro   0x000000e1       0x44 ./Sources/FlexTimer.o
 .debug_macro   0x00000125      0x209 ./Sources/FlexTimer.o
 .debug_macro   0x0000032e       0x56 ./Sources/FlexTimer.o
 .debug_macro   0x00000384       0x3b ./Sources/FlexTimer.o
 .debug_macro   0x000003bf       0x34 ./Sources/FlexTimer.o
 .debug_macro   0x000003f3       0x26 ./Sources/FlexTimer.o
 .debug_macro   0x00000419      0xd1d ./Sources/FlexTimer.o
 .debug_macro   0x00001136       0x78 ./Sources/FlexTimer.o
 .debug_macro   0x000011ae    0x175e0 ./Sources/FlexTimer.o
 .debug_macro   0x0001878e       0xa6 ./Sources/FlexTimer.o
 .debug_macro   0x00018834      0x10c ./Sources/FlexTimer.o
 .debug_macro   0x00018940       0xac ./Sources/GPIO.o
 .debug_macro   0x000189ec       0xa0 ./Sources/GPIO.o
 .debug_macro   0x00018a8c       0x25 ./Sources/GlobalFunctions.o
 .debug_macro   0x00018ab1       0xaf ./Sources/I2C.o
 .debug_macro   0x00018b60       0x3a ./Sources/I2C.o
 .debug_macro   0x00018b9a       0xa6 ./Sources/NVIC.o
 .debug_macro   0x00018c40       0x10 ./Sources/NVIC.o
 .debug_macro   0x00018c50      0x14b ./Sources/RTC.o
 .debug_macro   0x00018d9b       0xa7 ./Sources/UART.o
 .debug_macro   0x00018e42      0x235 ./Sources/main.o
 .debug_macro   0x00019077       0x58 ./Sources/main.o
 .debug_macro   0x000190cf       0x8e ./Sources/main.o
 .debug_macro   0x0001915d       0x58 ./Sources/main.o
 .debug_macro   0x000191b5       0x35 ./Sources/main.o
 .debug_macro   0x000191ea       0xa3 ./Sources/main.o
 .debug_macro   0x0001928d       0x16 ./Sources/main.o
 .debug_macro   0x000192a3       0x97 ./Sources/main.o
 .debug_macro   0x0001933a       0x10 ./Sources/main.o
 .debug_macro   0x0001934a       0xef ./Sources/main.o
 .debug_macro   0x00019439       0x52 ./Sources/main.o
 .debug_macro   0x0001948b       0x16 ./Sources/main.o
 .debug_macro   0x000194a1       0x43 ./Sources/main.o
 .debug_macro   0x000194e4      0x180 ./Sources/main.o
 .debug_macro   0x00019664       0x10 ./Sources/main.o
 .debug_macro   0x00019674       0x22 ./Sources/main.o
 .debug_macro   0x00019696       0xbd ./Sources/main.o
 .debug_macro   0x00019753       0x16 ./Sources/main.o
 .debug_macro   0x00019769      0x14a ./Sources/main.o
 .debug_macro   0x000198b3      0x10b ./Sources/menu.o
 .debug_macro   0x000199be       0x34 ./Sources/menu.o
 .debug_macro   0x000199f2       0x88 ./Project_Settings/Startup_Code/system_MK64F12.o
 .debug_macro   0x00019a7a       0x68 ./Project_Settings/Startup_Code/system_MK64F12.o

.debug_line     0x00000000     0x1e67
 .debug_line    0x00000000      0x339 ./Sources/FlexTimer.o
 .debug_line    0x00000339      0x399 ./Sources/GPIO.o
 .debug_line    0x000006d2       0xab ./Sources/GlobalFunctions.o
 .debug_line    0x0000077d      0x32e ./Sources/I2C.o
 .debug_line    0x00000aab      0x240 ./Sources/NVIC.o
 .debug_line    0x00000ceb      0x3d4 ./Sources/RTC.o
 .debug_line    0x000010bf      0x306 ./Sources/UART.o
 .debug_line    0x000013c5      0x312 ./Sources/main.o
 .debug_line    0x000016d7      0x4b9 ./Sources/menu.o
 .debug_line    0x00001b90       0x78 ./Project_Settings/Startup_Code/startup_MK64F12.o
 .debug_line    0x00001c08      0x25f ./Project_Settings/Startup_Code/system_MK64F12.o

.debug_str      0x00000000    0x93ada
 .debug_str     0x00000000    0x8fdda ./Sources/FlexTimer.o
                              0x8ff60 (size before relaxing)
 .debug_str     0x0008fdda      0x28f ./Sources/GPIO.o
                              0x8fa12 (size before relaxing)
 .debug_str     0x00090069       0x70 ./Sources/GlobalFunctions.o
                               0x24f2 (size before relaxing)
 .debug_str     0x000900d9      0x208 ./Sources/I2C.o
                              0x8fa68 (size before relaxing)
 .debug_str     0x000902e1      0xb07 ./Sources/NVIC.o
                              0x8ff07 (size before relaxing)
 .debug_str     0x00090de8      0x311 ./Sources/RTC.o
                              0x8fa9b (size before relaxing)
 .debug_str     0x000910f9      0x284 ./Sources/UART.o
                              0x8f776 (size before relaxing)
 .debug_str     0x0009137d     0x2350 ./Sources/main.o
                              0x9205b (size before relaxing)
 .debug_str     0x000936cd      0x318 ./Sources/menu.o
                              0x8fd42 (size before relaxing)
 .debug_str     0x000939e5       0xf5 ./Project_Settings/Startup_Code/system_MK64F12.o
                              0x8f5bc (size before relaxing)

.comment        0x00000000       0x70
 .comment       0x00000000       0x70 ./Sources/FlexTimer.o
                                 0x71 (size before relaxing)
 .comment       0x00000000       0x71 ./Sources/GPIO.o
 .comment       0x00000000       0x71 ./Sources/GlobalFunctions.o
 .comment       0x00000000       0x71 ./Sources/I2C.o
 .comment       0x00000000       0x71 ./Sources/NVIC.o
 .comment       0x00000000       0x71 ./Sources/RTC.o
 .comment       0x00000000       0x71 ./Sources/UART.o
 .comment       0x00000000       0x71 ./Sources/main.o
 .comment       0x00000000       0x71 ./Sources/menu.o
 .comment       0x00000000       0x71 ./Project_Settings/Startup_Code/system_MK64F12.o

.debug_frame    0x00000000      0xc40
 .debug_frame   0x00000000      0x1c4 ./Sources/FlexTimer.o
 .debug_frame   0x000001c4      0x1c8 ./Sources/GPIO.o
 .debug_frame   0x0000038c       0x48 ./Sources/GlobalFunctions.o
 .debug_frame   0x000003d4      0x1c4 ./Sources/I2C.o
 .debug_frame   0x00000598       0x84 ./Sources/NVIC.o
 .debug_frame   0x0000061c      0x230 ./Sources/RTC.o
 .debug_frame   0x0000084c      0x168 ./Sources/UART.o
 .debug_frame   0x000009b4       0x2c ./Sources/main.o
 .debug_frame   0x000009e0      0x188 ./Sources/menu.o
 .debug_frame   0x00000b68       0x44 ./Project_Settings/Startup_Code/system_MK64F12.o
 .debug_frame   0x00000bac       0x28 c:/freescale/kds_v3/toolchain/bin/../lib/gcc/arm-none-eabi/4.8.4/../../../../arm-none-eabi/lib/armv7e-m/fpu\libg_s.a(lib_a-exit.o)
 .debug_frame   0x00000bd4       0x2c c:/freescale/kds_v3/toolchain/bin/../lib/gcc/arm-none-eabi/4.8.4/../../../../arm-none-eabi/lib/armv7e-m/fpu\libg_s.a(lib_a-init.o)
 .debug_frame   0x00000c00       0x20 c:/freescale/kds_v3/toolchain/bin/../lib/gcc/arm-none-eabi/4.8.4/../../../../arm-none-eabi/lib/armv7e-m/fpu\libg_s.a(lib_a-memset.o)
 .debug_frame   0x00000c20       0x20 c:/freescale/kds_v3/toolchain/bin/../lib/gcc/arm-none-eabi/4.8.4/../../../../arm-none-eabi/lib/armv7e-m/fpu\libnosys.a(_exit.o)
