Archive member included because of file (symbol)

c:/freescale/kds_v3/toolchain/bin/../lib/gcc/arm-none-eabi/4.8.4/armv7e-m/fpu\libgcc.a(_arm_addsubdf3.o)
                              ./Sources/FlexTimer.o (__aeabi_f2d)
c:/freescale/kds_v3/toolchain/bin/../lib/gcc/arm-none-eabi/4.8.4/armv7e-m/fpu\libgcc.a(_arm_muldivdf3.o)
                              ./Sources/FlexTimer.o (__aeabi_dmul)
c:/freescale/kds_v3/toolchain/bin/../lib/gcc/arm-none-eabi/4.8.4/armv7e-m/fpu\libgcc.a(_arm_truncdfsf2.o)
                              ./Sources/FlexTimer.o (__aeabi_d2f)
c:/freescale/kds_v3/toolchain/bin/../lib/gcc/arm-none-eabi/4.8.4/../../../../arm-none-eabi/lib/armv7e-m/fpu\libg_s.a(lib_a-exit.o)
                              c:/freescale/kds_v3/toolchain/bin/../lib/gcc/arm-none-eabi/4.8.4/../../../../arm-none-eabi/lib/armv7e-m/fpu/crt0.o (exit)
c:/freescale/kds_v3/toolchain/bin/../lib/gcc/arm-none-eabi/4.8.4/../../../../arm-none-eabi/lib/armv7e-m/fpu\libg_s.a(lib_a-impure.o)
                              c:/freescale/kds_v3/toolchain/bin/../lib/gcc/arm-none-eabi/4.8.4/../../../../arm-none-eabi/lib/armv7e-m/fpu\libg_s.a(lib_a-exit.o) (_global_impure_ptr)
c:/freescale/kds_v3/toolchain/bin/../lib/gcc/arm-none-eabi/4.8.4/../../../../arm-none-eabi/lib/armv7e-m/fpu\libg_s.a(lib_a-init.o)
                              c:/freescale/kds_v3/toolchain/bin/../lib/gcc/arm-none-eabi/4.8.4/../../../../arm-none-eabi/lib/armv7e-m/fpu/crt0.o (__libc_init_array)
c:/freescale/kds_v3/toolchain/bin/../lib/gcc/arm-none-eabi/4.8.4/../../../../arm-none-eabi/lib/armv7e-m/fpu\libg_s.a(lib_a-memset.o)
                              c:/freescale/kds_v3/toolchain/bin/../lib/gcc/arm-none-eabi/4.8.4/../../../../arm-none-eabi/lib/armv7e-m/fpu/crt0.o (memset)
c:/freescale/kds_v3/toolchain/bin/../lib/gcc/arm-none-eabi/4.8.4/../../../../arm-none-eabi/lib/armv7e-m/fpu\libnosys.a(_exit.o)
                              c:/freescale/kds_v3/toolchain/bin/../lib/gcc/arm-none-eabi/4.8.4/../../../../arm-none-eabi/lib/armv7e-m/fpu\libg_s.a(lib_a-exit.o) (_exit)

Allocating common symbols
Common symbol       size              file

UART0_MailBox       0x2               ./Sources/UART.o
currentState_flag   0x1               ./Sources/menu.o
funwithFlags        0x1               ./Sources/GPIO.o

Discarded input sections

 .text          0x00000000        0x0 c:/freescale/kds_v3/toolchain/bin/../lib/gcc/arm-none-eabi/4.8.4/armv7e-m/fpu/crti.o
 .data          0x00000000        0x0 c:/freescale/kds_v3/toolchain/bin/../lib/gcc/arm-none-eabi/4.8.4/armv7e-m/fpu/crti.o
 .bss           0x00000000        0x0 c:/freescale/kds_v3/toolchain/bin/../lib/gcc/arm-none-eabi/4.8.4/armv7e-m/fpu/crti.o
 .data          0x00000000        0x4 c:/freescale/kds_v3/toolchain/bin/../lib/gcc/arm-none-eabi/4.8.4/armv7e-m/fpu/crtbegin.o
 .data          0x00000000        0x0 c:/freescale/kds_v3/toolchain/bin/../lib/gcc/arm-none-eabi/4.8.4/../../../../arm-none-eabi/lib/armv7e-m/fpu/crt0.o
 .bss           0x00000000        0x0 c:/freescale/kds_v3/toolchain/bin/../lib/gcc/arm-none-eabi/4.8.4/../../../../arm-none-eabi/lib/armv7e-m/fpu/crt0.o
 .ARM.extab     0x00000000        0x0 c:/freescale/kds_v3/toolchain/bin/../lib/gcc/arm-none-eabi/4.8.4/../../../../arm-none-eabi/lib/armv7e-m/fpu/crt0.o
 .group         0x00000000        0x8 ./Sources/FlexTimer.o
 .group         0x00000000        0x8 ./Sources/FlexTimer.o
 .group         0x00000000        0x8 ./Sources/FlexTimer.o
 .group         0x00000000        0x8 ./Sources/FlexTimer.o
 .group         0x00000000        0x8 ./Sources/FlexTimer.o
 .group         0x00000000        0x8 ./Sources/FlexTimer.o
 .group         0x00000000        0x8 ./Sources/FlexTimer.o
 .group         0x00000000        0x8 ./Sources/FlexTimer.o
 .group         0x00000000        0x8 ./Sources/FlexTimer.o
 .group         0x00000000        0x8 ./Sources/FlexTimer.o
 .group         0x00000000        0x8 ./Sources/FlexTimer.o
 .group         0x00000000        0x8 ./Sources/FlexTimer.o
 .group         0x00000000        0x8 ./Sources/FlexTimer.o
 .group         0x00000000        0x8 ./Sources/FlexTimer.o
 .text          0x00000000        0x0 ./Sources/FlexTimer.o
 .data          0x00000000        0x0 ./Sources/FlexTimer.o
 .bss           0x00000000        0x0 ./Sources/FlexTimer.o
 .data.FTMx_SC  0x00000000        0xc ./Sources/FlexTimer.o
 .data.FTMx_MODE
                0x00000000        0xc ./Sources/FlexTimer.o
 .data.FTMx_MOD
                0x00000000        0xc ./Sources/FlexTimer.o
 .data.FTMx_C0SC
                0x00000000        0xc ./Sources/FlexTimer.o
 .data.FTMx_CONF
                0x00000000        0xc ./Sources/FlexTimer.o
 .data.FTMx_COMBINE
                0x00000000        0xc ./Sources/FlexTimer.o
 .data.FTMx_C0V
                0x00000000        0xc ./Sources/FlexTimer.o
 .bss.tempValue
                0x00000000        0x4 ./Sources/FlexTimer.o
 .text.FTM_ClockGating
                0x00000000       0x74 ./Sources/FlexTimer.o
 .text.FTM_Stat_Control
                0x00000000       0x5c ./Sources/FlexTimer.o
 .text.FTM_MODE
                0x00000000       0x48 ./Sources/FlexTimer.o
 .text.FTM_MOD  0x00000000       0x34 ./Sources/FlexTimer.o
 .text.FTM_C0SC
                0x00000000       0x58 ./Sources/FlexTimer.o
 .text.FTM_CONF
                0x00000000       0x34 ./Sources/FlexTimer.o
 .text.FTM_COMBINE
                0x00000000       0x34 ./Sources/FlexTimer.o
 .text.FTM_updateCHValue
                0x00000000       0x24 ./Sources/FlexTimer.o
 .text.FTM_Init
                0x00000000       0x6c ./Sources/FlexTimer.o
 .text.frecuency_value
                0x00000000       0x1c ./Sources/FlexTimer.o
 .text.temp_value
                0x00000000       0x1c ./Sources/FlexTimer.o
 .text.clean_frecuency
                0x00000000       0x18 ./Sources/FlexTimer.o
 .group         0x00000000        0x8 ./Sources/GPIO.o
 .group         0x00000000        0x8 ./Sources/GPIO.o
 .group         0x00000000        0x8 ./Sources/GPIO.o
 .group         0x00000000        0x8 ./Sources/GPIO.o
 .group         0x00000000        0x8 ./Sources/GPIO.o
 .group         0x00000000        0x8 ./Sources/GPIO.o
 .group         0x00000000        0x8 ./Sources/GPIO.o
 .group         0x00000000        0x8 ./Sources/GPIO.o
 .group         0x00000000        0x8 ./Sources/GPIO.o
 .group         0x00000000        0x8 ./Sources/GPIO.o
 .group         0x00000000        0x8 ./Sources/GPIO.o
 .group         0x00000000        0x8 ./Sources/GPIO.o
 .group         0x00000000        0x8 ./Sources/GPIO.o
 .text          0x00000000        0x0 ./Sources/GPIO.o
 .data          0x00000000        0x0 ./Sources/GPIO.o
 .bss           0x00000000        0x0 ./Sources/GPIO.o
 .text.clearAllFlag
                0x00000000       0x18 ./Sources/GPIO.o
 .text.GPIO_clockGating
                0x00000000       0xc4 ./Sources/GPIO.o
 .text.GPIO_pinControlRegister
                0x00000000       0x9c ./Sources/GPIO.o
 .text.GPIO_writePORT
                0x00000000       0x74 ./Sources/GPIO.o
 .text.GPIO_readPORT
                0x00000000       0x6c ./Sources/GPIO.o
 .text.GPIO_readPIN
                0x00000000       0xc4 ./Sources/GPIO.o
 .text.GPIO_dataDirectionPORT
                0x00000000       0x74 ./Sources/GPIO.o
 .text.GPIO_dataDirectionPIN
                0x00000000       0xc0 ./Sources/GPIO.o
 .debug_macro   0x00000000      0x850 ./Sources/GPIO.o
 .debug_macro   0x00000000       0x16 ./Sources/GPIO.o
 .debug_macro   0x00000000       0x16 ./Sources/GPIO.o
 .debug_macro   0x00000000       0x44 ./Sources/GPIO.o
 .debug_macro   0x00000000      0x209 ./Sources/GPIO.o
 .debug_macro   0x00000000       0x56 ./Sources/GPIO.o
 .debug_macro   0x00000000       0x3b ./Sources/GPIO.o
 .debug_macro   0x00000000       0x34 ./Sources/GPIO.o
 .debug_macro   0x00000000       0x26 ./Sources/GPIO.o
 .debug_macro   0x00000000      0xd1d ./Sources/GPIO.o
 .debug_macro   0x00000000       0x78 ./Sources/GPIO.o
 .debug_macro   0x00000000    0x175e0 ./Sources/GPIO.o
 .group         0x00000000        0x8 ./Sources/I2C.o
 .group         0x00000000        0x8 ./Sources/I2C.o
 .group         0x00000000        0x8 ./Sources/I2C.o
 .group         0x00000000        0x8 ./Sources/I2C.o
 .group         0x00000000        0x8 ./Sources/I2C.o
 .group         0x00000000        0x8 ./Sources/I2C.o
 .group         0x00000000        0x8 ./Sources/I2C.o
 .group         0x00000000        0x8 ./Sources/I2C.o
 .group         0x00000000        0x8 ./Sources/I2C.o
 .group         0x00000000        0x8 ./Sources/I2C.o
 .group         0x00000000        0x8 ./Sources/I2C.o
 .group         0x00000000        0x8 ./Sources/I2C.o
 .group         0x00000000        0x8 ./Sources/I2C.o
 .text          0x00000000        0x0 ./Sources/I2C.o
 .data          0x00000000        0x0 ./Sources/I2C.o
 .bss           0x00000000        0x0 ./Sources/I2C.o
 .data.I2Cx_C1  0x00000000        0xc ./Sources/I2C.o
 .data.I2Cx_S   0x00000000        0xc ./Sources/I2C.o
 .data.I2Cx_D   0x00000000        0xc ./Sources/I2C.o
 .text.I2C_clockChannel
                0x00000000       0x74 ./Sources/I2C.o
 .text.I2C_busy
                0x00000000       0x30 ./Sources/I2C.o
 .text.I2C_MST_OrSLV_Mode
                0x00000000       0x5c ./Sources/I2C.o
 .text.I2C_TX_RX_Mode
                0x00000000       0x5c ./Sources/I2C.o
 .text.I2C_NACK
                0x00000000        0xc ./Sources/I2C.o
 .text.I2C_repeted_Start
                0x00000000       0x34 ./Sources/I2C.o
 .text.I2C_write_Byte
                0x00000000       0x28 ./Sources/I2C.o
 .text.I2C_read_Byte
                0x00000000       0x10 ./Sources/I2C.o
 .text.I2C_wait
                0x00000000        0xc ./Sources/I2C.o
 .text.I2C_get_ACK
                0x00000000       0x10 ./Sources/I2C.o
 .text.I2C_start
                0x00000000       0x34 ./Sources/I2C.o
 .text.I2C_stop
                0x00000000       0x34 ./Sources/I2C.o
 .text.I2C_init
                0x00000000       0x1c ./Sources/I2C.o
 .debug_info    0x00000000      0x5d5 ./Sources/I2C.o
 .debug_abbrev  0x00000000      0x17e ./Sources/I2C.o
 .debug_aranges
                0x00000000       0x80 ./Sources/I2C.o
 .debug_ranges  0x00000000       0x70 ./Sources/I2C.o
 .debug_macro   0x00000000       0xaa ./Sources/I2C.o
 .debug_macro   0x00000000      0x850 ./Sources/I2C.o
 .debug_macro   0x00000000       0x16 ./Sources/I2C.o
 .debug_macro   0x00000000       0x16 ./Sources/I2C.o
 .debug_macro   0x00000000       0x44 ./Sources/I2C.o
 .debug_macro   0x00000000      0x209 ./Sources/I2C.o
 .debug_macro   0x00000000       0x56 ./Sources/I2C.o
 .debug_macro   0x00000000       0x3b ./Sources/I2C.o
 .debug_macro   0x00000000       0x34 ./Sources/I2C.o
 .debug_macro   0x00000000       0x26 ./Sources/I2C.o
 .debug_macro   0x00000000      0xd1d ./Sources/I2C.o
 .debug_macro   0x00000000       0x78 ./Sources/I2C.o
 .debug_macro   0x00000000    0x175e0 ./Sources/I2C.o
 .debug_macro   0x00000000       0x3a ./Sources/I2C.o
 .debug_line    0x00000000      0x2ce ./Sources/I2C.o
 .debug_str     0x00000000    0x8f6a0 ./Sources/I2C.o
 .comment       0x00000000       0x71 ./Sources/I2C.o
 .ARM.attributes
                0x00000000       0x39 ./Sources/I2C.o
 .debug_frame   0x00000000      0x16c ./Sources/I2C.o
 .group         0x00000000        0x8 ./Sources/LCDNokia5110.o
 .group         0x00000000        0x8 ./Sources/LCDNokia5110.o
 .group         0x00000000        0x8 ./Sources/LCDNokia5110.o
 .group         0x00000000        0x8 ./Sources/LCDNokia5110.o
 .group         0x00000000        0x8 ./Sources/LCDNokia5110.o
 .group         0x00000000        0x8 ./Sources/LCDNokia5110.o
 .group         0x00000000        0x8 ./Sources/LCDNokia5110.o
 .group         0x00000000        0x8 ./Sources/LCDNokia5110.o
 .group         0x00000000        0x8 ./Sources/LCDNokia5110.o
 .group         0x00000000        0x8 ./Sources/LCDNokia5110.o
 .group         0x00000000        0x8 ./Sources/LCDNokia5110.o
 .group         0x00000000        0x8 ./Sources/LCDNokia5110.o
 .group         0x00000000        0x8 ./Sources/LCDNokia5110.o
 .group         0x00000000        0x8 ./Sources/LCDNokia5110.o
 .group         0x00000000        0x8 ./Sources/LCDNokia5110.o
 .text          0x00000000        0x0 ./Sources/LCDNokia5110.o
 .data          0x00000000        0x0 ./Sources/LCDNokia5110.o
 .bss           0x00000000        0x0 ./Sources/LCDNokia5110.o
 .rodata.ASCII  0x00000000      0x1e0 ./Sources/LCDNokia5110.o
 .text.LCDNokia_init
                0x00000000       0x90 ./Sources/LCDNokia5110.o
 .text.LCDNokia_bitmap
                0x00000000       0x38 ./Sources/LCDNokia5110.o
 .text.LCDNokia_sendChar
                0x00000000       0x58 ./Sources/LCDNokia5110.o
 .text.LCDNokia_sendString
                0x00000000       0x28 ./Sources/LCDNokia5110.o
 .text.LCD_delay
                0x00000000       0x28 ./Sources/LCDNokia5110.o
 .debug_macro   0x00000000      0x850 ./Sources/LCDNokia5110.o
 .debug_macro   0x00000000       0xa0 ./Sources/LCDNokia5110.o
 .debug_macro   0x00000000       0x16 ./Sources/LCDNokia5110.o
 .debug_macro   0x00000000       0x16 ./Sources/LCDNokia5110.o
 .debug_macro   0x00000000       0x44 ./Sources/LCDNokia5110.o
 .debug_macro   0x00000000      0x209 ./Sources/LCDNokia5110.o
 .debug_macro   0x00000000       0x56 ./Sources/LCDNokia5110.o
 .debug_macro   0x00000000       0x3b ./Sources/LCDNokia5110.o
 .debug_macro   0x00000000       0x34 ./Sources/LCDNokia5110.o
 .debug_macro   0x00000000       0x26 ./Sources/LCDNokia5110.o
 .debug_macro   0x00000000      0xd1d ./Sources/LCDNokia5110.o
 .debug_macro   0x00000000       0x78 ./Sources/LCDNokia5110.o
 .debug_macro   0x00000000    0x175e0 ./Sources/LCDNokia5110.o
 .group         0x00000000        0x8 ./Sources/LCDNokia5110Images.o
 .text          0x00000000        0x0 ./Sources/LCDNokia5110Images.o
 .data          0x00000000        0x0 ./Sources/LCDNokia5110Images.o
 .bss           0x00000000        0x0 ./Sources/LCDNokia5110Images.o
 .rodata.ITESO  0x00000000      0x1f8 ./Sources/LCDNokia5110Images.o
 .debug_info    0x00000000       0x85 ./Sources/LCDNokia5110Images.o
 .debug_abbrev  0x00000000       0x55 ./Sources/LCDNokia5110Images.o
 .debug_aranges
                0x00000000       0x18 ./Sources/LCDNokia5110Images.o
 .debug_macro   0x00000000       0x25 ./Sources/LCDNokia5110Images.o
 .debug_macro   0x00000000      0x850 ./Sources/LCDNokia5110Images.o
 .debug_line    0x00000000       0x71 ./Sources/LCDNokia5110Images.o
 .debug_str     0x00000000     0x24ae ./Sources/LCDNokia5110Images.o
 .comment       0x00000000       0x71 ./Sources/LCDNokia5110Images.o
 .ARM.attributes
                0x00000000       0x39 ./Sources/LCDNokia5110Images.o
 .group         0x00000000        0x8 ./Sources/NVIC.o
 .group         0x00000000        0x8 ./Sources/NVIC.o
 .group         0x00000000        0x8 ./Sources/NVIC.o
 .group         0x00000000        0x8 ./Sources/NVIC.o
 .group         0x00000000        0x8 ./Sources/NVIC.o
 .group         0x00000000        0x8 ./Sources/NVIC.o
 .group         0x00000000        0x8 ./Sources/NVIC.o
 .group         0x00000000        0x8 ./Sources/NVIC.o
 .group         0x00000000        0x8 ./Sources/NVIC.o
 .group         0x00000000        0x8 ./Sources/NVIC.o
 .group         0x00000000        0x8 ./Sources/NVIC.o
 .group         0x00000000        0x8 ./Sources/NVIC.o
 .group         0x00000000        0x8 ./Sources/NVIC.o
 .text          0x00000000        0x0 ./Sources/NVIC.o
 .data          0x00000000        0x0 ./Sources/NVIC.o
 .bss           0x00000000        0x0 ./Sources/NVIC.o
 .text.NVIC_EnableIRQ
                0x00000000       0x30 ./Sources/NVIC.o
 .text.NVIC_SetPriority
                0x00000000       0x54 ./Sources/NVIC.o
 .text.NVIC_enableInterruptAndPriotity
                0x00000000       0x2c ./Sources/NVIC.o
 .text.NVIC_setBASEPRI_threshold
                0x00000000       0x20 ./Sources/NVIC.o
 .debug_info    0x00000000      0x98a ./Sources/NVIC.o
 .debug_abbrev  0x00000000      0x19c ./Sources/NVIC.o
 .debug_aranges
                0x00000000       0x38 ./Sources/NVIC.o
 .debug_ranges  0x00000000       0x28 ./Sources/NVIC.o
 .debug_macro   0x00000000       0xa6 ./Sources/NVIC.o
 .debug_macro   0x00000000      0x850 ./Sources/NVIC.o
 .debug_macro   0x00000000       0x16 ./Sources/NVIC.o
 .debug_macro   0x00000000       0x16 ./Sources/NVIC.o
 .debug_macro   0x00000000       0x44 ./Sources/NVIC.o
 .debug_macro   0x00000000      0x209 ./Sources/NVIC.o
 .debug_macro   0x00000000       0x56 ./Sources/NVIC.o
 .debug_macro   0x00000000       0x3b ./Sources/NVIC.o
 .debug_macro   0x00000000       0x34 ./Sources/NVIC.o
 .debug_macro   0x00000000       0x26 ./Sources/NVIC.o
 .debug_macro   0x00000000      0xd1d ./Sources/NVIC.o
 .debug_macro   0x00000000       0x78 ./Sources/NVIC.o
 .debug_macro   0x00000000    0x175e0 ./Sources/NVIC.o
 .debug_macro   0x00000000       0x10 ./Sources/NVIC.o
 .debug_line    0x00000000      0x240 ./Sources/NVIC.o
 .debug_str     0x00000000    0x8ff07 ./Sources/NVIC.o
 .comment       0x00000000       0x71 ./Sources/NVIC.o
 .ARM.attributes
                0x00000000       0x39 ./Sources/NVIC.o
 .debug_frame   0x00000000       0x84 ./Sources/NVIC.o
 .group         0x00000000        0x8 ./Sources/SPI.o
 .group         0x00000000        0x8 ./Sources/SPI.o
 .group         0x00000000        0x8 ./Sources/SPI.o
 .group         0x00000000        0x8 ./Sources/SPI.o
 .group         0x00000000        0x8 ./Sources/SPI.o
 .group         0x00000000        0x8 ./Sources/SPI.o
 .group         0x00000000        0x8 ./Sources/SPI.o
 .group         0x00000000        0x8 ./Sources/SPI.o
 .group         0x00000000        0x8 ./Sources/SPI.o
 .group         0x00000000        0x8 ./Sources/SPI.o
 .group         0x00000000        0x8 ./Sources/SPI.o
 .group         0x00000000        0x8 ./Sources/SPI.o
 .group         0x00000000        0x8 ./Sources/SPI.o
 .group         0x00000000        0x8 ./Sources/SPI.o
 .text          0x00000000        0x0 ./Sources/SPI.o
 .data          0x00000000        0x0 ./Sources/SPI.o
 .bss           0x00000000        0x0 ./Sources/SPI.o
 .data.SPI_CTAR
                0x00000000        0xc ./Sources/SPI.o
 .text.SPI_enable
                0x00000000       0x30 ./Sources/SPI.o
 .text.SPI_clk  0x00000000       0x90 ./Sources/SPI.o
 .text.SPI_setMaster
                0x00000000       0x54 ./Sources/SPI.o
 .text.SPI_fIFO
                0x00000000       0x54 ./Sources/SPI.o
 .text.SPI_clockPolarity
                0x00000000       0x54 ./Sources/SPI.o
 .text.SPI_frameSize
                0x00000000       0x4c ./Sources/SPI.o
 .text.SPI_clockPhase
                0x00000000       0x54 ./Sources/SPI.o
 .text.SPI_baudRate
                0x00000000       0x34 ./Sources/SPI.o
 .text.SPI_mSBFirst
                0x00000000       0x54 ./Sources/SPI.o
 .text.SPI_init
                0x00000000       0xc8 ./Sources/SPI.o
 .debug_macro   0x00000000      0x850 ./Sources/SPI.o
 .debug_macro   0x00000000       0x16 ./Sources/SPI.o
 .debug_macro   0x00000000       0x16 ./Sources/SPI.o
 .debug_macro   0x00000000       0x44 ./Sources/SPI.o
 .debug_macro   0x00000000      0x209 ./Sources/SPI.o
 .debug_macro   0x00000000       0x56 ./Sources/SPI.o
 .debug_macro   0x00000000       0x3b ./Sources/SPI.o
 .debug_macro   0x00000000       0x34 ./Sources/SPI.o
 .debug_macro   0x00000000       0x26 ./Sources/SPI.o
 .debug_macro   0x00000000      0xd1d ./Sources/SPI.o
 .debug_macro   0x00000000       0x78 ./Sources/SPI.o
 .debug_macro   0x00000000    0x175e0 ./Sources/SPI.o
 .debug_macro   0x00000000       0xa6 ./Sources/SPI.o
 .debug_macro   0x00000000       0xe8 ./Sources/SPI.o
 .group         0x00000000        0x8 ./Sources/UART.o
 .group         0x00000000        0x8 ./Sources/UART.o
 .group         0x00000000        0x8 ./Sources/UART.o
 .group         0x00000000        0x8 ./Sources/UART.o
 .group         0x00000000        0x8 ./Sources/UART.o
 .group         0x00000000        0x8 ./Sources/UART.o
 .group         0x00000000        0x8 ./Sources/UART.o
 .group         0x00000000        0x8 ./Sources/UART.o
 .group         0x00000000        0x8 ./Sources/UART.o
 .group         0x00000000        0x8 ./Sources/UART.o
 .group         0x00000000        0x8 ./Sources/UART.o
 .group         0x00000000        0x8 ./Sources/UART.o
 .text          0x00000000        0x0 ./Sources/UART.o
 .data          0x00000000        0x0 ./Sources/UART.o
 .bss           0x00000000        0x0 ./Sources/UART.o
 .text.UART0_interruptEnable
                0x00000000       0x28 ./Sources/UART.o
 .text.UART_init
                0x00000000       0x94 ./Sources/UART.o
 .debug_macro   0x00000000      0x850 ./Sources/UART.o
 .debug_macro   0x00000000       0x16 ./Sources/UART.o
 .debug_macro   0x00000000       0x16 ./Sources/UART.o
 .debug_macro   0x00000000       0x44 ./Sources/UART.o
 .debug_macro   0x00000000      0x209 ./Sources/UART.o
 .debug_macro   0x00000000       0x56 ./Sources/UART.o
 .debug_macro   0x00000000       0x3b ./Sources/UART.o
 .debug_macro   0x00000000       0x34 ./Sources/UART.o
 .debug_macro   0x00000000       0x26 ./Sources/UART.o
 .debug_macro   0x00000000      0xd1d ./Sources/UART.o
 .debug_macro   0x00000000       0x78 ./Sources/UART.o
 .debug_macro   0x00000000    0x175e0 ./Sources/UART.o
 .group         0x00000000        0x8 ./Sources/main.o
 .group         0x00000000        0x8 ./Sources/main.o
 .group         0x00000000        0x8 ./Sources/main.o
 .group         0x00000000        0x8 ./Sources/main.o
 .group         0x00000000        0x8 ./Sources/main.o
 .group         0x00000000        0x8 ./Sources/main.o
 .group         0x00000000        0x8 ./Sources/main.o
 .group         0x00000000        0x8 ./Sources/main.o
 .group         0x00000000        0x8 ./Sources/main.o
 .group         0x00000000        0x8 ./Sources/main.o
 .group         0x00000000        0x8 ./Sources/main.o
 .group         0x00000000        0x8 ./Sources/main.o
 .text          0x00000000        0x0 ./Sources/main.o
 .data          0x00000000        0x0 ./Sources/main.o
 .bss           0x00000000        0x0 ./Sources/main.o
 .debug_macro   0x00000000      0x850 ./Sources/main.o
 .debug_macro   0x00000000       0x16 ./Sources/main.o
 .debug_macro   0x00000000       0x16 ./Sources/main.o
 .debug_macro   0x00000000       0x44 ./Sources/main.o
 .debug_macro   0x00000000      0x209 ./Sources/main.o
 .debug_macro   0x00000000       0x56 ./Sources/main.o
 .debug_macro   0x00000000       0x3b ./Sources/main.o
 .debug_macro   0x00000000       0x34 ./Sources/main.o
 .debug_macro   0x00000000       0x26 ./Sources/main.o
 .debug_macro   0x00000000      0xd1d ./Sources/main.o
 .debug_macro   0x00000000       0x78 ./Sources/main.o
 .debug_macro   0x00000000    0x175e0 ./Sources/main.o
 .group         0x00000000        0x8 ./Sources/menu.o
 .group         0x00000000        0x8 ./Sources/menu.o
 .group         0x00000000        0x8 ./Sources/menu.o
 .group         0x00000000        0x8 ./Sources/menu.o
 .group         0x00000000        0x8 ./Sources/menu.o
 .group         0x00000000        0x8 ./Sources/menu.o
 .group         0x00000000        0x8 ./Sources/menu.o
 .group         0x00000000        0x8 ./Sources/menu.o
 .group         0x00000000        0x8 ./Sources/menu.o
 .group         0x00000000        0x8 ./Sources/menu.o
 .group         0x00000000        0x8 ./Sources/menu.o
 .group         0x00000000        0x8 ./Sources/menu.o
 .group         0x00000000        0x8 ./Sources/menu.o
 .group         0x00000000        0x8 ./Sources/menu.o
 .group         0x00000000        0x8 ./Sources/menu.o
 .text          0x00000000        0x0 ./Sources/menu.o
 .data          0x00000000        0x0 ./Sources/menu.o
 .bss           0x00000000        0x0 ./Sources/menu.o
 .bss.flag_screen
                0x00000000        0x1 ./Sources/menu.o
 .debug_macro   0x00000000      0x850 ./Sources/menu.o
 .debug_macro   0x00000000       0x16 ./Sources/menu.o
 .debug_macro   0x00000000       0x16 ./Sources/menu.o
 .debug_macro   0x00000000       0x44 ./Sources/menu.o
 .debug_macro   0x00000000      0x209 ./Sources/menu.o
 .debug_macro   0x00000000       0x56 ./Sources/menu.o
 .debug_macro   0x00000000       0x3b ./Sources/menu.o
 .debug_macro   0x00000000       0x34 ./Sources/menu.o
 .debug_macro   0x00000000       0x26 ./Sources/menu.o
 .debug_macro   0x00000000      0xd1d ./Sources/menu.o
 .debug_macro   0x00000000       0x78 ./Sources/menu.o
 .debug_macro   0x00000000    0x175e0 ./Sources/menu.o
 .debug_macro   0x00000000       0xa6 ./Sources/menu.o
 .data          0x00000000        0x0 ./Project_Settings/Startup_Code/startup_MK64F12.o
 .bss           0x00000000        0x0 ./Project_Settings/Startup_Code/startup_MK64F12.o
 .group         0x00000000        0x8 ./Project_Settings/Startup_Code/system_MK64F12.o
 .group         0x00000000        0x8 ./Project_Settings/Startup_Code/system_MK64F12.o
 .group         0x00000000        0x8 ./Project_Settings/Startup_Code/system_MK64F12.o
 .group         0x00000000        0x8 ./Project_Settings/Startup_Code/system_MK64F12.o
 .group         0x00000000        0x8 ./Project_Settings/Startup_Code/system_MK64F12.o
 .group         0x00000000        0x8 ./Project_Settings/Startup_Code/system_MK64F12.o
 .group         0x00000000        0x8 ./Project_Settings/Startup_Code/system_MK64F12.o
 .group         0x00000000        0x8 ./Project_Settings/Startup_Code/system_MK64F12.o
 .group         0x00000000        0x8 ./Project_Settings/Startup_Code/system_MK64F12.o
 .group         0x00000000        0x8 ./Project_Settings/Startup_Code/system_MK64F12.o
 .group         0x00000000        0x8 ./Project_Settings/Startup_Code/system_MK64F12.o
 .text          0x00000000        0x0 ./Project_Settings/Startup_Code/system_MK64F12.o
 .data          0x00000000        0x0 ./Project_Settings/Startup_Code/system_MK64F12.o
 .bss           0x00000000        0x0 ./Project_Settings/Startup_Code/system_MK64F12.o
 .data.SystemCoreClock
                0x00000000        0x4 ./Project_Settings/Startup_Code/system_MK64F12.o
 .text.SystemCoreClockUpdate
                0x00000000      0x270 ./Project_Settings/Startup_Code/system_MK64F12.o
 .debug_macro   0x00000000      0x850 ./Project_Settings/Startup_Code/system_MK64F12.o
 .debug_macro   0x00000000       0x16 ./Project_Settings/Startup_Code/system_MK64F12.o
 .debug_macro   0x00000000       0x44 ./Project_Settings/Startup_Code/system_MK64F12.o
 .debug_macro   0x00000000      0x209 ./Project_Settings/Startup_Code/system_MK64F12.o
 .debug_macro   0x00000000       0x3b ./Project_Settings/Startup_Code/system_MK64F12.o
 .debug_macro   0x00000000       0x34 ./Project_Settings/Startup_Code/system_MK64F12.o
 .debug_macro   0x00000000       0x26 ./Project_Settings/Startup_Code/system_MK64F12.o
 .debug_macro   0x00000000      0xd1d ./Project_Settings/Startup_Code/system_MK64F12.o
 .debug_macro   0x00000000       0x78 ./Project_Settings/Startup_Code/system_MK64F12.o
 .debug_macro   0x00000000    0x175e0 ./Project_Settings/Startup_Code/system_MK64F12.o
 .data          0x00000000        0x0 c:/freescale/kds_v3/toolchain/bin/../lib/gcc/arm-none-eabi/4.8.4/armv7e-m/fpu\libgcc.a(_arm_addsubdf3.o)
 .bss           0x00000000        0x0 c:/freescale/kds_v3/toolchain/bin/../lib/gcc/arm-none-eabi/4.8.4/armv7e-m/fpu\libgcc.a(_arm_addsubdf3.o)
 .data          0x00000000        0x0 c:/freescale/kds_v3/toolchain/bin/../lib/gcc/arm-none-eabi/4.8.4/armv7e-m/fpu\libgcc.a(_arm_muldivdf3.o)
 .bss           0x00000000        0x0 c:/freescale/kds_v3/toolchain/bin/../lib/gcc/arm-none-eabi/4.8.4/armv7e-m/fpu\libgcc.a(_arm_muldivdf3.o)
 .data          0x00000000        0x0 c:/freescale/kds_v3/toolchain/bin/../lib/gcc/arm-none-eabi/4.8.4/armv7e-m/fpu\libgcc.a(_arm_truncdfsf2.o)
 .bss           0x00000000        0x0 c:/freescale/kds_v3/toolchain/bin/../lib/gcc/arm-none-eabi/4.8.4/armv7e-m/fpu\libgcc.a(_arm_truncdfsf2.o)
 .text          0x00000000        0x0 c:/freescale/kds_v3/toolchain/bin/../lib/gcc/arm-none-eabi/4.8.4/../../../../arm-none-eabi/lib/armv7e-m/fpu\libg_s.a(lib_a-exit.o)
 .data          0x00000000        0x0 c:/freescale/kds_v3/toolchain/bin/../lib/gcc/arm-none-eabi/4.8.4/../../../../arm-none-eabi/lib/armv7e-m/fpu\libg_s.a(lib_a-exit.o)
 .bss           0x00000000        0x0 c:/freescale/kds_v3/toolchain/bin/../lib/gcc/arm-none-eabi/4.8.4/../../../../arm-none-eabi/lib/armv7e-m/fpu\libg_s.a(lib_a-exit.o)
 .text          0x00000000        0x0 c:/freescale/kds_v3/toolchain/bin/../lib/gcc/arm-none-eabi/4.8.4/../../../../arm-none-eabi/lib/armv7e-m/fpu\libg_s.a(lib_a-impure.o)
 .data          0x00000000        0x0 c:/freescale/kds_v3/toolchain/bin/../lib/gcc/arm-none-eabi/4.8.4/../../../../arm-none-eabi/lib/armv7e-m/fpu\libg_s.a(lib_a-impure.o)
 .bss           0x00000000        0x0 c:/freescale/kds_v3/toolchain/bin/../lib/gcc/arm-none-eabi/4.8.4/../../../../arm-none-eabi/lib/armv7e-m/fpu\libg_s.a(lib_a-impure.o)
 .data._impure_ptr
                0x00000000        0x4 c:/freescale/kds_v3/toolchain/bin/../lib/gcc/arm-none-eabi/4.8.4/../../../../arm-none-eabi/lib/armv7e-m/fpu\libg_s.a(lib_a-impure.o)
 .text          0x00000000        0x0 c:/freescale/kds_v3/toolchain/bin/../lib/gcc/arm-none-eabi/4.8.4/../../../../arm-none-eabi/lib/armv7e-m/fpu\libg_s.a(lib_a-init.o)
 .data          0x00000000        0x0 c:/freescale/kds_v3/toolchain/bin/../lib/gcc/arm-none-eabi/4.8.4/../../../../arm-none-eabi/lib/armv7e-m/fpu\libg_s.a(lib_a-init.o)
 .bss           0x00000000        0x0 c:/freescale/kds_v3/toolchain/bin/../lib/gcc/arm-none-eabi/4.8.4/../../../../arm-none-eabi/lib/armv7e-m/fpu\libg_s.a(lib_a-init.o)
 .text          0x00000000        0x0 c:/freescale/kds_v3/toolchain/bin/../lib/gcc/arm-none-eabi/4.8.4/../../../../arm-none-eabi/lib/armv7e-m/fpu\libg_s.a(lib_a-memset.o)
 .data          0x00000000        0x0 c:/freescale/kds_v3/toolchain/bin/../lib/gcc/arm-none-eabi/4.8.4/../../../../arm-none-eabi/lib/armv7e-m/fpu\libg_s.a(lib_a-memset.o)
 .bss           0x00000000        0x0 c:/freescale/kds_v3/toolchain/bin/../lib/gcc/arm-none-eabi/4.8.4/../../../../arm-none-eabi/lib/armv7e-m/fpu\libg_s.a(lib_a-memset.o)
 .text          0x00000000        0x0 c:/freescale/kds_v3/toolchain/bin/../lib/gcc/arm-none-eabi/4.8.4/../../../../arm-none-eabi/lib/armv7e-m/fpu\libnosys.a(_exit.o)
 .data          0x00000000        0x0 c:/freescale/kds_v3/toolchain/bin/../lib/gcc/arm-none-eabi/4.8.4/../../../../arm-none-eabi/lib/armv7e-m/fpu\libnosys.a(_exit.o)
 .bss           0x00000000        0x0 c:/freescale/kds_v3/toolchain/bin/../lib/gcc/arm-none-eabi/4.8.4/../../../../arm-none-eabi/lib/armv7e-m/fpu\libnosys.a(_exit.o)
 .text          0x00000000        0x0 c:/freescale/kds_v3/toolchain/bin/../lib/gcc/arm-none-eabi/4.8.4/armv7e-m/fpu/crtend.o
 .data          0x00000000        0x0 c:/freescale/kds_v3/toolchain/bin/../lib/gcc/arm-none-eabi/4.8.4/armv7e-m/fpu/crtend.o
 .bss           0x00000000        0x0 c:/freescale/kds_v3/toolchain/bin/../lib/gcc/arm-none-eabi/4.8.4/armv7e-m/fpu/crtend.o
 .eh_frame      0x00000000        0x4 c:/freescale/kds_v3/toolchain/bin/../lib/gcc/arm-none-eabi/4.8.4/armv7e-m/fpu/crtend.o
 .text          0x00000000        0x0 c:/freescale/kds_v3/toolchain/bin/../lib/gcc/arm-none-eabi/4.8.4/armv7e-m/fpu/crtn.o
 .data          0x00000000        0x0 c:/freescale/kds_v3/toolchain/bin/../lib/gcc/arm-none-eabi/4.8.4/armv7e-m/fpu/crtn.o
 .bss           0x00000000        0x0 c:/freescale/kds_v3/toolchain/bin/../lib/gcc/arm-none-eabi/4.8.4/armv7e-m/fpu/crtn.o

Memory Configuration

Name             Origin             Length             Attributes
m_interrupts     0x00000000         0x00000400         xr
m_flash_config   0x00000400         0x00000010         xr
m_text           0x00000410         0x000ffbf0         xr
m_data           0x1fff0000         0x00010000         rw
m_data_2         0x20000000         0x00030000         rw
*default*        0x00000000         0xffffffff

Linker script and memory map

LOAD c:/freescale/kds_v3/toolchain/bin/../lib/gcc/arm-none-eabi/4.8.4/armv7e-m/fpu/crti.o
LOAD c:/freescale/kds_v3/toolchain/bin/../lib/gcc/arm-none-eabi/4.8.4/armv7e-m/fpu/crtbegin.o
LOAD c:/freescale/kds_v3/toolchain/bin/../lib/gcc/arm-none-eabi/4.8.4/../../../../arm-none-eabi/lib/armv7e-m/fpu/crt0.o
LOAD ./Sources/FlexTimer.o
LOAD ./Sources/GPIO.o
LOAD ./Sources/I2C.o
LOAD ./Sources/LCDNokia5110.o
LOAD ./Sources/LCDNokia5110Images.o
LOAD ./Sources/NVIC.o
LOAD ./Sources/SPI.o
LOAD ./Sources/UART.o
LOAD ./Sources/main.o
LOAD ./Sources/menu.o
LOAD ./Project_Settings/Startup_Code/startup_MK64F12.o
LOAD ./Project_Settings/Startup_Code/system_MK64F12.o
LOAD c:/freescale/kds_v3/toolchain/bin/../lib/gcc/arm-none-eabi/4.8.4/../../../../arm-none-eabi/lib/armv7e-m/fpu\libstdc++_s.a
LOAD c:/freescale/kds_v3/toolchain/bin/../lib/gcc/arm-none-eabi/4.8.4/../../../../arm-none-eabi/lib/armv7e-m/fpu\libm.a
START GROUP
LOAD c:/freescale/kds_v3/toolchain/bin/../lib/gcc/arm-none-eabi/4.8.4/armv7e-m/fpu\libgcc.a
LOAD c:/freescale/kds_v3/toolchain/bin/../lib/gcc/arm-none-eabi/4.8.4/../../../../arm-none-eabi/lib/armv7e-m/fpu\libg_s.a
LOAD c:/freescale/kds_v3/toolchain/bin/../lib/gcc/arm-none-eabi/4.8.4/../../../../arm-none-eabi/lib/armv7e-m/fpu\libc_s.a
END GROUP
START GROUP
LOAD c:/freescale/kds_v3/toolchain/bin/../lib/gcc/arm-none-eabi/4.8.4/armv7e-m/fpu\libgcc.a
LOAD c:/freescale/kds_v3/toolchain/bin/../lib/gcc/arm-none-eabi/4.8.4/../../../../arm-none-eabi/lib/armv7e-m/fpu\libc_s.a
LOAD c:/freescale/kds_v3/toolchain/bin/../lib/gcc/arm-none-eabi/4.8.4/../../../../arm-none-eabi/lib/armv7e-m/fpu\libnosys.a
END GROUP
START GROUP
LOAD c:/freescale/kds_v3/toolchain/bin/../lib/gcc/arm-none-eabi/4.8.4/armv7e-m/fpu\libgcc.a
LOAD c:/freescale/kds_v3/toolchain/bin/../lib/gcc/arm-none-eabi/4.8.4/../../../../arm-none-eabi/lib/armv7e-m/fpu\libc_s.a
LOAD c:/freescale/kds_v3/toolchain/bin/../lib/gcc/arm-none-eabi/4.8.4/../../../../arm-none-eabi/lib/armv7e-m/fpu\libnosys.a
END GROUP
LOAD c:/freescale/kds_v3/toolchain/bin/../lib/gcc/arm-none-eabi/4.8.4/armv7e-m/fpu/crtend.o
LOAD c:/freescale/kds_v3/toolchain/bin/../lib/gcc/arm-none-eabi/4.8.4/armv7e-m/fpu/crtn.o
                0x00000400                HEAP_SIZE = DEFINED (__heap_size__)?__heap_size__:0x400
                0x00000400                STACK_SIZE = DEFINED (__stack_size__)?__stack_size__:0x400

.interrupts     0x00000000      0x400
                0x00000000                __VECTOR_TABLE = .
                0x00000000                . = ALIGN (0x4)
 *(.isr_vector)
 .isr_vector    0x00000000      0x400 ./Project_Settings/Startup_Code/startup_MK64F12.o
                0x00000000                __isr_vector
                0x00000400                . = ALIGN (0x4)

.flash_config   0x00000400       0x10
                0x00000400                . = ALIGN (0x4)
 *(.FlashConfig)
 .FlashConfig   0x00000400       0x10 ./Project_Settings/Startup_Code/startup_MK64F12.o
                0x00000410                . = ALIGN (0x4)

.text           0x00000410     0x189c
                0x00000410                . = ALIGN (0x4)
 *(.text)
 .text          0x00000410       0x54 c:/freescale/kds_v3/toolchain/bin/../lib/gcc/arm-none-eabi/4.8.4/armv7e-m/fpu/crtbegin.o
 .text          0x00000464       0x74 c:/freescale/kds_v3/toolchain/bin/../lib/gcc/arm-none-eabi/4.8.4/../../../../arm-none-eabi/lib/armv7e-m/fpu/crt0.o
                0x00000464                _start
                0x00000464                _mainCRTStartup
 .text          0x000004d8       0x30 ./Project_Settings/Startup_Code/startup_MK64F12.o
                0x000004d8                Reset_Handler
                0x00000504                DebugMon_Handler
                0x00000504                I2C0_IRQHandler
                0x00000504                HardFault_Handler
                0x00000504                SysTick_Handler
                0x00000504                UART3_RX_TX_IRQHandler
                0x00000504                PendSV_Handler
                0x00000504                NMI_Handler
                0x00000504                I2C1_IRQHandler
                0x00000504                DMA2_IRQHandler
                0x00000504                ENET_Error_IRQHandler
                0x00000504                CAN0_Tx_Warning_IRQHandler
                0x00000504                PIT0_IRQHandler
                0x00000504                CAN0_ORed_Message_buffer_IRQHandler
                0x00000504                CMP2_IRQHandler
                0x00000504                LLWU_IRQHandler
                0x00000504                ENET_Receive_IRQHandler
                0x00000504                ENET_1588_Timer_IRQHandler
                0x00000504                UART2_RX_TX_IRQHandler
                0x00000504                SWI_IRQHandler
                0x00000504                ADC0_IRQHandler
                0x00000504                UsageFault_Handler
                0x00000504                I2S0_Tx_IRQHandler
                0x00000504                CMT_IRQHandler
                0x00000504                UART4_RX_TX_IRQHandler
                0x00000504                SPI1_IRQHandler
                0x00000504                DefaultISR
                0x00000504                DMA9_IRQHandler
                0x00000504                DMA14_IRQHandler
                0x00000504                CMP1_IRQHandler
                0x00000504                Reserved71_IRQHandler
                0x00000504                PORTD_IRQHandler
                0x00000504                PORTB_IRQHandler
                0x00000504                UART4_ERR_IRQHandler
                0x00000504                ADC1_IRQHandler
                0x00000504                I2C2_IRQHandler
                0x00000504                PIT2_IRQHandler
                0x00000504                I2S0_Rx_IRQHandler
                0x00000504                DMA5_IRQHandler
                0x00000504                RTC_IRQHandler
                0x00000504                PDB0_IRQHandler
                0x00000504                CAN0_Rx_Warning_IRQHandler
                0x00000504                UART5_RX_TX_IRQHandler
                0x00000504                UART3_ERR_IRQHandler
                0x00000504                PIT3_IRQHandler
                0x00000504                SDHC_IRQHandler
                0x00000504                RTC_Seconds_IRQHandler
                0x00000504                MCG_IRQHandler
                0x00000504                FTFE_IRQHandler
                0x00000504                UART2_ERR_IRQHandler
                0x00000504                DMA11_IRQHandler
                0x00000504                UART5_ERR_IRQHandler
                0x00000504                Read_Collision_IRQHandler
                0x00000504                DMA7_IRQHandler
                0x00000504                ENET_Transmit_IRQHandler
                0x00000504                USBDCD_IRQHandler
                0x00000504                USB0_IRQHandler
                0x00000504                SPI2_IRQHandler
                0x00000504                WDOG_EWM_IRQHandler
                0x00000504                MemManage_Handler
                0x00000504                SVC_Handler
                0x00000504                DMA13_IRQHandler
                0x00000504                DMA3_IRQHandler
                0x00000504                UART0_LON_IRQHandler
                0x00000504                RNG_IRQHandler
                0x00000504                DMA0_IRQHandler
                0x00000504                DMA15_IRQHandler
                0x00000504                DAC0_IRQHandler
                0x00000504                CAN0_Error_IRQHandler
                0x00000504                DMA4_IRQHandler
                0x00000504                PIT1_IRQHandler
                0x00000504                UART0_ERR_IRQHandler
                0x00000504                DMA_Error_IRQHandler
                0x00000504                LVD_LVW_IRQHandler
                0x00000504                SPI0_IRQHandler
                0x00000504                PORTA_IRQHandler
                0x00000504                DAC1_IRQHandler
                0x00000504                MCM_IRQHandler
                0x00000504                DMA12_IRQHandler
                0x00000504                CAN0_Bus_Off_IRQHandler
                0x00000504                FTM3_IRQHandler
                0x00000504                PORTE_IRQHandler
                0x00000504                LPTMR0_IRQHandler
                0x00000504                BusFault_Handler
                0x00000504                DMA8_IRQHandler
                0x00000504                DMA10_IRQHandler
                0x00000504                CAN0_Wake_Up_IRQHandler
                0x00000504                UART1_ERR_IRQHandler
                0x00000504                UART1_RX_TX_IRQHandler
                0x00000504                CMP0_IRQHandler
                0x00000504                DMA6_IRQHandler
                0x00000504                DMA1_IRQHandler
 .text          0x00000508      0x370 c:/freescale/kds_v3/toolchain/bin/../lib/gcc/arm-none-eabi/4.8.4/armv7e-m/fpu\libgcc.a(_arm_addsubdf3.o)
                0x00000508                __aeabi_drsub
                0x00000510                __aeabi_dsub
                0x00000510                __subdf3
                0x00000514                __aeabi_dadd
                0x00000514                __adddf3
                0x0000078c                __floatunsidf
                0x0000078c                __aeabi_ui2d
                0x000007ac                __floatsidf
                0x000007ac                __aeabi_i2d
                0x000007d0                __aeabi_f2d
                0x000007d0                __extendsfdf2
                0x0000080c                __floatundidf
                0x0000080c                __aeabi_ul2d
                0x0000081c                __floatdidf
                0x0000081c                __aeabi_l2d
 .text          0x00000878      0x424 c:/freescale/kds_v3/toolchain/bin/../lib/gcc/arm-none-eabi/4.8.4/armv7e-m/fpu\libgcc.a(_arm_muldivdf3.o)
                0x00000878                __aeabi_dmul
                0x00000878                __muldf3
                0x00000acc                __divdf3
                0x00000acc                __aeabi_ddiv
 .text          0x00000c9c       0xa0 c:/freescale/kds_v3/toolchain/bin/../lib/gcc/arm-none-eabi/4.8.4/armv7e-m/fpu\libgcc.a(_arm_truncdfsf2.o)
                0x00000c9c                __truncdfsf2
                0x00000c9c                __aeabi_d2f
 *(.text*)
 *fill*         0x00000d3c        0x4 
 .text.freq_per
                0x00000d40       0xd8 ./Sources/FlexTimer.o
                0x00000d40                freq_per
 .text.FTM0_IRQHandler
                0x00000e18       0x74 ./Sources/FlexTimer.o
                0x00000e18                FTM0_IRQHandler
 .text.FTM2_IRQHandler
                0x00000e8c       0x20 ./Sources/FlexTimer.o
                0x00000e8c                FTM2_IRQHandler
 .text.FTM1_IRQHandler
                0x00000eac        0xc ./Sources/FlexTimer.o
                0x00000eac                FTM1_IRQHandler
 .text.PORTC_IRQHandler
                0x00000eb8      0x144 ./Sources/GPIO.o
                0x00000eb8                PORTC_IRQHandler
 .text.clearFlag_Button
                0x00000ffc       0x88 ./Sources/GPIO.o
                0x00000ffc                clearFlag_Button
 .text.readFlag_Button
                0x00001084       0x88 ./Sources/GPIO.o
                0x00001084                readFlag_Button
 .text.GPIO_clearInterrupt
                0x0000110c       0x84 ./Sources/GPIO.o
                0x0000110c                GPIO_clearInterrupt
 .text.GPIO_setPIN
                0x00001190       0xb8 ./Sources/GPIO.o
                0x00001190                GPIO_setPIN
 .text.GPIO_clearPIN
                0x00001248       0xb8 ./Sources/GPIO.o
                0x00001248                GPIO_clearPIN
 .text.GPIO_tooglePIN
                0x00001300       0xb8 ./Sources/GPIO.o
                0x00001300                GPIO_tooglePIN
 .text.LCDNokia_writeByte
                0x000013b8       0x40 ./Sources/LCDNokia5110.o
                0x000013b8                LCDNokia_writeByte
 .text.LCDNokia_clear
                0x000013f8       0x34 ./Sources/LCDNokia5110.o
                0x000013f8                LCDNokia_clear
 .text.LCDNokia_gotoXY
                0x0000142c       0x34 ./Sources/LCDNokia5110.o
                0x0000142c                LCDNokia_gotoXY
 .text.SPI_startTranference
                0x00001460       0x30 ./Sources/SPI.o
                0x00001460                SPI_startTranference
 .text.SPI_stopTranference
                0x00001490       0x30 ./Sources/SPI.o
                0x00001490                SPI_stopTranference
 .text.SPI_sendOneByte
                0x000014c0       0x34 ./Sources/SPI.o
                0x000014c0                SPI_sendOneByte
 .text.UART0_RX_TX_IRQHandler
                0x000014f4       0x34 ./Sources/UART.o
                0x000014f4                UART0_RX_TX_IRQHandler
 .text.UART_putChar
                0x00001528       0x34 ./Sources/UART.o
                0x00001528                UART_putChar
 .text.UART_putString
                0x0000155c       0x30 ./Sources/UART.o
                0x0000155c                UART_putString
 .text.main     0x0000158c       0x10 ./Sources/main.o
                0x0000158c                main
 .text.screenFSM
                0x0000159c       0x38 ./Sources/menu.o
                0x0000159c                screenFSM
 .text.main_screenState
                0x000015d4       0x10 ./Sources/menu.o
                0x000015d4                main_screenState
 .text.menuState
                0x000015e4      0x1b4 ./Sources/menu.o
                0x000015e4                menuState
 .text.SystemInit
                0x00001798       0x3c ./Project_Settings/Startup_Code/system_MK64F12.o
                0x00001798                SystemInit
 .text.exit     0x000017d4       0x28 c:/freescale/kds_v3/toolchain/bin/../lib/gcc/arm-none-eabi/4.8.4/../../../../arm-none-eabi/lib/armv7e-m/fpu\libg_s.a(lib_a-exit.o)
                0x000017d4                exit
 .text.__libc_init_array
                0x000017fc       0x4c c:/freescale/kds_v3/toolchain/bin/../lib/gcc/arm-none-eabi/4.8.4/../../../../arm-none-eabi/lib/armv7e-m/fpu\libg_s.a(lib_a-init.o)
                0x000017fc                __libc_init_array
 .text.memset   0x00001848       0x10 c:/freescale/kds_v3/toolchain/bin/../lib/gcc/arm-none-eabi/4.8.4/../../../../arm-none-eabi/lib/armv7e-m/fpu\libg_s.a(lib_a-memset.o)
                0x00001848                memset
 .text._exit    0x00001858        0x4 c:/freescale/kds_v3/toolchain/bin/../lib/gcc/arm-none-eabi/4.8.4/../../../../arm-none-eabi/lib/armv7e-m/fpu\libnosys.a(_exit.o)
                0x00001858                _exit
 *(.rodata)
 .rodata        0x0000185c      0x1c0 ./Sources/menu.o
 *(.rodata*)
 .rodata.FiniteStateMachineMoore_Screen
                0x00001a1c      0x270 ./Sources/menu.o
                0x00001a1c                FiniteStateMachineMoore_Screen
 .rodata.str1.1
                0x00001c8c        0x2 c:/freescale/kds_v3/toolchain/bin/../lib/gcc/arm-none-eabi/4.8.4/../../../../arm-none-eabi/lib/armv7e-m/fpu\libg_s.a(lib_a-impure.o)
 *fill*         0x00001c8e        0x2 
 .rodata._global_impure_ptr
                0x00001c90        0x4 c:/freescale/kds_v3/toolchain/bin/../lib/gcc/arm-none-eabi/4.8.4/../../../../arm-none-eabi/lib/armv7e-m/fpu\libg_s.a(lib_a-impure.o)
                0x00001c90                _global_impure_ptr
 *(.glue_7)
 .glue_7        0x00000000        0x0 linker stubs
 *(.glue_7t)
 .glue_7t       0x00000000        0x0 linker stubs
 *(.eh_frame)
 .eh_frame      0x00001c94        0x0 c:/freescale/kds_v3/toolchain/bin/../lib/gcc/arm-none-eabi/4.8.4/armv7e-m/fpu/crtbegin.o
 *(.init)
 .init          0x00001c94        0x4 c:/freescale/kds_v3/toolchain/bin/../lib/gcc/arm-none-eabi/4.8.4/armv7e-m/fpu/crti.o
                0x00001c94                _init
 .init          0x00001c98        0x8 c:/freescale/kds_v3/toolchain/bin/../lib/gcc/arm-none-eabi/4.8.4/armv7e-m/fpu/crtn.o
 *(.fini)
 .fini          0x00001ca0        0x4 c:/freescale/kds_v3/toolchain/bin/../lib/gcc/arm-none-eabi/4.8.4/armv7e-m/fpu/crti.o
                0x00001ca0                _fini
 .fini          0x00001ca4        0x8 c:/freescale/kds_v3/toolchain/bin/../lib/gcc/arm-none-eabi/4.8.4/armv7e-m/fpu/crtn.o
                0x00001cac                . = ALIGN (0x4)

.vfp11_veneer   0x00001cac        0x0
 .vfp11_veneer  0x00000000        0x0 linker stubs

.v4_bx          0x00001cac        0x0
 .v4_bx         0x00000000        0x0 linker stubs

.iplt           0x00001cac        0x0
 .iplt          0x00000000        0x0 c:/freescale/kds_v3/toolchain/bin/../lib/gcc/arm-none-eabi/4.8.4/armv7e-m/fpu/crtbegin.o

.ARM.extab
 *(.ARM.extab* .gnu.linkonce.armextab.*)

.ARM            0x00001cac        0x8
                0x00001cac                __exidx_start = .
 *(.ARM.exidx*)
 .ARM.exidx     0x00001cac        0x8 c:/freescale/kds_v3/toolchain/bin/../lib/gcc/arm-none-eabi/4.8.4/../../../../arm-none-eabi/lib/armv7e-m/fpu/crt0.o
                0x00001cb4                __exidx_end = .

.rel.dyn        0x00001cb4        0x0
 .rel.iplt      0x00000000        0x0 c:/freescale/kds_v3/toolchain/bin/../lib/gcc/arm-none-eabi/4.8.4/armv7e-m/fpu/crtbegin.o

.ctors          0x00001cb4        0x0
                0x00001cb4                __CTOR_LIST__ = .
 *crtbegin.o(.ctors)
 *crtbegin?.o(.ctors)
 *(EXCLUDE_FILE(*crtend.o *crtend?.o) .ctors)
 *(SORT(.ctors.*))
 *(.ctors)
                0x00001cb4                __CTOR_END__ = .

.dtors          0x00001cb4        0x0
                0x00001cb4                __DTOR_LIST__ = .
 *crtbegin.o(.dtors)
 *crtbegin?.o(.dtors)
 *(EXCLUDE_FILE(*crtend.o *crtend?.o) .dtors)
 *(SORT(.dtors.*))
 *(.dtors)
                0x00001cb4                __DTOR_END__ = .

.preinit_array  0x00001cb4        0x0
                0x00001cb4                PROVIDE (__preinit_array_start, .)
 *(.preinit_array*)
                0x00001cb4                PROVIDE (__preinit_array_end, .)

.init_array     0x00001cb4        0x4
                0x00001cb4                PROVIDE (__init_array_start, .)
 *(SORT(.init_array.*))
 *(.init_array*)
 .init_array    0x00001cb4        0x4 c:/freescale/kds_v3/toolchain/bin/../lib/gcc/arm-none-eabi/4.8.4/armv7e-m/fpu/crtbegin.o
                0x00001cb8                PROVIDE (__init_array_end, .)

.fini_array     0x00001cb8        0x4
                0x00001cb8                PROVIDE (__fini_array_start, .)
 *(SORT(.fini_array.*))
 *(.fini_array*)
 .fini_array    0x00001cb8        0x4 c:/freescale/kds_v3/toolchain/bin/../lib/gcc/arm-none-eabi/4.8.4/armv7e-m/fpu/crtbegin.o
                0x00001cbc                PROVIDE (__fini_array_end, .)
                0x00001cbc                __etext = .
                0x00001cbc                __DATA_ROM = .

.data           0x1fff0000       0x74 load address 0x00001cbc
                0x1fff0000                . = ALIGN (0x4)
                0x1fff0000                __DATA_RAM = .
                0x1fff0000                __data_start__ = .
 *(.data)
 *(.data*)
 .data.SPIx_MCR
                0x1fff0000        0xc ./Sources/SPI.o
                0x1fff0000                SPIx_MCR
 .data.currentState
                0x1fff000c        0x4 ./Sources/menu.o
                0x1fff000c                currentState
 .data.impure_data
                0x1fff0010       0x60 c:/freescale/kds_v3/toolchain/bin/../lib/gcc/arm-none-eabi/4.8.4/../../../../arm-none-eabi/lib/armv7e-m/fpu\libg_s.a(lib_a-impure.o)
 *(.jcr*)
 .jcr           0x1fff0070        0x0 c:/freescale/kds_v3/toolchain/bin/../lib/gcc/arm-none-eabi/4.8.4/armv7e-m/fpu/crtbegin.o
 .jcr           0x1fff0070        0x4 c:/freescale/kds_v3/toolchain/bin/../lib/gcc/arm-none-eabi/4.8.4/armv7e-m/fpu/crtend.o
                0x1fff0074                . = ALIGN (0x4)
                0x1fff0074                __data_end__ = .
                0x00001d30                __DATA_END = (__DATA_ROM + (__data_end__ - __data_start__))

.igot.plt       0x1fff0074        0x0 load address 0x00001d30
 .igot.plt      0x00000000        0x0 c:/freescale/kds_v3/toolchain/bin/../lib/gcc/arm-none-eabi/4.8.4/armv7e-m/fpu/crtbegin.o

.bss            0x1fff0074       0x38 load address 0x00001d30
                0x1fff0074                . = ALIGN (0x4)
                0x1fff0074                __START_BSS = .
                0x1fff0074                __bss_start__ = .
 *(.bss)
 .bss           0x1fff0074       0x1c c:/freescale/kds_v3/toolchain/bin/../lib/gcc/arm-none-eabi/4.8.4/armv7e-m/fpu/crtbegin.o
 *(.bss*)
 .bss.cntTimerValue
                0x1fff0090        0x4 ./Sources/FlexTimer.o
                0x1fff0090                cntTimerValue
 .bss.cntTimerValue2
                0x1fff0094        0x4 ./Sources/FlexTimer.o
                0x1fff0094                cntTimerValue2
 .bss.flag      0x1fff0098        0x1 ./Sources/FlexTimer.o
                0x1fff0098                flag
 *fill*         0x1fff0099        0x3 
 .bss.period    0x1fff009c        0x4 ./Sources/FlexTimer.o
                0x1fff009c                period
 .bss.frequency
                0x1fff00a0        0x4 ./Sources/FlexTimer.o
                0x1fff00a0                frequency
 *(COMMON)
 COMMON         0x1fff00a4        0x1 ./Sources/GPIO.o
                0x1fff00a4                funwithFlags
 *fill*         0x1fff00a5        0x3 
 COMMON         0x1fff00a8        0x2 ./Sources/UART.o
                0x1fff00a8                UART0_MailBox
 COMMON         0x1fff00aa        0x1 ./Sources/menu.o
                0x1fff00aa                currentState_flag
                0x1fff00ac                . = ALIGN (0x4)
 *fill*         0x1fff00ab        0x1 
                0x1fff00ac                __bss_end__ = .
                0x1fff00ac                __END_BSS = .

.heap           0x20000000      0x400
                0x20000000                . = ALIGN (0x8)
                0x20000000                __end__ = .
                0x20000000                PROVIDE (end, .)
                0x20000000                __HeapBase = .
                0x20000400                . = (. + HEAP_SIZE)
 *fill*         0x20000000      0x400 
                0x20000400                __HeapLimit = .

.stack          0x20000400      0x400
                0x20000400                . = ALIGN (0x8)
                0x20000800                . = (. + STACK_SIZE)
 *fill*         0x20000400      0x400 
                0x20030000                __StackTop = (ORIGIN (m_data_2) + 0x30000)
                0x2002fc00                __StackLimit = (__StackTop - STACK_SIZE)
                0x20030000                PROVIDE (__stack, __StackTop)

.ARM.attributes
                0x00000000       0x30
 *(.ARM.attributes)
 .ARM.attributes
                0x00000000       0x22 c:/freescale/kds_v3/toolchain/bin/../lib/gcc/arm-none-eabi/4.8.4/armv7e-m/fpu/crti.o
 .ARM.attributes
                0x00000022       0x34 c:/freescale/kds_v3/toolchain/bin/../lib/gcc/arm-none-eabi/4.8.4/armv7e-m/fpu/crtbegin.o
 .ARM.attributes
                0x00000056       0x20 c:/freescale/kds_v3/toolchain/bin/../lib/gcc/arm-none-eabi/4.8.4/../../../../arm-none-eabi/lib/armv7e-m/fpu/crt0.o
 .ARM.attributes
                0x00000076       0x39 ./Sources/FlexTimer.o
 .ARM.attributes
                0x000000af       0x39 ./Sources/GPIO.o
 .ARM.attributes
                0x000000e8       0x39 ./Sources/LCDNokia5110.o
 .ARM.attributes
                0x00000121       0x39 ./Sources/SPI.o
 .ARM.attributes
                0x0000015a       0x39 ./Sources/UART.o
 .ARM.attributes
                0x00000193       0x39 ./Sources/main.o
 .ARM.attributes
                0x000001cc       0x39 ./Sources/menu.o
 .ARM.attributes
                0x00000205       0x1f ./Project_Settings/Startup_Code/startup_MK64F12.o
 .ARM.attributes
                0x00000224       0x39 ./Project_Settings/Startup_Code/system_MK64F12.o
 .ARM.attributes
                0x0000025d       0x22 c:/freescale/kds_v3/toolchain/bin/../lib/gcc/arm-none-eabi/4.8.4/armv7e-m/fpu\libgcc.a(_arm_addsubdf3.o)
 .ARM.attributes
                0x0000027f       0x22 c:/freescale/kds_v3/toolchain/bin/../lib/gcc/arm-none-eabi/4.8.4/armv7e-m/fpu\libgcc.a(_arm_muldivdf3.o)
 .ARM.attributes
                0x000002a1       0x22 c:/freescale/kds_v3/toolchain/bin/../lib/gcc/arm-none-eabi/4.8.4/armv7e-m/fpu\libgcc.a(_arm_truncdfsf2.o)
 .ARM.attributes
                0x000002c3       0x34 c:/freescale/kds_v3/toolchain/bin/../lib/gcc/arm-none-eabi/4.8.4/../../../../arm-none-eabi/lib/armv7e-m/fpu\libg_s.a(lib_a-exit.o)
 .ARM.attributes
                0x000002f7       0x34 c:/freescale/kds_v3/toolchain/bin/../lib/gcc/arm-none-eabi/4.8.4/../../../../arm-none-eabi/lib/armv7e-m/fpu\libg_s.a(lib_a-impure.o)
 .ARM.attributes
                0x0000032b       0x34 c:/freescale/kds_v3/toolchain/bin/../lib/gcc/arm-none-eabi/4.8.4/../../../../arm-none-eabi/lib/armv7e-m/fpu\libg_s.a(lib_a-init.o)
 .ARM.attributes
                0x0000035f       0x34 c:/freescale/kds_v3/toolchain/bin/../lib/gcc/arm-none-eabi/4.8.4/../../../../arm-none-eabi/lib/armv7e-m/fpu\libg_s.a(lib_a-memset.o)
 .ARM.attributes
                0x00000393       0x34 c:/freescale/kds_v3/toolchain/bin/../lib/gcc/arm-none-eabi/4.8.4/../../../../arm-none-eabi/lib/armv7e-m/fpu\libnosys.a(_exit.o)
 .ARM.attributes
                0x000003c7       0x34 c:/freescale/kds_v3/toolchain/bin/../lib/gcc/arm-none-eabi/4.8.4/armv7e-m/fpu/crtend.o
 .ARM.attributes
                0x000003fb       0x22 c:/freescale/kds_v3/toolchain/bin/../lib/gcc/arm-none-eabi/4.8.4/armv7e-m/fpu/crtn.o
                0x00000001                ASSERT ((__StackLimit >= __HeapLimit), region m_data_2 overflowed with stack and heap)
OUTPUT(161023_i2c.elf elf32-littlearm)

.debug_info     0x00000000     0x2d6a
 .debug_info    0x00000000      0x983 ./Sources/FlexTimer.o
 .debug_info    0x00000983      0x804 ./Sources/GPIO.o
 .debug_info    0x00001187      0x38d ./Sources/LCDNokia5110.o
 .debug_info    0x00001514      0x871 ./Sources/SPI.o
 .debug_info    0x00001d85      0x64f ./Sources/UART.o
 .debug_info    0x000023d4       0xe0 ./Sources/main.o
 .debug_info    0x000024b4      0x235 ./Sources/menu.o
 .debug_info    0x000026e9       0x78 ./Project_Settings/Startup_Code/startup_MK64F12.o
 .debug_info    0x00002761      0x609 ./Project_Settings/Startup_Code/system_MK64F12.o

.debug_abbrev   0x00000000      0xabe
 .debug_abbrev  0x00000000      0x1aa ./Sources/FlexTimer.o
 .debug_abbrev  0x000001aa      0x20c ./Sources/GPIO.o
 .debug_abbrev  0x000003b6       0xeb ./Sources/LCDNokia5110.o
 .debug_abbrev  0x000004a1      0x1a1 ./Sources/SPI.o
 .debug_abbrev  0x00000642      0x1a1 ./Sources/UART.o
 .debug_abbrev  0x000007e3       0xa0 ./Sources/main.o
 .debug_abbrev  0x00000883      0x10d ./Sources/menu.o
 .debug_abbrev  0x00000990       0x14 ./Project_Settings/Startup_Code/startup_MK64F12.o
 .debug_abbrev  0x000009a4      0x11a ./Project_Settings/Startup_Code/system_MK64F12.o

.debug_aranges  0x00000000      0x2d8
 .debug_aranges
                0x00000000       0x98 ./Sources/FlexTimer.o
 .debug_aranges
                0x00000098       0x90 ./Sources/GPIO.o
 .debug_aranges
                0x00000128       0x58 ./Sources/LCDNokia5110.o
 .debug_aranges
                0x00000180       0x80 ./Sources/SPI.o
 .debug_aranges
                0x00000200       0x40 ./Sources/UART.o
 .debug_aranges
                0x00000240       0x20 ./Sources/main.o
 .debug_aranges
                0x00000260       0x30 ./Sources/menu.o
 .debug_aranges
                0x00000290       0x20 ./Project_Settings/Startup_Code/startup_MK64F12.o
 .debug_aranges
                0x000002b0       0x28 ./Project_Settings/Startup_Code/system_MK64F12.o

.debug_ranges   0x00000000      0x238
 .debug_ranges  0x00000000       0x88 ./Sources/FlexTimer.o
 .debug_ranges  0x00000088       0x80 ./Sources/GPIO.o
 .debug_ranges  0x00000108       0x48 ./Sources/LCDNokia5110.o
 .debug_ranges  0x00000150       0x70 ./Sources/SPI.o
 .debug_ranges  0x000001c0       0x30 ./Sources/UART.o
 .debug_ranges  0x000001f0       0x10 ./Sources/main.o
 .debug_ranges  0x00000200       0x20 ./Sources/menu.o
 .debug_ranges  0x00000220       0x18 ./Project_Settings/Startup_Code/system_MK64F12.o

.debug_macro    0x00000000    0x198cf
 .debug_macro   0x00000000       0xb5 ./Sources/FlexTimer.o
 .debug_macro   0x000000b5      0x850 ./Sources/FlexTimer.o
 .debug_macro   0x00000905       0x16 ./Sources/FlexTimer.o
 .debug_macro   0x0000091b       0x16 ./Sources/FlexTimer.o
 .debug_macro   0x00000931       0x44 ./Sources/FlexTimer.o
 .debug_macro   0x00000975      0x209 ./Sources/FlexTimer.o
 .debug_macro   0x00000b7e       0x56 ./Sources/FlexTimer.o
 .debug_macro   0x00000bd4       0x3b ./Sources/FlexTimer.o
 .debug_macro   0x00000c0f       0x34 ./Sources/FlexTimer.o
 .debug_macro   0x00000c43       0x26 ./Sources/FlexTimer.o
 .debug_macro   0x00000c69      0xd1d ./Sources/FlexTimer.o
 .debug_macro   0x00001986       0x78 ./Sources/FlexTimer.o
 .debug_macro   0x000019fe    0x175e0 ./Sources/FlexTimer.o
 .debug_macro   0x00018fde       0xa6 ./Sources/FlexTimer.o
 .debug_macro   0x00019084      0x10c ./Sources/FlexTimer.o
 .debug_macro   0x00019190       0xac ./Sources/GPIO.o
 .debug_macro   0x0001923c       0xa0 ./Sources/GPIO.o
 .debug_macro   0x000192dc       0xbe ./Sources/LCDNokia5110.o
 .debug_macro   0x0001939a       0xe8 ./Sources/LCDNokia5110.o
 .debug_macro   0x00019482       0x3a ./Sources/LCDNokia5110.o
 .debug_macro   0x000194bc       0xaf ./Sources/SPI.o
 .debug_macro   0x0001956b       0xa1 ./Sources/UART.o
 .debug_macro   0x0001960c       0x8d ./Sources/main.o
 .debug_macro   0x00019699       0xcc ./Sources/menu.o
 .debug_macro   0x00019765       0x34 ./Sources/menu.o
 .debug_macro   0x00019799       0x46 ./Sources/menu.o
 .debug_macro   0x000197df       0x88 ./Project_Settings/Startup_Code/system_MK64F12.o
 .debug_macro   0x00019867       0x68 ./Project_Settings/Startup_Code/system_MK64F12.o

.debug_line     0x00000000     0x1637
 .debug_line    0x00000000      0x339 ./Sources/FlexTimer.o
 .debug_line    0x00000339      0x387 ./Sources/GPIO.o
 .debug_line    0x000006c0      0x2fb ./Sources/LCDNokia5110.o
 .debug_line    0x000009bb      0x2fd ./Sources/SPI.o
 .debug_line    0x00000cb8      0x259 ./Sources/UART.o
 .debug_line    0x00000f11      0x1e3 ./Sources/main.o
 .debug_line    0x000010f4      0x26c ./Sources/menu.o
 .debug_line    0x00001360       0x78 ./Project_Settings/Startup_Code/startup_MK64F12.o
 .debug_line    0x000013d8      0x25f ./Project_Settings/Startup_Code/system_MK64F12.o

.debug_str      0x00000000    0x90e54
 .debug_str     0x00000000    0x8fdda ./Sources/FlexTimer.o
                              0x8ff60 (size before relaxing)
 .debug_str     0x0008fdda      0x27b ./Sources/GPIO.o
                              0x8fa02 (size before relaxing)
 .debug_str     0x00090055      0x50d ./Sources/LCDNokia5110.o
                              0x8fc81 (size before relaxing)
 .debug_str     0x00090562      0x307 ./Sources/SPI.o
                              0x8fe6c (size before relaxing)
 .debug_str     0x00090869      0x1b3 ./Sources/UART.o
                              0x8f675 (size before relaxing)
 .debug_str     0x00090a1c       0x21 ./Sources/main.o
                              0x8f3ad (size before relaxing)
 .debug_str     0x00090a3d      0x2c4 ./Sources/menu.o
                              0x8f9f4 (size before relaxing)
 .debug_str     0x00090d01      0x153 ./Project_Settings/Startup_Code/system_MK64F12.o
                              0x8f5bc (size before relaxing)

.comment        0x00000000       0x70
 .comment       0x00000000       0x70 ./Sources/FlexTimer.o
                                 0x71 (size before relaxing)
 .comment       0x00000000       0x71 ./Sources/GPIO.o
 .comment       0x00000000       0x71 ./Sources/LCDNokia5110.o
 .comment       0x00000000       0x71 ./Sources/SPI.o
 .comment       0x00000000       0x71 ./Sources/UART.o
 .comment       0x00000000       0x71 ./Sources/main.o
 .comment       0x00000000       0x71 ./Sources/menu.o
 .comment       0x00000000       0x71 ./Project_Settings/Startup_Code/system_MK64F12.o

.debug_frame    0x00000000      0x800
 .debug_frame   0x00000000      0x1c4 ./Sources/FlexTimer.o
 .debug_frame   0x000001c4      0x1b0 ./Sources/GPIO.o
 .debug_frame   0x00000374      0x10c ./Sources/LCDNokia5110.o
 .debug_frame   0x00000480      0x180 ./Sources/SPI.o
 .debug_frame   0x00000600       0x9c ./Sources/UART.o
 .debug_frame   0x0000069c       0x2c ./Sources/main.o
 .debug_frame   0x000006c8       0x60 ./Sources/menu.o
 .debug_frame   0x00000728       0x44 ./Project_Settings/Startup_Code/system_MK64F12.o
 .debug_frame   0x0000076c       0x28 c:/freescale/kds_v3/toolchain/bin/../lib/gcc/arm-none-eabi/4.8.4/../../../../arm-none-eabi/lib/armv7e-m/fpu\libg_s.a(lib_a-exit.o)
 .debug_frame   0x00000794       0x2c c:/freescale/kds_v3/toolchain/bin/../lib/gcc/arm-none-eabi/4.8.4/../../../../arm-none-eabi/lib/armv7e-m/fpu\libg_s.a(lib_a-init.o)
 .debug_frame   0x000007c0       0x20 c:/freescale/kds_v3/toolchain/bin/../lib/gcc/arm-none-eabi/4.8.4/../../../../arm-none-eabi/lib/armv7e-m/fpu\libg_s.a(lib_a-memset.o)
 .debug_frame   0x000007e0       0x20 c:/freescale/kds_v3/toolchain/bin/../lib/gcc/arm-none-eabi/4.8.4/../../../../arm-none-eabi/lib/armv7e-m/fpu\libnosys.a(_exit.o)
