Archive member included because of file (symbol)

c:/freescale/kds_v3/toolchain/bin/../lib/gcc/arm-none-eabi/4.8.4/../../../../arm-none-eabi/lib/armv7e-m/fpu\libg_s.a(lib_a-exit.o)
                              c:/freescale/kds_v3/toolchain/bin/../lib/gcc/arm-none-eabi/4.8.4/../../../../arm-none-eabi/lib/armv7e-m/fpu/crt0.o (exit)
c:/freescale/kds_v3/toolchain/bin/../lib/gcc/arm-none-eabi/4.8.4/../../../../arm-none-eabi/lib/armv7e-m/fpu\libg_s.a(lib_a-impure.o)
                              c:/freescale/kds_v3/toolchain/bin/../lib/gcc/arm-none-eabi/4.8.4/../../../../arm-none-eabi/lib/armv7e-m/fpu\libg_s.a(lib_a-exit.o) (_global_impure_ptr)
c:/freescale/kds_v3/toolchain/bin/../lib/gcc/arm-none-eabi/4.8.4/../../../../arm-none-eabi/lib/armv7e-m/fpu\libg_s.a(lib_a-init.o)
                              c:/freescale/kds_v3/toolchain/bin/../lib/gcc/arm-none-eabi/4.8.4/../../../../arm-none-eabi/lib/armv7e-m/fpu/crt0.o (__libc_init_array)
c:/freescale/kds_v3/toolchain/bin/../lib/gcc/arm-none-eabi/4.8.4/../../../../arm-none-eabi/lib/armv7e-m/fpu\libg_s.a(lib_a-memset.o)
                              c:/freescale/kds_v3/toolchain/bin/../lib/gcc/arm-none-eabi/4.8.4/../../../../arm-none-eabi/lib/armv7e-m/fpu/crt0.o (memset)
c:/freescale/kds_v3/toolchain/bin/../lib/gcc/arm-none-eabi/4.8.4/../../../../arm-none-eabi/lib/armv7e-m/fpu\libnosys.a(_exit.o)
                              c:/freescale/kds_v3/toolchain/bin/../lib/gcc/arm-none-eabi/4.8.4/../../../../arm-none-eabi/lib/armv7e-m/fpu\libg_s.a(lib_a-exit.o) (_exit)

Allocating common symbols
Common symbol       size              file

funwithFlags        0x1               ./Sources/GPIO.o

Discarded input sections

 .text          0x00000000        0x0 c:/freescale/kds_v3/toolchain/bin/../lib/gcc/arm-none-eabi/4.8.4/armv7e-m/fpu/crti.o
 .data          0x00000000        0x0 c:/freescale/kds_v3/toolchain/bin/../lib/gcc/arm-none-eabi/4.8.4/armv7e-m/fpu/crti.o
 .bss           0x00000000        0x0 c:/freescale/kds_v3/toolchain/bin/../lib/gcc/arm-none-eabi/4.8.4/armv7e-m/fpu/crti.o
 .data          0x00000000        0x4 c:/freescale/kds_v3/toolchain/bin/../lib/gcc/arm-none-eabi/4.8.4/armv7e-m/fpu/crtbegin.o
 .data          0x00000000        0x0 c:/freescale/kds_v3/toolchain/bin/../lib/gcc/arm-none-eabi/4.8.4/../../../../arm-none-eabi/lib/armv7e-m/fpu/crt0.o
 .bss           0x00000000        0x0 c:/freescale/kds_v3/toolchain/bin/../lib/gcc/arm-none-eabi/4.8.4/../../../../arm-none-eabi/lib/armv7e-m/fpu/crt0.o
 .ARM.extab     0x00000000        0x0 c:/freescale/kds_v3/toolchain/bin/../lib/gcc/arm-none-eabi/4.8.4/../../../../arm-none-eabi/lib/armv7e-m/fpu/crt0.o
 .group         0x00000000        0x8 ./Sources/GPIO.o
 .group         0x00000000        0x8 ./Sources/GPIO.o
 .group         0x00000000        0x8 ./Sources/GPIO.o
 .group         0x00000000        0x8 ./Sources/GPIO.o
 .group         0x00000000        0x8 ./Sources/GPIO.o
 .group         0x00000000        0x8 ./Sources/GPIO.o
 .group         0x00000000        0x8 ./Sources/GPIO.o
 .group         0x00000000        0x8 ./Sources/GPIO.o
 .group         0x00000000        0x8 ./Sources/GPIO.o
 .group         0x00000000        0x8 ./Sources/GPIO.o
 .group         0x00000000        0x8 ./Sources/GPIO.o
 .group         0x00000000        0x8 ./Sources/GPIO.o
 .group         0x00000000        0x8 ./Sources/GPIO.o
 .text          0x00000000        0x0 ./Sources/GPIO.o
 .data          0x00000000        0x0 ./Sources/GPIO.o
 .bss           0x00000000        0x0 ./Sources/GPIO.o
 .text.readFlag_PORTA
                0x00000000       0x1c ./Sources/GPIO.o
 .text.clearFlag_PORTA
                0x00000000       0x1c ./Sources/GPIO.o
 .text.FlagPortB_Read
                0x00000000       0x1c ./Sources/GPIO.o
 .text.FlagPortB_Clear
                0x00000000       0x1c ./Sources/GPIO.o
 .text.readFlag_PORTC
                0x00000000       0x1c ./Sources/GPIO.o
 .text.clearFlag_PORTC
                0x00000000       0x1c ./Sources/GPIO.o
 .text.GPIO_writePORT
                0x00000000       0x74 ./Sources/GPIO.o
 .text.GPIO_readPORT
                0x00000000       0x6c ./Sources/GPIO.o
 .text.GPIO_readPIN
                0x00000000       0xc4 ./Sources/GPIO.o
 .text.GPIO_tooglePIN
                0x00000000       0xb8 ./Sources/GPIO.o
 .text.GPIO_dataDirectionPORT
                0x00000000       0x74 ./Sources/GPIO.o
 .group         0x00000000        0x8 ./Sources/GlobalFunctions.o
 .group         0x00000000        0x8 ./Sources/GlobalFunctions.o
 .text          0x00000000        0x0 ./Sources/GlobalFunctions.o
 .data          0x00000000        0x0 ./Sources/GlobalFunctions.o
 .bss           0x00000000        0x0 ./Sources/GlobalFunctions.o
 .debug_macro   0x00000000      0x850 ./Sources/GlobalFunctions.o
 .debug_macro   0x00000000       0xa0 ./Sources/GlobalFunctions.o
 .group         0x00000000        0x8 ./Sources/LCDNokia5110.o
 .group         0x00000000        0x8 ./Sources/LCDNokia5110.o
 .group         0x00000000        0x8 ./Sources/LCDNokia5110.o
 .group         0x00000000        0x8 ./Sources/LCDNokia5110.o
 .group         0x00000000        0x8 ./Sources/LCDNokia5110.o
 .group         0x00000000        0x8 ./Sources/LCDNokia5110.o
 .group         0x00000000        0x8 ./Sources/LCDNokia5110.o
 .group         0x00000000        0x8 ./Sources/LCDNokia5110.o
 .group         0x00000000        0x8 ./Sources/LCDNokia5110.o
 .group         0x00000000        0x8 ./Sources/LCDNokia5110.o
 .group         0x00000000        0x8 ./Sources/LCDNokia5110.o
 .group         0x00000000        0x8 ./Sources/LCDNokia5110.o
 .group         0x00000000        0x8 ./Sources/LCDNokia5110.o
 .group         0x00000000        0x8 ./Sources/LCDNokia5110.o
 .group         0x00000000        0x8 ./Sources/LCDNokia5110.o
 .text          0x00000000        0x0 ./Sources/LCDNokia5110.o
 .data          0x00000000        0x0 ./Sources/LCDNokia5110.o
 .bss           0x00000000        0x0 ./Sources/LCDNokia5110.o
 .debug_macro   0x00000000      0x850 ./Sources/LCDNokia5110.o
 .debug_macro   0x00000000       0xa0 ./Sources/LCDNokia5110.o
 .debug_macro   0x00000000       0x16 ./Sources/LCDNokia5110.o
 .debug_macro   0x00000000       0x16 ./Sources/LCDNokia5110.o
 .debug_macro   0x00000000       0x44 ./Sources/LCDNokia5110.o
 .debug_macro   0x00000000      0x209 ./Sources/LCDNokia5110.o
 .debug_macro   0x00000000       0x56 ./Sources/LCDNokia5110.o
 .debug_macro   0x00000000       0x3b ./Sources/LCDNokia5110.o
 .debug_macro   0x00000000       0x34 ./Sources/LCDNokia5110.o
 .debug_macro   0x00000000       0x26 ./Sources/LCDNokia5110.o
 .debug_macro   0x00000000      0xd1d ./Sources/LCDNokia5110.o
 .debug_macro   0x00000000       0x78 ./Sources/LCDNokia5110.o
 .debug_macro   0x00000000    0x175e0 ./Sources/LCDNokia5110.o
 .group         0x00000000        0x8 ./Sources/LCDNokia5110Images.o
 .text          0x00000000        0x0 ./Sources/LCDNokia5110Images.o
 .data          0x00000000        0x0 ./Sources/LCDNokia5110Images.o
 .bss           0x00000000        0x0 ./Sources/LCDNokia5110Images.o
 .debug_macro   0x00000000      0x850 ./Sources/LCDNokia5110Images.o
 .group         0x00000000        0x8 ./Sources/SPI.o
 .group         0x00000000        0x8 ./Sources/SPI.o
 .group         0x00000000        0x8 ./Sources/SPI.o
 .group         0x00000000        0x8 ./Sources/SPI.o
 .group         0x00000000        0x8 ./Sources/SPI.o
 .group         0x00000000        0x8 ./Sources/SPI.o
 .group         0x00000000        0x8 ./Sources/SPI.o
 .group         0x00000000        0x8 ./Sources/SPI.o
 .group         0x00000000        0x8 ./Sources/SPI.o
 .group         0x00000000        0x8 ./Sources/SPI.o
 .group         0x00000000        0x8 ./Sources/SPI.o
 .group         0x00000000        0x8 ./Sources/SPI.o
 .group         0x00000000        0x8 ./Sources/SPI.o
 .group         0x00000000        0x8 ./Sources/SPI.o
 .text          0x00000000        0x0 ./Sources/SPI.o
 .data          0x00000000        0x0 ./Sources/SPI.o
 .bss           0x00000000        0x0 ./Sources/SPI.o
 .debug_macro   0x00000000      0x850 ./Sources/SPI.o
 .debug_macro   0x00000000       0x16 ./Sources/SPI.o
 .debug_macro   0x00000000       0x16 ./Sources/SPI.o
 .debug_macro   0x00000000       0x44 ./Sources/SPI.o
 .debug_macro   0x00000000      0x209 ./Sources/SPI.o
 .debug_macro   0x00000000       0x56 ./Sources/SPI.o
 .debug_macro   0x00000000       0x3b ./Sources/SPI.o
 .debug_macro   0x00000000       0x34 ./Sources/SPI.o
 .debug_macro   0x00000000       0x26 ./Sources/SPI.o
 .debug_macro   0x00000000      0xd1d ./Sources/SPI.o
 .debug_macro   0x00000000       0x78 ./Sources/SPI.o
 .debug_macro   0x00000000    0x175e0 ./Sources/SPI.o
 .debug_macro   0x00000000       0xe8 ./Sources/SPI.o
 .group         0x00000000        0x8 ./Sources/main.o
 .group         0x00000000        0x8 ./Sources/main.o
 .group         0x00000000        0x8 ./Sources/main.o
 .group         0x00000000        0x8 ./Sources/main.o
 .group         0x00000000        0x8 ./Sources/main.o
 .group         0x00000000        0x8 ./Sources/main.o
 .group         0x00000000        0x8 ./Sources/main.o
 .group         0x00000000        0x8 ./Sources/main.o
 .group         0x00000000        0x8 ./Sources/main.o
 .group         0x00000000        0x8 ./Sources/main.o
 .group         0x00000000        0x8 ./Sources/main.o
 .group         0x00000000        0x8 ./Sources/main.o
 .group         0x00000000        0x8 ./Sources/main.o
 .group         0x00000000        0x8 ./Sources/main.o
 .group         0x00000000        0x8 ./Sources/main.o
 .text          0x00000000        0x0 ./Sources/main.o
 .data          0x00000000        0x0 ./Sources/main.o
 .bss           0x00000000        0x0 ./Sources/main.o
 .debug_macro   0x00000000      0x850 ./Sources/main.o
 .debug_macro   0x00000000       0x16 ./Sources/main.o
 .debug_macro   0x00000000       0x16 ./Sources/main.o
 .debug_macro   0x00000000       0x44 ./Sources/main.o
 .debug_macro   0x00000000      0x209 ./Sources/main.o
 .debug_macro   0x00000000       0x56 ./Sources/main.o
 .debug_macro   0x00000000       0x3b ./Sources/main.o
 .debug_macro   0x00000000       0x34 ./Sources/main.o
 .debug_macro   0x00000000       0x26 ./Sources/main.o
 .debug_macro   0x00000000      0xd1d ./Sources/main.o
 .debug_macro   0x00000000       0x78 ./Sources/main.o
 .debug_macro   0x00000000    0x175e0 ./Sources/main.o
 .debug_macro   0x00000000       0xa6 ./Sources/main.o
 .debug_macro   0x00000000       0xe8 ./Sources/main.o
 .debug_macro   0x00000000       0x3a ./Sources/main.o
 .data          0x00000000        0x0 ./Project_Settings/Startup_Code/startup_MK64F12.o
 .bss           0x00000000        0x0 ./Project_Settings/Startup_Code/startup_MK64F12.o
 .group         0x00000000        0x8 ./Project_Settings/Startup_Code/system_MK64F12.o
 .group         0x00000000        0x8 ./Project_Settings/Startup_Code/system_MK64F12.o
 .group         0x00000000        0x8 ./Project_Settings/Startup_Code/system_MK64F12.o
 .group         0x00000000        0x8 ./Project_Settings/Startup_Code/system_MK64F12.o
 .group         0x00000000        0x8 ./Project_Settings/Startup_Code/system_MK64F12.o
 .group         0x00000000        0x8 ./Project_Settings/Startup_Code/system_MK64F12.o
 .group         0x00000000        0x8 ./Project_Settings/Startup_Code/system_MK64F12.o
 .group         0x00000000        0x8 ./Project_Settings/Startup_Code/system_MK64F12.o
 .group         0x00000000        0x8 ./Project_Settings/Startup_Code/system_MK64F12.o
 .group         0x00000000        0x8 ./Project_Settings/Startup_Code/system_MK64F12.o
 .group         0x00000000        0x8 ./Project_Settings/Startup_Code/system_MK64F12.o
 .text          0x00000000        0x0 ./Project_Settings/Startup_Code/system_MK64F12.o
 .data          0x00000000        0x0 ./Project_Settings/Startup_Code/system_MK64F12.o
 .bss           0x00000000        0x0 ./Project_Settings/Startup_Code/system_MK64F12.o
 .data.SystemCoreClock
                0x00000000        0x4 ./Project_Settings/Startup_Code/system_MK64F12.o
 .text.SystemCoreClockUpdate
                0x00000000      0x270 ./Project_Settings/Startup_Code/system_MK64F12.o
 .debug_macro   0x00000000      0x850 ./Project_Settings/Startup_Code/system_MK64F12.o
 .debug_macro   0x00000000       0x16 ./Project_Settings/Startup_Code/system_MK64F12.o
 .debug_macro   0x00000000       0x44 ./Project_Settings/Startup_Code/system_MK64F12.o
 .debug_macro   0x00000000      0x209 ./Project_Settings/Startup_Code/system_MK64F12.o
 .debug_macro   0x00000000       0x3b ./Project_Settings/Startup_Code/system_MK64F12.o
 .debug_macro   0x00000000       0x34 ./Project_Settings/Startup_Code/system_MK64F12.o
 .debug_macro   0x00000000       0x26 ./Project_Settings/Startup_Code/system_MK64F12.o
 .debug_macro   0x00000000      0xd1d ./Project_Settings/Startup_Code/system_MK64F12.o
 .debug_macro   0x00000000       0x78 ./Project_Settings/Startup_Code/system_MK64F12.o
 .debug_macro   0x00000000    0x175e0 ./Project_Settings/Startup_Code/system_MK64F12.o
 .text          0x00000000        0x0 c:/freescale/kds_v3/toolchain/bin/../lib/gcc/arm-none-eabi/4.8.4/../../../../arm-none-eabi/lib/armv7e-m/fpu\libg_s.a(lib_a-exit.o)
 .data          0x00000000        0x0 c:/freescale/kds_v3/toolchain/bin/../lib/gcc/arm-none-eabi/4.8.4/../../../../arm-none-eabi/lib/armv7e-m/fpu\libg_s.a(lib_a-exit.o)
 .bss           0x00000000        0x0 c:/freescale/kds_v3/toolchain/bin/../lib/gcc/arm-none-eabi/4.8.4/../../../../arm-none-eabi/lib/armv7e-m/fpu\libg_s.a(lib_a-exit.o)
 .text          0x00000000        0x0 c:/freescale/kds_v3/toolchain/bin/../lib/gcc/arm-none-eabi/4.8.4/../../../../arm-none-eabi/lib/armv7e-m/fpu\libg_s.a(lib_a-impure.o)
 .data          0x00000000        0x0 c:/freescale/kds_v3/toolchain/bin/../lib/gcc/arm-none-eabi/4.8.4/../../../../arm-none-eabi/lib/armv7e-m/fpu\libg_s.a(lib_a-impure.o)
 .bss           0x00000000        0x0 c:/freescale/kds_v3/toolchain/bin/../lib/gcc/arm-none-eabi/4.8.4/../../../../arm-none-eabi/lib/armv7e-m/fpu\libg_s.a(lib_a-impure.o)
 .data._impure_ptr
                0x00000000        0x4 c:/freescale/kds_v3/toolchain/bin/../lib/gcc/arm-none-eabi/4.8.4/../../../../arm-none-eabi/lib/armv7e-m/fpu\libg_s.a(lib_a-impure.o)
 .text          0x00000000        0x0 c:/freescale/kds_v3/toolchain/bin/../lib/gcc/arm-none-eabi/4.8.4/../../../../arm-none-eabi/lib/armv7e-m/fpu\libg_s.a(lib_a-init.o)
 .data          0x00000000        0x0 c:/freescale/kds_v3/toolchain/bin/../lib/gcc/arm-none-eabi/4.8.4/../../../../arm-none-eabi/lib/armv7e-m/fpu\libg_s.a(lib_a-init.o)
 .bss           0x00000000        0x0 c:/freescale/kds_v3/toolchain/bin/../lib/gcc/arm-none-eabi/4.8.4/../../../../arm-none-eabi/lib/armv7e-m/fpu\libg_s.a(lib_a-init.o)
 .text          0x00000000        0x0 c:/freescale/kds_v3/toolchain/bin/../lib/gcc/arm-none-eabi/4.8.4/../../../../arm-none-eabi/lib/armv7e-m/fpu\libg_s.a(lib_a-memset.o)
 .data          0x00000000        0x0 c:/freescale/kds_v3/toolchain/bin/../lib/gcc/arm-none-eabi/4.8.4/../../../../arm-none-eabi/lib/armv7e-m/fpu\libg_s.a(lib_a-memset.o)
 .bss           0x00000000        0x0 c:/freescale/kds_v3/toolchain/bin/../lib/gcc/arm-none-eabi/4.8.4/../../../../arm-none-eabi/lib/armv7e-m/fpu\libg_s.a(lib_a-memset.o)
 .text          0x00000000        0x0 c:/freescale/kds_v3/toolchain/bin/../lib/gcc/arm-none-eabi/4.8.4/../../../../arm-none-eabi/lib/armv7e-m/fpu\libnosys.a(_exit.o)
 .data          0x00000000        0x0 c:/freescale/kds_v3/toolchain/bin/../lib/gcc/arm-none-eabi/4.8.4/../../../../arm-none-eabi/lib/armv7e-m/fpu\libnosys.a(_exit.o)
 .bss           0x00000000        0x0 c:/freescale/kds_v3/toolchain/bin/../lib/gcc/arm-none-eabi/4.8.4/../../../../arm-none-eabi/lib/armv7e-m/fpu\libnosys.a(_exit.o)
 .text          0x00000000        0x0 c:/freescale/kds_v3/toolchain/bin/../lib/gcc/arm-none-eabi/4.8.4/armv7e-m/fpu/crtend.o
 .data          0x00000000        0x0 c:/freescale/kds_v3/toolchain/bin/../lib/gcc/arm-none-eabi/4.8.4/armv7e-m/fpu/crtend.o
 .bss           0x00000000        0x0 c:/freescale/kds_v3/toolchain/bin/../lib/gcc/arm-none-eabi/4.8.4/armv7e-m/fpu/crtend.o
 .eh_frame      0x00000000        0x4 c:/freescale/kds_v3/toolchain/bin/../lib/gcc/arm-none-eabi/4.8.4/armv7e-m/fpu/crtend.o
 .text          0x00000000        0x0 c:/freescale/kds_v3/toolchain/bin/../lib/gcc/arm-none-eabi/4.8.4/armv7e-m/fpu/crtn.o
 .data          0x00000000        0x0 c:/freescale/kds_v3/toolchain/bin/../lib/gcc/arm-none-eabi/4.8.4/armv7e-m/fpu/crtn.o
 .bss           0x00000000        0x0 c:/freescale/kds_v3/toolchain/bin/../lib/gcc/arm-none-eabi/4.8.4/armv7e-m/fpu/crtn.o

Memory Configuration

Name             Origin             Length             Attributes
m_interrupts     0x00000000         0x00000400         xr
m_flash_config   0x00000400         0x00000010         xr
m_text           0x00000410         0x000ffbf0         xr
m_data           0x1fff0000         0x00010000         rw
m_data_2         0x20000000         0x00030000         rw
*default*        0x00000000         0xffffffff

Linker script and memory map

LOAD c:/freescale/kds_v3/toolchain/bin/../lib/gcc/arm-none-eabi/4.8.4/armv7e-m/fpu/crti.o
LOAD c:/freescale/kds_v3/toolchain/bin/../lib/gcc/arm-none-eabi/4.8.4/armv7e-m/fpu/crtbegin.o
LOAD c:/freescale/kds_v3/toolchain/bin/../lib/gcc/arm-none-eabi/4.8.4/../../../../arm-none-eabi/lib/armv7e-m/fpu/crt0.o
LOAD ./Sources/GPIO.o
LOAD ./Sources/GlobalFunctions.o
LOAD ./Sources/LCDNokia5110.o
LOAD ./Sources/LCDNokia5110Images.o
LOAD ./Sources/SPI.o
LOAD ./Sources/main.o
LOAD ./Project_Settings/Startup_Code/startup_MK64F12.o
LOAD ./Project_Settings/Startup_Code/system_MK64F12.o
LOAD c:/freescale/kds_v3/toolchain/bin/../lib/gcc/arm-none-eabi/4.8.4/../../../../arm-none-eabi/lib/armv7e-m/fpu\libstdc++_s.a
LOAD c:/freescale/kds_v3/toolchain/bin/../lib/gcc/arm-none-eabi/4.8.4/../../../../arm-none-eabi/lib/armv7e-m/fpu\libm.a
START GROUP
LOAD c:/freescale/kds_v3/toolchain/bin/../lib/gcc/arm-none-eabi/4.8.4/armv7e-m/fpu\libgcc.a
LOAD c:/freescale/kds_v3/toolchain/bin/../lib/gcc/arm-none-eabi/4.8.4/../../../../arm-none-eabi/lib/armv7e-m/fpu\libg_s.a
LOAD c:/freescale/kds_v3/toolchain/bin/../lib/gcc/arm-none-eabi/4.8.4/../../../../arm-none-eabi/lib/armv7e-m/fpu\libc_s.a
END GROUP
START GROUP
LOAD c:/freescale/kds_v3/toolchain/bin/../lib/gcc/arm-none-eabi/4.8.4/armv7e-m/fpu\libgcc.a
LOAD c:/freescale/kds_v3/toolchain/bin/../lib/gcc/arm-none-eabi/4.8.4/../../../../arm-none-eabi/lib/armv7e-m/fpu\libc_s.a
LOAD c:/freescale/kds_v3/toolchain/bin/../lib/gcc/arm-none-eabi/4.8.4/../../../../arm-none-eabi/lib/armv7e-m/fpu\libnosys.a
END GROUP
START GROUP
LOAD c:/freescale/kds_v3/toolchain/bin/../lib/gcc/arm-none-eabi/4.8.4/armv7e-m/fpu\libgcc.a
LOAD c:/freescale/kds_v3/toolchain/bin/../lib/gcc/arm-none-eabi/4.8.4/../../../../arm-none-eabi/lib/armv7e-m/fpu\libc_s.a
LOAD c:/freescale/kds_v3/toolchain/bin/../lib/gcc/arm-none-eabi/4.8.4/../../../../arm-none-eabi/lib/armv7e-m/fpu\libnosys.a
END GROUP
LOAD c:/freescale/kds_v3/toolchain/bin/../lib/gcc/arm-none-eabi/4.8.4/armv7e-m/fpu/crtend.o
LOAD c:/freescale/kds_v3/toolchain/bin/../lib/gcc/arm-none-eabi/4.8.4/armv7e-m/fpu/crtn.o
                0x00000400                HEAP_SIZE = DEFINED (__heap_size__)?__heap_size__:0x400
                0x00000400                STACK_SIZE = DEFINED (__stack_size__)?__stack_size__:0x400

.interrupts     0x00000000      0x400
                0x00000000                __VECTOR_TABLE = .
                0x00000000                . = ALIGN (0x4)
 *(.isr_vector)
 .isr_vector    0x00000000      0x400 ./Project_Settings/Startup_Code/startup_MK64F12.o
                0x00000000                __isr_vector
                0x00000400                . = ALIGN (0x4)

.flash_config   0x00000400       0x10
                0x00000400                . = ALIGN (0x4)
 *(.FlashConfig)
 .FlashConfig   0x00000400       0x10 ./Project_Settings/Startup_Code/startup_MK64F12.o
                0x00000410                . = ALIGN (0x4)

.text           0x00000410     0x11a0
                0x00000410                . = ALIGN (0x4)
 *(.text)
 .text          0x00000410       0x54 c:/freescale/kds_v3/toolchain/bin/../lib/gcc/arm-none-eabi/4.8.4/armv7e-m/fpu/crtbegin.o
 .text          0x00000464       0x74 c:/freescale/kds_v3/toolchain/bin/../lib/gcc/arm-none-eabi/4.8.4/../../../../arm-none-eabi/lib/armv7e-m/fpu/crt0.o
                0x00000464                _start
                0x00000464                _mainCRTStartup
 .text          0x000004d8       0x30 ./Project_Settings/Startup_Code/startup_MK64F12.o
                0x000004d8                Reset_Handler
                0x00000504                DebugMon_Handler
                0x00000504                I2C0_IRQHandler
                0x00000504                HardFault_Handler
                0x00000504                SysTick_Handler
                0x00000504                UART3_RX_TX_IRQHandler
                0x00000504                PendSV_Handler
                0x00000504                NMI_Handler
                0x00000504                UART0_RX_TX_IRQHandler
                0x00000504                I2C1_IRQHandler
                0x00000504                DMA2_IRQHandler
                0x00000504                ENET_Error_IRQHandler
                0x00000504                CAN0_Tx_Warning_IRQHandler
                0x00000504                PIT0_IRQHandler
                0x00000504                CAN0_ORed_Message_buffer_IRQHandler
                0x00000504                CMP2_IRQHandler
                0x00000504                LLWU_IRQHandler
                0x00000504                ENET_Receive_IRQHandler
                0x00000504                ENET_1588_Timer_IRQHandler
                0x00000504                UART2_RX_TX_IRQHandler
                0x00000504                SWI_IRQHandler
                0x00000504                ADC0_IRQHandler
                0x00000504                UsageFault_Handler
                0x00000504                I2S0_Tx_IRQHandler
                0x00000504                CMT_IRQHandler
                0x00000504                UART4_RX_TX_IRQHandler
                0x00000504                SPI1_IRQHandler
                0x00000504                DefaultISR
                0x00000504                DMA9_IRQHandler
                0x00000504                DMA14_IRQHandler
                0x00000504                CMP1_IRQHandler
                0x00000504                Reserved71_IRQHandler
                0x00000504                PORTD_IRQHandler
                0x00000504                UART4_ERR_IRQHandler
                0x00000504                ADC1_IRQHandler
                0x00000504                I2C2_IRQHandler
                0x00000504                PIT2_IRQHandler
                0x00000504                I2S0_Rx_IRQHandler
                0x00000504                DMA5_IRQHandler
                0x00000504                RTC_IRQHandler
                0x00000504                PDB0_IRQHandler
                0x00000504                CAN0_Rx_Warning_IRQHandler
                0x00000504                FTM1_IRQHandler
                0x00000504                UART5_RX_TX_IRQHandler
                0x00000504                UART3_ERR_IRQHandler
                0x00000504                PIT3_IRQHandler
                0x00000504                SDHC_IRQHandler
                0x00000504                RTC_Seconds_IRQHandler
                0x00000504                MCG_IRQHandler
                0x00000504                FTFE_IRQHandler
                0x00000504                UART2_ERR_IRQHandler
                0x00000504                DMA11_IRQHandler
                0x00000504                UART5_ERR_IRQHandler
                0x00000504                Read_Collision_IRQHandler
                0x00000504                DMA7_IRQHandler
                0x00000504                ENET_Transmit_IRQHandler
                0x00000504                USBDCD_IRQHandler
                0x00000504                USB0_IRQHandler
                0x00000504                SPI2_IRQHandler
                0x00000504                WDOG_EWM_IRQHandler
                0x00000504                MemManage_Handler
                0x00000504                SVC_Handler
                0x00000504                DMA13_IRQHandler
                0x00000504                DMA3_IRQHandler
                0x00000504                UART0_LON_IRQHandler
                0x00000504                RNG_IRQHandler
                0x00000504                DMA0_IRQHandler
                0x00000504                DMA15_IRQHandler
                0x00000504                DAC0_IRQHandler
                0x00000504                CAN0_Error_IRQHandler
                0x00000504                DMA4_IRQHandler
                0x00000504                PIT1_IRQHandler
                0x00000504                UART0_ERR_IRQHandler
                0x00000504                DMA_Error_IRQHandler
                0x00000504                LVD_LVW_IRQHandler
                0x00000504                SPI0_IRQHandler
                0x00000504                FTM0_IRQHandler
                0x00000504                DAC1_IRQHandler
                0x00000504                MCM_IRQHandler
                0x00000504                DMA12_IRQHandler
                0x00000504                CAN0_Bus_Off_IRQHandler
                0x00000504                FTM3_IRQHandler
                0x00000504                PORTE_IRQHandler
                0x00000504                FTM2_IRQHandler
                0x00000504                LPTMR0_IRQHandler
                0x00000504                BusFault_Handler
                0x00000504                DMA8_IRQHandler
                0x00000504                DMA10_IRQHandler
                0x00000504                CAN0_Wake_Up_IRQHandler
                0x00000504                UART1_ERR_IRQHandler
                0x00000504                UART1_RX_TX_IRQHandler
                0x00000504                CMP0_IRQHandler
                0x00000504                DMA6_IRQHandler
                0x00000504                DMA1_IRQHandler
 *(.text*)
 .text.PORTC_IRQHandler
                0x00000508       0x1c ./Sources/GPIO.o
                0x00000508                PORTC_IRQHandler
 .text.PORTA_IRQHandler
                0x00000524       0x1c ./Sources/GPIO.o
                0x00000524                PORTA_IRQHandler
 .text.PORTB_IRQHandler
                0x00000540       0x1c ./Sources/GPIO.o
                0x00000540                PORTB_IRQHandler
 .text.GPIO_clearInterrupt
                0x0000055c       0x84 ./Sources/GPIO.o
                0x0000055c                GPIO_clearInterrupt
 .text.GPIO_clockGating
                0x000005e0       0xc4 ./Sources/GPIO.o
                0x000005e0                GPIO_clockGating
 .text.GPIO_pinControlRegister
                0x000006a4       0x9c ./Sources/GPIO.o
                0x000006a4                GPIO_pinControlRegister
 .text.GPIO_setPIN
                0x00000740       0xb8 ./Sources/GPIO.o
                0x00000740                GPIO_setPIN
 .text.GPIO_clearPIN
                0x000007f8       0xb8 ./Sources/GPIO.o
                0x000007f8                GPIO_clearPIN
 .text.GPIO_dataDirectionPIN
                0x000008b0       0xc0 ./Sources/GPIO.o
                0x000008b0                GPIO_dataDirectionPIN
 .text.delay    0x00000970       0x38 ./Sources/GlobalFunctions.o
                0x00000970                delay
 .text.LCDNokia_init
                0x000009a8       0x90 ./Sources/LCDNokia5110.o
                0x000009a8                LCDNokia_init
 .text.LCDNokia_bitmap
                0x00000a38       0x38 ./Sources/LCDNokia5110.o
                0x00000a38                LCDNokia_bitmap
 .text.LCDNokia_writeByte
                0x00000a70       0x40 ./Sources/LCDNokia5110.o
                0x00000a70                LCDNokia_writeByte
 .text.LCDNokia_sendChar
                0x00000ab0       0x58 ./Sources/LCDNokia5110.o
                0x00000ab0                LCDNokia_sendChar
 .text.LCDNokia_sendString
                0x00000b08       0x28 ./Sources/LCDNokia5110.o
                0x00000b08                LCDNokia_sendString
 .text.LCDNokia_clear
                0x00000b30       0x34 ./Sources/LCDNokia5110.o
                0x00000b30                LCDNokia_clear
 .text.LCDNokia_gotoXY
                0x00000b64       0x34 ./Sources/LCDNokia5110.o
                0x00000b64                LCDNokia_gotoXY
 .text.LCD_delay
                0x00000b98       0x28 ./Sources/LCDNokia5110.o
                0x00000b98                LCD_delay
 .text.SPI_enable
                0x00000bc0       0x30 ./Sources/SPI.o
 .text.SPI_clk  0x00000bf0       0x90 ./Sources/SPI.o
 .text.SPI_setMaster
                0x00000c80       0x54 ./Sources/SPI.o
 .text.SPI_fIFO
                0x00000cd4       0x54 ./Sources/SPI.o
 .text.SPI_clockPolarity
                0x00000d28       0x54 ./Sources/SPI.o
 .text.SPI_frameSize
                0x00000d7c       0x4c ./Sources/SPI.o
 .text.SPI_clockPhase
                0x00000dc8       0x54 ./Sources/SPI.o
 .text.SPI_baudRate
                0x00000e1c       0x34 ./Sources/SPI.o
 .text.SPI_mSBFirst
                0x00000e50       0x54 ./Sources/SPI.o
 .text.SPI_startTranference
                0x00000ea4       0x30 ./Sources/SPI.o
                0x00000ea4                SPI_startTranference
 .text.SPI_stopTranference
                0x00000ed4       0x30 ./Sources/SPI.o
                0x00000ed4                SPI_stopTranference
 .text.SPI_sendOneByte
                0x00000f04       0x34 ./Sources/SPI.o
                0x00000f04                SPI_sendOneByte
 .text.SPI_init
                0x00000f38       0xc8 ./Sources/SPI.o
                0x00000f38                SPI_init
 .text.main     0x00001000       0xc0 ./Sources/main.o
                0x00001000                main
 .text.SystemInit
                0x000010c0       0x3c ./Project_Settings/Startup_Code/system_MK64F12.o
                0x000010c0                SystemInit
 .text.exit     0x000010fc       0x28 c:/freescale/kds_v3/toolchain/bin/../lib/gcc/arm-none-eabi/4.8.4/../../../../arm-none-eabi/lib/armv7e-m/fpu\libg_s.a(lib_a-exit.o)
                0x000010fc                exit
 .text.__libc_init_array
                0x00001124       0x4c c:/freescale/kds_v3/toolchain/bin/../lib/gcc/arm-none-eabi/4.8.4/../../../../arm-none-eabi/lib/armv7e-m/fpu\libg_s.a(lib_a-init.o)
                0x00001124                __libc_init_array
 .text.memset   0x00001170       0x10 c:/freescale/kds_v3/toolchain/bin/../lib/gcc/arm-none-eabi/4.8.4/../../../../arm-none-eabi/lib/armv7e-m/fpu\libg_s.a(lib_a-memset.o)
                0x00001170                memset
 .text._exit    0x00001180        0x4 c:/freescale/kds_v3/toolchain/bin/../lib/gcc/arm-none-eabi/4.8.4/../../../../arm-none-eabi/lib/armv7e-m/fpu\libnosys.a(_exit.o)
                0x00001180                _exit
 *(.rodata)
 .rodata        0x00001184       0x14 ./Sources/main.o
 *(.rodata*)
 .rodata.ASCII  0x00001198      0x1e0 ./Sources/LCDNokia5110.o
 .rodata.ITESO  0x00001378      0x1f8 ./Sources/LCDNokia5110Images.o
                0x00001378                ITESO
 .rodata.SPI_Config
                0x00001570       0x20 ./Sources/main.o
                0x00001570                SPI_Config
 .rodata.str1.1
                0x00001590        0x2 c:/freescale/kds_v3/toolchain/bin/../lib/gcc/arm-none-eabi/4.8.4/../../../../arm-none-eabi/lib/armv7e-m/fpu\libg_s.a(lib_a-impure.o)
 *fill*         0x00001592        0x2 
 .rodata._global_impure_ptr
                0x00001594        0x4 c:/freescale/kds_v3/toolchain/bin/../lib/gcc/arm-none-eabi/4.8.4/../../../../arm-none-eabi/lib/armv7e-m/fpu\libg_s.a(lib_a-impure.o)
                0x00001594                _global_impure_ptr
 *(.glue_7)
 .glue_7        0x00000000        0x0 linker stubs
 *(.glue_7t)
 .glue_7t       0x00000000        0x0 linker stubs
 *(.eh_frame)
 .eh_frame      0x00001598        0x0 c:/freescale/kds_v3/toolchain/bin/../lib/gcc/arm-none-eabi/4.8.4/armv7e-m/fpu/crtbegin.o
 *(.init)
 .init          0x00001598        0x4 c:/freescale/kds_v3/toolchain/bin/../lib/gcc/arm-none-eabi/4.8.4/armv7e-m/fpu/crti.o
                0x00001598                _init
 .init          0x0000159c        0x8 c:/freescale/kds_v3/toolchain/bin/../lib/gcc/arm-none-eabi/4.8.4/armv7e-m/fpu/crtn.o
 *(.fini)
 .fini          0x000015a4        0x4 c:/freescale/kds_v3/toolchain/bin/../lib/gcc/arm-none-eabi/4.8.4/armv7e-m/fpu/crti.o
                0x000015a4                _fini
 .fini          0x000015a8        0x8 c:/freescale/kds_v3/toolchain/bin/../lib/gcc/arm-none-eabi/4.8.4/armv7e-m/fpu/crtn.o
                0x000015b0                . = ALIGN (0x4)

.vfp11_veneer   0x000015b0        0x0
 .vfp11_veneer  0x00000000        0x0 linker stubs

.v4_bx          0x000015b0        0x0
 .v4_bx         0x00000000        0x0 linker stubs

.iplt           0x000015b0        0x0
 .iplt          0x00000000        0x0 c:/freescale/kds_v3/toolchain/bin/../lib/gcc/arm-none-eabi/4.8.4/armv7e-m/fpu/crtbegin.o

.ARM.extab
 *(.ARM.extab* .gnu.linkonce.armextab.*)

.ARM            0x000015b0        0x8
                0x000015b0                __exidx_start = .
 *(.ARM.exidx*)
 .ARM.exidx     0x000015b0        0x8 c:/freescale/kds_v3/toolchain/bin/../lib/gcc/arm-none-eabi/4.8.4/../../../../arm-none-eabi/lib/armv7e-m/fpu/crt0.o
                0x000015b8                __exidx_end = .

.rel.dyn        0x000015b8        0x0
 .rel.iplt      0x00000000        0x0 c:/freescale/kds_v3/toolchain/bin/../lib/gcc/arm-none-eabi/4.8.4/armv7e-m/fpu/crtbegin.o

.ctors          0x000015b8        0x0
                0x000015b8                __CTOR_LIST__ = .
 *crtbegin.o(.ctors)
 *crtbegin?.o(.ctors)
 *(EXCLUDE_FILE(*crtend.o *crtend?.o) .ctors)
 *(SORT(.ctors.*))
 *(.ctors)
                0x000015b8                __CTOR_END__ = .

.dtors          0x000015b8        0x0
                0x000015b8                __DTOR_LIST__ = .
 *crtbegin.o(.dtors)
 *crtbegin?.o(.dtors)
 *(EXCLUDE_FILE(*crtend.o *crtend?.o) .dtors)
 *(SORT(.dtors.*))
 *(.dtors)
                0x000015b8                __DTOR_END__ = .

.preinit_array  0x000015b8        0x0
                0x000015b8                PROVIDE (__preinit_array_start, .)
 *(.preinit_array*)
                0x000015b8                PROVIDE (__preinit_array_end, .)

.init_array     0x000015b8        0x4
                0x000015b8                PROVIDE (__init_array_start, .)
 *(SORT(.init_array.*))
 *(.init_array*)
 .init_array    0x000015b8        0x4 c:/freescale/kds_v3/toolchain/bin/../lib/gcc/arm-none-eabi/4.8.4/armv7e-m/fpu/crtbegin.o
                0x000015bc                PROVIDE (__init_array_end, .)

.fini_array     0x000015bc        0x4
                0x000015bc                PROVIDE (__fini_array_start, .)
 *(SORT(.fini_array.*))
 *(.fini_array*)
 .fini_array    0x000015bc        0x4 c:/freescale/kds_v3/toolchain/bin/../lib/gcc/arm-none-eabi/4.8.4/armv7e-m/fpu/crtbegin.o
                0x000015c0                PROVIDE (__fini_array_end, .)
                0x000015c0                __etext = .
                0x000015c0                __DATA_ROM = .

.data           0x1fff0000       0x7c load address 0x000015c0
                0x1fff0000                . = ALIGN (0x4)
                0x1fff0000                __DATA_RAM = .
                0x1fff0000                __data_start__ = .
 *(.data)
 *(.data*)
 .data.SPIx_MCR
                0x1fff0000        0xc ./Sources/SPI.o
                0x1fff0000                SPIx_MCR
 .data.SPI_CTAR
                0x1fff000c        0xc ./Sources/SPI.o
                0x1fff000c                SPI_CTAR
 .data.impure_data
                0x1fff0018       0x60 c:/freescale/kds_v3/toolchain/bin/../lib/gcc/arm-none-eabi/4.8.4/../../../../arm-none-eabi/lib/armv7e-m/fpu\libg_s.a(lib_a-impure.o)
 *(.jcr*)
 .jcr           0x1fff0078        0x0 c:/freescale/kds_v3/toolchain/bin/../lib/gcc/arm-none-eabi/4.8.4/armv7e-m/fpu/crtbegin.o
 .jcr           0x1fff0078        0x4 c:/freescale/kds_v3/toolchain/bin/../lib/gcc/arm-none-eabi/4.8.4/armv7e-m/fpu/crtend.o
                0x1fff007c                . = ALIGN (0x4)
                0x1fff007c                __data_end__ = .
                0x0000163c                __DATA_END = (__DATA_ROM + (__data_end__ - __data_start__))

.igot.plt       0x1fff007c        0x0 load address 0x0000163c
 .igot.plt      0x00000000        0x0 c:/freescale/kds_v3/toolchain/bin/../lib/gcc/arm-none-eabi/4.8.4/armv7e-m/fpu/crtbegin.o

.bss            0x1fff007c       0x20 load address 0x0000163c
                0x1fff007c                . = ALIGN (0x4)
                0x1fff007c                __START_BSS = .
                0x1fff007c                __bss_start__ = .
 *(.bss)
 .bss           0x1fff007c       0x1c c:/freescale/kds_v3/toolchain/bin/../lib/gcc/arm-none-eabi/4.8.4/armv7e-m/fpu/crtbegin.o
 *(.bss*)
 *(COMMON)
 COMMON         0x1fff0098        0x1 ./Sources/GPIO.o
                0x1fff0098                funwithFlags
                0x1fff009c                . = ALIGN (0x4)
 *fill*         0x1fff0099        0x3 
                0x1fff009c                __bss_end__ = .
                0x1fff009c                __END_BSS = .

.heap           0x20000000      0x400
                0x20000000                . = ALIGN (0x8)
                0x20000000                __end__ = .
                0x20000000                PROVIDE (end, .)
                0x20000000                __HeapBase = .
                0x20000400                . = (. + HEAP_SIZE)
 *fill*         0x20000000      0x400 
                0x20000400                __HeapLimit = .

.stack          0x20000400      0x400
                0x20000400                . = ALIGN (0x8)
                0x20000800                . = (. + STACK_SIZE)
 *fill*         0x20000400      0x400 
                0x20030000                __StackTop = (ORIGIN (m_data_2) + 0x30000)
                0x2002fc00                __StackLimit = (__StackTop - STACK_SIZE)
                0x20030000                PROVIDE (__stack, __StackTop)

.ARM.attributes
                0x00000000       0x30
 *(.ARM.attributes)
 .ARM.attributes
                0x00000000       0x22 c:/freescale/kds_v3/toolchain/bin/../lib/gcc/arm-none-eabi/4.8.4/armv7e-m/fpu/crti.o
 .ARM.attributes
                0x00000022       0x34 c:/freescale/kds_v3/toolchain/bin/../lib/gcc/arm-none-eabi/4.8.4/armv7e-m/fpu/crtbegin.o
 .ARM.attributes
                0x00000056       0x20 c:/freescale/kds_v3/toolchain/bin/../lib/gcc/arm-none-eabi/4.8.4/../../../../arm-none-eabi/lib/armv7e-m/fpu/crt0.o
 .ARM.attributes
                0x00000076       0x39 ./Sources/GPIO.o
 .ARM.attributes
                0x000000af       0x39 ./Sources/GlobalFunctions.o
 .ARM.attributes
                0x000000e8       0x39 ./Sources/LCDNokia5110.o
 .ARM.attributes
                0x00000121       0x39 ./Sources/LCDNokia5110Images.o
 .ARM.attributes
                0x0000015a       0x39 ./Sources/SPI.o
 .ARM.attributes
                0x00000193       0x39 ./Sources/main.o
 .ARM.attributes
                0x000001cc       0x1f ./Project_Settings/Startup_Code/startup_MK64F12.o
 .ARM.attributes
                0x000001eb       0x39 ./Project_Settings/Startup_Code/system_MK64F12.o
 .ARM.attributes
                0x00000224       0x34 c:/freescale/kds_v3/toolchain/bin/../lib/gcc/arm-none-eabi/4.8.4/../../../../arm-none-eabi/lib/armv7e-m/fpu\libg_s.a(lib_a-exit.o)
 .ARM.attributes
                0x00000258       0x34 c:/freescale/kds_v3/toolchain/bin/../lib/gcc/arm-none-eabi/4.8.4/../../../../arm-none-eabi/lib/armv7e-m/fpu\libg_s.a(lib_a-impure.o)
 .ARM.attributes
                0x0000028c       0x34 c:/freescale/kds_v3/toolchain/bin/../lib/gcc/arm-none-eabi/4.8.4/../../../../arm-none-eabi/lib/armv7e-m/fpu\libg_s.a(lib_a-init.o)
 .ARM.attributes
                0x000002c0       0x34 c:/freescale/kds_v3/toolchain/bin/../lib/gcc/arm-none-eabi/4.8.4/../../../../arm-none-eabi/lib/armv7e-m/fpu\libg_s.a(lib_a-memset.o)
 .ARM.attributes
                0x000002f4       0x34 c:/freescale/kds_v3/toolchain/bin/../lib/gcc/arm-none-eabi/4.8.4/../../../../arm-none-eabi/lib/armv7e-m/fpu\libnosys.a(_exit.o)
 .ARM.attributes
                0x00000328       0x34 c:/freescale/kds_v3/toolchain/bin/../lib/gcc/arm-none-eabi/4.8.4/armv7e-m/fpu/crtend.o
 .ARM.attributes
                0x0000035c       0x22 c:/freescale/kds_v3/toolchain/bin/../lib/gcc/arm-none-eabi/4.8.4/armv7e-m/fpu/crtn.o
                0x00000001                ASSERT ((__StackLimit >= __HeapLimit), region m_data_2 overflowed with stack and heap)
OUTPUT(160915spi.elf elf32-littlearm)

.debug_info     0x00000000     0x1f79
 .debug_info    0x00000000      0x7d2 ./Sources/GPIO.o
 .debug_info    0x000007d2       0xab ./Sources/GlobalFunctions.o
 .debug_info    0x0000087d      0x38d ./Sources/LCDNokia5110.o
 .debug_info    0x00000c0a       0x85 ./Sources/LCDNokia5110Images.o
 .debug_info    0x00000c8f      0x871 ./Sources/SPI.o
 .debug_info    0x00001500      0x3f9 ./Sources/main.o
 .debug_info    0x000018f9       0x77 ./Project_Settings/Startup_Code/startup_MK64F12.o
 .debug_info    0x00001970      0x609 ./Project_Settings/Startup_Code/system_MK64F12.o

.debug_abbrev   0x00000000      0x79f
 .debug_abbrev  0x00000000      0x224 ./Sources/GPIO.o
 .debug_abbrev  0x00000224       0x79 ./Sources/GlobalFunctions.o
 .debug_abbrev  0x0000029d       0xeb ./Sources/LCDNokia5110.o
 .debug_abbrev  0x00000388       0x55 ./Sources/LCDNokia5110Images.o
 .debug_abbrev  0x000003dd      0x1a1 ./Sources/SPI.o
 .debug_abbrev  0x0000057e       0xf3 ./Sources/main.o
 .debug_abbrev  0x00000671       0x14 ./Project_Settings/Startup_Code/startup_MK64F12.o
 .debug_abbrev  0x00000685      0x11a ./Project_Settings/Startup_Code/system_MK64F12.o

.debug_aranges  0x00000000      0x230
 .debug_aranges
                0x00000000       0xb8 ./Sources/GPIO.o
 .debug_aranges
                0x000000b8       0x20 ./Sources/GlobalFunctions.o
 .debug_aranges
                0x000000d8       0x58 ./Sources/LCDNokia5110.o
 .debug_aranges
                0x00000130       0x18 ./Sources/LCDNokia5110Images.o
 .debug_aranges
                0x00000148       0x80 ./Sources/SPI.o
 .debug_aranges
                0x000001c8       0x20 ./Sources/main.o
 .debug_aranges
                0x000001e8       0x20 ./Project_Settings/Startup_Code/startup_MK64F12.o
 .debug_aranges
                0x00000208       0x28 ./Project_Settings/Startup_Code/system_MK64F12.o

.debug_ranges   0x00000000      0x198
 .debug_ranges  0x00000000       0xa8 ./Sources/GPIO.o
 .debug_ranges  0x000000a8       0x10 ./Sources/GlobalFunctions.o
 .debug_ranges  0x000000b8       0x48 ./Sources/LCDNokia5110.o
 .debug_ranges  0x00000100       0x70 ./Sources/SPI.o
 .debug_ranges  0x00000170       0x10 ./Sources/main.o
 .debug_ranges  0x00000180       0x18 ./Project_Settings/Startup_Code/system_MK64F12.o

.debug_macro    0x00000000    0x195c1
 .debug_macro   0x00000000       0xa6 ./Sources/GPIO.o
 .debug_macro   0x000000a6      0x850 ./Sources/GPIO.o
 .debug_macro   0x000008f6       0x16 ./Sources/GPIO.o
 .debug_macro   0x0000090c       0x16 ./Sources/GPIO.o
 .debug_macro   0x00000922       0x44 ./Sources/GPIO.o
 .debug_macro   0x00000966      0x209 ./Sources/GPIO.o
 .debug_macro   0x00000b6f       0x56 ./Sources/GPIO.o
 .debug_macro   0x00000bc5       0x3b ./Sources/GPIO.o
 .debug_macro   0x00000c00       0x34 ./Sources/GPIO.o
 .debug_macro   0x00000c34       0x26 ./Sources/GPIO.o
 .debug_macro   0x00000c5a      0xd1d ./Sources/GPIO.o
 .debug_macro   0x00001977       0x78 ./Sources/GPIO.o
 .debug_macro   0x000019ef    0x175e0 ./Sources/GPIO.o
 .debug_macro   0x00018fcf       0xa0 ./Sources/GPIO.o
 .debug_macro   0x0001906f       0x34 ./Sources/GlobalFunctions.o
 .debug_macro   0x000190a3       0xbe ./Sources/LCDNokia5110.o
 .debug_macro   0x00019161       0xe8 ./Sources/LCDNokia5110.o
 .debug_macro   0x00019249       0x3a ./Sources/LCDNokia5110.o
 .debug_macro   0x00019283       0x25 ./Sources/LCDNokia5110Images.o
 .debug_macro   0x000192a8       0xaf ./Sources/SPI.o
 .debug_macro   0x00019357       0xa6 ./Sources/SPI.o
 .debug_macro   0x000193fd       0xd4 ./Sources/main.o
 .debug_macro   0x000194d1       0x88 ./Project_Settings/Startup_Code/system_MK64F12.o
 .debug_macro   0x00019559       0x68 ./Project_Settings/Startup_Code/system_MK64F12.o

.debug_line     0x00000000     0x1058
 .debug_line    0x00000000      0x3c2 ./Sources/GPIO.o
 .debug_line    0x000003c2       0x9b ./Sources/GlobalFunctions.o
 .debug_line    0x0000045d      0x2fb ./Sources/LCDNokia5110.o
 .debug_line    0x00000758       0x71 ./Sources/LCDNokia5110Images.o
 .debug_line    0x000007c9      0x2fd ./Sources/SPI.o
 .debug_line    0x00000ac6      0x2bb ./Sources/main.o
 .debug_line    0x00000d81       0x78 ./Project_Settings/Startup_Code/startup_MK64F12.o
 .debug_line    0x00000df9      0x25f ./Project_Settings/Startup_Code/system_MK64F12.o

.debug_str      0x00000000    0x90302
 .debug_str     0x00000000    0x8f840 ./Sources/GPIO.o
                              0x8f9d1 (size before relaxing)
 .debug_str     0x0008f840       0x49 ./Sources/GlobalFunctions.o
                               0x274e (size before relaxing)
 .debug_str     0x0008f889      0x5bb ./Sources/LCDNokia5110.o
                              0x8fc80 (size before relaxing)
 .debug_str     0x0008fe44       0x3d ./Sources/LCDNokia5110Images.o
                               0x24ad (size before relaxing)
 .debug_str     0x0008fe81      0x307 ./Sources/SPI.o
                              0x8fe6b (size before relaxing)
 .debug_str     0x00090188       0x27 ./Sources/main.o
                              0x8fda3 (size before relaxing)
 .debug_str     0x000901af      0x153 ./Project_Settings/Startup_Code/system_MK64F12.o
                              0x8f5bb (size before relaxing)

.comment        0x00000000       0x70
 .comment       0x00000000       0x70 ./Sources/GPIO.o
                                 0x71 (size before relaxing)
 .comment       0x00000000       0x71 ./Sources/GlobalFunctions.o
 .comment       0x00000000       0x71 ./Sources/LCDNokia5110.o
 .comment       0x00000000       0x71 ./Sources/LCDNokia5110Images.o
 .comment       0x00000000       0x71 ./Sources/SPI.o
 .comment       0x00000000       0x71 ./Sources/main.o
 .comment       0x00000000       0x71 ./Project_Settings/Startup_Code/system_MK64F12.o

.debug_frame    0x00000000      0x5e8
 .debug_frame   0x00000000      0x228 ./Sources/GPIO.o
 .debug_frame   0x00000228       0x2c ./Sources/GlobalFunctions.o
 .debug_frame   0x00000254      0x10c ./Sources/LCDNokia5110.o
 .debug_frame   0x00000360      0x180 ./Sources/SPI.o
 .debug_frame   0x000004e0       0x30 ./Sources/main.o
 .debug_frame   0x00000510       0x44 ./Project_Settings/Startup_Code/system_MK64F12.o
 .debug_frame   0x00000554       0x28 c:/freescale/kds_v3/toolchain/bin/../lib/gcc/arm-none-eabi/4.8.4/../../../../arm-none-eabi/lib/armv7e-m/fpu\libg_s.a(lib_a-exit.o)
 .debug_frame   0x0000057c       0x2c c:/freescale/kds_v3/toolchain/bin/../lib/gcc/arm-none-eabi/4.8.4/../../../../arm-none-eabi/lib/armv7e-m/fpu\libg_s.a(lib_a-init.o)
 .debug_frame   0x000005a8       0x20 c:/freescale/kds_v3/toolchain/bin/../lib/gcc/arm-none-eabi/4.8.4/../../../../arm-none-eabi/lib/armv7e-m/fpu\libg_s.a(lib_a-memset.o)
 .debug_frame   0x000005c8       0x20 c:/freescale/kds_v3/toolchain/bin/../lib/gcc/arm-none-eabi/4.8.4/../../../../arm-none-eabi/lib/armv7e-m/fpu\libnosys.a(_exit.o)
