Archive member included because of file (symbol)

c:/freescale/kds_v3/toolchain/bin/../lib/gcc/arm-none-eabi/4.8.4/../../../../arm-none-eabi/lib/armv7e-m/fpu\libg_s.a(lib_a-exit.o)
                              c:/freescale/kds_v3/toolchain/bin/../lib/gcc/arm-none-eabi/4.8.4/../../../../arm-none-eabi/lib/armv7e-m/fpu/crt0.o (exit)
c:/freescale/kds_v3/toolchain/bin/../lib/gcc/arm-none-eabi/4.8.4/../../../../arm-none-eabi/lib/armv7e-m/fpu\libg_s.a(lib_a-impure.o)
                              c:/freescale/kds_v3/toolchain/bin/../lib/gcc/arm-none-eabi/4.8.4/../../../../arm-none-eabi/lib/armv7e-m/fpu\libg_s.a(lib_a-exit.o) (_global_impure_ptr)
c:/freescale/kds_v3/toolchain/bin/../lib/gcc/arm-none-eabi/4.8.4/../../../../arm-none-eabi/lib/armv7e-m/fpu\libg_s.a(lib_a-init.o)
                              c:/freescale/kds_v3/toolchain/bin/../lib/gcc/arm-none-eabi/4.8.4/../../../../arm-none-eabi/lib/armv7e-m/fpu/crt0.o (__libc_init_array)
c:/freescale/kds_v3/toolchain/bin/../lib/gcc/arm-none-eabi/4.8.4/../../../../arm-none-eabi/lib/armv7e-m/fpu\libg_s.a(lib_a-memset.o)
                              c:/freescale/kds_v3/toolchain/bin/../lib/gcc/arm-none-eabi/4.8.4/../../../../arm-none-eabi/lib/armv7e-m/fpu/crt0.o (memset)
c:/freescale/kds_v3/toolchain/bin/../lib/gcc/arm-none-eabi/4.8.4/../../../../arm-none-eabi/lib/armv7e-m/fpu\libnosys.a(_exit.o)
                              c:/freescale/kds_v3/toolchain/bin/../lib/gcc/arm-none-eabi/4.8.4/../../../../arm-none-eabi/lib/armv7e-m/fpu\libg_s.a(lib_a-exit.o) (_exit)

Discarded input sections

 .text          0x00000000        0x0 c:/freescale/kds_v3/toolchain/bin/../lib/gcc/arm-none-eabi/4.8.4/armv7e-m/fpu/crti.o
 .data          0x00000000        0x0 c:/freescale/kds_v3/toolchain/bin/../lib/gcc/arm-none-eabi/4.8.4/armv7e-m/fpu/crti.o
 .bss           0x00000000        0x0 c:/freescale/kds_v3/toolchain/bin/../lib/gcc/arm-none-eabi/4.8.4/armv7e-m/fpu/crti.o
 .data          0x00000000        0x4 c:/freescale/kds_v3/toolchain/bin/../lib/gcc/arm-none-eabi/4.8.4/armv7e-m/fpu/crtbegin.o
 .data          0x00000000        0x0 c:/freescale/kds_v3/toolchain/bin/../lib/gcc/arm-none-eabi/4.8.4/../../../../arm-none-eabi/lib/armv7e-m/fpu/crt0.o
 .bss           0x00000000        0x0 c:/freescale/kds_v3/toolchain/bin/../lib/gcc/arm-none-eabi/4.8.4/../../../../arm-none-eabi/lib/armv7e-m/fpu/crt0.o
 .ARM.extab     0x00000000        0x0 c:/freescale/kds_v3/toolchain/bin/../lib/gcc/arm-none-eabi/4.8.4/../../../../arm-none-eabi/lib/armv7e-m/fpu/crt0.o
 .group         0x00000000        0x8 ./Sources/FlexTimer.o
 .group         0x00000000        0x8 ./Sources/FlexTimer.o
 .group         0x00000000        0x8 ./Sources/FlexTimer.o
 .group         0x00000000        0x8 ./Sources/FlexTimer.o
 .group         0x00000000        0x8 ./Sources/FlexTimer.o
 .group         0x00000000        0x8 ./Sources/FlexTimer.o
 .group         0x00000000        0x8 ./Sources/FlexTimer.o
 .group         0x00000000        0x8 ./Sources/FlexTimer.o
 .group         0x00000000        0x8 ./Sources/FlexTimer.o
 .group         0x00000000        0x8 ./Sources/FlexTimer.o
 .group         0x00000000        0x8 ./Sources/FlexTimer.o
 .group         0x00000000        0x8 ./Sources/FlexTimer.o
 .group         0x00000000        0x8 ./Sources/FlexTimer.o
 .text          0x00000000        0x0 ./Sources/FlexTimer.o
 .data          0x00000000        0x0 ./Sources/FlexTimer.o
 .bss           0x00000000        0x0 ./Sources/FlexTimer.o
 .group         0x00000000        0x8 ./Sources/GPIO.o
 .group         0x00000000        0x8 ./Sources/GPIO.o
 .group         0x00000000        0x8 ./Sources/GPIO.o
 .group         0x00000000        0x8 ./Sources/GPIO.o
 .group         0x00000000        0x8 ./Sources/GPIO.o
 .group         0x00000000        0x8 ./Sources/GPIO.o
 .group         0x00000000        0x8 ./Sources/GPIO.o
 .group         0x00000000        0x8 ./Sources/GPIO.o
 .group         0x00000000        0x8 ./Sources/GPIO.o
 .group         0x00000000        0x8 ./Sources/GPIO.o
 .group         0x00000000        0x8 ./Sources/GPIO.o
 .group         0x00000000        0x8 ./Sources/GPIO.o
 .group         0x00000000        0x8 ./Sources/GPIO.o
 .text          0x00000000        0x0 ./Sources/GPIO.o
 .data          0x00000000        0x0 ./Sources/GPIO.o
 .bss           0x00000000        0x0 ./Sources/GPIO.o
 .text.GPIO_clockGating
                0x00000000       0xc4 ./Sources/GPIO.o
 .text.GPIO_pinControlRegister
                0x00000000       0x9c ./Sources/GPIO.o
 .debug_info    0x00000000      0x431 ./Sources/GPIO.o
 .debug_abbrev  0x00000000      0x121 ./Sources/GPIO.o
 .debug_aranges
                0x00000000       0x28 ./Sources/GPIO.o
 .debug_ranges  0x00000000       0x18 ./Sources/GPIO.o
 .debug_macro   0x00000000       0xa6 ./Sources/GPIO.o
 .debug_macro   0x00000000      0x850 ./Sources/GPIO.o
 .debug_macro   0x00000000       0x16 ./Sources/GPIO.o
 .debug_macro   0x00000000       0x16 ./Sources/GPIO.o
 .debug_macro   0x00000000       0x44 ./Sources/GPIO.o
 .debug_macro   0x00000000      0x209 ./Sources/GPIO.o
 .debug_macro   0x00000000       0x56 ./Sources/GPIO.o
 .debug_macro   0x00000000       0x3b ./Sources/GPIO.o
 .debug_macro   0x00000000       0x2d ./Sources/GPIO.o
 .debug_macro   0x00000000       0x26 ./Sources/GPIO.o
 .debug_macro   0x00000000      0xc13 ./Sources/GPIO.o
 .debug_macro   0x00000000       0x78 ./Sources/GPIO.o
 .debug_macro   0x00000000    0x175e0 ./Sources/GPIO.o
 .debug_macro   0x00000000       0xa0 ./Sources/GPIO.o
 .debug_line    0x00000000      0x223 ./Sources/GPIO.o
 .debug_str     0x00000000    0x8f904 ./Sources/GPIO.o
 .comment       0x00000000       0x71 ./Sources/GPIO.o
 .ARM.attributes
                0x00000000       0x39 ./Sources/GPIO.o
 .debug_frame   0x00000000       0x48 ./Sources/GPIO.o
 .group         0x00000000        0x8 ./Sources/GlobalFunctions.o
 .text          0x00000000        0x0 ./Sources/GlobalFunctions.o
 .data          0x00000000        0x0 ./Sources/GlobalFunctions.o
 .bss           0x00000000        0x0 ./Sources/GlobalFunctions.o
 .debug_macro   0x00000000      0x850 ./Sources/GlobalFunctions.o
 .group         0x00000000        0x8 ./Sources/NVIC.o
 .group         0x00000000        0x8 ./Sources/NVIC.o
 .group         0x00000000        0x8 ./Sources/NVIC.o
 .group         0x00000000        0x8 ./Sources/NVIC.o
 .group         0x00000000        0x8 ./Sources/NVIC.o
 .group         0x00000000        0x8 ./Sources/NVIC.o
 .group         0x00000000        0x8 ./Sources/NVIC.o
 .group         0x00000000        0x8 ./Sources/NVIC.o
 .group         0x00000000        0x8 ./Sources/NVIC.o
 .group         0x00000000        0x8 ./Sources/NVIC.o
 .group         0x00000000        0x8 ./Sources/NVIC.o
 .group         0x00000000        0x8 ./Sources/NVIC.o
 .group         0x00000000        0x8 ./Sources/NVIC.o
 .text          0x00000000        0x0 ./Sources/NVIC.o
 .data          0x00000000        0x0 ./Sources/NVIC.o
 .bss           0x00000000        0x0 ./Sources/NVIC.o
 .text.NVIC_EnableIRQ
                0x00000000       0x30 ./Sources/NVIC.o
 .text.NVIC_SetPriority
                0x00000000       0x54 ./Sources/NVIC.o
 .text.NVIC_enableInterruptAndPriotity
                0x00000000       0x2c ./Sources/NVIC.o
 .text.NVIC_setBASEPRI_threshold
                0x00000000       0x20 ./Sources/NVIC.o
 .debug_info    0x00000000      0x98a ./Sources/NVIC.o
 .debug_abbrev  0x00000000      0x19c ./Sources/NVIC.o
 .debug_aranges
                0x00000000       0x38 ./Sources/NVIC.o
 .debug_ranges  0x00000000       0x28 ./Sources/NVIC.o
 .debug_macro   0x00000000       0xa6 ./Sources/NVIC.o
 .debug_macro   0x00000000      0x850 ./Sources/NVIC.o
 .debug_macro   0x00000000       0x16 ./Sources/NVIC.o
 .debug_macro   0x00000000       0x16 ./Sources/NVIC.o
 .debug_macro   0x00000000       0x44 ./Sources/NVIC.o
 .debug_macro   0x00000000      0x209 ./Sources/NVIC.o
 .debug_macro   0x00000000       0x56 ./Sources/NVIC.o
 .debug_macro   0x00000000       0x3b ./Sources/NVIC.o
 .debug_macro   0x00000000       0x2d ./Sources/NVIC.o
 .debug_macro   0x00000000       0x26 ./Sources/NVIC.o
 .debug_macro   0x00000000      0xc13 ./Sources/NVIC.o
 .debug_macro   0x00000000       0x78 ./Sources/NVIC.o
 .debug_macro   0x00000000    0x175e0 ./Sources/NVIC.o
 .debug_macro   0x00000000       0x10 ./Sources/NVIC.o
 .debug_line    0x00000000      0x242 ./Sources/NVIC.o
 .debug_str     0x00000000    0x8fffd ./Sources/NVIC.o
 .comment       0x00000000       0x71 ./Sources/NVIC.o
 .ARM.attributes
                0x00000000       0x39 ./Sources/NVIC.o
 .debug_frame   0x00000000       0x84 ./Sources/NVIC.o
 .group         0x00000000        0x8 ./Sources/main.o
 .group         0x00000000        0x8 ./Sources/main.o
 .group         0x00000000        0x8 ./Sources/main.o
 .group         0x00000000        0x8 ./Sources/main.o
 .group         0x00000000        0x8 ./Sources/main.o
 .group         0x00000000        0x8 ./Sources/main.o
 .group         0x00000000        0x8 ./Sources/main.o
 .group         0x00000000        0x8 ./Sources/main.o
 .group         0x00000000        0x8 ./Sources/main.o
 .group         0x00000000        0x8 ./Sources/main.o
 .group         0x00000000        0x8 ./Sources/main.o
 .group         0x00000000        0x8 ./Sources/main.o
 .group         0x00000000        0x8 ./Sources/main.o
 .group         0x00000000        0x8 ./Sources/main.o
 .group         0x00000000        0x8 ./Sources/main.o
 .text          0x00000000        0x0 ./Sources/main.o
 .data          0x00000000        0x0 ./Sources/main.o
 .bss           0x00000000        0x0 ./Sources/main.o
 .debug_macro   0x00000000      0x850 ./Sources/main.o
 .debug_macro   0x00000000       0x16 ./Sources/main.o
 .debug_macro   0x00000000       0x16 ./Sources/main.o
 .debug_macro   0x00000000       0x44 ./Sources/main.o
 .debug_macro   0x00000000      0x209 ./Sources/main.o
 .debug_macro   0x00000000       0x56 ./Sources/main.o
 .debug_macro   0x00000000       0x3b ./Sources/main.o
 .debug_macro   0x00000000       0x2d ./Sources/main.o
 .debug_macro   0x00000000       0x26 ./Sources/main.o
 .debug_macro   0x00000000      0xc13 ./Sources/main.o
 .debug_macro   0x00000000       0x78 ./Sources/main.o
 .debug_macro   0x00000000    0x175e0 ./Sources/main.o
 .debug_macro   0x00000000       0xa0 ./Sources/main.o
 .debug_macro   0x00000000      0x100 ./Sources/main.o
 .debug_macro   0x00000000       0x10 ./Sources/main.o
 .data          0x00000000        0x0 ./Project_Settings/Startup_Code/startup_MK64F12.o
 .bss           0x00000000        0x0 ./Project_Settings/Startup_Code/startup_MK64F12.o
 .group         0x00000000        0x8 ./Project_Settings/Startup_Code/system_MK64F12.o
 .group         0x00000000        0x8 ./Project_Settings/Startup_Code/system_MK64F12.o
 .group         0x00000000        0x8 ./Project_Settings/Startup_Code/system_MK64F12.o
 .group         0x00000000        0x8 ./Project_Settings/Startup_Code/system_MK64F12.o
 .group         0x00000000        0x8 ./Project_Settings/Startup_Code/system_MK64F12.o
 .group         0x00000000        0x8 ./Project_Settings/Startup_Code/system_MK64F12.o
 .group         0x00000000        0x8 ./Project_Settings/Startup_Code/system_MK64F12.o
 .group         0x00000000        0x8 ./Project_Settings/Startup_Code/system_MK64F12.o
 .group         0x00000000        0x8 ./Project_Settings/Startup_Code/system_MK64F12.o
 .group         0x00000000        0x8 ./Project_Settings/Startup_Code/system_MK64F12.o
 .group         0x00000000        0x8 ./Project_Settings/Startup_Code/system_MK64F12.o
 .text          0x00000000        0x0 ./Project_Settings/Startup_Code/system_MK64F12.o
 .data          0x00000000        0x0 ./Project_Settings/Startup_Code/system_MK64F12.o
 .bss           0x00000000        0x0 ./Project_Settings/Startup_Code/system_MK64F12.o
 .data.SystemCoreClock
                0x00000000        0x4 ./Project_Settings/Startup_Code/system_MK64F12.o
 .text.SystemCoreClockUpdate
                0x00000000      0x270 ./Project_Settings/Startup_Code/system_MK64F12.o
 .debug_macro   0x00000000      0x850 ./Project_Settings/Startup_Code/system_MK64F12.o
 .debug_macro   0x00000000       0x16 ./Project_Settings/Startup_Code/system_MK64F12.o
 .debug_macro   0x00000000       0x44 ./Project_Settings/Startup_Code/system_MK64F12.o
 .debug_macro   0x00000000      0x209 ./Project_Settings/Startup_Code/system_MK64F12.o
 .debug_macro   0x00000000       0x3b ./Project_Settings/Startup_Code/system_MK64F12.o
 .debug_macro   0x00000000       0x2d ./Project_Settings/Startup_Code/system_MK64F12.o
 .debug_macro   0x00000000       0x26 ./Project_Settings/Startup_Code/system_MK64F12.o
 .debug_macro   0x00000000      0xc13 ./Project_Settings/Startup_Code/system_MK64F12.o
 .debug_macro   0x00000000       0x78 ./Project_Settings/Startup_Code/system_MK64F12.o
 .debug_macro   0x00000000    0x175e0 ./Project_Settings/Startup_Code/system_MK64F12.o
 .text          0x00000000        0x0 c:/freescale/kds_v3/toolchain/bin/../lib/gcc/arm-none-eabi/4.8.4/../../../../arm-none-eabi/lib/armv7e-m/fpu\libg_s.a(lib_a-exit.o)
 .data          0x00000000        0x0 c:/freescale/kds_v3/toolchain/bin/../lib/gcc/arm-none-eabi/4.8.4/../../../../arm-none-eabi/lib/armv7e-m/fpu\libg_s.a(lib_a-exit.o)
 .bss           0x00000000        0x0 c:/freescale/kds_v3/toolchain/bin/../lib/gcc/arm-none-eabi/4.8.4/../../../../arm-none-eabi/lib/armv7e-m/fpu\libg_s.a(lib_a-exit.o)
 .text          0x00000000        0x0 c:/freescale/kds_v3/toolchain/bin/../lib/gcc/arm-none-eabi/4.8.4/../../../../arm-none-eabi/lib/armv7e-m/fpu\libg_s.a(lib_a-impure.o)
 .data          0x00000000        0x0 c:/freescale/kds_v3/toolchain/bin/../lib/gcc/arm-none-eabi/4.8.4/../../../../arm-none-eabi/lib/armv7e-m/fpu\libg_s.a(lib_a-impure.o)
 .bss           0x00000000        0x0 c:/freescale/kds_v3/toolchain/bin/../lib/gcc/arm-none-eabi/4.8.4/../../../../arm-none-eabi/lib/armv7e-m/fpu\libg_s.a(lib_a-impure.o)
 .data._impure_ptr
                0x00000000        0x4 c:/freescale/kds_v3/toolchain/bin/../lib/gcc/arm-none-eabi/4.8.4/../../../../arm-none-eabi/lib/armv7e-m/fpu\libg_s.a(lib_a-impure.o)
 .text          0x00000000        0x0 c:/freescale/kds_v3/toolchain/bin/../lib/gcc/arm-none-eabi/4.8.4/../../../../arm-none-eabi/lib/armv7e-m/fpu\libg_s.a(lib_a-init.o)
 .data          0x00000000        0x0 c:/freescale/kds_v3/toolchain/bin/../lib/gcc/arm-none-eabi/4.8.4/../../../../arm-none-eabi/lib/armv7e-m/fpu\libg_s.a(lib_a-init.o)
 .bss           0x00000000        0x0 c:/freescale/kds_v3/toolchain/bin/../lib/gcc/arm-none-eabi/4.8.4/../../../../arm-none-eabi/lib/armv7e-m/fpu\libg_s.a(lib_a-init.o)
 .text          0x00000000        0x0 c:/freescale/kds_v3/toolchain/bin/../lib/gcc/arm-none-eabi/4.8.4/../../../../arm-none-eabi/lib/armv7e-m/fpu\libg_s.a(lib_a-memset.o)
 .data          0x00000000        0x0 c:/freescale/kds_v3/toolchain/bin/../lib/gcc/arm-none-eabi/4.8.4/../../../../arm-none-eabi/lib/armv7e-m/fpu\libg_s.a(lib_a-memset.o)
 .bss           0x00000000        0x0 c:/freescale/kds_v3/toolchain/bin/../lib/gcc/arm-none-eabi/4.8.4/../../../../arm-none-eabi/lib/armv7e-m/fpu\libg_s.a(lib_a-memset.o)
 .text          0x00000000        0x0 c:/freescale/kds_v3/toolchain/bin/../lib/gcc/arm-none-eabi/4.8.4/../../../../arm-none-eabi/lib/armv7e-m/fpu\libnosys.a(_exit.o)
 .data          0x00000000        0x0 c:/freescale/kds_v3/toolchain/bin/../lib/gcc/arm-none-eabi/4.8.4/../../../../arm-none-eabi/lib/armv7e-m/fpu\libnosys.a(_exit.o)
 .bss           0x00000000        0x0 c:/freescale/kds_v3/toolchain/bin/../lib/gcc/arm-none-eabi/4.8.4/../../../../arm-none-eabi/lib/armv7e-m/fpu\libnosys.a(_exit.o)
 .text          0x00000000        0x0 c:/freescale/kds_v3/toolchain/bin/../lib/gcc/arm-none-eabi/4.8.4/armv7e-m/fpu/crtend.o
 .data          0x00000000        0x0 c:/freescale/kds_v3/toolchain/bin/../lib/gcc/arm-none-eabi/4.8.4/armv7e-m/fpu/crtend.o
 .bss           0x00000000        0x0 c:/freescale/kds_v3/toolchain/bin/../lib/gcc/arm-none-eabi/4.8.4/armv7e-m/fpu/crtend.o
 .eh_frame      0x00000000        0x4 c:/freescale/kds_v3/toolchain/bin/../lib/gcc/arm-none-eabi/4.8.4/armv7e-m/fpu/crtend.o
 .text          0x00000000        0x0 c:/freescale/kds_v3/toolchain/bin/../lib/gcc/arm-none-eabi/4.8.4/armv7e-m/fpu/crtn.o
 .data          0x00000000        0x0 c:/freescale/kds_v3/toolchain/bin/../lib/gcc/arm-none-eabi/4.8.4/armv7e-m/fpu/crtn.o
 .bss           0x00000000        0x0 c:/freescale/kds_v3/toolchain/bin/../lib/gcc/arm-none-eabi/4.8.4/armv7e-m/fpu/crtn.o

Memory Configuration

Name             Origin             Length             Attributes
m_interrupts     0x00000000         0x00000400         xr
m_flash_config   0x00000400         0x00000010         xr
m_text           0x00000410         0x000ffbf0         xr
m_data           0x1fff0000         0x00010000         rw
m_data_2         0x20000000         0x00030000         rw
*default*        0x00000000         0xffffffff

Linker script and memory map

LOAD c:/freescale/kds_v3/toolchain/bin/../lib/gcc/arm-none-eabi/4.8.4/armv7e-m/fpu/crti.o
LOAD c:/freescale/kds_v3/toolchain/bin/../lib/gcc/arm-none-eabi/4.8.4/armv7e-m/fpu/crtbegin.o
LOAD c:/freescale/kds_v3/toolchain/bin/../lib/gcc/arm-none-eabi/4.8.4/../../../../arm-none-eabi/lib/armv7e-m/fpu/crt0.o
LOAD ./Sources/FlexTimer.o
LOAD ./Sources/GPIO.o
LOAD ./Sources/GlobalFunctions.o
LOAD ./Sources/NVIC.o
LOAD ./Sources/main.o
LOAD ./Project_Settings/Startup_Code/startup_MK64F12.o
LOAD ./Project_Settings/Startup_Code/system_MK64F12.o
LOAD c:/freescale/kds_v3/toolchain/bin/../lib/gcc/arm-none-eabi/4.8.4/../../../../arm-none-eabi/lib/armv7e-m/fpu\libstdc++_s.a
LOAD c:/freescale/kds_v3/toolchain/bin/../lib/gcc/arm-none-eabi/4.8.4/../../../../arm-none-eabi/lib/armv7e-m/fpu\libm.a
START GROUP
LOAD c:/freescale/kds_v3/toolchain/bin/../lib/gcc/arm-none-eabi/4.8.4/armv7e-m/fpu\libgcc.a
LOAD c:/freescale/kds_v3/toolchain/bin/../lib/gcc/arm-none-eabi/4.8.4/../../../../arm-none-eabi/lib/armv7e-m/fpu\libg_s.a
LOAD c:/freescale/kds_v3/toolchain/bin/../lib/gcc/arm-none-eabi/4.8.4/../../../../arm-none-eabi/lib/armv7e-m/fpu\libc_s.a
END GROUP
START GROUP
LOAD c:/freescale/kds_v3/toolchain/bin/../lib/gcc/arm-none-eabi/4.8.4/armv7e-m/fpu\libgcc.a
LOAD c:/freescale/kds_v3/toolchain/bin/../lib/gcc/arm-none-eabi/4.8.4/../../../../arm-none-eabi/lib/armv7e-m/fpu\libc_s.a
LOAD c:/freescale/kds_v3/toolchain/bin/../lib/gcc/arm-none-eabi/4.8.4/../../../../arm-none-eabi/lib/armv7e-m/fpu\libnosys.a
END GROUP
START GROUP
LOAD c:/freescale/kds_v3/toolchain/bin/../lib/gcc/arm-none-eabi/4.8.4/armv7e-m/fpu\libgcc.a
LOAD c:/freescale/kds_v3/toolchain/bin/../lib/gcc/arm-none-eabi/4.8.4/../../../../arm-none-eabi/lib/armv7e-m/fpu\libc_s.a
LOAD c:/freescale/kds_v3/toolchain/bin/../lib/gcc/arm-none-eabi/4.8.4/../../../../arm-none-eabi/lib/armv7e-m/fpu\libnosys.a
END GROUP
LOAD c:/freescale/kds_v3/toolchain/bin/../lib/gcc/arm-none-eabi/4.8.4/armv7e-m/fpu/crtend.o
LOAD c:/freescale/kds_v3/toolchain/bin/../lib/gcc/arm-none-eabi/4.8.4/armv7e-m/fpu/crtn.o
                0x00000400                HEAP_SIZE = DEFINED (__heap_size__)?__heap_size__:0x400
                0x00000400                STACK_SIZE = DEFINED (__stack_size__)?__stack_size__:0x400

.interrupts     0x00000000      0x400
                0x00000000                __VECTOR_TABLE = .
                0x00000000                . = ALIGN (0x4)
 *(.isr_vector)
 .isr_vector    0x00000000      0x400 ./Project_Settings/Startup_Code/startup_MK64F12.o
                0x00000000                __isr_vector
                0x00000400                . = ALIGN (0x4)

.flash_config   0x00000400       0x10
                0x00000400                . = ALIGN (0x4)
 *(.FlashConfig)
 .FlashConfig   0x00000400       0x10 ./Project_Settings/Startup_Code/startup_MK64F12.o
                0x00000410                . = ALIGN (0x4)

.text           0x00000410      0x37c
                0x00000410                . = ALIGN (0x4)
 *(.text)
 .text          0x00000410       0x54 c:/freescale/kds_v3/toolchain/bin/../lib/gcc/arm-none-eabi/4.8.4/armv7e-m/fpu/crtbegin.o
 .text          0x00000464       0x74 c:/freescale/kds_v3/toolchain/bin/../lib/gcc/arm-none-eabi/4.8.4/../../../../arm-none-eabi/lib/armv7e-m/fpu/crt0.o
                0x00000464                _start
                0x00000464                _mainCRTStartup
 .text          0x000004d8       0x30 ./Project_Settings/Startup_Code/startup_MK64F12.o
                0x000004d8                Reset_Handler
                0x00000504                DebugMon_Handler
                0x00000504                I2C0_IRQHandler
                0x00000504                HardFault_Handler
                0x00000504                SysTick_Handler
                0x00000504                UART3_RX_TX_IRQHandler
                0x00000504                PendSV_Handler
                0x00000504                NMI_Handler
                0x00000504                UART0_RX_TX_IRQHandler
                0x00000504                I2C1_IRQHandler
                0x00000504                DMA2_IRQHandler
                0x00000504                ENET_Error_IRQHandler
                0x00000504                CAN0_Tx_Warning_IRQHandler
                0x00000504                PIT0_IRQHandler
                0x00000504                CAN0_ORed_Message_buffer_IRQHandler
                0x00000504                CMP2_IRQHandler
                0x00000504                LLWU_IRQHandler
                0x00000504                ENET_Receive_IRQHandler
                0x00000504                ENET_1588_Timer_IRQHandler
                0x00000504                UART2_RX_TX_IRQHandler
                0x00000504                SWI_IRQHandler
                0x00000504                ADC0_IRQHandler
                0x00000504                UsageFault_Handler
                0x00000504                I2S0_Tx_IRQHandler
                0x00000504                CMT_IRQHandler
                0x00000504                UART4_RX_TX_IRQHandler
                0x00000504                SPI1_IRQHandler
                0x00000504                DefaultISR
                0x00000504                DMA9_IRQHandler
                0x00000504                DMA14_IRQHandler
                0x00000504                CMP1_IRQHandler
                0x00000504                Reserved71_IRQHandler
                0x00000504                PORTD_IRQHandler
                0x00000504                PORTB_IRQHandler
                0x00000504                UART4_ERR_IRQHandler
                0x00000504                ADC1_IRQHandler
                0x00000504                I2C2_IRQHandler
                0x00000504                PIT2_IRQHandler
                0x00000504                I2S0_Rx_IRQHandler
                0x00000504                DMA5_IRQHandler
                0x00000504                RTC_IRQHandler
                0x00000504                PDB0_IRQHandler
                0x00000504                CAN0_Rx_Warning_IRQHandler
                0x00000504                FTM1_IRQHandler
                0x00000504                UART5_RX_TX_IRQHandler
                0x00000504                UART3_ERR_IRQHandler
                0x00000504                PIT3_IRQHandler
                0x00000504                SDHC_IRQHandler
                0x00000504                RTC_Seconds_IRQHandler
                0x00000504                MCG_IRQHandler
                0x00000504                FTFE_IRQHandler
                0x00000504                UART2_ERR_IRQHandler
                0x00000504                DMA11_IRQHandler
                0x00000504                UART5_ERR_IRQHandler
                0x00000504                Read_Collision_IRQHandler
                0x00000504                DMA7_IRQHandler
                0x00000504                ENET_Transmit_IRQHandler
                0x00000504                USBDCD_IRQHandler
                0x00000504                USB0_IRQHandler
                0x00000504                SPI2_IRQHandler
                0x00000504                WDOG_EWM_IRQHandler
                0x00000504                MemManage_Handler
                0x00000504                SVC_Handler
                0x00000504                DMA13_IRQHandler
                0x00000504                DMA3_IRQHandler
                0x00000504                UART0_LON_IRQHandler
                0x00000504                RNG_IRQHandler
                0x00000504                DMA0_IRQHandler
                0x00000504                DMA15_IRQHandler
                0x00000504                DAC0_IRQHandler
                0x00000504                CAN0_Error_IRQHandler
                0x00000504                DMA4_IRQHandler
                0x00000504                PIT1_IRQHandler
                0x00000504                UART0_ERR_IRQHandler
                0x00000504                DMA_Error_IRQHandler
                0x00000504                LVD_LVW_IRQHandler
                0x00000504                SPI0_IRQHandler
                0x00000504                FTM0_IRQHandler
                0x00000504                PORTA_IRQHandler
                0x00000504                DAC1_IRQHandler
                0x00000504                MCM_IRQHandler
                0x00000504                DMA12_IRQHandler
                0x00000504                CAN0_Bus_Off_IRQHandler
                0x00000504                FTM3_IRQHandler
                0x00000504                PORTE_IRQHandler
                0x00000504                FTM2_IRQHandler
                0x00000504                LPTMR0_IRQHandler
                0x00000504                BusFault_Handler
                0x00000504                DMA8_IRQHandler
                0x00000504                DMA10_IRQHandler
                0x00000504                CAN0_Wake_Up_IRQHandler
                0x00000504                UART1_ERR_IRQHandler
                0x00000504                UART1_RX_TX_IRQHandler
                0x00000504                CMP0_IRQHandler
                0x00000504                PORTC_IRQHandler
                0x00000504                DMA6_IRQHandler
                0x00000504                DMA1_IRQHandler
 *(.text*)
 .text.FTM_Init
                0x00000508       0x60 ./Sources/FlexTimer.o
                0x00000508                FTM_Init
 .text.FTM_updateCHValue
                0x00000568       0x20 ./Sources/FlexTimer.o
                0x00000568                FTM_updateCHValue
 .text.delay    0x00000588       0x38 ./Sources/GlobalFunctions.o
                0x00000588                delay
 .text.main     0x000005c0       0xe8 ./Sources/main.o
                0x000005c0                main
 .text.SystemInit
                0x000006a8       0x3c ./Project_Settings/Startup_Code/system_MK64F12.o
                0x000006a8                SystemInit
 .text.exit     0x000006e4       0x28 c:/freescale/kds_v3/toolchain/bin/../lib/gcc/arm-none-eabi/4.8.4/../../../../arm-none-eabi/lib/armv7e-m/fpu\libg_s.a(lib_a-exit.o)
                0x000006e4                exit
 .text.__libc_init_array
                0x0000070c       0x4c c:/freescale/kds_v3/toolchain/bin/../lib/gcc/arm-none-eabi/4.8.4/../../../../arm-none-eabi/lib/armv7e-m/fpu\libg_s.a(lib_a-init.o)
                0x0000070c                __libc_init_array
 .text.memset   0x00000758       0x10 c:/freescale/kds_v3/toolchain/bin/../lib/gcc/arm-none-eabi/4.8.4/../../../../arm-none-eabi/lib/armv7e-m/fpu\libg_s.a(lib_a-memset.o)
                0x00000758                memset
 .text._exit    0x00000768        0x4 c:/freescale/kds_v3/toolchain/bin/../lib/gcc/arm-none-eabi/4.8.4/../../../../arm-none-eabi/lib/armv7e-m/fpu\libnosys.a(_exit.o)
                0x00000768                _exit
 *(.rodata)
 *(.rodata*)
 .rodata.str1.1
                0x0000076c        0x2 c:/freescale/kds_v3/toolchain/bin/../lib/gcc/arm-none-eabi/4.8.4/../../../../arm-none-eabi/lib/armv7e-m/fpu\libg_s.a(lib_a-impure.o)
 *fill*         0x0000076e        0x2 
 .rodata._global_impure_ptr
                0x00000770        0x4 c:/freescale/kds_v3/toolchain/bin/../lib/gcc/arm-none-eabi/4.8.4/../../../../arm-none-eabi/lib/armv7e-m/fpu\libg_s.a(lib_a-impure.o)
                0x00000770                _global_impure_ptr
 *(.glue_7)
 .glue_7        0x00000000        0x0 linker stubs
 *(.glue_7t)
 .glue_7t       0x00000000        0x0 linker stubs
 *(.eh_frame)
 .eh_frame      0x00000774        0x0 c:/freescale/kds_v3/toolchain/bin/../lib/gcc/arm-none-eabi/4.8.4/armv7e-m/fpu/crtbegin.o
 *(.init)
 .init          0x00000774        0x4 c:/freescale/kds_v3/toolchain/bin/../lib/gcc/arm-none-eabi/4.8.4/armv7e-m/fpu/crti.o
                0x00000774                _init
 .init          0x00000778        0x8 c:/freescale/kds_v3/toolchain/bin/../lib/gcc/arm-none-eabi/4.8.4/armv7e-m/fpu/crtn.o
 *(.fini)
 .fini          0x00000780        0x4 c:/freescale/kds_v3/toolchain/bin/../lib/gcc/arm-none-eabi/4.8.4/armv7e-m/fpu/crti.o
                0x00000780                _fini
 .fini          0x00000784        0x8 c:/freescale/kds_v3/toolchain/bin/../lib/gcc/arm-none-eabi/4.8.4/armv7e-m/fpu/crtn.o
                0x0000078c                . = ALIGN (0x4)

.vfp11_veneer   0x0000078c        0x0
 .vfp11_veneer  0x00000000        0x0 linker stubs

.v4_bx          0x0000078c        0x0
 .v4_bx         0x00000000        0x0 linker stubs

.iplt           0x0000078c        0x0
 .iplt          0x00000000        0x0 c:/freescale/kds_v3/toolchain/bin/../lib/gcc/arm-none-eabi/4.8.4/armv7e-m/fpu/crtbegin.o

.ARM.extab
 *(.ARM.extab* .gnu.linkonce.armextab.*)

.ARM            0x0000078c        0x8
                0x0000078c                __exidx_start = .
 *(.ARM.exidx*)
 .ARM.exidx     0x0000078c        0x8 c:/freescale/kds_v3/toolchain/bin/../lib/gcc/arm-none-eabi/4.8.4/../../../../arm-none-eabi/lib/armv7e-m/fpu/crt0.o
                0x00000794                __exidx_end = .

.rel.dyn        0x00000794        0x0
 .rel.iplt      0x00000000        0x0 c:/freescale/kds_v3/toolchain/bin/../lib/gcc/arm-none-eabi/4.8.4/armv7e-m/fpu/crtbegin.o

.ctors          0x00000794        0x0
                0x00000794                __CTOR_LIST__ = .
 *crtbegin.o(.ctors)
 *crtbegin?.o(.ctors)
 *(EXCLUDE_FILE(*crtend.o *crtend?.o) .ctors)
 *(SORT(.ctors.*))
 *(.ctors)
                0x00000794                __CTOR_END__ = .

.dtors          0x00000794        0x0
                0x00000794                __DTOR_LIST__ = .
 *crtbegin.o(.dtors)
 *crtbegin?.o(.dtors)
 *(EXCLUDE_FILE(*crtend.o *crtend?.o) .dtors)
 *(SORT(.dtors.*))
 *(.dtors)
                0x00000794                __DTOR_END__ = .

.preinit_array  0x00000794        0x0
                0x00000794                PROVIDE (__preinit_array_start, .)
 *(.preinit_array*)
                0x00000794                PROVIDE (__preinit_array_end, .)

.init_array     0x00000794        0x4
                0x00000794                PROVIDE (__init_array_start, .)
 *(SORT(.init_array.*))
 *(.init_array*)
 .init_array    0x00000794        0x4 c:/freescale/kds_v3/toolchain/bin/../lib/gcc/arm-none-eabi/4.8.4/armv7e-m/fpu/crtbegin.o
                0x00000798                PROVIDE (__init_array_end, .)

.fini_array     0x00000798        0x4
                0x00000798                PROVIDE (__fini_array_start, .)
 *(SORT(.fini_array.*))
 *(.fini_array*)
 .fini_array    0x00000798        0x4 c:/freescale/kds_v3/toolchain/bin/../lib/gcc/arm-none-eabi/4.8.4/armv7e-m/fpu/crtbegin.o
                0x0000079c                PROVIDE (__fini_array_end, .)
                0x0000079c                __etext = .
                0x0000079c                __DATA_ROM = .

.data           0x1fff0000       0x64 load address 0x0000079c
                0x1fff0000                . = ALIGN (0x4)
                0x1fff0000                __DATA_RAM = .
                0x1fff0000                __data_start__ = .
 *(.data)
 *(.data*)
 .data.impure_data
                0x1fff0000       0x60 c:/freescale/kds_v3/toolchain/bin/../lib/gcc/arm-none-eabi/4.8.4/../../../../arm-none-eabi/lib/armv7e-m/fpu\libg_s.a(lib_a-impure.o)
 *(.jcr*)
 .jcr           0x1fff0060        0x0 c:/freescale/kds_v3/toolchain/bin/../lib/gcc/arm-none-eabi/4.8.4/armv7e-m/fpu/crtbegin.o
 .jcr           0x1fff0060        0x4 c:/freescale/kds_v3/toolchain/bin/../lib/gcc/arm-none-eabi/4.8.4/armv7e-m/fpu/crtend.o
                0x1fff0064                . = ALIGN (0x4)
                0x1fff0064                __data_end__ = .
                0x00000800                __DATA_END = (__DATA_ROM + (__data_end__ - __data_start__))

.igot.plt       0x1fff0064        0x0 load address 0x00000800
 .igot.plt      0x00000000        0x0 c:/freescale/kds_v3/toolchain/bin/../lib/gcc/arm-none-eabi/4.8.4/armv7e-m/fpu/crtbegin.o

.bss            0x1fff0064       0x1c load address 0x00000800
                0x1fff0064                . = ALIGN (0x4)
                0x1fff0064                __START_BSS = .
                0x1fff0064                __bss_start__ = .
 *(.bss)
 .bss           0x1fff0064       0x1c c:/freescale/kds_v3/toolchain/bin/../lib/gcc/arm-none-eabi/4.8.4/armv7e-m/fpu/crtbegin.o
 *(.bss*)
 *(COMMON)
                0x1fff0080                . = ALIGN (0x4)
                0x1fff0080                __bss_end__ = .
                0x1fff0080                __END_BSS = .

.heap           0x20000000      0x400
                0x20000000                . = ALIGN (0x8)
                0x20000000                __end__ = .
                0x20000000                PROVIDE (end, .)
                0x20000000                __HeapBase = .
                0x20000400                . = (. + HEAP_SIZE)
 *fill*         0x20000000      0x400 
                0x20000400                __HeapLimit = .

.stack          0x20000400      0x400
                0x20000400                . = ALIGN (0x8)
                0x20000800                . = (. + STACK_SIZE)
 *fill*         0x20000400      0x400 
                0x20030000                __StackTop = (ORIGIN (m_data_2) + 0x30000)
                0x2002fc00                __StackLimit = (__StackTop - STACK_SIZE)
                0x20030000                PROVIDE (__stack, __StackTop)

.ARM.attributes
                0x00000000       0x30
 *(.ARM.attributes)
 .ARM.attributes
                0x00000000       0x22 c:/freescale/kds_v3/toolchain/bin/../lib/gcc/arm-none-eabi/4.8.4/armv7e-m/fpu/crti.o
 .ARM.attributes
                0x00000022       0x34 c:/freescale/kds_v3/toolchain/bin/../lib/gcc/arm-none-eabi/4.8.4/armv7e-m/fpu/crtbegin.o
 .ARM.attributes
                0x00000056       0x20 c:/freescale/kds_v3/toolchain/bin/../lib/gcc/arm-none-eabi/4.8.4/../../../../arm-none-eabi/lib/armv7e-m/fpu/crt0.o
 .ARM.attributes
                0x00000076       0x39 ./Sources/FlexTimer.o
 .ARM.attributes
                0x000000af       0x39 ./Sources/GlobalFunctions.o
 .ARM.attributes
                0x000000e8       0x39 ./Sources/main.o
 .ARM.attributes
                0x00000121       0x1f ./Project_Settings/Startup_Code/startup_MK64F12.o
 .ARM.attributes
                0x00000140       0x39 ./Project_Settings/Startup_Code/system_MK64F12.o
 .ARM.attributes
                0x00000179       0x34 c:/freescale/kds_v3/toolchain/bin/../lib/gcc/arm-none-eabi/4.8.4/../../../../arm-none-eabi/lib/armv7e-m/fpu\libg_s.a(lib_a-exit.o)
 .ARM.attributes
                0x000001ad       0x34 c:/freescale/kds_v3/toolchain/bin/../lib/gcc/arm-none-eabi/4.8.4/../../../../arm-none-eabi/lib/armv7e-m/fpu\libg_s.a(lib_a-impure.o)
 .ARM.attributes
                0x000001e1       0x34 c:/freescale/kds_v3/toolchain/bin/../lib/gcc/arm-none-eabi/4.8.4/../../../../arm-none-eabi/lib/armv7e-m/fpu\libg_s.a(lib_a-init.o)
 .ARM.attributes
                0x00000215       0x34 c:/freescale/kds_v3/toolchain/bin/../lib/gcc/arm-none-eabi/4.8.4/../../../../arm-none-eabi/lib/armv7e-m/fpu\libg_s.a(lib_a-memset.o)
 .ARM.attributes
                0x00000249       0x34 c:/freescale/kds_v3/toolchain/bin/../lib/gcc/arm-none-eabi/4.8.4/../../../../arm-none-eabi/lib/armv7e-m/fpu\libnosys.a(_exit.o)
 .ARM.attributes
                0x0000027d       0x34 c:/freescale/kds_v3/toolchain/bin/../lib/gcc/arm-none-eabi/4.8.4/armv7e-m/fpu/crtend.o
 .ARM.attributes
                0x000002b1       0x22 c:/freescale/kds_v3/toolchain/bin/../lib/gcc/arm-none-eabi/4.8.4/armv7e-m/fpu/crtn.o
                0x00000001                ASSERT ((__StackLimit >= __HeapLimit), region m_data_2 overflowed with stack and heap)
OUTPUT(FlexTimerPWM.elf elf32-littlearm)

.debug_info     0x00000000     0x10b7
 .debug_info    0x00000000      0x44d ./Sources/FlexTimer.o
 .debug_info    0x0000044d       0xab ./Sources/GlobalFunctions.o
 .debug_info    0x000004f8      0x53c ./Sources/main.o
 .debug_info    0x00000a34       0x7a ./Project_Settings/Startup_Code/startup_MK64F12.o
 .debug_info    0x00000aae      0x609 ./Project_Settings/Startup_Code/system_MK64F12.o

.debug_abbrev   0x00000000      0x3e1
 .debug_abbrev  0x00000000      0x107 ./Sources/FlexTimer.o
 .debug_abbrev  0x00000107       0x79 ./Sources/GlobalFunctions.o
 .debug_abbrev  0x00000180      0x133 ./Sources/main.o
 .debug_abbrev  0x000002b3       0x14 ./Project_Settings/Startup_Code/startup_MK64F12.o
 .debug_abbrev  0x000002c7      0x11a ./Project_Settings/Startup_Code/system_MK64F12.o

.debug_aranges  0x00000000       0xb0
 .debug_aranges
                0x00000000       0x28 ./Sources/FlexTimer.o
 .debug_aranges
                0x00000028       0x20 ./Sources/GlobalFunctions.o
 .debug_aranges
                0x00000048       0x20 ./Sources/main.o
 .debug_aranges
                0x00000068       0x20 ./Project_Settings/Startup_Code/startup_MK64F12.o
 .debug_aranges
                0x00000088       0x28 ./Project_Settings/Startup_Code/system_MK64F12.o

.debug_ranges   0x00000000       0x50
 .debug_ranges  0x00000000       0x18 ./Sources/FlexTimer.o
 .debug_ranges  0x00000018       0x10 ./Sources/GlobalFunctions.o
 .debug_ranges  0x00000028       0x10 ./Sources/main.o
 .debug_ranges  0x00000038       0x18 ./Project_Settings/Startup_Code/system_MK64F12.o

.debug_macro    0x00000000    0x1919f
 .debug_macro   0x00000000       0xa6 ./Sources/FlexTimer.o
 .debug_macro   0x000000a6      0x850 ./Sources/FlexTimer.o
 .debug_macro   0x000008f6       0x16 ./Sources/FlexTimer.o
 .debug_macro   0x0000090c       0x16 ./Sources/FlexTimer.o
 .debug_macro   0x00000922       0x44 ./Sources/FlexTimer.o
 .debug_macro   0x00000966      0x209 ./Sources/FlexTimer.o
 .debug_macro   0x00000b6f       0x56 ./Sources/FlexTimer.o
 .debug_macro   0x00000bc5       0x3b ./Sources/FlexTimer.o
 .debug_macro   0x00000c00       0x2d ./Sources/FlexTimer.o
 .debug_macro   0x00000c2d       0x26 ./Sources/FlexTimer.o
 .debug_macro   0x00000c53      0xc13 ./Sources/FlexTimer.o
 .debug_macro   0x00001866       0x78 ./Sources/FlexTimer.o
 .debug_macro   0x000018de    0x175e0 ./Sources/FlexTimer.o
 .debug_macro   0x00018ebe      0x100 ./Sources/FlexTimer.o
 .debug_macro   0x00018fbe       0x25 ./Sources/GlobalFunctions.o
 .debug_macro   0x00018fe3       0xcc ./Sources/main.o
 .debug_macro   0x000190af       0x88 ./Project_Settings/Startup_Code/system_MK64F12.o
 .debug_macro   0x00019137       0x68 ./Project_Settings/Startup_Code/system_MK64F12.o

.debug_line     0x00000000      0x7b0
 .debug_line    0x00000000      0x21c ./Sources/FlexTimer.o
 .debug_line    0x0000021c       0x8f ./Sources/GlobalFunctions.o
 .debug_line    0x000002ab      0x22c ./Sources/main.o
 .debug_line    0x000004d7       0x78 ./Project_Settings/Startup_Code/startup_MK64F12.o
 .debug_line    0x0000054f      0x261 ./Project_Settings/Startup_Code/system_MK64F12.o

.debug_str      0x00000000    0x8ff00
 .debug_str     0x00000000    0x8f8d3 ./Sources/FlexTimer.o
                              0x8fa47 (size before relaxing)
 .debug_str     0x0008f8d3       0x4f ./Sources/GlobalFunctions.o
                               0x24b3 (size before relaxing)
 .debug_str     0x0008f922      0x48b ./Sources/main.o
                              0x8fe00 (size before relaxing)
 .debug_str     0x0008fdad      0x153 ./Project_Settings/Startup_Code/system_MK64F12.o
                              0x8f6b2 (size before relaxing)

.comment        0x00000000       0x70
 .comment       0x00000000       0x70 ./Sources/FlexTimer.o
                                 0x71 (size before relaxing)
 .comment       0x00000000       0x71 ./Sources/GlobalFunctions.o
 .comment       0x00000000       0x71 ./Sources/main.o
 .comment       0x00000000       0x71 ./Project_Settings/Startup_Code/system_MK64F12.o

.debug_frame    0x00000000      0x178
 .debug_frame   0x00000000       0x44 ./Sources/FlexTimer.o
 .debug_frame   0x00000044       0x2c ./Sources/GlobalFunctions.o
 .debug_frame   0x00000070       0x30 ./Sources/main.o
 .debug_frame   0x000000a0       0x44 ./Project_Settings/Startup_Code/system_MK64F12.o
 .debug_frame   0x000000e4       0x28 c:/freescale/kds_v3/toolchain/bin/../lib/gcc/arm-none-eabi/4.8.4/../../../../arm-none-eabi/lib/armv7e-m/fpu\libg_s.a(lib_a-exit.o)
 .debug_frame   0x0000010c       0x2c c:/freescale/kds_v3/toolchain/bin/../lib/gcc/arm-none-eabi/4.8.4/../../../../arm-none-eabi/lib/armv7e-m/fpu\libg_s.a(lib_a-init.o)
 .debug_frame   0x00000138       0x20 c:/freescale/kds_v3/toolchain/bin/../lib/gcc/arm-none-eabi/4.8.4/../../../../arm-none-eabi/lib/armv7e-m/fpu\libg_s.a(lib_a-memset.o)
 .debug_frame   0x00000158       0x20 c:/freescale/kds_v3/toolchain/bin/../lib/gcc/arm-none-eabi/4.8.4/../../../../arm-none-eabi/lib/armv7e-m/fpu\libnosys.a(_exit.o)
