Archive member included because of file (symbol)

c:/freescale/kds_v3/toolchain/bin/../lib/gcc/arm-none-eabi/4.8.4/armv7e-m/fpu\libgcc.a(_arm_addsubdf3.o)
                              ./Sources/FlexTimer.o (__aeabi_f2d)
c:/freescale/kds_v3/toolchain/bin/../lib/gcc/arm-none-eabi/4.8.4/armv7e-m/fpu\libgcc.a(_arm_muldivdf3.o)
                              ./Sources/FlexTimer.o (__aeabi_dmul)
c:/freescale/kds_v3/toolchain/bin/../lib/gcc/arm-none-eabi/4.8.4/armv7e-m/fpu\libgcc.a(_arm_truncdfsf2.o)
                              ./Sources/FlexTimer.o (__aeabi_d2f)
c:/freescale/kds_v3/toolchain/bin/../lib/gcc/arm-none-eabi/4.8.4/../../../../arm-none-eabi/lib/armv7e-m/fpu\libg_s.a(lib_a-exit.o)
                              c:/freescale/kds_v3/toolchain/bin/../lib/gcc/arm-none-eabi/4.8.4/../../../../arm-none-eabi/lib/armv7e-m/fpu/crt0.o (exit)
c:/freescale/kds_v3/toolchain/bin/../lib/gcc/arm-none-eabi/4.8.4/../../../../arm-none-eabi/lib/armv7e-m/fpu\libg_s.a(lib_a-impure.o)
                              c:/freescale/kds_v3/toolchain/bin/../lib/gcc/arm-none-eabi/4.8.4/../../../../arm-none-eabi/lib/armv7e-m/fpu\libg_s.a(lib_a-exit.o) (_global_impure_ptr)
c:/freescale/kds_v3/toolchain/bin/../lib/gcc/arm-none-eabi/4.8.4/../../../../arm-none-eabi/lib/armv7e-m/fpu\libg_s.a(lib_a-init.o)
                              c:/freescale/kds_v3/toolchain/bin/../lib/gcc/arm-none-eabi/4.8.4/../../../../arm-none-eabi/lib/armv7e-m/fpu/crt0.o (__libc_init_array)
c:/freescale/kds_v3/toolchain/bin/../lib/gcc/arm-none-eabi/4.8.4/../../../../arm-none-eabi/lib/armv7e-m/fpu\libg_s.a(lib_a-memset.o)
                              c:/freescale/kds_v3/toolchain/bin/../lib/gcc/arm-none-eabi/4.8.4/../../../../arm-none-eabi/lib/armv7e-m/fpu/crt0.o (memset)
c:/freescale/kds_v3/toolchain/bin/../lib/gcc/arm-none-eabi/4.8.4/../../../../arm-none-eabi/lib/armv7e-m/fpu\libnosys.a(_exit.o)
                              c:/freescale/kds_v3/toolchain/bin/../lib/gcc/arm-none-eabi/4.8.4/../../../../arm-none-eabi/lib/armv7e-m/fpu\libg_s.a(lib_a-exit.o) (_exit)

Allocating common symbols
Common symbol       size              file

funwithFlags        0x1               ./Sources/GPIO.o

Discarded input sections

 .text          0x00000000        0x0 c:/freescale/kds_v3/toolchain/bin/../lib/gcc/arm-none-eabi/4.8.4/armv7e-m/fpu/crti.o
 .data          0x00000000        0x0 c:/freescale/kds_v3/toolchain/bin/../lib/gcc/arm-none-eabi/4.8.4/armv7e-m/fpu/crti.o
 .bss           0x00000000        0x0 c:/freescale/kds_v3/toolchain/bin/../lib/gcc/arm-none-eabi/4.8.4/armv7e-m/fpu/crti.o
 .data          0x00000000        0x4 c:/freescale/kds_v3/toolchain/bin/../lib/gcc/arm-none-eabi/4.8.4/armv7e-m/fpu/crtbegin.o
 .data          0x00000000        0x0 c:/freescale/kds_v3/toolchain/bin/../lib/gcc/arm-none-eabi/4.8.4/../../../../arm-none-eabi/lib/armv7e-m/fpu/crt0.o
 .bss           0x00000000        0x0 c:/freescale/kds_v3/toolchain/bin/../lib/gcc/arm-none-eabi/4.8.4/../../../../arm-none-eabi/lib/armv7e-m/fpu/crt0.o
 .ARM.extab     0x00000000        0x0 c:/freescale/kds_v3/toolchain/bin/../lib/gcc/arm-none-eabi/4.8.4/../../../../arm-none-eabi/lib/armv7e-m/fpu/crt0.o
 .group         0x00000000        0x8 ./Sources/FlexTimer.o
 .group         0x00000000        0x8 ./Sources/FlexTimer.o
 .group         0x00000000        0x8 ./Sources/FlexTimer.o
 .group         0x00000000        0x8 ./Sources/FlexTimer.o
 .group         0x00000000        0x8 ./Sources/FlexTimer.o
 .group         0x00000000        0x8 ./Sources/FlexTimer.o
 .group         0x00000000        0x8 ./Sources/FlexTimer.o
 .group         0x00000000        0x8 ./Sources/FlexTimer.o
 .group         0x00000000        0x8 ./Sources/FlexTimer.o
 .group         0x00000000        0x8 ./Sources/FlexTimer.o
 .group         0x00000000        0x8 ./Sources/FlexTimer.o
 .group         0x00000000        0x8 ./Sources/FlexTimer.o
 .group         0x00000000        0x8 ./Sources/FlexTimer.o
 .text          0x00000000        0x0 ./Sources/FlexTimer.o
 .data          0x00000000        0x0 ./Sources/FlexTimer.o
 .bss           0x00000000        0x0 ./Sources/FlexTimer.o
 .group         0x00000000        0x8 ./Sources/GPIO.o
 .group         0x00000000        0x8 ./Sources/GPIO.o
 .group         0x00000000        0x8 ./Sources/GPIO.o
 .group         0x00000000        0x8 ./Sources/GPIO.o
 .group         0x00000000        0x8 ./Sources/GPIO.o
 .group         0x00000000        0x8 ./Sources/GPIO.o
 .group         0x00000000        0x8 ./Sources/GPIO.o
 .group         0x00000000        0x8 ./Sources/GPIO.o
 .group         0x00000000        0x8 ./Sources/GPIO.o
 .group         0x00000000        0x8 ./Sources/GPIO.o
 .group         0x00000000        0x8 ./Sources/GPIO.o
 .group         0x00000000        0x8 ./Sources/GPIO.o
 .group         0x00000000        0x8 ./Sources/GPIO.o
 .text          0x00000000        0x0 ./Sources/GPIO.o
 .data          0x00000000        0x0 ./Sources/GPIO.o
 .bss           0x00000000        0x0 ./Sources/GPIO.o
 .text.readFlag_PORTA
                0x00000000       0x1c ./Sources/GPIO.o
 .text.clearFlag_PORTA
                0x00000000       0x1c ./Sources/GPIO.o
 .text.FlagPortB_Read
                0x00000000       0x1c ./Sources/GPIO.o
 .text.FlagPortB_Clear
                0x00000000       0x1c ./Sources/GPIO.o
 .text.readFlag_PORTC
                0x00000000       0x1c ./Sources/GPIO.o
 .text.clearFlag_PORTC
                0x00000000       0x1c ./Sources/GPIO.o
 .text.GPIO_clockGating
                0x00000000       0xc4 ./Sources/GPIO.o
 .text.GPIO_pinControlRegister
                0x00000000       0x9c ./Sources/GPIO.o
 .text.GPIO_writePORT
                0x00000000       0x74 ./Sources/GPIO.o
 .text.GPIO_readPORT
                0x00000000       0x6c ./Sources/GPIO.o
 .text.GPIO_readPIN
                0x00000000       0xc4 ./Sources/GPIO.o
 .text.GPIO_setPIN
                0x00000000       0xb8 ./Sources/GPIO.o
 .text.GPIO_clearPIN
                0x00000000       0xb8 ./Sources/GPIO.o
 .text.GPIO_tooglePIN
                0x00000000       0xb8 ./Sources/GPIO.o
 .text.GPIO_dataDirectionPORT
                0x00000000       0x74 ./Sources/GPIO.o
 .text.GPIO_dataDirectionPIN
                0x00000000       0xc0 ./Sources/GPIO.o
 .debug_macro   0x00000000      0x850 ./Sources/GPIO.o
 .debug_macro   0x00000000       0x16 ./Sources/GPIO.o
 .debug_macro   0x00000000       0x16 ./Sources/GPIO.o
 .debug_macro   0x00000000       0x44 ./Sources/GPIO.o
 .debug_macro   0x00000000      0x209 ./Sources/GPIO.o
 .debug_macro   0x00000000       0x56 ./Sources/GPIO.o
 .debug_macro   0x00000000       0x3b ./Sources/GPIO.o
 .debug_macro   0x00000000       0x34 ./Sources/GPIO.o
 .debug_macro   0x00000000       0x26 ./Sources/GPIO.o
 .debug_macro   0x00000000      0xd1d ./Sources/GPIO.o
 .debug_macro   0x00000000       0x78 ./Sources/GPIO.o
 .debug_macro   0x00000000    0x175e0 ./Sources/GPIO.o
 .group         0x00000000        0x8 ./Sources/NVIC.o
 .group         0x00000000        0x8 ./Sources/NVIC.o
 .group         0x00000000        0x8 ./Sources/NVIC.o
 .group         0x00000000        0x8 ./Sources/NVIC.o
 .group         0x00000000        0x8 ./Sources/NVIC.o
 .group         0x00000000        0x8 ./Sources/NVIC.o
 .group         0x00000000        0x8 ./Sources/NVIC.o
 .group         0x00000000        0x8 ./Sources/NVIC.o
 .group         0x00000000        0x8 ./Sources/NVIC.o
 .group         0x00000000        0x8 ./Sources/NVIC.o
 .group         0x00000000        0x8 ./Sources/NVIC.o
 .group         0x00000000        0x8 ./Sources/NVIC.o
 .group         0x00000000        0x8 ./Sources/NVIC.o
 .text          0x00000000        0x0 ./Sources/NVIC.o
 .data          0x00000000        0x0 ./Sources/NVIC.o
 .bss           0x00000000        0x0 ./Sources/NVIC.o
 .text.NVIC_setBASEPRI_threshold
                0x00000000       0x20 ./Sources/NVIC.o
 .debug_macro   0x00000000      0x850 ./Sources/NVIC.o
 .debug_macro   0x00000000       0x16 ./Sources/NVIC.o
 .debug_macro   0x00000000       0x16 ./Sources/NVIC.o
 .debug_macro   0x00000000       0x44 ./Sources/NVIC.o
 .debug_macro   0x00000000      0x209 ./Sources/NVIC.o
 .debug_macro   0x00000000       0x56 ./Sources/NVIC.o
 .debug_macro   0x00000000       0x3b ./Sources/NVIC.o
 .debug_macro   0x00000000       0x34 ./Sources/NVIC.o
 .debug_macro   0x00000000       0x26 ./Sources/NVIC.o
 .debug_macro   0x00000000      0xd1d ./Sources/NVIC.o
 .debug_macro   0x00000000       0x78 ./Sources/NVIC.o
 .debug_macro   0x00000000    0x175e0 ./Sources/NVIC.o
 .group         0x00000000        0x8 ./Sources/main.o
 .group         0x00000000        0x8 ./Sources/main.o
 .group         0x00000000        0x8 ./Sources/main.o
 .group         0x00000000        0x8 ./Sources/main.o
 .group         0x00000000        0x8 ./Sources/main.o
 .group         0x00000000        0x8 ./Sources/main.o
 .group         0x00000000        0x8 ./Sources/main.o
 .group         0x00000000        0x8 ./Sources/main.o
 .group         0x00000000        0x8 ./Sources/main.o
 .group         0x00000000        0x8 ./Sources/main.o
 .group         0x00000000        0x8 ./Sources/main.o
 .group         0x00000000        0x8 ./Sources/main.o
 .group         0x00000000        0x8 ./Sources/main.o
 .group         0x00000000        0x8 ./Sources/main.o
 .group         0x00000000        0x8 ./Sources/main.o
 .text          0x00000000        0x0 ./Sources/main.o
 .data          0x00000000        0x0 ./Sources/main.o
 .bss           0x00000000        0x0 ./Sources/main.o
 .debug_macro   0x00000000      0x850 ./Sources/main.o
 .debug_macro   0x00000000       0x16 ./Sources/main.o
 .debug_macro   0x00000000       0x16 ./Sources/main.o
 .debug_macro   0x00000000       0x44 ./Sources/main.o
 .debug_macro   0x00000000      0x209 ./Sources/main.o
 .debug_macro   0x00000000       0x56 ./Sources/main.o
 .debug_macro   0x00000000       0x3b ./Sources/main.o
 .debug_macro   0x00000000       0x34 ./Sources/main.o
 .debug_macro   0x00000000       0x26 ./Sources/main.o
 .debug_macro   0x00000000      0xd1d ./Sources/main.o
 .debug_macro   0x00000000       0x78 ./Sources/main.o
 .debug_macro   0x00000000    0x175e0 ./Sources/main.o
 .debug_macro   0x00000000      0x100 ./Sources/main.o
 .debug_macro   0x00000000       0x10 ./Sources/main.o
 .data          0x00000000        0x0 ./Project_Settings/Startup_Code/startup_MK64F12.o
 .bss           0x00000000        0x0 ./Project_Settings/Startup_Code/startup_MK64F12.o
 .group         0x00000000        0x8 ./Project_Settings/Startup_Code/system_MK64F12.o
 .group         0x00000000        0x8 ./Project_Settings/Startup_Code/system_MK64F12.o
 .group         0x00000000        0x8 ./Project_Settings/Startup_Code/system_MK64F12.o
 .group         0x00000000        0x8 ./Project_Settings/Startup_Code/system_MK64F12.o
 .group         0x00000000        0x8 ./Project_Settings/Startup_Code/system_MK64F12.o
 .group         0x00000000        0x8 ./Project_Settings/Startup_Code/system_MK64F12.o
 .group         0x00000000        0x8 ./Project_Settings/Startup_Code/system_MK64F12.o
 .group         0x00000000        0x8 ./Project_Settings/Startup_Code/system_MK64F12.o
 .group         0x00000000        0x8 ./Project_Settings/Startup_Code/system_MK64F12.o
 .group         0x00000000        0x8 ./Project_Settings/Startup_Code/system_MK64F12.o
 .group         0x00000000        0x8 ./Project_Settings/Startup_Code/system_MK64F12.o
 .text          0x00000000        0x0 ./Project_Settings/Startup_Code/system_MK64F12.o
 .data          0x00000000        0x0 ./Project_Settings/Startup_Code/system_MK64F12.o
 .bss           0x00000000        0x0 ./Project_Settings/Startup_Code/system_MK64F12.o
 .data.SystemCoreClock
                0x00000000        0x4 ./Project_Settings/Startup_Code/system_MK64F12.o
 .text.SystemCoreClockUpdate
                0x00000000      0x270 ./Project_Settings/Startup_Code/system_MK64F12.o
 .debug_macro   0x00000000      0x850 ./Project_Settings/Startup_Code/system_MK64F12.o
 .debug_macro   0x00000000       0x16 ./Project_Settings/Startup_Code/system_MK64F12.o
 .debug_macro   0x00000000       0x44 ./Project_Settings/Startup_Code/system_MK64F12.o
 .debug_macro   0x00000000      0x209 ./Project_Settings/Startup_Code/system_MK64F12.o
 .debug_macro   0x00000000       0x3b ./Project_Settings/Startup_Code/system_MK64F12.o
 .debug_macro   0x00000000       0x34 ./Project_Settings/Startup_Code/system_MK64F12.o
 .debug_macro   0x00000000       0x26 ./Project_Settings/Startup_Code/system_MK64F12.o
 .debug_macro   0x00000000      0xd1d ./Project_Settings/Startup_Code/system_MK64F12.o
 .debug_macro   0x00000000       0x78 ./Project_Settings/Startup_Code/system_MK64F12.o
 .debug_macro   0x00000000    0x175e0 ./Project_Settings/Startup_Code/system_MK64F12.o
 .data          0x00000000        0x0 c:/freescale/kds_v3/toolchain/bin/../lib/gcc/arm-none-eabi/4.8.4/armv7e-m/fpu\libgcc.a(_arm_addsubdf3.o)
 .bss           0x00000000        0x0 c:/freescale/kds_v3/toolchain/bin/../lib/gcc/arm-none-eabi/4.8.4/armv7e-m/fpu\libgcc.a(_arm_addsubdf3.o)
 .data          0x00000000        0x0 c:/freescale/kds_v3/toolchain/bin/../lib/gcc/arm-none-eabi/4.8.4/armv7e-m/fpu\libgcc.a(_arm_muldivdf3.o)
 .bss           0x00000000        0x0 c:/freescale/kds_v3/toolchain/bin/../lib/gcc/arm-none-eabi/4.8.4/armv7e-m/fpu\libgcc.a(_arm_muldivdf3.o)
 .data          0x00000000        0x0 c:/freescale/kds_v3/toolchain/bin/../lib/gcc/arm-none-eabi/4.8.4/armv7e-m/fpu\libgcc.a(_arm_truncdfsf2.o)
 .bss           0x00000000        0x0 c:/freescale/kds_v3/toolchain/bin/../lib/gcc/arm-none-eabi/4.8.4/armv7e-m/fpu\libgcc.a(_arm_truncdfsf2.o)
 .text          0x00000000        0x0 c:/freescale/kds_v3/toolchain/bin/../lib/gcc/arm-none-eabi/4.8.4/../../../../arm-none-eabi/lib/armv7e-m/fpu\libg_s.a(lib_a-exit.o)
 .data          0x00000000        0x0 c:/freescale/kds_v3/toolchain/bin/../lib/gcc/arm-none-eabi/4.8.4/../../../../arm-none-eabi/lib/armv7e-m/fpu\libg_s.a(lib_a-exit.o)
 .bss           0x00000000        0x0 c:/freescale/kds_v3/toolchain/bin/../lib/gcc/arm-none-eabi/4.8.4/../../../../arm-none-eabi/lib/armv7e-m/fpu\libg_s.a(lib_a-exit.o)
 .text          0x00000000        0x0 c:/freescale/kds_v3/toolchain/bin/../lib/gcc/arm-none-eabi/4.8.4/../../../../arm-none-eabi/lib/armv7e-m/fpu\libg_s.a(lib_a-impure.o)
 .data          0x00000000        0x0 c:/freescale/kds_v3/toolchain/bin/../lib/gcc/arm-none-eabi/4.8.4/../../../../arm-none-eabi/lib/armv7e-m/fpu\libg_s.a(lib_a-impure.o)
 .bss           0x00000000        0x0 c:/freescale/kds_v3/toolchain/bin/../lib/gcc/arm-none-eabi/4.8.4/../../../../arm-none-eabi/lib/armv7e-m/fpu\libg_s.a(lib_a-impure.o)
 .data._impure_ptr
                0x00000000        0x4 c:/freescale/kds_v3/toolchain/bin/../lib/gcc/arm-none-eabi/4.8.4/../../../../arm-none-eabi/lib/armv7e-m/fpu\libg_s.a(lib_a-impure.o)
 .text          0x00000000        0x0 c:/freescale/kds_v3/toolchain/bin/../lib/gcc/arm-none-eabi/4.8.4/../../../../arm-none-eabi/lib/armv7e-m/fpu\libg_s.a(lib_a-init.o)
 .data          0x00000000        0x0 c:/freescale/kds_v3/toolchain/bin/../lib/gcc/arm-none-eabi/4.8.4/../../../../arm-none-eabi/lib/armv7e-m/fpu\libg_s.a(lib_a-init.o)
 .bss           0x00000000        0x0 c:/freescale/kds_v3/toolchain/bin/../lib/gcc/arm-none-eabi/4.8.4/../../../../arm-none-eabi/lib/armv7e-m/fpu\libg_s.a(lib_a-init.o)
 .text          0x00000000        0x0 c:/freescale/kds_v3/toolchain/bin/../lib/gcc/arm-none-eabi/4.8.4/../../../../arm-none-eabi/lib/armv7e-m/fpu\libg_s.a(lib_a-memset.o)
 .data          0x00000000        0x0 c:/freescale/kds_v3/toolchain/bin/../lib/gcc/arm-none-eabi/4.8.4/../../../../arm-none-eabi/lib/armv7e-m/fpu\libg_s.a(lib_a-memset.o)
 .bss           0x00000000        0x0 c:/freescale/kds_v3/toolchain/bin/../lib/gcc/arm-none-eabi/4.8.4/../../../../arm-none-eabi/lib/armv7e-m/fpu\libg_s.a(lib_a-memset.o)
 .text          0x00000000        0x0 c:/freescale/kds_v3/toolchain/bin/../lib/gcc/arm-none-eabi/4.8.4/../../../../arm-none-eabi/lib/armv7e-m/fpu\libnosys.a(_exit.o)
 .data          0x00000000        0x0 c:/freescale/kds_v3/toolchain/bin/../lib/gcc/arm-none-eabi/4.8.4/../../../../arm-none-eabi/lib/armv7e-m/fpu\libnosys.a(_exit.o)
 .bss           0x00000000        0x0 c:/freescale/kds_v3/toolchain/bin/../lib/gcc/arm-none-eabi/4.8.4/../../../../arm-none-eabi/lib/armv7e-m/fpu\libnosys.a(_exit.o)
 .text          0x00000000        0x0 c:/freescale/kds_v3/toolchain/bin/../lib/gcc/arm-none-eabi/4.8.4/armv7e-m/fpu/crtend.o
 .data          0x00000000        0x0 c:/freescale/kds_v3/toolchain/bin/../lib/gcc/arm-none-eabi/4.8.4/armv7e-m/fpu/crtend.o
 .bss           0x00000000        0x0 c:/freescale/kds_v3/toolchain/bin/../lib/gcc/arm-none-eabi/4.8.4/armv7e-m/fpu/crtend.o
 .eh_frame      0x00000000        0x4 c:/freescale/kds_v3/toolchain/bin/../lib/gcc/arm-none-eabi/4.8.4/armv7e-m/fpu/crtend.o
 .text          0x00000000        0x0 c:/freescale/kds_v3/toolchain/bin/../lib/gcc/arm-none-eabi/4.8.4/armv7e-m/fpu/crtn.o
 .data          0x00000000        0x0 c:/freescale/kds_v3/toolchain/bin/../lib/gcc/arm-none-eabi/4.8.4/armv7e-m/fpu/crtn.o
 .bss           0x00000000        0x0 c:/freescale/kds_v3/toolchain/bin/../lib/gcc/arm-none-eabi/4.8.4/armv7e-m/fpu/crtn.o

Memory Configuration

Name             Origin             Length             Attributes
m_interrupts     0x00000000         0x00000400         xr
m_flash_config   0x00000400         0x00000010         xr
m_text           0x00000410         0x000ffbf0         xr
m_data           0x1fff0000         0x00010000         rw
m_data_2         0x20000000         0x00030000         rw
*default*        0x00000000         0xffffffff

Linker script and memory map

LOAD c:/freescale/kds_v3/toolchain/bin/../lib/gcc/arm-none-eabi/4.8.4/armv7e-m/fpu/crti.o
LOAD c:/freescale/kds_v3/toolchain/bin/../lib/gcc/arm-none-eabi/4.8.4/armv7e-m/fpu/crtbegin.o
LOAD c:/freescale/kds_v3/toolchain/bin/../lib/gcc/arm-none-eabi/4.8.4/../../../../arm-none-eabi/lib/armv7e-m/fpu/crt0.o
LOAD ./Sources/FlexTimer.o
LOAD ./Sources/GPIO.o
LOAD ./Sources/NVIC.o
LOAD ./Sources/main.o
LOAD ./Project_Settings/Startup_Code/startup_MK64F12.o
LOAD ./Project_Settings/Startup_Code/system_MK64F12.o
LOAD c:/freescale/kds_v3/toolchain/bin/../lib/gcc/arm-none-eabi/4.8.4/../../../../arm-none-eabi/lib/armv7e-m/fpu\libstdc++_s.a
LOAD c:/freescale/kds_v3/toolchain/bin/../lib/gcc/arm-none-eabi/4.8.4/../../../../arm-none-eabi/lib/armv7e-m/fpu\libm.a
START GROUP
LOAD c:/freescale/kds_v3/toolchain/bin/../lib/gcc/arm-none-eabi/4.8.4/armv7e-m/fpu\libgcc.a
LOAD c:/freescale/kds_v3/toolchain/bin/../lib/gcc/arm-none-eabi/4.8.4/../../../../arm-none-eabi/lib/armv7e-m/fpu\libg_s.a
LOAD c:/freescale/kds_v3/toolchain/bin/../lib/gcc/arm-none-eabi/4.8.4/../../../../arm-none-eabi/lib/armv7e-m/fpu\libc_s.a
END GROUP
START GROUP
LOAD c:/freescale/kds_v3/toolchain/bin/../lib/gcc/arm-none-eabi/4.8.4/armv7e-m/fpu\libgcc.a
LOAD c:/freescale/kds_v3/toolchain/bin/../lib/gcc/arm-none-eabi/4.8.4/../../../../arm-none-eabi/lib/armv7e-m/fpu\libc_s.a
LOAD c:/freescale/kds_v3/toolchain/bin/../lib/gcc/arm-none-eabi/4.8.4/../../../../arm-none-eabi/lib/armv7e-m/fpu\libnosys.a
END GROUP
START GROUP
LOAD c:/freescale/kds_v3/toolchain/bin/../lib/gcc/arm-none-eabi/4.8.4/armv7e-m/fpu\libgcc.a
LOAD c:/freescale/kds_v3/toolchain/bin/../lib/gcc/arm-none-eabi/4.8.4/../../../../arm-none-eabi/lib/armv7e-m/fpu\libc_s.a
LOAD c:/freescale/kds_v3/toolchain/bin/../lib/gcc/arm-none-eabi/4.8.4/../../../../arm-none-eabi/lib/armv7e-m/fpu\libnosys.a
END GROUP
LOAD c:/freescale/kds_v3/toolchain/bin/../lib/gcc/arm-none-eabi/4.8.4/armv7e-m/fpu/crtend.o
LOAD c:/freescale/kds_v3/toolchain/bin/../lib/gcc/arm-none-eabi/4.8.4/armv7e-m/fpu/crtn.o
                0x00000400                HEAP_SIZE = DEFINED (__heap_size__)?__heap_size__:0x400
                0x00000400                STACK_SIZE = DEFINED (__stack_size__)?__stack_size__:0x400

.interrupts     0x00000000      0x400
                0x00000000                __VECTOR_TABLE = .
                0x00000000                . = ALIGN (0x4)
 *(.isr_vector)
 .isr_vector    0x00000000      0x400 ./Project_Settings/Startup_Code/startup_MK64F12.o
                0x00000000                __isr_vector
                0x00000400                . = ALIGN (0x4)

.flash_config   0x00000400       0x10
                0x00000400                . = ALIGN (0x4)
 *(.FlashConfig)
 .FlashConfig   0x00000400       0x10 ./Project_Settings/Startup_Code/startup_MK64F12.o
                0x00000410                . = ALIGN (0x4)

.text           0x00000410      0xd38
                0x00000410                . = ALIGN (0x4)
 *(.text)
 .text          0x00000410       0x54 c:/freescale/kds_v3/toolchain/bin/../lib/gcc/arm-none-eabi/4.8.4/armv7e-m/fpu/crtbegin.o
 .text          0x00000464       0x74 c:/freescale/kds_v3/toolchain/bin/../lib/gcc/arm-none-eabi/4.8.4/../../../../arm-none-eabi/lib/armv7e-m/fpu/crt0.o
                0x00000464                _start
                0x00000464                _mainCRTStartup
 .text          0x000004d8       0x30 ./Project_Settings/Startup_Code/startup_MK64F12.o
                0x000004d8                Reset_Handler
                0x00000504                DebugMon_Handler
                0x00000504                I2C0_IRQHandler
                0x00000504                HardFault_Handler
                0x00000504                SysTick_Handler
                0x00000504                UART3_RX_TX_IRQHandler
                0x00000504                PendSV_Handler
                0x00000504                NMI_Handler
                0x00000504                UART0_RX_TX_IRQHandler
                0x00000504                I2C1_IRQHandler
                0x00000504                DMA2_IRQHandler
                0x00000504                ENET_Error_IRQHandler
                0x00000504                CAN0_Tx_Warning_IRQHandler
                0x00000504                PIT0_IRQHandler
                0x00000504                CAN0_ORed_Message_buffer_IRQHandler
                0x00000504                CMP2_IRQHandler
                0x00000504                LLWU_IRQHandler
                0x00000504                ENET_Receive_IRQHandler
                0x00000504                ENET_1588_Timer_IRQHandler
                0x00000504                UART2_RX_TX_IRQHandler
                0x00000504                SWI_IRQHandler
                0x00000504                ADC0_IRQHandler
                0x00000504                UsageFault_Handler
                0x00000504                I2S0_Tx_IRQHandler
                0x00000504                CMT_IRQHandler
                0x00000504                UART4_RX_TX_IRQHandler
                0x00000504                SPI1_IRQHandler
                0x00000504                DefaultISR
                0x00000504                DMA9_IRQHandler
                0x00000504                DMA14_IRQHandler
                0x00000504                CMP1_IRQHandler
                0x00000504                Reserved71_IRQHandler
                0x00000504                PORTD_IRQHandler
                0x00000504                UART4_ERR_IRQHandler
                0x00000504                ADC1_IRQHandler
                0x00000504                I2C2_IRQHandler
                0x00000504                PIT2_IRQHandler
                0x00000504                I2S0_Rx_IRQHandler
                0x00000504                DMA5_IRQHandler
                0x00000504                RTC_IRQHandler
                0x00000504                PDB0_IRQHandler
                0x00000504                CAN0_Rx_Warning_IRQHandler
                0x00000504                FTM1_IRQHandler
                0x00000504                UART5_RX_TX_IRQHandler
                0x00000504                UART3_ERR_IRQHandler
                0x00000504                PIT3_IRQHandler
                0x00000504                SDHC_IRQHandler
                0x00000504                RTC_Seconds_IRQHandler
                0x00000504                MCG_IRQHandler
                0x00000504                FTFE_IRQHandler
                0x00000504                UART2_ERR_IRQHandler
                0x00000504                DMA11_IRQHandler
                0x00000504                UART5_ERR_IRQHandler
                0x00000504                Read_Collision_IRQHandler
                0x00000504                DMA7_IRQHandler
                0x00000504                ENET_Transmit_IRQHandler
                0x00000504                USBDCD_IRQHandler
                0x00000504                USB0_IRQHandler
                0x00000504                SPI2_IRQHandler
                0x00000504                WDOG_EWM_IRQHandler
                0x00000504                MemManage_Handler
                0x00000504                SVC_Handler
                0x00000504                DMA13_IRQHandler
                0x00000504                DMA3_IRQHandler
                0x00000504                UART0_LON_IRQHandler
                0x00000504                RNG_IRQHandler
                0x00000504                DMA0_IRQHandler
                0x00000504                DMA15_IRQHandler
                0x00000504                DAC0_IRQHandler
                0x00000504                CAN0_Error_IRQHandler
                0x00000504                DMA4_IRQHandler
                0x00000504                PIT1_IRQHandler
                0x00000504                UART0_ERR_IRQHandler
                0x00000504                DMA_Error_IRQHandler
                0x00000504                LVD_LVW_IRQHandler
                0x00000504                SPI0_IRQHandler
                0x00000504                DAC1_IRQHandler
                0x00000504                MCM_IRQHandler
                0x00000504                DMA12_IRQHandler
                0x00000504                CAN0_Bus_Off_IRQHandler
                0x00000504                FTM3_IRQHandler
                0x00000504                PORTE_IRQHandler
                0x00000504                FTM2_IRQHandler
                0x00000504                LPTMR0_IRQHandler
                0x00000504                BusFault_Handler
                0x00000504                DMA8_IRQHandler
                0x00000504                DMA10_IRQHandler
                0x00000504                CAN0_Wake_Up_IRQHandler
                0x00000504                UART1_ERR_IRQHandler
                0x00000504                UART1_RX_TX_IRQHandler
                0x00000504                CMP0_IRQHandler
                0x00000504                DMA6_IRQHandler
                0x00000504                DMA1_IRQHandler
 .text          0x00000508      0x370 c:/freescale/kds_v3/toolchain/bin/../lib/gcc/arm-none-eabi/4.8.4/armv7e-m/fpu\libgcc.a(_arm_addsubdf3.o)
                0x00000508                __aeabi_drsub
                0x00000510                __aeabi_dsub
                0x00000510                __subdf3
                0x00000514                __aeabi_dadd
                0x00000514                __adddf3
                0x0000078c                __floatunsidf
                0x0000078c                __aeabi_ui2d
                0x000007ac                __floatsidf
                0x000007ac                __aeabi_i2d
                0x000007d0                __aeabi_f2d
                0x000007d0                __extendsfdf2
                0x0000080c                __floatundidf
                0x0000080c                __aeabi_ul2d
                0x0000081c                __floatdidf
                0x0000081c                __aeabi_l2d
 .text          0x00000878      0x424 c:/freescale/kds_v3/toolchain/bin/../lib/gcc/arm-none-eabi/4.8.4/armv7e-m/fpu\libgcc.a(_arm_muldivdf3.o)
                0x00000878                __aeabi_dmul
                0x00000878                __muldf3
                0x00000acc                __divdf3
                0x00000acc                __aeabi_ddiv
 .text          0x00000c9c       0xa0 c:/freescale/kds_v3/toolchain/bin/../lib/gcc/arm-none-eabi/4.8.4/armv7e-m/fpu\libgcc.a(_arm_truncdfsf2.o)
                0x00000c9c                __truncdfsf2
                0x00000c9c                __aeabi_d2f
 *(.text*)
 .text.FTM0_IRQHandler
                0x00000d3c       0x74 ./Sources/FlexTimer.o
                0x00000d3c                FTM0_IRQHandler
 .text.freq_per
                0x00000db0       0x70 ./Sources/FlexTimer.o
                0x00000db0                freq_per
 .text.FTM_Init
                0x00000e20       0x80 ./Sources/FlexTimer.o
                0x00000e20                FTM_Init
 .text.PORTC_IRQHandler
                0x00000ea0       0x1c ./Sources/GPIO.o
                0x00000ea0                PORTC_IRQHandler
 .text.PORTA_IRQHandler
                0x00000ebc       0x1c ./Sources/GPIO.o
                0x00000ebc                PORTA_IRQHandler
 .text.PORTB_IRQHandler
                0x00000ed8       0x1c ./Sources/GPIO.o
                0x00000ed8                PORTB_IRQHandler
 .text.GPIO_clearInterrupt
                0x00000ef4       0x84 ./Sources/GPIO.o
                0x00000ef4                GPIO_clearInterrupt
 .text.NVIC_EnableIRQ
                0x00000f78       0x30 ./Sources/NVIC.o
 .text.NVIC_SetPriority
                0x00000fa8       0x54 ./Sources/NVIC.o
 .text.NVIC_enableInterruptAndPriotity
                0x00000ffc       0x2c ./Sources/NVIC.o
                0x00000ffc                NVIC_enableInterruptAndPriotity
 .text.main     0x00001028       0x3c ./Sources/main.o
                0x00001028                main
 .text.SystemInit
                0x00001064       0x3c ./Project_Settings/Startup_Code/system_MK64F12.o
                0x00001064                SystemInit
 .text.exit     0x000010a0       0x28 c:/freescale/kds_v3/toolchain/bin/../lib/gcc/arm-none-eabi/4.8.4/../../../../arm-none-eabi/lib/armv7e-m/fpu\libg_s.a(lib_a-exit.o)
                0x000010a0                exit
 .text.__libc_init_array
                0x000010c8       0x4c c:/freescale/kds_v3/toolchain/bin/../lib/gcc/arm-none-eabi/4.8.4/../../../../arm-none-eabi/lib/armv7e-m/fpu\libg_s.a(lib_a-init.o)
                0x000010c8                __libc_init_array
 .text.memset   0x00001114       0x10 c:/freescale/kds_v3/toolchain/bin/../lib/gcc/arm-none-eabi/4.8.4/../../../../arm-none-eabi/lib/armv7e-m/fpu\libg_s.a(lib_a-memset.o)
                0x00001114                memset
 .text._exit    0x00001124        0x4 c:/freescale/kds_v3/toolchain/bin/../lib/gcc/arm-none-eabi/4.8.4/../../../../arm-none-eabi/lib/armv7e-m/fpu\libnosys.a(_exit.o)
                0x00001124                _exit
 *(.rodata)
 *(.rodata*)
 .rodata.str1.1
                0x00001128        0x2 c:/freescale/kds_v3/toolchain/bin/../lib/gcc/arm-none-eabi/4.8.4/../../../../arm-none-eabi/lib/armv7e-m/fpu\libg_s.a(lib_a-impure.o)
 *fill*         0x0000112a        0x2 
 .rodata._global_impure_ptr
                0x0000112c        0x4 c:/freescale/kds_v3/toolchain/bin/../lib/gcc/arm-none-eabi/4.8.4/../../../../arm-none-eabi/lib/armv7e-m/fpu\libg_s.a(lib_a-impure.o)
                0x0000112c                _global_impure_ptr
 *(.glue_7)
 .glue_7        0x00000000        0x0 linker stubs
 *(.glue_7t)
 .glue_7t       0x00000000        0x0 linker stubs
 *(.eh_frame)
 .eh_frame      0x00001130        0x0 c:/freescale/kds_v3/toolchain/bin/../lib/gcc/arm-none-eabi/4.8.4/armv7e-m/fpu/crtbegin.o
 *(.init)
 .init          0x00001130        0x4 c:/freescale/kds_v3/toolchain/bin/../lib/gcc/arm-none-eabi/4.8.4/armv7e-m/fpu/crti.o
                0x00001130                _init
 .init          0x00001134        0x8 c:/freescale/kds_v3/toolchain/bin/../lib/gcc/arm-none-eabi/4.8.4/armv7e-m/fpu/crtn.o
 *(.fini)
 .fini          0x0000113c        0x4 c:/freescale/kds_v3/toolchain/bin/../lib/gcc/arm-none-eabi/4.8.4/armv7e-m/fpu/crti.o
                0x0000113c                _fini
 .fini          0x00001140        0x8 c:/freescale/kds_v3/toolchain/bin/../lib/gcc/arm-none-eabi/4.8.4/armv7e-m/fpu/crtn.o
                0x00001148                . = ALIGN (0x4)

.vfp11_veneer   0x00001148        0x0
 .vfp11_veneer  0x00000000        0x0 linker stubs

.v4_bx          0x00001148        0x0
 .v4_bx         0x00000000        0x0 linker stubs

.iplt           0x00001148        0x0
 .iplt          0x00000000        0x0 c:/freescale/kds_v3/toolchain/bin/../lib/gcc/arm-none-eabi/4.8.4/armv7e-m/fpu/crtbegin.o

.ARM.extab
 *(.ARM.extab* .gnu.linkonce.armextab.*)

.ARM            0x00001148        0x8
                0x00001148                __exidx_start = .
 *(.ARM.exidx*)
 .ARM.exidx     0x00001148        0x8 c:/freescale/kds_v3/toolchain/bin/../lib/gcc/arm-none-eabi/4.8.4/../../../../arm-none-eabi/lib/armv7e-m/fpu/crt0.o
                0x00001150                __exidx_end = .

.rel.dyn        0x00001150        0x0
 .rel.iplt      0x00000000        0x0 c:/freescale/kds_v3/toolchain/bin/../lib/gcc/arm-none-eabi/4.8.4/armv7e-m/fpu/crtbegin.o

.ctors          0x00001150        0x0
                0x00001150                __CTOR_LIST__ = .
 *crtbegin.o(.ctors)
 *crtbegin?.o(.ctors)
 *(EXCLUDE_FILE(*crtend.o *crtend?.o) .ctors)
 *(SORT(.ctors.*))
 *(.ctors)
                0x00001150                __CTOR_END__ = .

.dtors          0x00001150        0x0
                0x00001150                __DTOR_LIST__ = .
 *crtbegin.o(.dtors)
 *crtbegin?.o(.dtors)
 *(EXCLUDE_FILE(*crtend.o *crtend?.o) .dtors)
 *(SORT(.dtors.*))
 *(.dtors)
                0x00001150                __DTOR_END__ = .

.preinit_array  0x00001150        0x0
                0x00001150                PROVIDE (__preinit_array_start, .)
 *(.preinit_array*)
                0x00001150                PROVIDE (__preinit_array_end, .)

.init_array     0x00001150        0x4
                0x00001150                PROVIDE (__init_array_start, .)
 *(SORT(.init_array.*))
 *(.init_array*)
 .init_array    0x00001150        0x4 c:/freescale/kds_v3/toolchain/bin/../lib/gcc/arm-none-eabi/4.8.4/armv7e-m/fpu/crtbegin.o
                0x00001154                PROVIDE (__init_array_end, .)

.fini_array     0x00001154        0x4
                0x00001154                PROVIDE (__fini_array_start, .)
 *(SORT(.fini_array.*))
 *(.fini_array*)
 .fini_array    0x00001154        0x4 c:/freescale/kds_v3/toolchain/bin/../lib/gcc/arm-none-eabi/4.8.4/armv7e-m/fpu/crtbegin.o
                0x00001158                PROVIDE (__fini_array_end, .)
                0x00001158                __etext = .
                0x00001158                __DATA_ROM = .

.data           0x1fff0000       0x64 load address 0x00001158
                0x1fff0000                . = ALIGN (0x4)
                0x1fff0000                __DATA_RAM = .
                0x1fff0000                __data_start__ = .
 *(.data)
 *(.data*)
 .data.impure_data
                0x1fff0000       0x60 c:/freescale/kds_v3/toolchain/bin/../lib/gcc/arm-none-eabi/4.8.4/../../../../arm-none-eabi/lib/armv7e-m/fpu\libg_s.a(lib_a-impure.o)
 *(.jcr*)
 .jcr           0x1fff0060        0x0 c:/freescale/kds_v3/toolchain/bin/../lib/gcc/arm-none-eabi/4.8.4/armv7e-m/fpu/crtbegin.o
 .jcr           0x1fff0060        0x4 c:/freescale/kds_v3/toolchain/bin/../lib/gcc/arm-none-eabi/4.8.4/armv7e-m/fpu/crtend.o
                0x1fff0064                . = ALIGN (0x4)
                0x1fff0064                __data_end__ = .
                0x000011bc                __DATA_END = (__DATA_ROM + (__data_end__ - __data_start__))

.igot.plt       0x1fff0064        0x0 load address 0x000011bc
 .igot.plt      0x00000000        0x0 c:/freescale/kds_v3/toolchain/bin/../lib/gcc/arm-none-eabi/4.8.4/armv7e-m/fpu/crtbegin.o

.bss            0x1fff0064       0x34 load address 0x000011bc
                0x1fff0064                . = ALIGN (0x4)
                0x1fff0064                __START_BSS = .
                0x1fff0064                __bss_start__ = .
 *(.bss)
 .bss           0x1fff0064       0x1c c:/freescale/kds_v3/toolchain/bin/../lib/gcc/arm-none-eabi/4.8.4/armv7e-m/fpu/crtbegin.o
 *(.bss*)
 .bss.cntTimerValue
                0x1fff0080        0x4 ./Sources/FlexTimer.o
                0x1fff0080                cntTimerValue
 .bss.cntTimerValue2
                0x1fff0084        0x4 ./Sources/FlexTimer.o
                0x1fff0084                cntTimerValue2
 .bss.flag      0x1fff0088        0x1 ./Sources/FlexTimer.o
                0x1fff0088                flag
 *fill*         0x1fff0089        0x3 
 .bss.period    0x1fff008c        0x4 ./Sources/FlexTimer.o
                0x1fff008c                period
 .bss.frequency
                0x1fff0090        0x4 ./Sources/FlexTimer.o
                0x1fff0090                frequency
 *(COMMON)
 COMMON         0x1fff0094        0x1 ./Sources/GPIO.o
                0x1fff0094                funwithFlags
                0x1fff0098                . = ALIGN (0x4)
 *fill*         0x1fff0095        0x3 
                0x1fff0098                __bss_end__ = .
                0x1fff0098                __END_BSS = .

.heap           0x20000000      0x400
                0x20000000                . = ALIGN (0x8)
                0x20000000                __end__ = .
                0x20000000                PROVIDE (end, .)
                0x20000000                __HeapBase = .
                0x20000400                . = (. + HEAP_SIZE)
 *fill*         0x20000000      0x400 
                0x20000400                __HeapLimit = .

.stack          0x20000400      0x400
                0x20000400                . = ALIGN (0x8)
                0x20000800                . = (. + STACK_SIZE)
 *fill*         0x20000400      0x400 
                0x20030000                __StackTop = (ORIGIN (m_data_2) + 0x30000)
                0x2002fc00                __StackLimit = (__StackTop - STACK_SIZE)
                0x20030000                PROVIDE (__stack, __StackTop)

.ARM.attributes
                0x00000000       0x30
 *(.ARM.attributes)
 .ARM.attributes
                0x00000000       0x22 c:/freescale/kds_v3/toolchain/bin/../lib/gcc/arm-none-eabi/4.8.4/armv7e-m/fpu/crti.o
 .ARM.attributes
                0x00000022       0x34 c:/freescale/kds_v3/toolchain/bin/../lib/gcc/arm-none-eabi/4.8.4/armv7e-m/fpu/crtbegin.o
 .ARM.attributes
                0x00000056       0x20 c:/freescale/kds_v3/toolchain/bin/../lib/gcc/arm-none-eabi/4.8.4/../../../../arm-none-eabi/lib/armv7e-m/fpu/crt0.o
 .ARM.attributes
                0x00000076       0x39 ./Sources/FlexTimer.o
 .ARM.attributes
                0x000000af       0x39 ./Sources/GPIO.o
 .ARM.attributes
                0x000000e8       0x39 ./Sources/NVIC.o
 .ARM.attributes
                0x00000121       0x39 ./Sources/main.o
 .ARM.attributes
                0x0000015a       0x1f ./Project_Settings/Startup_Code/startup_MK64F12.o
 .ARM.attributes
                0x00000179       0x39 ./Project_Settings/Startup_Code/system_MK64F12.o
 .ARM.attributes
                0x000001b2       0x22 c:/freescale/kds_v3/toolchain/bin/../lib/gcc/arm-none-eabi/4.8.4/armv7e-m/fpu\libgcc.a(_arm_addsubdf3.o)
 .ARM.attributes
                0x000001d4       0x22 c:/freescale/kds_v3/toolchain/bin/../lib/gcc/arm-none-eabi/4.8.4/armv7e-m/fpu\libgcc.a(_arm_muldivdf3.o)
 .ARM.attributes
                0x000001f6       0x22 c:/freescale/kds_v3/toolchain/bin/../lib/gcc/arm-none-eabi/4.8.4/armv7e-m/fpu\libgcc.a(_arm_truncdfsf2.o)
 .ARM.attributes
                0x00000218       0x34 c:/freescale/kds_v3/toolchain/bin/../lib/gcc/arm-none-eabi/4.8.4/../../../../arm-none-eabi/lib/armv7e-m/fpu\libg_s.a(lib_a-exit.o)
 .ARM.attributes
                0x0000024c       0x34 c:/freescale/kds_v3/toolchain/bin/../lib/gcc/arm-none-eabi/4.8.4/../../../../arm-none-eabi/lib/armv7e-m/fpu\libg_s.a(lib_a-impure.o)
 .ARM.attributes
                0x00000280       0x34 c:/freescale/kds_v3/toolchain/bin/../lib/gcc/arm-none-eabi/4.8.4/../../../../arm-none-eabi/lib/armv7e-m/fpu\libg_s.a(lib_a-init.o)
 .ARM.attributes
                0x000002b4       0x34 c:/freescale/kds_v3/toolchain/bin/../lib/gcc/arm-none-eabi/4.8.4/../../../../arm-none-eabi/lib/armv7e-m/fpu\libg_s.a(lib_a-memset.o)
 .ARM.attributes
                0x000002e8       0x34 c:/freescale/kds_v3/toolchain/bin/../lib/gcc/arm-none-eabi/4.8.4/../../../../arm-none-eabi/lib/armv7e-m/fpu\libnosys.a(_exit.o)
 .ARM.attributes
                0x0000031c       0x34 c:/freescale/kds_v3/toolchain/bin/../lib/gcc/arm-none-eabi/4.8.4/armv7e-m/fpu/crtend.o
 .ARM.attributes
                0x00000350       0x22 c:/freescale/kds_v3/toolchain/bin/../lib/gcc/arm-none-eabi/4.8.4/armv7e-m/fpu/crtn.o
                0x00000001                ASSERT ((__StackLimit >= __HeapLimit), region m_data_2 overflowed with stack and heap)
OUTPUT(161012_ftm.elf elf32-littlearm)

.debug_info     0x00000000     0x22c9
 .debug_info    0x00000000      0x4e2 ./Sources/FlexTimer.o
 .debug_info    0x000004e2      0x7d2 ./Sources/GPIO.o
 .debug_info    0x00000cb4      0x98a ./Sources/NVIC.o
 .debug_info    0x0000163e      0x60a ./Sources/main.o
 .debug_info    0x00001c48       0x78 ./Project_Settings/Startup_Code/startup_MK64F12.o
 .debug_info    0x00001cc0      0x609 ./Project_Settings/Startup_Code/system_MK64F12.o

.debug_abbrev   0x00000000      0x758
 .debug_abbrev  0x00000000      0x152 ./Sources/FlexTimer.o
 .debug_abbrev  0x00000152      0x224 ./Sources/GPIO.o
 .debug_abbrev  0x00000376      0x19c ./Sources/NVIC.o
 .debug_abbrev  0x00000512      0x118 ./Sources/main.o
 .debug_abbrev  0x0000062a       0x14 ./Project_Settings/Startup_Code/startup_MK64F12.o
 .debug_abbrev  0x0000063e      0x11a ./Project_Settings/Startup_Code/system_MK64F12.o

.debug_aranges  0x00000000      0x188
 .debug_aranges
                0x00000000       0x30 ./Sources/FlexTimer.o
 .debug_aranges
                0x00000030       0xb8 ./Sources/GPIO.o
 .debug_aranges
                0x000000e8       0x38 ./Sources/NVIC.o
 .debug_aranges
                0x00000120       0x20 ./Sources/main.o
 .debug_aranges
                0x00000140       0x20 ./Project_Settings/Startup_Code/startup_MK64F12.o
 .debug_aranges
                0x00000160       0x28 ./Project_Settings/Startup_Code/system_MK64F12.o

.debug_ranges   0x00000000      0x118
 .debug_ranges  0x00000000       0x20 ./Sources/FlexTimer.o
 .debug_ranges  0x00000020       0xa8 ./Sources/GPIO.o
 .debug_ranges  0x000000c8       0x28 ./Sources/NVIC.o
 .debug_ranges  0x000000f0       0x10 ./Sources/main.o
 .debug_ranges  0x00000100       0x18 ./Project_Settings/Startup_Code/system_MK64F12.o

.debug_macro    0x00000000    0x1952d
 .debug_macro   0x00000000       0xac ./Sources/FlexTimer.o
 .debug_macro   0x000000ac      0x850 ./Sources/FlexTimer.o
 .debug_macro   0x000008fc       0x16 ./Sources/FlexTimer.o
 .debug_macro   0x00000912       0x16 ./Sources/FlexTimer.o
 .debug_macro   0x00000928       0x44 ./Sources/FlexTimer.o
 .debug_macro   0x0000096c      0x209 ./Sources/FlexTimer.o
 .debug_macro   0x00000b75       0x56 ./Sources/FlexTimer.o
 .debug_macro   0x00000bcb       0x3b ./Sources/FlexTimer.o
 .debug_macro   0x00000c06       0x34 ./Sources/FlexTimer.o
 .debug_macro   0x00000c3a       0x26 ./Sources/FlexTimer.o
 .debug_macro   0x00000c60      0xd1d ./Sources/FlexTimer.o
 .debug_macro   0x0000197d       0x78 ./Sources/FlexTimer.o
 .debug_macro   0x000019f5    0x175e0 ./Sources/FlexTimer.o
 .debug_macro   0x00018fd5      0x100 ./Sources/FlexTimer.o
 .debug_macro   0x000190d5       0xa6 ./Sources/GPIO.o
 .debug_macro   0x0001917b       0xa0 ./Sources/GPIO.o
 .debug_macro   0x0001921b       0xa6 ./Sources/NVIC.o
 .debug_macro   0x000192c1       0x10 ./Sources/NVIC.o
 .debug_macro   0x000192d1       0xc6 ./Sources/main.o
 .debug_macro   0x00019397       0xa6 ./Sources/main.o
 .debug_macro   0x0001943d       0x88 ./Project_Settings/Startup_Code/system_MK64F12.o
 .debug_macro   0x000194c5       0x68 ./Project_Settings/Startup_Code/system_MK64F12.o

.debug_line     0x00000000      0xd32
 .debug_line    0x00000000      0x235 ./Sources/FlexTimer.o
 .debug_line    0x00000235      0x3c2 ./Sources/GPIO.o
 .debug_line    0x000005f7      0x240 ./Sources/NVIC.o
 .debug_line    0x00000837      0x224 ./Sources/main.o
 .debug_line    0x00000a5b       0x78 ./Project_Settings/Startup_Code/startup_MK64F12.o
 .debug_line    0x00000ad3      0x25f ./Project_Settings/Startup_Code/system_MK64F12.o

.debug_str      0x00000000    0x90990
 .debug_str     0x00000000    0x8f83c ./Sources/FlexTimer.o
                              0x8f9b0 (size before relaxing)
 .debug_str     0x0008f83c      0x52e ./Sources/GPIO.o
                              0x8f9d2 (size before relaxing)
 .debug_str     0x0008fd6a      0xb0d ./Sources/NVIC.o
                              0x8ff07 (size before relaxing)
 .debug_str     0x00090877       0x24 ./Sources/main.o
                              0x90053 (size before relaxing)
 .debug_str     0x0009089b       0xf5 ./Project_Settings/Startup_Code/system_MK64F12.o
                              0x8f5bc (size before relaxing)

.comment        0x00000000       0x70
 .comment       0x00000000       0x70 ./Sources/FlexTimer.o
                                 0x71 (size before relaxing)
 .comment       0x00000000       0x71 ./Sources/GPIO.o
 .comment       0x00000000       0x71 ./Sources/NVIC.o
 .comment       0x00000000       0x71 ./Sources/main.o
 .comment       0x00000000       0x71 ./Project_Settings/Startup_Code/system_MK64F12.o

.debug_frame    0x00000000      0x410
 .debug_frame   0x00000000       0x60 ./Sources/FlexTimer.o
 .debug_frame   0x00000060      0x228 ./Sources/GPIO.o
 .debug_frame   0x00000288       0x84 ./Sources/NVIC.o
 .debug_frame   0x0000030c       0x2c ./Sources/main.o
 .debug_frame   0x00000338       0x44 ./Project_Settings/Startup_Code/system_MK64F12.o
 .debug_frame   0x0000037c       0x28 c:/freescale/kds_v3/toolchain/bin/../lib/gcc/arm-none-eabi/4.8.4/../../../../arm-none-eabi/lib/armv7e-m/fpu\libg_s.a(lib_a-exit.o)
 .debug_frame   0x000003a4       0x2c c:/freescale/kds_v3/toolchain/bin/../lib/gcc/arm-none-eabi/4.8.4/../../../../arm-none-eabi/lib/armv7e-m/fpu\libg_s.a(lib_a-init.o)
 .debug_frame   0x000003d0       0x20 c:/freescale/kds_v3/toolchain/bin/../lib/gcc/arm-none-eabi/4.8.4/../../../../arm-none-eabi/lib/armv7e-m/fpu\libg_s.a(lib_a-memset.o)
 .debug_frame   0x000003f0       0x20 c:/freescale/kds_v3/toolchain/bin/../lib/gcc/arm-none-eabi/4.8.4/../../../../arm-none-eabi/lib/armv7e-m/fpu\libnosys.a(_exit.o)
